ARM GAS  C:\Users\ride_pig\AppData\Local\Temp\cc0kt5EY.s 			page 1


   1              		.cpu cortex-m3
   2              		.arch armv7-m
   3              		.fpu softvfp
   4              		.eabi_attribute 20, 1
   5              		.eabi_attribute 21, 1
   6              		.eabi_attribute 23, 3
   7              		.eabi_attribute 24, 1
   8              		.eabi_attribute 25, 1
   9              		.eabi_attribute 26, 1
  10              		.eabi_attribute 30, 1
  11              		.eabi_attribute 34, 1
  12              		.eabi_attribute 18, 4
  13              		.file	"gpio.c"
  14              		.text
  15              	.Ltext0:
  16              		.cfi_sections	.debug_frame
  17              		.section	.text.MX_GPIO_Init,"ax",%progbits
  18              		.align	1
  19              		.global	MX_GPIO_Init
  20              		.syntax unified
  21              		.thumb
  22              		.thumb_func
  24              	MX_GPIO_Init:
  25              	.LFB65:
  26              		.file 1 "Core/Src/gpio.c"
   1:Core/Src/gpio.c **** /* USER CODE BEGIN Header */
   2:Core/Src/gpio.c **** /**
   3:Core/Src/gpio.c ****   ******************************************************************************
   4:Core/Src/gpio.c ****   * @file    gpio.c
   5:Core/Src/gpio.c ****   * @brief   This file provides code for the configuration
   6:Core/Src/gpio.c ****   *          of all used GPIO pins.
   7:Core/Src/gpio.c ****   ******************************************************************************
   8:Core/Src/gpio.c ****   * @attention
   9:Core/Src/gpio.c ****   *
  10:Core/Src/gpio.c ****   * Copyright (c) 2023 STMicroelectronics.
  11:Core/Src/gpio.c ****   * All rights reserved.
  12:Core/Src/gpio.c ****   *
  13:Core/Src/gpio.c ****   * This software is licensed under terms that can be found in the LICENSE file
  14:Core/Src/gpio.c ****   * in the root directory of this software component.
  15:Core/Src/gpio.c ****   * If no LICENSE file comes with this software, it is provided AS-IS.
  16:Core/Src/gpio.c ****   *
  17:Core/Src/gpio.c ****   ******************************************************************************
  18:Core/Src/gpio.c ****   */
  19:Core/Src/gpio.c **** /* USER CODE END Header */
  20:Core/Src/gpio.c **** 
  21:Core/Src/gpio.c **** /* Includes ------------------------------------------------------------------*/
  22:Core/Src/gpio.c **** #include "gpio.h"
  23:Core/Src/gpio.c **** 
  24:Core/Src/gpio.c **** /* USER CODE BEGIN 0 */
  25:Core/Src/gpio.c **** 
  26:Core/Src/gpio.c **** /* USER CODE END 0 */
  27:Core/Src/gpio.c **** 
  28:Core/Src/gpio.c **** /*----------------------------------------------------------------------------*/
  29:Core/Src/gpio.c **** /* Configure GPIO                                                             */
  30:Core/Src/gpio.c **** /*----------------------------------------------------------------------------*/
  31:Core/Src/gpio.c **** /* USER CODE BEGIN 1 */
  32:Core/Src/gpio.c **** 
ARM GAS  C:\Users\ride_pig\AppData\Local\Temp\cc0kt5EY.s 			page 2


  33:Core/Src/gpio.c **** /* USER CODE END 1 */
  34:Core/Src/gpio.c **** 
  35:Core/Src/gpio.c **** /** Configure pins as
  36:Core/Src/gpio.c ****         * Analog
  37:Core/Src/gpio.c ****         * Input
  38:Core/Src/gpio.c ****         * Output
  39:Core/Src/gpio.c ****         * EVENT_OUT
  40:Core/Src/gpio.c ****         * EXTI
  41:Core/Src/gpio.c **** */
  42:Core/Src/gpio.c **** void MX_GPIO_Init(void)
  43:Core/Src/gpio.c **** {
  27              		.loc 1 43 1 view -0
  28              		.cfi_startproc
  29              		@ args = 0, pretend = 0, frame = 32
  30              		@ frame_needed = 0, uses_anonymous_args = 0
  31 0000 2DE9F047 		push	{r4, r5, r6, r7, r8, r9, r10, lr}
  32              	.LCFI0:
  33              		.cfi_def_cfa_offset 32
  34              		.cfi_offset 4, -32
  35              		.cfi_offset 5, -28
  36              		.cfi_offset 6, -24
  37              		.cfi_offset 7, -20
  38              		.cfi_offset 8, -16
  39              		.cfi_offset 9, -12
  40              		.cfi_offset 10, -8
  41              		.cfi_offset 14, -4
  42 0004 88B0     		sub	sp, sp, #32
  43              	.LCFI1:
  44              		.cfi_def_cfa_offset 64
  44:Core/Src/gpio.c **** 
  45:Core/Src/gpio.c ****   GPIO_InitTypeDef GPIO_InitStruct = {0};
  45              		.loc 1 45 3 view .LVU1
  46              		.loc 1 45 20 is_stmt 0 view .LVU2
  47 0006 0024     		movs	r4, #0
  48 0008 0494     		str	r4, [sp, #16]
  49 000a 0594     		str	r4, [sp, #20]
  50 000c 0694     		str	r4, [sp, #24]
  51 000e 0794     		str	r4, [sp, #28]
  46:Core/Src/gpio.c **** 
  47:Core/Src/gpio.c ****   /* GPIO Ports Clock Enable */
  48:Core/Src/gpio.c ****   __HAL_RCC_GPIOC_CLK_ENABLE();
  52              		.loc 1 48 3 is_stmt 1 view .LVU3
  53              	.LBB2:
  54              		.loc 1 48 3 view .LVU4
  55              		.loc 1 48 3 view .LVU5
  56 0010 4A4B     		ldr	r3, .L3
  57 0012 9A69     		ldr	r2, [r3, #24]
  58 0014 42F01002 		orr	r2, r2, #16
  59 0018 9A61     		str	r2, [r3, #24]
  60              		.loc 1 48 3 view .LVU6
  61 001a 9A69     		ldr	r2, [r3, #24]
  62 001c 02F01002 		and	r2, r2, #16
  63 0020 0092     		str	r2, [sp]
  64              		.loc 1 48 3 view .LVU7
  65 0022 009A     		ldr	r2, [sp]
  66              	.LBE2:
  67              		.loc 1 48 3 view .LVU8
ARM GAS  C:\Users\ride_pig\AppData\Local\Temp\cc0kt5EY.s 			page 3


  49:Core/Src/gpio.c ****   __HAL_RCC_GPIOD_CLK_ENABLE();
  68              		.loc 1 49 3 view .LVU9
  69              	.LBB3:
  70              		.loc 1 49 3 view .LVU10
  71              		.loc 1 49 3 view .LVU11
  72 0024 9A69     		ldr	r2, [r3, #24]
  73 0026 42F02002 		orr	r2, r2, #32
  74 002a 9A61     		str	r2, [r3, #24]
  75              		.loc 1 49 3 view .LVU12
  76 002c 9A69     		ldr	r2, [r3, #24]
  77 002e 02F02002 		and	r2, r2, #32
  78 0032 0192     		str	r2, [sp, #4]
  79              		.loc 1 49 3 view .LVU13
  80 0034 019A     		ldr	r2, [sp, #4]
  81              	.LBE3:
  82              		.loc 1 49 3 view .LVU14
  50:Core/Src/gpio.c ****   __HAL_RCC_GPIOA_CLK_ENABLE();
  83              		.loc 1 50 3 view .LVU15
  84              	.LBB4:
  85              		.loc 1 50 3 view .LVU16
  86              		.loc 1 50 3 view .LVU17
  87 0036 9A69     		ldr	r2, [r3, #24]
  88 0038 42F00402 		orr	r2, r2, #4
  89 003c 9A61     		str	r2, [r3, #24]
  90              		.loc 1 50 3 view .LVU18
  91 003e 9A69     		ldr	r2, [r3, #24]
  92 0040 02F00402 		and	r2, r2, #4
  93 0044 0292     		str	r2, [sp, #8]
  94              		.loc 1 50 3 view .LVU19
  95 0046 029A     		ldr	r2, [sp, #8]
  96              	.LBE4:
  97              		.loc 1 50 3 view .LVU20
  51:Core/Src/gpio.c ****   __HAL_RCC_GPIOB_CLK_ENABLE();
  98              		.loc 1 51 3 view .LVU21
  99              	.LBB5:
 100              		.loc 1 51 3 view .LVU22
 101              		.loc 1 51 3 view .LVU23
 102 0048 9A69     		ldr	r2, [r3, #24]
 103 004a 42F00802 		orr	r2, r2, #8
 104 004e 9A61     		str	r2, [r3, #24]
 105              		.loc 1 51 3 view .LVU24
 106 0050 9B69     		ldr	r3, [r3, #24]
 107 0052 03F00803 		and	r3, r3, #8
 108 0056 0393     		str	r3, [sp, #12]
 109              		.loc 1 51 3 view .LVU25
 110 0058 039B     		ldr	r3, [sp, #12]
 111              	.LBE5:
 112              		.loc 1 51 3 view .LVU26
  52:Core/Src/gpio.c **** 
  53:Core/Src/gpio.c ****   /*Configure GPIO pin Output Level */
  54:Core/Src/gpio.c ****   HAL_GPIO_WritePin(GPIOA, BMS_ERROR_Pin|SPI1_NSS_Pin|PRE_SW_Pin|AIRN_SW_Pin
 113              		.loc 1 54 3 view .LVU27
 114 005a DFF8E480 		ldr	r8, .L3+4
 115 005e 0122     		movs	r2, #1
 116 0060 40F21471 		movw	r1, #1812
 117 0064 4046     		mov	r0, r8
 118 0066 FFF7FEFF 		bl	HAL_GPIO_WritePin
ARM GAS  C:\Users\ride_pig\AppData\Local\Temp\cc0kt5EY.s 			page 4


 119              	.LVL0:
  55:Core/Src/gpio.c ****                           |Fans_SW_Pin, GPIO_PIN_SET);
  56:Core/Src/gpio.c **** 
  57:Core/Src/gpio.c ****   /*Configure GPIO pin Output Level */
  58:Core/Src/gpio.c ****   HAL_GPIO_WritePin(Error_Beep_GPIO_Port, Error_Beep_Pin, GPIO_PIN_RESET);
 120              		.loc 1 58 3 view .LVU28
 121 006a 364E     		ldr	r6, .L3+8
 122 006c 2246     		mov	r2, r4
 123 006e 8021     		movs	r1, #128
 124 0070 3046     		mov	r0, r6
 125 0072 FFF7FEFF 		bl	HAL_GPIO_WritePin
 126              	.LVL1:
  59:Core/Src/gpio.c **** 
  60:Core/Src/gpio.c ****   /*Configure GPIO pin Output Level */
  61:Core/Src/gpio.c ****   HAL_GPIO_WritePin(AIRP_SW_GPIO_Port, AIRP_SW_Pin, GPIO_PIN_SET);
 127              		.loc 1 61 3 view .LVU29
 128 0076 0122     		movs	r2, #1
 129 0078 4FF40071 		mov	r1, #512
 130 007c 3046     		mov	r0, r6
 131 007e FFF7FEFF 		bl	HAL_GPIO_WritePin
 132              	.LVL2:
  62:Core/Src/gpio.c **** 
  63:Core/Src/gpio.c ****   /*Configure GPIO pin Output Level */
  64:Core/Src/gpio.c ****   HAL_GPIO_WritePin(FLASH_CS_GPIO_Port, FLASH_CS_Pin, GPIO_PIN_SET);
 133              		.loc 1 64 3 view .LVU30
 134 0082 DFF8C490 		ldr	r9, .L3+12
 135 0086 0122     		movs	r2, #1
 136 0088 0421     		movs	r1, #4
 137 008a 4846     		mov	r0, r9
 138 008c FFF7FEFF 		bl	HAL_GPIO_WritePin
 139              	.LVL3:
  65:Core/Src/gpio.c **** 
  66:Core/Src/gpio.c ****   /*Configure GPIO pins : PAPin PAPin PAPin PAPin */
  67:Core/Src/gpio.c ****   GPIO_InitStruct.Pin = BMS_ERROR_Pin|PRE_SW_Pin|AIRN_SW_Pin|Fans_SW_Pin;
 140              		.loc 1 67 3 view .LVU31
 141              		.loc 1 67 23 is_stmt 0 view .LVU32
 142 0090 40F20473 		movw	r3, #1796
 143 0094 0493     		str	r3, [sp, #16]
  68:Core/Src/gpio.c ****   GPIO_InitStruct.Mode = GPIO_MODE_OUTPUT_OD;
 144              		.loc 1 68 3 is_stmt 1 view .LVU33
 145              		.loc 1 68 24 is_stmt 0 view .LVU34
 146 0096 4FF0110A 		mov	r10, #17
 147 009a CDF814A0 		str	r10, [sp, #20]
  69:Core/Src/gpio.c ****   GPIO_InitStruct.Pull = GPIO_NOPULL;
 148              		.loc 1 69 3 is_stmt 1 view .LVU35
 149              		.loc 1 69 24 is_stmt 0 view .LVU36
 150 009e 0694     		str	r4, [sp, #24]
  70:Core/Src/gpio.c ****   GPIO_InitStruct.Speed = GPIO_SPEED_FREQ_HIGH;
 151              		.loc 1 70 3 is_stmt 1 view .LVU37
 152              		.loc 1 70 25 is_stmt 0 view .LVU38
 153 00a0 0327     		movs	r7, #3
 154 00a2 0797     		str	r7, [sp, #28]
  71:Core/Src/gpio.c ****   HAL_GPIO_Init(GPIOA, &GPIO_InitStruct);
 155              		.loc 1 71 3 is_stmt 1 view .LVU39
 156 00a4 04A9     		add	r1, sp, #16
 157 00a6 4046     		mov	r0, r8
 158 00a8 FFF7FEFF 		bl	HAL_GPIO_Init
ARM GAS  C:\Users\ride_pig\AppData\Local\Temp\cc0kt5EY.s 			page 5


 159              	.LVL4:
  72:Core/Src/gpio.c **** 
  73:Core/Src/gpio.c ****   /*Configure GPIO pin : PtPin */
  74:Core/Src/gpio.c ****   GPIO_InitStruct.Pin = SPI1_NSS_Pin;
 160              		.loc 1 74 3 view .LVU40
 161              		.loc 1 74 23 is_stmt 0 view .LVU41
 162 00ac 1023     		movs	r3, #16
 163 00ae 0493     		str	r3, [sp, #16]
  75:Core/Src/gpio.c ****   GPIO_InitStruct.Mode = GPIO_MODE_OUTPUT_PP;
 164              		.loc 1 75 3 is_stmt 1 view .LVU42
 165              		.loc 1 75 24 is_stmt 0 view .LVU43
 166 00b0 0125     		movs	r5, #1
 167 00b2 0595     		str	r5, [sp, #20]
  76:Core/Src/gpio.c ****   GPIO_InitStruct.Pull = GPIO_NOPULL;
 168              		.loc 1 76 3 is_stmt 1 view .LVU44
 169              		.loc 1 76 24 is_stmt 0 view .LVU45
 170 00b4 0694     		str	r4, [sp, #24]
  77:Core/Src/gpio.c ****   GPIO_InitStruct.Speed = GPIO_SPEED_FREQ_HIGH;
 171              		.loc 1 77 3 is_stmt 1 view .LVU46
 172              		.loc 1 77 25 is_stmt 0 view .LVU47
 173 00b6 0797     		str	r7, [sp, #28]
  78:Core/Src/gpio.c ****   HAL_GPIO_Init(SPI1_NSS_GPIO_Port, &GPIO_InitStruct);
 174              		.loc 1 78 3 is_stmt 1 view .LVU48
 175 00b8 0DEB0301 		add	r1, sp, r3
 176 00bc 4046     		mov	r0, r8
 177 00be FFF7FEFF 		bl	HAL_GPIO_Init
 178              	.LVL5:
  79:Core/Src/gpio.c **** 
  80:Core/Src/gpio.c ****   /*Configure GPIO pin : PtPin */
  81:Core/Src/gpio.c ****   GPIO_InitStruct.Pin = Error_Beep_Pin;
 179              		.loc 1 81 3 view .LVU49
 180              		.loc 1 81 23 is_stmt 0 view .LVU50
 181 00c2 4FF08008 		mov	r8, #128
 182 00c6 CDF81080 		str	r8, [sp, #16]
  82:Core/Src/gpio.c ****   GPIO_InitStruct.Mode = GPIO_MODE_OUTPUT_PP;
 183              		.loc 1 82 3 is_stmt 1 view .LVU51
 184              		.loc 1 82 24 is_stmt 0 view .LVU52
 185 00ca 0595     		str	r5, [sp, #20]
  83:Core/Src/gpio.c ****   GPIO_InitStruct.Pull = GPIO_NOPULL;
 186              		.loc 1 83 3 is_stmt 1 view .LVU53
 187              		.loc 1 83 24 is_stmt 0 view .LVU54
 188 00cc 0694     		str	r4, [sp, #24]
  84:Core/Src/gpio.c ****   GPIO_InitStruct.Speed = GPIO_SPEED_FREQ_LOW;
 189              		.loc 1 84 3 is_stmt 1 view .LVU55
 190              		.loc 1 84 25 is_stmt 0 view .LVU56
 191 00ce 0223     		movs	r3, #2
 192 00d0 0793     		str	r3, [sp, #28]
  85:Core/Src/gpio.c ****   HAL_GPIO_Init(Error_Beep_GPIO_Port, &GPIO_InitStruct);
 193              		.loc 1 85 3 is_stmt 1 view .LVU57
 194 00d2 04A9     		add	r1, sp, #16
 195 00d4 3046     		mov	r0, r6
 196 00d6 FFF7FEFF 		bl	HAL_GPIO_Init
 197              	.LVL6:
  86:Core/Src/gpio.c **** 
  87:Core/Src/gpio.c ****   /*Configure GPIO pin : PtPin */
  88:Core/Src/gpio.c ****   GPIO_InitStruct.Pin = Trigger_Pin;
 198              		.loc 1 88 3 view .LVU58
ARM GAS  C:\Users\ride_pig\AppData\Local\Temp\cc0kt5EY.s 			page 6


 199              		.loc 1 88 23 is_stmt 0 view .LVU59
 200 00da 4FF48073 		mov	r3, #256
 201 00de 0493     		str	r3, [sp, #16]
  89:Core/Src/gpio.c ****   GPIO_InitStruct.Mode = GPIO_MODE_IT_FALLING;
 202              		.loc 1 89 3 is_stmt 1 view .LVU60
 203              		.loc 1 89 24 is_stmt 0 view .LVU61
 204 00e0 1A4B     		ldr	r3, .L3+16
 205 00e2 0593     		str	r3, [sp, #20]
  90:Core/Src/gpio.c ****   GPIO_InitStruct.Pull = GPIO_NOPULL;
 206              		.loc 1 90 3 is_stmt 1 view .LVU62
 207              		.loc 1 90 24 is_stmt 0 view .LVU63
 208 00e4 0694     		str	r4, [sp, #24]
  91:Core/Src/gpio.c ****   HAL_GPIO_Init(Trigger_GPIO_Port, &GPIO_InitStruct);
 209              		.loc 1 91 3 is_stmt 1 view .LVU64
 210 00e6 04A9     		add	r1, sp, #16
 211 00e8 3046     		mov	r0, r6
 212 00ea FFF7FEFF 		bl	HAL_GPIO_Init
 213              	.LVL7:
  92:Core/Src/gpio.c **** 
  93:Core/Src/gpio.c ****   /*Configure GPIO pin : PtPin */
  94:Core/Src/gpio.c ****   GPIO_InitStruct.Pin = AIRP_SW_Pin;
 214              		.loc 1 94 3 view .LVU65
 215              		.loc 1 94 23 is_stmt 0 view .LVU66
 216 00ee 4FF40073 		mov	r3, #512
 217 00f2 0493     		str	r3, [sp, #16]
  95:Core/Src/gpio.c ****   GPIO_InitStruct.Mode = GPIO_MODE_OUTPUT_OD;
 218              		.loc 1 95 3 is_stmt 1 view .LVU67
 219              		.loc 1 95 24 is_stmt 0 view .LVU68
 220 00f4 CDF814A0 		str	r10, [sp, #20]
  96:Core/Src/gpio.c ****   GPIO_InitStruct.Pull = GPIO_NOPULL;
 221              		.loc 1 96 3 is_stmt 1 view .LVU69
 222              		.loc 1 96 24 is_stmt 0 view .LVU70
 223 00f8 0694     		str	r4, [sp, #24]
  97:Core/Src/gpio.c ****   GPIO_InitStruct.Speed = GPIO_SPEED_FREQ_HIGH;
 224              		.loc 1 97 3 is_stmt 1 view .LVU71
 225              		.loc 1 97 25 is_stmt 0 view .LVU72
 226 00fa 0797     		str	r7, [sp, #28]
  98:Core/Src/gpio.c ****   HAL_GPIO_Init(AIRP_SW_GPIO_Port, &GPIO_InitStruct);
 227              		.loc 1 98 3 is_stmt 1 view .LVU73
 228 00fc 04A9     		add	r1, sp, #16
 229 00fe 3046     		mov	r0, r6
 230 0100 FFF7FEFF 		bl	HAL_GPIO_Init
 231              	.LVL8:
  99:Core/Src/gpio.c **** 
 100:Core/Src/gpio.c ****   /*Configure GPIO pin : PtPin */
 101:Core/Src/gpio.c ****   GPIO_InitStruct.Pin = FLASH_CS_Pin;
 232              		.loc 1 101 3 view .LVU74
 233              		.loc 1 101 23 is_stmt 0 view .LVU75
 234 0104 0423     		movs	r3, #4
 235 0106 0493     		str	r3, [sp, #16]
 102:Core/Src/gpio.c ****   GPIO_InitStruct.Mode = GPIO_MODE_OUTPUT_PP;
 236              		.loc 1 102 3 is_stmt 1 view .LVU76
 237              		.loc 1 102 24 is_stmt 0 view .LVU77
 238 0108 0595     		str	r5, [sp, #20]
 103:Core/Src/gpio.c ****   GPIO_InitStruct.Pull = GPIO_PULLUP;
 239              		.loc 1 103 3 is_stmt 1 view .LVU78
 240              		.loc 1 103 24 is_stmt 0 view .LVU79
ARM GAS  C:\Users\ride_pig\AppData\Local\Temp\cc0kt5EY.s 			page 7


 241 010a 0695     		str	r5, [sp, #24]
 104:Core/Src/gpio.c ****   GPIO_InitStruct.Speed = GPIO_SPEED_FREQ_HIGH;
 242              		.loc 1 104 3 is_stmt 1 view .LVU80
 243              		.loc 1 104 25 is_stmt 0 view .LVU81
 244 010c 0797     		str	r7, [sp, #28]
 105:Core/Src/gpio.c ****   HAL_GPIO_Init(FLASH_CS_GPIO_Port, &GPIO_InitStruct);
 245              		.loc 1 105 3 is_stmt 1 view .LVU82
 246 010e 04A9     		add	r1, sp, #16
 247 0110 4846     		mov	r0, r9
 248 0112 FFF7FEFF 		bl	HAL_GPIO_Init
 249              	.LVL9:
 106:Core/Src/gpio.c **** 
 107:Core/Src/gpio.c ****   /*Configure GPIO pin : PtPin */
 108:Core/Src/gpio.c ****   GPIO_InitStruct.Pin = IMD_IN_Pin;
 250              		.loc 1 108 3 view .LVU83
 251              		.loc 1 108 23 is_stmt 0 view .LVU84
 252 0116 CDF81080 		str	r8, [sp, #16]
 109:Core/Src/gpio.c ****   GPIO_InitStruct.Mode = GPIO_MODE_INPUT;
 253              		.loc 1 109 3 is_stmt 1 view .LVU85
 254              		.loc 1 109 24 is_stmt 0 view .LVU86
 255 011a 0594     		str	r4, [sp, #20]
 110:Core/Src/gpio.c ****   GPIO_InitStruct.Pull = GPIO_NOPULL;
 256              		.loc 1 110 3 is_stmt 1 view .LVU87
 257              		.loc 1 110 24 is_stmt 0 view .LVU88
 258 011c 0694     		str	r4, [sp, #24]
 111:Core/Src/gpio.c ****   HAL_GPIO_Init(IMD_IN_GPIO_Port, &GPIO_InitStruct);
 259              		.loc 1 111 3 is_stmt 1 view .LVU89
 260 011e 04A9     		add	r1, sp, #16
 261 0120 0B48     		ldr	r0, .L3+20
 262 0122 FFF7FEFF 		bl	HAL_GPIO_Init
 263              	.LVL10:
 112:Core/Src/gpio.c **** 
 113:Core/Src/gpio.c ****   /* EXTI interrupt init*/
 114:Core/Src/gpio.c ****   HAL_NVIC_SetPriority(EXTI9_5_IRQn, 1, 0);
 264              		.loc 1 114 3 view .LVU90
 265 0126 2246     		mov	r2, r4
 266 0128 2946     		mov	r1, r5
 267 012a 1720     		movs	r0, #23
 268 012c FFF7FEFF 		bl	HAL_NVIC_SetPriority
 269              	.LVL11:
 115:Core/Src/gpio.c ****   HAL_NVIC_EnableIRQ(EXTI9_5_IRQn);
 270              		.loc 1 115 3 view .LVU91
 271 0130 1720     		movs	r0, #23
 272 0132 FFF7FEFF 		bl	HAL_NVIC_EnableIRQ
 273              	.LVL12:
 116:Core/Src/gpio.c **** 
 117:Core/Src/gpio.c **** }
 274              		.loc 1 117 1 is_stmt 0 view .LVU92
 275 0136 08B0     		add	sp, sp, #32
 276              	.LCFI2:
 277              		.cfi_def_cfa_offset 32
 278              		@ sp needed
 279 0138 BDE8F087 		pop	{r4, r5, r6, r7, r8, r9, r10, pc}
 280              	.L4:
 281              		.align	2
 282              	.L3:
 283 013c 00100240 		.word	1073876992
ARM GAS  C:\Users\ride_pig\AppData\Local\Temp\cc0kt5EY.s 			page 8


 284 0140 00080140 		.word	1073809408
 285 0144 00100140 		.word	1073811456
 286 0148 00140140 		.word	1073812480
 287 014c 00002110 		.word	270598144
 288 0150 000C0140 		.word	1073810432
 289              		.cfi_endproc
 290              	.LFE65:
 292              		.text
 293              	.Letext0:
 294              		.file 2 "Drivers/CMSIS/Device/ST/STM32F1xx/Include/stm32f105xc.h"
 295              		.file 3 "e:\\gcc-arm-none-eabi\\arm-none-eabi\\include\\machine\\_default_types.h"
 296              		.file 4 "e:\\gcc-arm-none-eabi\\arm-none-eabi\\include\\sys\\_stdint.h"
 297              		.file 5 "Drivers/STM32F1xx_HAL_Driver/Inc/stm32f1xx_hal_gpio.h"
 298              		.file 6 "Drivers/STM32F1xx_HAL_Driver/Inc/stm32f1xx_hal_cortex.h"
ARM GAS  C:\Users\ride_pig\AppData\Local\Temp\cc0kt5EY.s 			page 9


DEFINED SYMBOLS
                            *ABS*:00000000 gpio.c
C:\Users\ride_pig\AppData\Local\Temp\cc0kt5EY.s:18     .text.MX_GPIO_Init:00000000 $t
C:\Users\ride_pig\AppData\Local\Temp\cc0kt5EY.s:24     .text.MX_GPIO_Init:00000000 MX_GPIO_Init
C:\Users\ride_pig\AppData\Local\Temp\cc0kt5EY.s:283    .text.MX_GPIO_Init:0000013c $d

UNDEFINED SYMBOLS
HAL_GPIO_WritePin
HAL_GPIO_Init
HAL_NVIC_SetPriority
HAL_NVIC_EnableIRQ
