Archive member included to satisfy reference by file (symbol)

e:/gcc-arm-none-eabi/bin/../lib/gcc/arm-none-eabi/11.2.1/thumb/v7-m/nofp\libc_nano.a(lib_a-exit.o)
                              e:/gcc-arm-none-eabi/bin/../lib/gcc/arm-none-eabi/11.2.1/thumb/v7-m/nofp/crt0.o (exit)
e:/gcc-arm-none-eabi/bin/../lib/gcc/arm-none-eabi/11.2.1/thumb/v7-m/nofp\libc_nano.a(lib_a-impure.o)
                              e:/gcc-arm-none-eabi/bin/../lib/gcc/arm-none-eabi/11.2.1/thumb/v7-m/nofp\libc_nano.a(lib_a-exit.o) (_global_impure_ptr)
e:/gcc-arm-none-eabi/bin/../lib/gcc/arm-none-eabi/11.2.1/thumb/v7-m/nofp\libc_nano.a(lib_a-init.o)
                              e:/gcc-arm-none-eabi/bin/../lib/gcc/arm-none-eabi/11.2.1/thumb/v7-m/nofp/crt0.o (__libc_init_array)
e:/gcc-arm-none-eabi/bin/../lib/gcc/arm-none-eabi/11.2.1/thumb/v7-m/nofp\libc_nano.a(lib_a-malloc.o)
                              build/daisy-user.o (malloc)
e:/gcc-arm-none-eabi/bin/../lib/gcc/arm-none-eabi/11.2.1/thumb/v7-m/nofp\libc_nano.a(lib_a-memset.o)
                              e:/gcc-arm-none-eabi/bin/../lib/gcc/arm-none-eabi/11.2.1/thumb/v7-m/nofp/crt0.o (memset)
e:/gcc-arm-none-eabi/bin/../lib/gcc/arm-none-eabi/11.2.1/thumb/v7-m/nofp\libc_nano.a(lib_a-nano-freer.o)
                              e:/gcc-arm-none-eabi/bin/../lib/gcc/arm-none-eabi/11.2.1/thumb/v7-m/nofp\libc_nano.a(lib_a-malloc.o) (_free_r)
e:/gcc-arm-none-eabi/bin/../lib/gcc/arm-none-eabi/11.2.1/thumb/v7-m/nofp\libc_nano.a(lib_a-nano-mallocr.o)
                              e:/gcc-arm-none-eabi/bin/../lib/gcc/arm-none-eabi/11.2.1/thumb/v7-m/nofp\libc_nano.a(lib_a-malloc.o) (_malloc_r)
e:/gcc-arm-none-eabi/bin/../lib/gcc/arm-none-eabi/11.2.1/thumb/v7-m/nofp\libc_nano.a(lib_a-sbrkr.o)
                              e:/gcc-arm-none-eabi/bin/../lib/gcc/arm-none-eabi/11.2.1/thumb/v7-m/nofp\libc_nano.a(lib_a-nano-mallocr.o) (_sbrk_r)
e:/gcc-arm-none-eabi/bin/../lib/gcc/arm-none-eabi/11.2.1/thumb/v7-m/nofp\libc_nano.a(lib_a-mlock.o)
                              e:/gcc-arm-none-eabi/bin/../lib/gcc/arm-none-eabi/11.2.1/thumb/v7-m/nofp\libc_nano.a(lib_a-nano-freer.o) (__malloc_lock)
e:/gcc-arm-none-eabi/bin/../lib/gcc/arm-none-eabi/11.2.1/thumb/v7-m/nofp\libc_nano.a(lib_a-reent.o)
                              e:/gcc-arm-none-eabi/bin/../lib/gcc/arm-none-eabi/11.2.1/thumb/v7-m/nofp\libc_nano.a(lib_a-sbrkr.o) (errno)
e:/gcc-arm-none-eabi/bin/../lib/gcc/arm-none-eabi/11.2.1/thumb/v7-m/nofp\libnosys.a(sbrk.o)
                              e:/gcc-arm-none-eabi/bin/../lib/gcc/arm-none-eabi/11.2.1/thumb/v7-m/nofp\libc_nano.a(lib_a-sbrkr.o) (_sbrk)
e:/gcc-arm-none-eabi/bin/../lib/gcc/arm-none-eabi/11.2.1/thumb/v7-m/nofp\libnosys.a(_exit.o)
                              e:/gcc-arm-none-eabi/bin/../lib/gcc/arm-none-eabi/11.2.1/thumb/v7-m/nofp\libc_nano.a(lib_a-exit.o) (_exit)
e:/gcc-arm-none-eabi/bin/../lib/gcc/arm-none-eabi/11.2.1/thumb/v7-m/nofp\libgcc.a(_arm_muldf3.o)
                              build/adc-user.o (__aeabi_dmul)
e:/gcc-arm-none-eabi/bin/../lib/gcc/arm-none-eabi/11.2.1/thumb/v7-m/nofp\libgcc.a(_arm_mulsf3.o)
                              build/daisy-user.o (__aeabi_fmul)
e:/gcc-arm-none-eabi/bin/../lib/gcc/arm-none-eabi/11.2.1/thumb/v7-m/nofp\libgcc.a(_arm_addsubdf3.o)
                              build/adc-user.o (__aeabi_i2d)
e:/gcc-arm-none-eabi/bin/../lib/gcc/arm-none-eabi/11.2.1/thumb/v7-m/nofp\libgcc.a(_arm_muldivdf3.o)
                              build/adc-user.o (__aeabi_ddiv)
e:/gcc-arm-none-eabi/bin/../lib/gcc/arm-none-eabi/11.2.1/thumb/v7-m/nofp\libgcc.a(_arm_cmpdf2.o)
                              build/daisy-user.o (__aeabi_dcmplt)
e:/gcc-arm-none-eabi/bin/../lib/gcc/arm-none-eabi/11.2.1/thumb/v7-m/nofp\libgcc.a(_arm_truncdfsf2.o)
                              build/adc-user.o (__aeabi_d2f)
e:/gcc-arm-none-eabi/bin/../lib/gcc/arm-none-eabi/11.2.1/thumb/v7-m/nofp\libgcc.a(_arm_addsubsf3.o)
                              build/daisy-user.o (__aeabi_fsub)
e:/gcc-arm-none-eabi/bin/../lib/gcc/arm-none-eabi/11.2.1/thumb/v7-m/nofp\libgcc.a(_arm_muldivsf3.o)
                              build/daisy-user.o (__aeabi_fdiv)
e:/gcc-arm-none-eabi/bin/../lib/gcc/arm-none-eabi/11.2.1/thumb/v7-m/nofp\libgcc.a(_arm_cmpsf2.o)
                              build/daisy-user.o (__aeabi_fcmplt)
e:/gcc-arm-none-eabi/bin/../lib/gcc/arm-none-eabi/11.2.1/thumb/v7-m/nofp\libgcc.a(_arm_fixunssfsi.o)
                              build/adc-user.o (__aeabi_f2uiz)
e:/gcc-arm-none-eabi/bin/../lib/gcc/arm-none-eabi/11.2.1/thumb/v7-m/nofp\libgcc.a(_aeabi_uldivmod.o)
                              build/stm32f1xx_hal_rcc.o (__aeabi_uldivmod)
e:/gcc-arm-none-eabi/bin/../lib/gcc/arm-none-eabi/11.2.1/thumb/v7-m/nofp\libgcc.a(_udivmoddi4.o)
                              e:/gcc-arm-none-eabi/bin/../lib/gcc/arm-none-eabi/11.2.1/thumb/v7-m/nofp\libgcc.a(_aeabi_uldivmod.o) (__udivmoddi4)
e:/gcc-arm-none-eabi/bin/../lib/gcc/arm-none-eabi/11.2.1/thumb/v7-m/nofp\libgcc.a(_dvmd_tls.o)
[...]
Memory Configuration

Name             Origin             Length             Attributes
RAM              0x20000000         0x00010000         xrw
FLASH            0x08000000         0x00040000         xr
*default*        0x00000000         0xffffffff

Linker script and memory map

LOAD e:/gcc-arm-none-eabi/bin/../lib/gcc/arm-none-eabi/11.2.1/thumb/v7-m/nofp/crti.o
LOAD e:/gcc-arm-none-eabi/bin/../lib/gcc/arm-none-eabi/11.2.1/thumb/v7-m/nofp/crtbegin.o
LOAD e:/gcc-arm-none-eabi/bin/../lib/gcc/arm-none-eabi/11.2.1/thumb/v7-m/nofp/crt0.o
LOAD build/adc-user.o
LOAD build/adc.o
LOAD build/can-user.o
LOAD build/can.o
LOAD build/daisy-user.o
LOAD build/data-user.o
LOAD build/flash-user.o
LOAD build/gpio.o
LOAD build/ltc681x-user.o
LOAD build/main.o
LOAD build/os-user.o
LOAD build/relay-user.o
LOAD build/rtc-user.o
LOAD build/rtc.o
LOAD build/spi.o
LOAD build/state-user.o
LOAD build/stm32f1xx_hal_msp.o
LOAD build/stm32f1xx_it.o
LOAD build/system_stm32f1xx.o
LOAD build/tim.o
LOAD build/stm32f1xx_hal.o
LOAD build/stm32f1xx_hal_adc.o
LOAD build/stm32f1xx_hal_adc_ex.o
LOAD build/stm32f1xx_hal_can.o
LOAD build/stm32f1xx_hal_cortex.o
LOAD build/stm32f1xx_hal_dma.o
LOAD build/stm32f1xx_hal_exti.o
LOAD build/stm32f1xx_hal_flash.o
LOAD build/stm32f1xx_hal_flash_ex.o
LOAD build/stm32f1xx_hal_gpio.o
LOAD build/stm32f1xx_hal_gpio_ex.o
LOAD build/stm32f1xx_hal_pwr.o
LOAD build/stm32f1xx_hal_rcc.o
LOAD build/stm32f1xx_hal_rcc_ex.o
LOAD build/stm32f1xx_hal_rtc.o
LOAD build/stm32f1xx_hal_rtc_ex.o
LOAD build/stm32f1xx_hal_spi.o
LOAD build/stm32f1xx_hal_tim.o
LOAD build/stm32f1xx_hal_tim_ex.o
LOAD build/startup_stm32f105xc.o
LOAD e:/gcc-arm-none-eabi/bin/../lib/gcc/arm-none-eabi/11.2.1/thumb/v7-m/nofp\libc_nano.a
LOAD e:/gcc-arm-none-eabi/bin/../lib/gcc/arm-none-eabi/11.2.1/thumb/v7-m/nofp\libm.a
LOAD e:/gcc-arm-none-eabi/bin/../lib/gcc/arm-none-eabi/11.2.1/thumb/v7-m/nofp\libnosys.a
START GROUP
LOAD e:/gcc-arm-none-eabi/bin/../lib/gcc/arm-none-eabi/11.2.1/thumb/v7-m/nofp\libgcc.a
LOAD e:/gcc-arm-none-eabi/bin/../lib/gcc/arm-none-eabi/11.2.1/thumb/v7-m/nofp\libc_nano.a
END GROUP
START GROUP
LOAD e:/gcc-arm-none-eabi/bin/../lib/gcc/arm-none-eabi/11.2.1/thumb/v7-m/nofp\libgcc.a
LOAD e:/gcc-arm-none-eabi/bin/../lib/gcc/arm-none-eabi/11.2.1/thumb/v7-m/nofp\libc_nano.a
END GROUP
LOAD e:/gcc-arm-none-eabi/bin/../lib/gcc/arm-none-eabi/11.2.1/thumb/v7-m/nofp/crtend.o
LOAD e:/gcc-arm-none-eabi/bin/../lib/gcc/arm-none-eabi/11.2.1/thumb/v7-m/nofp/crtn.o
                0x20010000                _estack = (ORIGIN (RAM) + LENGTH (RAM))
                0x00000200                _Min_Heap_Size = 0x200
                0x00000400                _Min_Stack_Size = 0x400

.isr_vector     0x08000000      0x1e4
                0x08000000                . = ALIGN (0x4)
 *(.isr_vector)
 .isr_vector    0x08000000      0x1e4 build/startup_stm32f105xc.o
                0x08000000                g_pfnVectors
                0x080001e4                . = ALIGN (0x4)

.text           0x080001e8     0x8ed0
                0x080001e8                . = ALIGN (0x4)
 *(.text)
 .text          0x080001e8      0x378 e:/gcc-arm-none-eabi/bin/../lib/gcc/arm-none-eabi/11.2.1/thumb/v7-m/nofp\libgcc.a(_arm_addsubdf3.o)
                0x080001e8                __aeabi_drsub
                0x080001f0                __aeabi_dsub
                0x080001f0                __subdf3
                0x080001f4                __aeabi_dadd
                0x080001f4                __adddf3
                0x0800046c                __floatunsidf
                0x0800046c                __aeabi_ui2d
                0x0800048c                __floatsidf
                0x0800048c                __aeabi_i2d
                0x080004b0                __aeabi_f2d
                0x080004b0                __extendsfdf2
                0x080004f4                __floatundidf
                0x080004f4                __aeabi_ul2d
                0x08000504                __floatdidf
                0x08000504                __aeabi_l2d
 .text          0x08000560      0x424 e:/gcc-arm-none-eabi/bin/../lib/gcc/arm-none-eabi/11.2.1/thumb/v7-m/nofp\libgcc.a(_arm_muldivdf3.o)
                0x08000560                __aeabi_dmul
                0x08000560                __muldf3
                0x080007b4                __divdf3
                0x080007b4                __aeabi_ddiv
 .text          0x08000984      0x110 e:/gcc-arm-none-eabi/bin/../lib/gcc/arm-none-eabi/11.2.1/thumb/v7-m/nofp\libgcc.a(_arm_cmpdf2.o)
                0x08000984                __gtdf2
                0x08000984                __gedf2
                0x0800098c                __ltdf2
                0x0800098c                __ledf2
                0x08000994                __nedf2
                0x08000994                __eqdf2
                0x08000994                __cmpdf2
                0x08000a10                __aeabi_cdrcmple
                0x08000a20                __aeabi_cdcmpeq
                0x08000a20                __aeabi_cdcmple
                0x08000a30                __aeabi_dcmpeq
                0x08000a44                __aeabi_dcmplt
                0x08000a58                __aeabi_dcmple
                0x08000a6c                __aeabi_dcmpge
                0x08000a80                __aeabi_dcmpgt
 .text          0x08000a94       0xa0 e:/gcc-arm-none-eabi/bin/../lib/gcc/arm-none-eabi/11.2.1/thumb/v7-m/nofp\libgcc.a(_arm_truncdfsf2.o)
                0x08000a94                __truncdfsf2
                0x08000a94                __aeabi_d2f
 .text          0x08000b34      0x21c e:/gcc-arm-none-eabi/bin/../lib/gcc/arm-none-eabi/11.2.1/thumb/v7-m/nofp\libgcc.a(_arm_addsubsf3.o)
                0x08000b34                __aeabi_frsub
                0x08000b3c                __subsf3
                0x08000b3c                __aeabi_fsub
                0x08000b40                __aeabi_fadd
                0x08000b40                __addsf3
                0x08000ca0                __aeabi_ui2f
                0x08000ca0                __floatunsisf
                0x08000ca8                __aeabi_i2f
                0x08000ca8                __floatsisf
                0x08000cc4                __aeabi_ul2f
                0x08000cc4                __floatundisf
                0x08000cd4                __aeabi_l2f
                0x08000cd4                __floatdisf
 .text          0x08000d50      0x2a0 e:/gcc-arm-none-eabi/bin/../lib/gcc/arm-none-eabi/11.2.1/thumb/v7-m/nofp\libgcc.a(_arm_muldivsf3.o)
                0x08000d50                __mulsf3
                0x08000d50                __aeabi_fmul
                0x08000eb8                __aeabi_fdiv
                0x08000eb8                __divsf3
 .text          0x08000ff0       0xec e:/gcc-arm-none-eabi/bin/../lib/gcc/arm-none-eabi/11.2.1/thumb/v7-m/nofp\libgcc.a(_arm_cmpsf2.o)
                0x08000ff0                __gesf2
                0x08000ff0                __gtsf2
                0x08000ff8                __lesf2
                0x08000ff8                __ltsf2
                0x08001000                __nesf2
                0x08001000                __eqsf2
                0x08001000                __cmpsf2
                0x08001060                __aeabi_cfrcmple
                0x08001068                __aeabi_cfcmpeq
                0x08001068                __aeabi_cfcmple
                0x08001078                __aeabi_fcmpeq
                0x0800108c                __aeabi_fcmplt
                0x080010a0                __aeabi_fcmple
                0x080010b4                __aeabi_fcmpge
                0x080010c8                __aeabi_fcmpgt
 .text          0x080010dc       0x40 e:/gcc-arm-none-eabi/bin/../lib/gcc/arm-none-eabi/11.2.1/thumb/v7-m/nofp\libgcc.a(_arm_fixunssfsi.o)
                0x080010dc                __fixunssfsi
                0x080010dc                __aeabi_f2uiz
 .text          0x0800111c       0x30 e:/gcc-arm-none-eabi/bin/../lib/gcc/arm-none-eabi/11.2.1/thumb/v7-m/nofp\libgcc.a(_aeabi_uldivmod.o)
                0x0800111c                __aeabi_uldivmod
 .text          0x0800114c        0x4 e:/gcc-arm-none-eabi/bin/../lib/gcc/arm-none-eabi/11.2.1/thumb/v7-m/nofp\libgcc.a(_dvmd_tls.o)
                0x0800114c                __aeabi_idiv0
                0x0800114c                __aeabi_ldiv0
 *(.text*)
 .text.deregister_tm_clones
                0x08001150       0x1c e:/gcc-arm-none-eabi/bin/../lib/gcc/arm-none-eabi/11.2.1/thumb/v7-m/nofp/crtbegin.o
 .text.register_tm_clones
                0x0800116c       0x24 e:/gcc-arm-none-eabi/bin/../lib/gcc/arm-none-eabi/11.2.1/thumb/v7-m/nofp/crtbegin.o
 .text.__do_global_dtors_aux
                0x08001190       0x28 e:/gcc-arm-none-eabi/bin/../lib/gcc/arm-none-eabi/11.2.1/thumb/v7-m/nofp/crtbegin.o
 .text.frame_dummy
                0x080011b8       0x24 e:/gcc-arm-none-eabi/bin/../lib/gcc/arm-none-eabi/11.2.1/thumb/v7-m/nofp/crtbegin.o
 .text.adc_read_average
                0x080011dc       0x70 build/adc-user.o
                0x080011dc                adc_read_average
 .text.adc_average
                0x0800124c       0x5c build/adc-user.o
                0x0800124c                adc_average
 .text.PRE_Voltage
                0x080012a8       0x64 build/adc-user.o
                0x080012a8                PRE_Voltage
 *fill*         0x0800130c        0x4 
 .text.TS_Voltage
                0x08001310       0x64 build/adc-user.o
                0x08001310                TS_Voltage
 .text.AIRP_State
                0x08001374       0x2c build/adc-user.o
                0x08001374                AIRP_State
 .text.AIRN_State
                0x080013a0       0x2c build/adc-user.o
                0x080013a0                AIRN_State
 .text.PREAIR_State
                0x080013cc       0x2c build/adc-user.o
                0x080013cc                PREAIR_State
 .text.MX_ADC1_Init
                0x080013f8       0x5c build/adc.o
                0x080013f8                MX_ADC1_Init
 .text.HAL_ADC_MspInit
                0x08001454       0xa4 build/adc.o
                0x08001454                HAL_ADC_MspInit
 .text.can1_interal_config
                0x080014f8       0x5c build/can-user.o
                0x080014f8                can1_interal_config
 .text.can2_exteral_config
                0x08001554       0x60 build/can-user.o
                0x08001554                can2_exteral_config
 .text.HAL_CAN_RxFifo1MsgPendingCallback
                0x080015b4       0x94 build/can-user.o
                0x080015b4                HAL_CAN_RxFifo1MsgPendingCallback
 .text.Can_Send_Msg
                0x08001648       0x78 build/can-user.o
                0x08001648                Can_Send_Msg
 .text.Can_Send_Package
                0x080016c0       0x32 build/can-user.o
                0x080016c0                Can_Send_Package
 *fill*         0x080016f2        0x2 
 .text.HAL_CAN_RxFifo0MsgPendingCallback
                0x080016f4      0x1b8 build/can-user.o
                0x080016f4                HAL_CAN_RxFifo0MsgPendingCallback
 .text.Can_Send_Data
                0x080018ac       0xd8 build/can-user.o
                0x080018ac                Can_Send_Data
 .text.Can_Send_Charge
                0x08001984      0x118 build/can-user.o
                0x08001984                Can_Send_Charge
 .text.MX_CAN1_Init
                0x08001a9c       0x44 build/can.o
                0x08001a9c                MX_CAN1_Init
 .text.MX_CAN2_Init
                0x08001ae0       0x44 build/can.o
                0x08001ae0                MX_CAN2_Init
 .text.HAL_CAN_MspInit
                0x08001b24      0x154 build/can.o
                0x08001b24                HAL_CAN_MspInit
 .text.Module_Init
                0x08001c78       0x56 build/daisy-user.o
                0x08001c78                Module_Init
 .text.CV_Measure
                0x08001cce       0x52 build/daisy-user.o
                0x08001cce                CV_Measure
 .text.CV_Transfer
                0x08001d20       0x5c build/daisy-user.o
                0x08001d20                CV_Transfer
 .text.NO_cal   0x08001d7c       0x34 build/daisy-user.o
                0x08001d7c                NO_cal
 .text.CV_Find_Max_Min
                0x08001db0       0x9c build/daisy-user.o
                0x08001db0                CV_Find_Max_Min
 .text.Tem_Measure
                0x08001e4c       0x32 build/daisy-user.o
                0x08001e4c                Tem_Measure
 *fill*         0x08001e7e        0x2 
 .text.TemRes_Cal
                0x08001e80      0x144 build/daisy-user.o
                0x08001e80                TemRes_Cal
 .text.Tem_search
                0x08001fc4      0x1c8 build/daisy-user.o
                0x08001fc4                Tem_search
 .text.TemFind_Max_Min
                0x0800218c       0x8e build/daisy-user.o
                0x0800218c                TemFind_Max_Min
 *fill*         0x0800221a        0x2 
 .text.set_Volwarning
                0x0800221c      0x1b0 build/daisy-user.o
                0x0800221c                set_Volwarning
 .text.set_Temwarning
                0x080023cc      0x180 build/daisy-user.o
                0x080023cc                set_Temwarning
 .text.save_Openwire_Vol
                0x0800254c       0x9e build/daisy-user.o
                0x0800254c                save_Openwire_Vol
 *fill*         0x080025ea        0x6 
 .text.save_Openwire_Temp
                0x080025f0      0x144 build/daisy-user.o
                0x080025f0                save_Openwire_Temp
 .text.save_Voldata
                0x08002734       0x9c build/daisy-user.o
                0x08002734                save_Voldata
 .text.save_Tempdata
                0x080027d0       0x68 build/daisy-user.o
                0x080027d0                save_Tempdata
 .text.DaisyVol
                0x08002838       0x90 build/daisy-user.o
                0x08002838                DaisyVol
 .text.DaisyTem
                0x080028c8       0x90 build/daisy-user.o
                0x080028c8                DaisyTem
 .text.Openwire_check
                0x08002958      0x2fc build/daisy-user.o
                0x08002958                Openwire_check
 .text.Daisy_Init
                0x08002c54       0xa4 build/daisy-user.o
                0x08002c54                Daisy_Init
 .text.Data_Init
                0x08002cf8      0x1a8 build/data-user.o
                0x08002cf8                Data_Init
 .text.Flash_GetStatus
                0x08002ea0       0x50 build/flash-user.o
                0x08002ea0                Flash_GetStatus
 .text.Flash_Wait_Busy
                0x08002ef0        0xe build/flash-user.o
                0x08002ef0                Flash_Wait_Busy
 *fill*         0x08002efe        0x2 
 .text.Flash_WREN
                0x08002f00       0x3c build/flash-user.o
                0x08002f00                Flash_WREN
 .text.Flash_SE
                0x08002f3c       0x58 build/flash-user.o
                0x08002f3c                Flash_SE
 .text.Flash_Read
                0x08002f94       0x64 build/flash-user.o
                0x08002f94                Flash_Read
 .text.Flash_Write
                0x08002ff8       0xe4 build/flash-user.o
                0x08002ff8                Flash_Write
 .text.Flash_Read_Init_Flag
                0x080030dc       0x1c build/flash-user.o
                0x080030dc                Flash_Read_Init_Flag
 .text.Flash_Write_Init_Flag
                0x080030f8       0x1c build/flash-user.o
                0x080030f8                Flash_Write_Init_Flag
 .text.Flash_Read_Errormute
                0x08003114       0x14 build/flash-user.o
                0x08003114                Flash_Read_Errormute
 .text.Flash_Write_Errormute
                0x08003128       0x1c build/flash-user.o
                0x08003128                Flash_Write_Errormute
 .text.Flash_Read_SOC
                0x08003144       0x28 build/flash-user.o
                0x08003144                Flash_Read_SOC
 .text.Flash_Write_SOC
                0x0800316c       0x30 build/flash-user.o
                0x0800316c                Flash_Write_SOC
 .text.Flash_Read_Time
                0x0800319c       0x14 build/flash-user.o
                0x0800319c                Flash_Read_Time
 .text.Flash_Write_Time
                0x080031b0       0x1c build/flash-user.o
                0x080031b0                Flash_Write_Time
 .text.Flash_Write_Threshold
                0x080031cc       0x1c build/flash-user.o
                0x080031cc                Flash_Write_Threshold
 .text.Threshold_Update
                0x080031e8      0x1f8 build/flash-user.o
                0x080031e8                Threshold_Update
 .text.MX_GPIO_Init
                0x080033e0      0x154 build/gpio.o
                0x080033e0                MX_GPIO_Init
 .text.cs_low   0x08003534       0x14 build/ltc681x-user.o
                0x08003534                cs_low
 .text.cs_high  0x08003548       0x14 build/ltc681x-user.o
                0x08003548                cs_high
 .text.spi_write_read
                0x0800355c       0x2c build/ltc681x-user.o
                0x0800355c                spi_write_read
 .text.spi_write_array
                0x08003588       0x14 build/ltc681x-user.o
                0x08003588                spi_write_array
 .text.wakeup_idle
                0x0800359c       0x38 build/ltc681x-user.o
                0x0800359c                wakeup_idle
 .text.wakeup_sleep
                0x080035d4       0x1e build/ltc681x-user.o
                0x080035d4                wakeup_sleep
 *fill*         0x080035f2        0x2 
 .text.init_PEC15_Table
                0x080035f4       0x60 build/ltc681x-user.o
                0x080035f4                init_PEC15_Table
 .text.pec15_calc
                0x08003654       0x54 build/ltc681x-user.o
                0x08003654                pec15_calc
 .text.LTC681x_check_pec
                0x080036a8      0x132 build/ltc681x-user.o
                0x080036a8                LTC681x_check_pec
 .text.cmd_68   0x080037da       0x3a build/ltc681x-user.o
                0x080037da                cmd_68
 .text.write_68
                0x08003814       0xa8 build/ltc681x-user.o
                0x08003814                write_68
 .text.LTC681x_init_cfg
                0x080038bc       0x40 build/ltc681x-user.o
                0x080038bc                LTC681x_init_cfg
 .text.LTC681x_adcv
                0x080038fc       0x2e build/ltc681x-user.o
                0x080038fc                LTC681x_adcv
 .text.LTC681x_adax
                0x0800392a       0x26 build/ltc681x-user.o
                0x0800392a                LTC681x_adax
 .text.LTC681x_adow
                0x08003950       0x38 build/ltc681x-user.o
                0x08003950                LTC681x_adow
 .text.LTC681x_pollAdc
                0x08003988       0x74 build/ltc681x-user.o
                0x08003988                LTC681x_pollAdc
 .text.parse_cells
                0x080039fc       0x88 build/ltc681x-user.o
                0x080039fc                parse_cells
 .text.LTC681x_rdcv_reg
                0x08003a84       0xa8 build/ltc681x-user.o
                0x08003a84                LTC681x_rdcv_reg
 .text.LTC681x_rdaux_reg
                0x08003b2c       0x8c build/ltc681x-user.o
                0x08003b2c                LTC681x_rdaux_reg
 .text.LTC681x_clrcell
                0x08003bb8       0x18 build/ltc681x-user.o
                0x08003bb8                LTC681x_clrcell
 .text.LTC681x_clraux
                0x08003bd0       0x18 build/ltc681x-user.o
                0x08003bd0                LTC681x_clraux
 .text.LTC681x_rdcv
                0x08003be8       0xac build/ltc681x-user.o
                0x08003be8                LTC681x_rdcv
 .text.LTC681x_rdaux
                0x08003c94       0xa0 build/ltc681x-user.o
                0x08003c94                LTC681x_rdaux
 .text.LTC6813_init_cfgb
                0x08003d34       0x42 build/ltc681x-user.o
                0x08003d34                LTC6813_init_cfgb
 .text.LTC6813_mute
                0x08003d76       0x1c build/ltc681x-user.o
                0x08003d76                LTC6813_mute
 .text.LTC6813_unmute
                0x08003d92       0x1c build/ltc681x-user.o
                0x08003d92                LTC6813_unmute
 .text.LTC6813_wrcfg
                0x08003dae       0x4c build/ltc681x-user.o
                0x08003dae                LTC6813_wrcfg
 .text.LTC6813_wrcfgb
                0x08003dfa       0x4e build/ltc681x-user.o
                0x08003dfa                LTC6813_wrcfgb
 .text.HAL_GPIO_EXTI_Callback
                0x08003e48        0x2 build/main.o
                0x08003e48                HAL_GPIO_EXTI_Callback
 *fill*         0x08003e4a        0x2 
 .text.HAL_TIM_PeriodElapsedCallback
                0x08003e4c       0x30 build/main.o
                0x08003e4c                HAL_TIM_PeriodElapsedCallback
 .text.Error_Handler
                0x08003e7c        0x4 build/main.o
                0x08003e7c                Error_Handler
 .text.SystemClock_Config
                0x08003e80       0x98 build/main.o
                0x08003e80                SystemClock_Config
 .text.main     0x08003f18      0x10c build/main.o
                0x08003f18                main
 .text.TaskCreate
                0x08004024       0x30 build/os-user.o
                0x08004024                TaskCreate
 .text.TaskStatusUpdate
                0x08004054       0x30 build/os-user.o
                0x08004054                TaskStatusUpdate
 .text.TaskScheduler
                0x08004084       0x34 build/os-user.o
                0x08004084                TaskScheduler
 .text.Precharge_Run
                0x080040b8      0x2b0 build/os-user.o
                0x080040b8                Precharge_Run
 .text.charge_ing
                0x08004368       0x48 build/os-user.o
                0x08004368                charge_ing
 .text.Hall_Timeout
                0x080043b0       0x94 build/os-user.o
                0x080043b0                Hall_Timeout
 .text.Vol_deviance
                0x08004444       0xf4 build/os-user.o
                0x08004444                Vol_deviance
 .text.Current_detect
                0x08004538      0x120 build/os-user.o
                0x08004538                Current_detect
 .text.Fans_control
                0x08004658       0x7c build/os-user.o
                0x08004658                Fans_control
 .text.State_Upgrade
                0x080046d4       0x3c build/os-user.o
                0x080046d4                State_Upgrade
 .text.Slave_Measure
                0x08004710       0x12 build/os-user.o
                0x08004710                Slave_Measure
 *fill*         0x08004722        0x2 
 .text.OpenVol_Check
                0x08004724       0x30 build/os-user.o
                0x08004724                OpenVol_Check
 .text.BMS_Can  0x08004754       0x20 build/os-user.o
                0x08004754                BMS_Can
 .text.IMD_Detect
                0x08004774       0x54 build/os-user.o
                0x08004774                IMD_Detect
 .text.AIRP_ON  0x080047c8       0x14 build/relay-user.o
                0x080047c8                AIRP_ON
 .text.AIRP_OFF
                0x080047dc       0x14 build/relay-user.o
                0x080047dc                AIRP_OFF
 .text.AIRN_ON  0x080047f0       0x14 build/relay-user.o
                0x080047f0                AIRN_ON
 .text.AIRN_OFF
                0x08004804       0x14 build/relay-user.o
                0x08004804                AIRN_OFF
 .text.PrechargeAIR_ON
                0x08004818       0x14 build/relay-user.o
                0x08004818                PrechargeAIR_ON
 .text.PrechargeAIR_OFF
                0x0800482c       0x14 build/relay-user.o
                0x0800482c                PrechargeAIR_OFF
 .text.Fans_ON  0x08004840       0x14 build/relay-user.o
                0x08004840                Fans_ON
 .text.Fans_OFF
                0x08004854       0x14 build/relay-user.o
                0x08004854                Fans_OFF
 .text.AIRS_OFF
                0x08004868       0x10 build/relay-user.o
                0x08004868                AIRS_OFF
 .text.ON_State
                0x08004878       0x14 build/relay-user.o
                0x08004878                ON_State
 .text.IMD_State
                0x0800488c       0x10 build/relay-user.o
                0x0800488c                IMD_State
 .text.Error    0x0800489c       0x44 build/relay-user.o
                0x0800489c                Error
 .text.ON_Beep  0x080048e0       0x88 build/relay-user.o
                0x080048e0                ON_Beep
 .text.user_CheckRtcBkup
                0x08004968       0x14 build/rtc-user.o
                0x08004968                user_CheckRtcBkup
 .text.Get_OFF_Time
                0x0800497c       0x2c build/rtc-user.o
                0x0800497c                Get_OFF_Time
 .text.Get_ON_Time
                0x080049a8       0x28 build/rtc-user.o
                0x080049a8                Get_ON_Time
 .text.SOC_Init
                0x080049d0      0x130 build/rtc-user.o
                0x080049d0                SOC_Init
 .text.Save_OFFtime
                0x08004b00       0x40 build/rtc-user.o
                0x08004b00                Save_OFFtime
 .text.SOC_CAL  0x08004b40       0x60 build/rtc-user.o
                0x08004b40                SOC_CAL
 .text.MX_RTC_Init
                0x08004ba0       0x98 build/rtc.o
                0x08004ba0                MX_RTC_Init
 .text.HAL_RTC_MspInit
                0x08004c38       0x40 build/rtc.o
                0x08004c38                HAL_RTC_MspInit
 .text.MX_SPI1_Init
                0x08004c78       0x48 build/spi.o
                0x08004c78                MX_SPI1_Init
 .text.MX_SPI3_Init
                0x08004cc0       0x44 build/spi.o
                0x08004cc0                MX_SPI3_Init
 .text.HAL_SPI_MspInit
                0x08004d04      0x108 build/spi.o
                0x08004d04                HAL_SPI_MspInit
 .text.BMS_SelfTest
                0x08004e0c      0x128 build/state-user.o
                0x08004e0c                BMS_SelfTest
 .text.Standby_detect
                0x08004f34       0x74 build/state-user.o
                0x08004f34                Standby_detect
 .text.Precharge_relay_open
                0x08004fa8       0x3a build/state-user.o
                0x08004fa8                Precharge_relay_open
 *fill*         0x08004fe2        0x2 
 .text.Precharge_detect
                0x08004fe4       0x70 build/state-user.o
                0x08004fe4                Precharge_detect
 .text.BMS_Standby
                0x08005054       0x8c build/state-user.o
                0x08005054                BMS_Standby
 .text.BMS_Precharge
                0x080050e0        0x8 build/state-user.o
                0x080050e0                BMS_Precharge
 .text.Run_detect
                0x080050e8       0x74 build/state-user.o
                0x080050e8                Run_detect
 .text.BMS_Run  0x0800515c       0xf0 build/state-user.o
                0x0800515c                BMS_Run
 .text.BMS_SDC_Off
                0x0800524c       0x48 build/state-user.o
                0x0800524c                BMS_SDC_Off
 .text.BMS_Error
                0x08005294        0xc build/state-user.o
                0x08005294                BMS_Error
 .text.Charge_detect
                0x080052a0      0x124 build/state-user.o
                0x080052a0                Charge_detect
 .text.BMS_Charge
                0x080053c4       0x14 build/state-user.o
                0x080053c4                BMS_Charge
 .text.BMS_Charge_Done
                0x080053d8       0x28 build/state-user.o
                0x080053d8                BMS_Charge_Done
 .text.BMS_Manual_mode
                0x08005400      0x1bc build/state-user.o
                0x08005400                BMS_Manual_mode
 .text.BMS_StateMachine
                0x080055bc       0x4c build/state-user.o
                0x080055bc                BMS_StateMachine
 .text.HAL_MspInit
                0x08005608       0x44 build/stm32f1xx_hal_msp.o
                0x08005608                HAL_MspInit
 .text.NMI_Handler
                0x0800564c        0x2 build/stm32f1xx_it.o
                0x0800564c                NMI_Handler
 .text.HardFault_Handler
                0x0800564e        0x2 build/stm32f1xx_it.o
                0x0800564e                HardFault_Handler
 .text.MemManage_Handler
                0x08005650        0x2 build/stm32f1xx_it.o
                0x08005650                MemManage_Handler
 .text.BusFault_Handler
                0x08005652        0x2 build/stm32f1xx_it.o
                0x08005652                BusFault_Handler
 .text.UsageFault_Handler
                0x08005654        0x2 build/stm32f1xx_it.o
                0x08005654                UsageFault_Handler
 .text.SVC_Handler
                0x08005656        0x2 build/stm32f1xx_it.o
                0x08005656                SVC_Handler
 .text.DebugMon_Handler
                0x08005658        0x2 build/stm32f1xx_it.o
                0x08005658                DebugMon_Handler
 .text.PendSV_Handler
                0x0800565a        0x2 build/stm32f1xx_it.o
                0x0800565a                PendSV_Handler
 .text.SysTick_Handler
                0x0800565c        0x8 build/stm32f1xx_it.o
                0x0800565c                SysTick_Handler
 .text.CAN1_TX_IRQHandler
                0x08005664       0x10 build/stm32f1xx_it.o
                0x08005664                CAN1_TX_IRQHandler
 .text.CAN1_RX0_IRQHandler
                0x08005674       0x10 build/stm32f1xx_it.o
                0x08005674                CAN1_RX0_IRQHandler
 .text.EXTI9_5_IRQHandler
                0x08005684        0xc build/stm32f1xx_it.o
                0x08005684                EXTI9_5_IRQHandler
 .text.TIM2_IRQHandler
                0x08005690       0x10 build/stm32f1xx_it.o
                0x08005690                TIM2_IRQHandler
 .text.TIM3_IRQHandler
                0x080056a0       0x10 build/stm32f1xx_it.o
                0x080056a0                TIM3_IRQHandler
 .text.SPI1_IRQHandler
                0x080056b0       0x10 build/stm32f1xx_it.o
                0x080056b0                SPI1_IRQHandler
 .text.SPI3_IRQHandler
                0x080056c0       0x10 build/stm32f1xx_it.o
                0x080056c0                SPI3_IRQHandler
 .text.CAN2_TX_IRQHandler
                0x080056d0       0x10 build/stm32f1xx_it.o
                0x080056d0                CAN2_TX_IRQHandler
 .text.CAN2_RX1_IRQHandler
                0x080056e0       0x10 build/stm32f1xx_it.o
                0x080056e0                CAN2_RX1_IRQHandler
 .text.SystemInit
                0x080056f0        0x2 build/system_stm32f1xx.o
                0x080056f0                SystemInit
 *fill*         0x080056f2        0x2 
 .text.MX_TIM2_Init
                0x080056f4       0x70 build/tim.o
                0x080056f4                MX_TIM2_Init
 .text.MX_TIM3_Init
                0x08005764       0x74 build/tim.o
                0x08005764                MX_TIM3_Init
 .text.HAL_TIM_Base_MspInit
                0x080057d8       0x70 build/tim.o
                0x080057d8                HAL_TIM_Base_MspInit
 .text.HAL_InitTick
                0x08005848       0x4c build/stm32f1xx_hal.o
                0x08005848                HAL_InitTick
 .text.HAL_Init
                0x08005894       0x24 build/stm32f1xx_hal.o
                0x08005894                HAL_Init
 .text.HAL_IncTick
                0x080058b8       0x18 build/stm32f1xx_hal.o
                0x080058b8                HAL_IncTick
 .text.HAL_GetTick
                0x080058d0        0xc build/stm32f1xx_hal.o
                0x080058d0                HAL_GetTick
 .text.HAL_Delay
                0x080058dc       0x28 build/stm32f1xx_hal.o
                0x080058dc                HAL_Delay
 .text.HAL_ADC_PollForConversion
                0x08005904      0x184 build/stm32f1xx_hal_adc.o
                0x08005904                HAL_ADC_PollForConversion
 .text.HAL_ADC_GetValue
                0x08005a88        0x6 build/stm32f1xx_hal_adc.o
                0x08005a88                HAL_ADC_GetValue
 *fill*         0x08005a8e        0x2 
 .text.HAL_ADC_ConfigChannel
                0x08005a90      0x140 build/stm32f1xx_hal_adc.o
                0x08005a90                HAL_ADC_ConfigChannel
 .text.HAL_ADC_GetState
                0x08005bd0        0x4 build/stm32f1xx_hal_adc.o
                0x08005bd0                HAL_ADC_GetState
 .text.ADC_Enable
                0x08005bd4       0x88 build/stm32f1xx_hal_adc.o
                0x08005bd4                ADC_Enable
 .text.HAL_ADC_Start
                0x08005c5c       0xe8 build/stm32f1xx_hal_adc.o
                0x08005c5c                HAL_ADC_Start
 .text.ADC_ConversionStop_Disable
                0x08005d44       0x56 build/stm32f1xx_hal_adc.o
                0x08005d44                ADC_ConversionStop_Disable
 *fill*         0x08005d9a        0x2 
 .text.HAL_ADC_Init
                0x08005d9c      0x108 build/stm32f1xx_hal_adc.o
                0x08005d9c                HAL_ADC_Init
 .text.HAL_ADCEx_Calibration_Start
                0x08005ea4      0x100 build/stm32f1xx_hal_adc_ex.o
                0x08005ea4                HAL_ADCEx_Calibration_Start
 .text.HAL_CAN_Init
                0x08005fa4      0x14c build/stm32f1xx_hal_can.o
                0x08005fa4                HAL_CAN_Init
 .text.HAL_CAN_ConfigFilter
                0x080060f0      0x13c build/stm32f1xx_hal_can.o
                0x080060f0                HAL_CAN_ConfigFilter
 .text.HAL_CAN_Start
                0x0800622c       0x5c build/stm32f1xx_hal_can.o
                0x0800622c                HAL_CAN_Start
 .text.HAL_CAN_AddTxMessage
                0x08006288       0xfc build/stm32f1xx_hal_can.o
                0x08006288                HAL_CAN_AddTxMessage
 .text.HAL_CAN_GetRxMessage
                0x08006384      0x156 build/stm32f1xx_hal_can.o
                0x08006384                HAL_CAN_GetRxMessage
 .text.HAL_CAN_ActivateNotification
                0x080064da       0x24 build/stm32f1xx_hal_can.o
                0x080064da                HAL_CAN_ActivateNotification
 .text.HAL_CAN_TxMailbox0CompleteCallback
                0x080064fe        0x2 build/stm32f1xx_hal_can.o
                0x080064fe                HAL_CAN_TxMailbox0CompleteCallback
 .text.HAL_CAN_TxMailbox1CompleteCallback
                0x08006500        0x2 build/stm32f1xx_hal_can.o
                0x08006500                HAL_CAN_TxMailbox1CompleteCallback
 .text.HAL_CAN_TxMailbox2CompleteCallback
                0x08006502        0x2 build/stm32f1xx_hal_can.o
                0x08006502                HAL_CAN_TxMailbox2CompleteCallback
 .text.HAL_CAN_TxMailbox0AbortCallback
                0x08006504        0x2 build/stm32f1xx_hal_can.o
                0x08006504                HAL_CAN_TxMailbox0AbortCallback
 .text.HAL_CAN_TxMailbox1AbortCallback
                0x08006506        0x2 build/stm32f1xx_hal_can.o
                0x08006506                HAL_CAN_TxMailbox1AbortCallback
 .text.HAL_CAN_TxMailbox2AbortCallback
                0x08006508        0x2 build/stm32f1xx_hal_can.o
                0x08006508                HAL_CAN_TxMailbox2AbortCallback
 .text.HAL_CAN_RxFifo0FullCallback
                0x0800650a        0x2 build/stm32f1xx_hal_can.o
                0x0800650a                HAL_CAN_RxFifo0FullCallback
 .text.HAL_CAN_RxFifo1FullCallback
                0x0800650c        0x2 build/stm32f1xx_hal_can.o
                0x0800650c                HAL_CAN_RxFifo1FullCallback
 .text.HAL_CAN_SleepCallback
                0x0800650e        0x2 build/stm32f1xx_hal_can.o
                0x0800650e                HAL_CAN_SleepCallback
 .text.HAL_CAN_WakeUpFromRxMsgCallback
                0x08006510        0x2 build/stm32f1xx_hal_can.o
                0x08006510                HAL_CAN_WakeUpFromRxMsgCallback
 .text.HAL_CAN_ErrorCallback
                0x08006512        0x2 build/stm32f1xx_hal_can.o
                0x08006512                HAL_CAN_ErrorCallback
 .text.HAL_CAN_IRQHandler
                0x08006514      0x24a build/stm32f1xx_hal_can.o
                0x08006514                HAL_CAN_IRQHandler
 *fill*         0x0800675e        0x2 
 .text.HAL_NVIC_SetPriorityGrouping
                0x08006760       0x24 build/stm32f1xx_hal_cortex.o
                0x08006760                HAL_NVIC_SetPriorityGrouping
 .text.HAL_NVIC_SetPriority
                0x08006784       0x70 build/stm32f1xx_hal_cortex.o
                0x08006784                HAL_NVIC_SetPriority
 .text.HAL_NVIC_EnableIRQ
                0x080067f4       0x1c build/stm32f1xx_hal_cortex.o
                0x080067f4                HAL_NVIC_EnableIRQ
 .text.HAL_SYSTICK_Config
                0x08006810       0x28 build/stm32f1xx_hal_cortex.o
                0x08006810                HAL_SYSTICK_Config
 .text.HAL_DMA_Abort_IT
                0x08006838      0x168 build/stm32f1xx_hal_dma.o
                0x08006838                HAL_DMA_Abort_IT
 .text.HAL_GPIO_Init
                0x080069a0      0x224 build/stm32f1xx_hal_gpio.o
                0x080069a0                HAL_GPIO_Init
 .text.HAL_GPIO_ReadPin
                0x08006bc4        0xe build/stm32f1xx_hal_gpio.o
                0x08006bc4                HAL_GPIO_ReadPin
 .text.HAL_GPIO_WritePin
                0x08006bd2        0xc build/stm32f1xx_hal_gpio.o
                0x08006bd2                HAL_GPIO_WritePin
 *fill*         0x08006bde        0x2 
 .text.HAL_GPIO_EXTI_IRQHandler
                0x08006be0       0x1c build/stm32f1xx_hal_gpio.o
                0x08006be0                HAL_GPIO_EXTI_IRQHandler
 .text.HAL_PWR_EnableBkUpAccess
                0x08006bfc        0xc build/stm32f1xx_hal_pwr.o
                0x08006bfc                HAL_PWR_EnableBkUpAccess
 .text.RCC_Delay
                0x08006c08       0x2c build/stm32f1xx_hal_rcc.o
 .text.HAL_RCC_OscConfig
                0x08006c34      0x4f4 build/stm32f1xx_hal_rcc.o
                0x08006c34                HAL_RCC_OscConfig
 .text.HAL_RCC_GetSysClockFreq
                0x08007128       0xe4 build/stm32f1xx_hal_rcc.o
                0x08007128                HAL_RCC_GetSysClockFreq
 .text.HAL_RCC_ClockConfig
                0x0800720c      0x16c build/stm32f1xx_hal_rcc.o
                0x0800720c                HAL_RCC_ClockConfig
 .text.HAL_RCC_GetHCLKFreq
                0x08007378        0xc build/stm32f1xx_hal_rcc.o
                0x08007378                HAL_RCC_GetHCLKFreq
 .text.HAL_RCC_GetPCLK2Freq
                0x08007384       0x20 build/stm32f1xx_hal_rcc.o
                0x08007384                HAL_RCC_GetPCLK2Freq
 .text.HAL_RCCEx_PeriphCLKConfig
                0x080073a4      0x1d4 build/stm32f1xx_hal_rcc_ex.o
                0x080073a4                HAL_RCCEx_PeriphCLKConfig
 .text.HAL_RCCEx_GetPeriphCLKFreq
                0x08007578      0x1bc build/stm32f1xx_hal_rcc_ex.o
                0x08007578                HAL_RCCEx_GetPeriphCLKFreq
 .text.RTC_ReadTimeCounter
                0x08007734       0x2a build/stm32f1xx_hal_rtc.o
 .text.RTC_ReadAlarmCounter
                0x0800775e        0xe build/stm32f1xx_hal_rtc.o
 .text.RTC_ByteToBcd2
                0x0800776c       0x16 build/stm32f1xx_hal_rtc.o
 .text.RTC_Bcd2ToByte
                0x08007782       0x12 build/stm32f1xx_hal_rtc.o
 .text.RTC_IsLeapYear
                0x08007794       0x40 build/stm32f1xx_hal_rtc.o
 .text.RTC_WeekDayNum
                0x080077d4       0x98 build/stm32f1xx_hal_rtc.o
 .text.RTC_DateUpdate
                0x0800786c       0xa0 build/stm32f1xx_hal_rtc.o
 .text.RTC_EnterInitMode
                0x0800790c       0x30 build/stm32f1xx_hal_rtc.o
 .text.RTC_ExitInitMode
                0x0800793c       0x32 build/stm32f1xx_hal_rtc.o
 .text.RTC_WriteTimeCounter
                0x0800796e       0x2a build/stm32f1xx_hal_rtc.o
 .text.RTC_WriteAlarmCounter
                0x08007998       0x2a build/stm32f1xx_hal_rtc.o
 .text.HAL_RTC_SetTime
                0x080079c2       0xc2 build/stm32f1xx_hal_rtc.o
                0x080079c2                HAL_RTC_SetTime
 .text.HAL_RTC_GetTime
                0x08007a84      0x10c build/stm32f1xx_hal_rtc.o
                0x08007a84                HAL_RTC_GetTime
 .text.HAL_RTC_SetDate
                0x08007b90       0xd4 build/stm32f1xx_hal_rtc.o
                0x08007b90                HAL_RTC_SetDate
 .text.HAL_RTC_GetDate
                0x08007c64       0x66 build/stm32f1xx_hal_rtc.o
                0x08007c64                HAL_RTC_GetDate
 .text.HAL_RTC_WaitForSynchro
                0x08007cca       0x38 build/stm32f1xx_hal_rtc.o
                0x08007cca                HAL_RTC_WaitForSynchro
 *fill*         0x08007d02        0x2 
 .text.HAL_RTC_Init
                0x08007d04       0xbc build/stm32f1xx_hal_rtc.o
                0x08007d04                HAL_RTC_Init
 .text.HAL_RTCEx_BKUPWrite
                0x08007dc0       0x10 build/stm32f1xx_hal_rtc_ex.o
                0x08007dc0                HAL_RTCEx_BKUPWrite
 .text.HAL_RTCEx_BKUPRead
                0x08007dd0       0x10 build/stm32f1xx_hal_rtc_ex.o
                0x08007dd0                HAL_RTCEx_BKUPRead
 .text.SPI_WaitFlagStateUntilTimeout
                0x08007de0       0xd0 build/stm32f1xx_hal_spi.o
 .text.SPI_EndRxTxTransaction
                0x08007eb0       0x24 build/stm32f1xx_hal_spi.o
 .text.SPI_EndRxTransaction
                0x08007ed4       0x74 build/stm32f1xx_hal_spi.o
 .text.HAL_SPI_Init
                0x08007f48       0xb6 build/stm32f1xx_hal_spi.o
                0x08007f48                HAL_SPI_Init
 .text.HAL_SPI_Transmit
                0x08007ffe      0x1b8 build/stm32f1xx_hal_spi.o
                0x08007ffe                HAL_SPI_Transmit
 .text.HAL_SPI_TransmitReceive
                0x080081b6      0x238 build/stm32f1xx_hal_spi.o
                0x080081b6                HAL_SPI_TransmitReceive
 .text.HAL_SPI_Receive
                0x080083ee      0x180 build/stm32f1xx_hal_spi.o
                0x080083ee                HAL_SPI_Receive
 .text.HAL_SPI_ErrorCallback
                0x0800856e        0x2 build/stm32f1xx_hal_spi.o
                0x0800856e                HAL_SPI_ErrorCallback
 .text.HAL_SPI_IRQHandler
                0x08008570      0x100 build/stm32f1xx_hal_spi.o
                0x08008570                HAL_SPI_IRQHandler
 .text.SPI_DMAAbortOnError
                0x08008670       0x10 build/stm32f1xx_hal_spi.o
 .text.TIM_TI1_ConfigInputStage
                0x08008680       0x24 build/stm32f1xx_hal_tim.o
 .text.TIM_TI2_ConfigInputStage
                0x080086a4       0x26 build/stm32f1xx_hal_tim.o
 .text.TIM_ITRx_SetConfig
                0x080086ca       0x10 build/stm32f1xx_hal_tim.o
 *fill*         0x080086da        0x2 
 .text.HAL_TIM_Base_Start_IT
                0x080086dc       0x70 build/stm32f1xx_hal_tim.o
                0x080086dc                HAL_TIM_Base_Start_IT
 .text.HAL_TIM_OC_DelayElapsedCallback
                0x0800874c        0x2 build/stm32f1xx_hal_tim.o
                0x0800874c                HAL_TIM_OC_DelayElapsedCallback
 .text.HAL_TIM_IC_CaptureCallback
                0x0800874e        0x2 build/stm32f1xx_hal_tim.o
                0x0800874e                HAL_TIM_IC_CaptureCallback
 .text.HAL_TIM_PWM_PulseFinishedCallback
                0x08008750        0x2 build/stm32f1xx_hal_tim.o
                0x08008750                HAL_TIM_PWM_PulseFinishedCallback
 .text.HAL_TIM_TriggerCallback
                0x08008752        0x2 build/stm32f1xx_hal_tim.o
                0x08008752                HAL_TIM_TriggerCallback
 .text.HAL_TIM_IRQHandler
                0x08008754      0x17a build/stm32f1xx_hal_tim.o
                0x08008754                HAL_TIM_IRQHandler
 *fill*         0x080088ce        0x2 
 .text.TIM_Base_SetConfig
                0x080088d0       0x84 build/stm32f1xx_hal_tim.o
                0x080088d0                TIM_Base_SetConfig
 .text.HAL_TIM_Base_Init
                0x08008954       0x58 build/stm32f1xx_hal_tim.o
                0x08008954                HAL_TIM_Base_Init
 .text.TIM_ETR_SetConfig
                0x080089ac       0x18 build/stm32f1xx_hal_tim.o
                0x080089ac                TIM_ETR_SetConfig
 .text.HAL_TIM_ConfigClockSource
                0x080089c4       0xda build/stm32f1xx_hal_tim.o
                0x080089c4                HAL_TIM_ConfigClockSource
 *fill*         0x08008a9e        0x2 
 .text.HAL_TIMEx_MasterConfigSynchronization
                0x08008aa0       0x74 build/stm32f1xx_hal_tim_ex.o
                0x08008aa0                HAL_TIMEx_MasterConfigSynchronization
 .text.HAL_TIMEx_CommutCallback
                0x08008b14        0x2 build/stm32f1xx_hal_tim_ex.o
                0x08008b14                HAL_TIMEx_CommutCallback
 .text.HAL_TIMEx_BreakCallback
                0x08008b16        0x2 build/stm32f1xx_hal_tim_ex.o
                0x08008b16                HAL_TIMEx_BreakCallback
 .text.Reset_Handler
                0x08008b18       0x48 build/startup_stm32f105xc.o
                0x08008b18                Reset_Handler
 .text.Default_Handler
                0x08008b60        0x2 build/startup_stm32f105xc.o
                0x08008b60                RTC_Alarm_IRQHandler
                0x08008b60                EXTI2_IRQHandler
                0x08008b60                TIM1_CC_IRQHandler
                0x08008b60                TIM6_IRQHandler
                0x08008b60                PVD_IRQHandler
                0x08008b60                EXTI3_IRQHandler
                0x08008b60                EXTI0_IRQHandler
                0x08008b60                I2C2_EV_IRQHandler
                0x08008b60                CAN2_SCE_IRQHandler
                0x08008b60                ADC1_2_IRQHandler
                0x08008b60                TAMPER_IRQHandler
                0x08008b60                CAN2_RX0_IRQHandler
                0x08008b60                DMA2_Channel2_IRQHandler
                0x08008b60                DMA1_Channel4_IRQHandler
                0x08008b60                USART3_IRQHandler
                0x08008b60                RTC_IRQHandler
                0x08008b60                DMA1_Channel7_IRQHandler
                0x08008b60                CAN1_RX1_IRQHandler
                0x08008b60                UART5_IRQHandler
                0x08008b60                TIM4_IRQHandler
                0x08008b60                DMA2_Channel1_IRQHandler
                0x08008b60                I2C1_EV_IRQHandler
                0x08008b60                DMA1_Channel6_IRQHandler
                0x08008b60                UART4_IRQHandler
                0x08008b60                DMA2_Channel4_IRQHandler
                0x08008b60                RCC_IRQHandler
                0x08008b60                TIM1_TRG_COM_IRQHandler
                0x08008b60                DMA1_Channel1_IRQHandler
                0x08008b60                Default_Handler
                0x08008b60                EXTI15_10_IRQHandler
                0x08008b60                TIM7_IRQHandler
                0x08008b60                TIM5_IRQHandler
                0x08008b60                SPI2_IRQHandler
                0x08008b60                DMA2_Channel5_IRQHandler
                0x08008b60                DMA1_Channel5_IRQHandler
                0x08008b60                EXTI4_IRQHandler
                0x08008b60                DMA1_Channel3_IRQHandler
                0x08008b60                TIM1_UP_IRQHandler
                0x08008b60                WWDG_IRQHandler
                0x08008b60                OTG_FS_WKUP_IRQHandler
                0x08008b60                TIM1_BRK_IRQHandler
                0x08008b60                EXTI1_IRQHandler
                0x08008b60                USART2_IRQHandler
                0x08008b60                I2C2_ER_IRQHandler
                0x08008b60                DMA1_Channel2_IRQHandler
                0x08008b60                CAN1_SCE_IRQHandler
                0x08008b60                FLASH_IRQHandler
                0x08008b60                USART1_IRQHandler
                0x08008b60                OTG_FS_IRQHandler
                0x08008b60                I2C1_ER_IRQHandler
                0x08008b60                DMA2_Channel3_IRQHandler
 *fill*         0x08008b62        0x2 
 .text.__libc_init_array
                0x08008b64       0x48 e:/gcc-arm-none-eabi/bin/../lib/gcc/arm-none-eabi/11.2.1/thumb/v7-m/nofp\libc_nano.a(lib_a-init.o)
                0x08008b64                __libc_init_array
 .text.malloc   0x08008bac       0x10 e:/gcc-arm-none-eabi/bin/../lib/gcc/arm-none-eabi/11.2.1/thumb/v7-m/nofp\libc_nano.a(lib_a-malloc.o)
                0x08008bac                malloc
 .text.free     0x08008bbc       0x10 e:/gcc-arm-none-eabi/bin/../lib/gcc/arm-none-eabi/11.2.1/thumb/v7-m/nofp\libc_nano.a(lib_a-malloc.o)
                0x08008bbc                free
 .text.memset   0x08008bcc       0x10 e:/gcc-arm-none-eabi/bin/../lib/gcc/arm-none-eabi/11.2.1/thumb/v7-m/nofp\libc_nano.a(lib_a-memset.o)
                0x08008bcc                memset
 .text._free_r  0x08008bdc       0x90 e:/gcc-arm-none-eabi/bin/../lib/gcc/arm-none-eabi/11.2.1/thumb/v7-m/nofp\libc_nano.a(lib_a-nano-freer.o)
                0x08008bdc                _free_r
 .text.sbrk_aligned
                0x08008c6c       0x40 e:/gcc-arm-none-eabi/bin/../lib/gcc/arm-none-eabi/11.2.1/thumb/v7-m/nofp\libc_nano.a(lib_a-nano-mallocr.o)
 .text._malloc_r
                0x08008cac       0xe8 e:/gcc-arm-none-eabi/bin/../lib/gcc/arm-none-eabi/11.2.1/thumb/v7-m/nofp\libc_nano.a(lib_a-nano-mallocr.o)
                0x08008cac                _malloc_r
 .text._sbrk_r  0x08008d94       0x20 e:/gcc-arm-none-eabi/bin/../lib/gcc/arm-none-eabi/11.2.1/thumb/v7-m/nofp\libc_nano.a(lib_a-sbrkr.o)
                0x08008d94                _sbrk_r
 .text.__malloc_lock
                0x08008db4        0x2 e:/gcc-arm-none-eabi/bin/../lib/gcc/arm-none-eabi/11.2.1/thumb/v7-m/nofp\libc_nano.a(lib_a-mlock.o)
                0x08008db4                __malloc_lock
 .text.__malloc_unlock
                0x08008db6        0x2 e:/gcc-arm-none-eabi/bin/../lib/gcc/arm-none-eabi/11.2.1/thumb/v7-m/nofp\libc_nano.a(lib_a-mlock.o)
                0x08008db6                __malloc_unlock
 .text._sbrk    0x08008db8       0x1c e:/gcc-arm-none-eabi/bin/../lib/gcc/arm-none-eabi/11.2.1/thumb/v7-m/nofp\libnosys.a(sbrk.o)
                0x08008db8                _sbrk
 .text.__udivmoddi4
                0x08008dd4      0x2cc e:/gcc-arm-none-eabi/bin/../lib/gcc/arm-none-eabi/11.2.1/thumb/v7-m/nofp\libgcc.a(_udivmoddi4.o)
                0x08008dd4                __udivmoddi4
 *(.glue_7)
 .glue_7        0x080090a0        0x0 linker stubs
 *(.glue_7t)
 .glue_7t       0x080090a0        0x0 linker stubs
 *(.eh_frame)
 .eh_frame      0x080090a0        0x0 e:/gcc-arm-none-eabi/bin/../lib/gcc/arm-none-eabi/11.2.1/thumb/v7-m/nofp/crtbegin.o
 *(.init)
 .init          0x080090a0        0x4 e:/gcc-arm-none-eabi/bin/../lib/gcc/arm-none-eabi/11.2.1/thumb/v7-m/nofp/crti.o
                0x080090a0                _init
 .init          0x080090a4        0x8 e:/gcc-arm-none-eabi/bin/../lib/gcc/arm-none-eabi/11.2.1/thumb/v7-m/nofp/crtn.o
 *(.fini)
 .fini          0x080090ac        0x4 e:/gcc-arm-none-eabi/bin/../lib/gcc/arm-none-eabi/11.2.1/thumb/v7-m/nofp/crti.o
                0x080090ac                _fini
 .fini          0x080090b0        0x8 e:/gcc-arm-none-eabi/bin/../lib/gcc/arm-none-eabi/11.2.1/thumb/v7-m/nofp/crtn.o
                0x080090b8                . = ALIGN (0x4)
                0x080090b8                _etext = .

.vfp11_veneer   0x080090b8        0x0
 .vfp11_veneer  0x080090b8        0x0 linker stubs

.v4_bx          0x080090b8        0x0
 .v4_bx         0x080090b8        0x0 linker stubs

.iplt           0x080090b8        0x0
 .iplt          0x080090b8        0x0 e:/gcc-arm-none-eabi/bin/../lib/gcc/arm-none-eabi/11.2.1/thumb/v7-m/nofp/crtbegin.o

.rodata         0x080090b8       0x4c
                0x080090b8                . = ALIGN (0x4)
 *(.rodata)
 .rodata        0x080090b8        0xe build/stm32f1xx_hal_rcc.o
 *fill*         0x080090c6        0x2 
 .rodata        0x080090c8        0xe build/stm32f1xx_hal_rcc_ex.o
 *(.rodata*)
 .rodata.Beep_mute
                0x080090d6        0x1 build/main.o
                0x080090d6                Beep_mute
 *fill*         0x080090d7        0x1 
 .rodata.AHBPrescTable
                0x080090d8       0x10 build/system_stm32f1xx.o
                0x080090d8                AHBPrescTable
 .rodata.APBPrescTable
                0x080090e8        0x8 build/system_stm32f1xx.o
                0x080090e8                APBPrescTable
 .rodata.HAL_RCC_GetSysClockFreq.str1.4
                0x080090f0       0x11 build/stm32f1xx_hal_rcc.o
 .rodata.HAL_RCCEx_GetPeriphCLKFreq.str1.4
                0x08009101       0x11 build/stm32f1xx_hal_rcc_ex.o
                0x08009114                . = ALIGN (0x4)
 *fill*         0x08009101        0x3 

.ARM.extab
 *(.ARM.extab* .gnu.linkonce.armextab.*)

.ARM            0x08009104        0x8
                0x08009104                __exidx_start = .
 *(.ARM.exidx*)
 .ARM.exidx.text.__udivmoddi4
                0x08009104        0x8 e:/gcc-arm-none-eabi/bin/../lib/gcc/arm-none-eabi/11.2.1/thumb/v7-m/nofp\libgcc.a(_udivmoddi4.o)
                0x0800910c                __exidx_end = .

.rel.dyn        0x0800910c        0x0
 .rel.iplt      0x0800910c        0x0 e:/gcc-arm-none-eabi/bin/../lib/gcc/arm-none-eabi/11.2.1/thumb/v7-m/nofp/crtbegin.o

.preinit_array  0x0800910c        0x0
                0x0800910c                PROVIDE (__preinit_array_start = .)
 *(.preinit_array*)
                0x0800910c                PROVIDE (__preinit_array_end = .)

.init_array     0x0800910c        0x4
                0x0800910c                PROVIDE (__init_array_start = .)
 *(SORT_BY_NAME(.init_array.*))
 *(.init_array*)
 .init_array    0x0800910c        0x4 e:/gcc-arm-none-eabi/bin/../lib/gcc/arm-none-eabi/11.2.1/thumb/v7-m/nofp/crtbegin.o
                0x08009110                PROVIDE (__init_array_end = .)

.fini_array     0x08009110        0x4
                [!provide]                PROVIDE (__fini_array_start = .)
 *(SORT_BY_NAME(.fini_array.*))
 *(.fini_array*)
 .fini_array    0x08009110        0x4 e:/gcc-arm-none-eabi/bin/../lib/gcc/arm-none-eabi/11.2.1/thumb/v7-m/nofp/crtbegin.o
                [!provide]                PROVIDE (__fini_array_end = .)
                0x08009114                _sidata = LOADADDR (.data)

.data           0x20000000      0x280 load address 0x08009114
                0x20000000                . = ALIGN (0x4)
                0x20000000                _sdata = .
 *(.data)
 *(.data*)
 .data.temp_threshold.0
                0x20000000        0x4 build/can-user.o
 .data.threshold_id.1
                0x20000004        0x2 build/can-user.o
 *fill*         0x20000006        0x2 
 .data.Standard_Res
                0x20000008      0x11c build/daisy-user.o
                0x20000008                Standard_Res
 .data.Tem      0x20000124       0x8e build/daisy-user.o
                0x20000124                Tem
 .data.CRC15_POLY
                0x200001b2        0x2 build/ltc681x-user.o
                0x200001b2                CRC15_POLY
 .data.first_in.0
                0x200001b4        0x1 build/os-user.o
 .data.SOC_Cycle
                0x200001b5        0x1 build/rtc-user.o
                0x200001b5                SOC_Cycle
 *fill*         0x200001b6        0x2 
 .data.SOC_OCV  0x200001b8       0x58 build/rtc-user.o
                0x200001b8                SOC_OCV
 .data.SystemCoreClock
                0x20000210        0x4 build/system_stm32f1xx.o
                0x20000210                SystemCoreClock
 .data.uwTickFreq
                0x20000214        0x1 build/stm32f1xx_hal.o
                0x20000214                uwTickFreq
 *fill*         0x20000215        0x3 
 .data.uwTickPrio
                0x20000218        0x4 build/stm32f1xx_hal.o
                0x20000218                uwTickPrio
 .data._impure_ptr
                0x2000021c        0x4 e:/gcc-arm-none-eabi/bin/../lib/gcc/arm-none-eabi/11.2.1/thumb/v7-m/nofp\libc_nano.a(lib_a-impure.o)
                0x2000021c                _impure_ptr
 .data.impure_data
                0x20000220       0x60 e:/gcc-arm-none-eabi/bin/../lib/gcc/arm-none-eabi/11.2.1/thumb/v7-m/nofp\libc_nano.a(lib_a-impure.o)
                0x20000280                . = ALIGN (0x4)
                0x20000280                _edata = .

.tm_clone_table
                0x20000280        0x0 load address 0x08009394
 .tm_clone_table
                0x20000280        0x0 e:/gcc-arm-none-eabi/bin/../lib/gcc/arm-none-eabi/11.2.1/thumb/v7-m/nofp/crtbegin.o
 .tm_clone_table
                0x20000280        0x0 e:/gcc-arm-none-eabi/bin/../lib/gcc/arm-none-eabi/11.2.1/thumb/v7-m/nofp/crtend.o

.igot.plt       0x20000280        0x0 load address 0x08009394
 .igot.plt      0x20000280        0x0 e:/gcc-arm-none-eabi/bin/../lib/gcc/arm-none-eabi/11.2.1/thumb/v7-m/nofp/crtbegin.o
                0x20000280                . = ALIGN (0x4)

.bss            0x20000280     0x1a5c load address 0x08009394
                0x20000280                _sbss = .
                0x20000280                __bss_start__ = _sbss
 *(.bss)
 *(.bss*)
 .bss.completed.1
                0x20000280        0x1 e:/gcc-arm-none-eabi/bin/../lib/gcc/arm-none-eabi/11.2.1/thumb/v7-m/nofp/crtbegin.o
 *fill*         0x20000281        0x3 
 .bss.object.0  0x20000284       0x18 e:/gcc-arm-none-eabi/bin/../lib/gcc/arm-none-eabi/11.2.1/thumb/v7-m/nofp/crtbegin.o
 .bss.hadc1     0x2000029c       0x30 build/adc.o
                0x2000029c                hadc1
 .bss.charge_cur_count
                0x200002cc        0x1 build/can-user.o
                0x200002cc                charge_cur_count
 *fill*         0x200002cd        0x3 
 .bss.HAL_RCC_CAN1_CLK_ENABLED
                0x200002d0        0x4 build/can.o
 .bss.hcan1     0x200002d4       0x28 build/can.o
                0x200002d4                hcan1
 .bss.hcan2     0x200002fc       0x28 build/can.o
                0x200002fc                hcan2
 .bss.IC        0x20000324      0x570 build/daisy-user.o
                0x20000324                IC
 .bss.MaxCellTem
                0x20000894        0x2 build/daisy-user.o
                0x20000894                MaxCellTem
 .bss.MaxCellVoltage
                0x20000896        0x2 build/daisy-user.o
                0x20000896                MaxCellVoltage
 .bss.MaxTempCellNO
                0x20000898        0x2 build/daisy-user.o
                0x20000898                MaxTempCellNO
 .bss.MaxVoltageCellNO
                0x2000089a        0x2 build/daisy-user.o
                0x2000089a                MaxVoltageCellNO
 .bss.MinCellTem
                0x2000089c        0x2 build/daisy-user.o
                0x2000089c                MinCellTem
 .bss.MinCellVoltage
                0x2000089e        0x2 build/daisy-user.o
                0x2000089e                MinCellVoltage
 .bss.MinTempCellNO
                0x200008a0        0x2 build/daisy-user.o
                0x200008a0                MinTempCellNO
 .bss.MinVoltageCellNO
                0x200008a2        0x2 build/daisy-user.o
                0x200008a2                MinVoltageCellNO
 .bss.Module    0x200008a4      0x300 build/daisy-user.o
                0x200008a4                Module
 .bss.ODT_error.2
                0x20000ba4        0x1 build/daisy-user.o
 .bss.ODV_error.5
                0x20000ba5        0x1 build/daisy-user.o
 .bss.OT_error.4
                0x20000ba6        0x1 build/daisy-user.o
 .bss.OV_error.7
                0x20000ba7        0x1 build/daisy-user.o
 .bss.UT_error.3
                0x20000ba8        0x1 build/daisy-user.o
 .bss.UV_error.6
                0x20000ba9        0x1 build/daisy-user.o
 *fill*         0x20000baa        0x2 
 .bss.conv_time_Openwire
                0x20000bac        0x4 build/daisy-user.o
                0x20000bac                conv_time_Openwire
 .bss.nError_OPTemp.1
                0x20000bb0        0x1 build/daisy-user.o
 .bss.nError_OPVol.0
                0x20000bb1        0x1 build/daisy-user.o
 *fill*         0x20000bb2        0x2 
 .bss.n_Cell    0x20000bb4        0x6 build/daisy-user.o
                0x20000bb4                n_Cell
 *fill*         0x20000bba        0x2 
 .bss.tempIC_a  0x20000bbc      0x570 build/daisy-user.o
                0x20000bbc                tempIC_a
 .bss.tempIC_b  0x2000112c      0x570 build/daisy-user.o
                0x2000112c                tempIC_b
 .bss.address   0x2000169c        0x2 build/ltc681x-user.o
                0x2000169c                address
 *fill*         0x2000169e        0x2 
 .bss.pec15Table
                0x200016a0      0x200 build/ltc681x-user.o
                0x200016a0                pec15Table
 .bss.re        0x200018a0        0x2 build/ltc681x-user.o
                0x200018a0                re
 *fill*         0x200018a2        0x2 
 .bss.E03       0x200018a4      0x1e0 build/main.o
                0x200018a4                E03
 .bss.adc       0x20001a84        0xa build/main.o
                0x20001a84                adc
 *fill*         0x20001a8e        0x2 
 .bss.BMS_Can_Handle
                0x20001a90       0x14 build/os-user.o
                0x20001a90                BMS_Can_Handle
 .bss.BMS_StateMachine_Handle
                0x20001aa4       0x14 build/os-user.o
                0x20001aa4                BMS_StateMachine_Handle
 .bss.Hall_Count
                0x20001ab8        0x1 build/os-user.o
                0x20001ab8                Hall_Count
 *fill*         0x20001ab9        0x3 
 .bss.Hall_Timeout_Handle
                0x20001abc       0x14 build/os-user.o
                0x20001abc                Hall_Timeout_Handle
 .bss.IMD_Detect_Hanlde
                0x20001ad0       0x14 build/os-user.o
                0x20001ad0                IMD_Detect_Hanlde
 .bss.OpenVol_Check_Handle
                0x20001ae4       0x14 build/os-user.o
                0x20001ae4                OpenVol_Check_Handle
 .bss.Precharge_Run_Handle
                0x20001af8       0x14 build/os-user.o
                0x20001af8                Precharge_Run_Handle
 .bss.Slave_Measure_Handle
                0x20001b0c       0x14 build/os-user.o
                0x20001b0c                Slave_Measure_Handle
 .bss.State_Upgrade_Handle
                0x20001b20       0x14 build/os-user.o
                0x20001b20                State_Upgrade_Handle
 .bss.Vol_deverror.2
                0x20001b34        0x1 build/os-user.o
 *fill*         0x20001b35        0x3 
 .bss.charge_ing_Handle
                0x20001b38       0x14 build/os-user.o
                0x20001b38                charge_ing_Handle
 .bss.delay_sec.1
                0x20001b4c        0x1 build/os-user.o
 *fill*         0x20001b4d        0x3 
 .bss.taskManager
                0x20001b50        0x8 build/os-user.o
                0x20001b50                taskManager
 .bss.Accumulate
                0x20001b58        0x4 build/rtc-user.o
                0x20001b58                Accumulate
 .bss.offFlag   0x20001b5c        0x1 build/rtc-user.o
                0x20001b5c                offFlag
 *fill*         0x20001b5d        0x3 
 .bss.time      0x20001b60        0xe build/rtc-user.o
                0x20001b60                time
 *fill*         0x20001b6e        0x2 
 .bss.hrtc      0x20001b70       0x14 build/rtc.o
                0x20001b70                hrtc
 .bss.hspi1     0x20001b84       0x58 build/spi.o
                0x20001b84                hspi1
 .bss.hspi3     0x20001bdc       0x58 build/spi.o
                0x20001bdc                hspi3
 .bss.ChargeMachine_Count
                0x20001c34        0x1 build/state-user.o
                0x20001c34                ChargeMachine_Count
 .bss.PreChargeFail_Count
                0x20001c35        0x1 build/state-user.o
                0x20001c35                PreChargeFail_Count
 *fill*         0x20001c36        0x2 
 .bss.htim2     0x20001c38       0x48 build/tim.o
                0x20001c38                htim2
 .bss.htim3     0x20001c80       0x48 build/tim.o
                0x20001c80                htim3
 .bss.uwTick    0x20001cc8        0x4 build/stm32f1xx_hal.o
                0x20001cc8                uwTick
 .bss.__malloc_free_list
                0x20001ccc        0x4 e:/gcc-arm-none-eabi/bin/../lib/gcc/arm-none-eabi/11.2.1/thumb/v7-m/nofp\libc_nano.a(lib_a-nano-mallocr.o)
                0x20001ccc                __malloc_free_list
 .bss.__malloc_sbrk_start
                0x20001cd0        0x4 e:/gcc-arm-none-eabi/bin/../lib/gcc/arm-none-eabi/11.2.1/thumb/v7-m/nofp\libc_nano.a(lib_a-nano-mallocr.o)
                0x20001cd0                __malloc_sbrk_start
 .bss.errno     0x20001cd4        0x4 e:/gcc-arm-none-eabi/bin/../lib/gcc/arm-none-eabi/11.2.1/thumb/v7-m/nofp\libc_nano.a(lib_a-reent.o)
                0x20001cd4                errno
 .bss.heap_end.0
                0x20001cd8        0x4 e:/gcc-arm-none-eabi/bin/../lib/gcc/arm-none-eabi/11.2.1/thumb/v7-m/nofp\libnosys.a(sbrk.o)
 *(COMMON)
                0x20001cdc                . = ALIGN (0x4)
                0x20001cdc                _ebss = .
                0x20001cdc                __bss_end__ = _ebss

._user_heap_stack
                0x20001cdc      0x604 load address 0x08009394
                0x20001ce0                . = ALIGN (0x8)
 *fill*         0x20001cdc        0x4 
                0x20001ce0                PROVIDE (end = .)
                [!provide]                PROVIDE (_end = .)
                0x20001ee0                . = (. + _Min_Heap_Size)
 *fill*         0x20001ce0      0x200 
                0x200022e0                . = (. + _Min_Stack_Size)
 *fill*         0x20001ee0      0x400 
                0x200022e0                . = ALIGN (0x8)

/DISCARD/
 libc.a(*)
 libm.a(*)
 libgcc.a(*)

.ARM.attributes
                0x00000000       0x29
 *(.ARM.attributes)
 .ARM.attributes
                0x00000000       0x1d e:/gcc-arm-none-eabi/bin/../lib/gcc/arm-none-eabi/11.2.1/thumb/v7-m/nofp/crti.o
 .ARM.attributes
                0x0000001d       0x2d e:/gcc-arm-none-eabi/bin/../lib/gcc/arm-none-eabi/11.2.1/thumb/v7-m/nofp/crtbegin.o
 .ARM.attributes
                0x0000004a       0x2d build/adc-user.o
 .ARM.attributes
                0x00000077       0x2d build/adc.o
 .ARM.attributes
                0x000000a4       0x2d build/can-user.o
 .ARM.attributes
                0x000000d1       0x2d build/can.o
 .ARM.attributes
                0x000000fe       0x2d build/daisy-user.o
 .ARM.attributes
                0x0000012b       0x2d build/data-user.o
 .ARM.attributes
                0x00000158       0x2d build/flash-user.o
 .ARM.attributes
                0x00000185       0x2d build/gpio.o
 .ARM.attributes
                0x000001b2       0x2d build/ltc681x-user.o
 .ARM.attributes
                0x000001df       0x2d build/main.o
 .ARM.attributes
                0x0000020c       0x2d build/os-user.o
 .ARM.attributes
                0x00000239       0x2d build/relay-user.o
 .ARM.attributes
                0x00000266       0x2d build/rtc-user.o
 .ARM.attributes
                0x00000293       0x2d build/rtc.o
 .ARM.attributes
                0x000002c0       0x2d build/spi.o
 .ARM.attributes
                0x000002ed       0x2d build/state-user.o
 .ARM.attributes
                0x0000031a       0x2d build/stm32f1xx_hal_msp.o
 .ARM.attributes
                0x00000347       0x2d build/stm32f1xx_it.o
 .ARM.attributes
                0x00000374       0x2d build/system_stm32f1xx.o
 .ARM.attributes
                0x000003a1       0x2d build/tim.o
 .ARM.attributes
                0x000003ce       0x2d build/stm32f1xx_hal.o
 .ARM.attributes
                0x000003fb       0x2d build/stm32f1xx_hal_adc.o
 .ARM.attributes
                0x00000428       0x2d build/stm32f1xx_hal_adc_ex.o
 .ARM.attributes
                0x00000455       0x2d build/stm32f1xx_hal_can.o
 .ARM.attributes
                0x00000482       0x2d build/stm32f1xx_hal_cortex.o
 .ARM.attributes
                0x000004af       0x2d build/stm32f1xx_hal_dma.o
 .ARM.attributes
                0x000004dc       0x2d build/stm32f1xx_hal_gpio.o
 .ARM.attributes
                0x00000509       0x2d build/stm32f1xx_hal_pwr.o
 .ARM.attributes
                0x00000536       0x2d build/stm32f1xx_hal_rcc.o
 .ARM.attributes
                0x00000563       0x2d build/stm32f1xx_hal_rcc_ex.o
 .ARM.attributes
                0x00000590       0x2d build/stm32f1xx_hal_rtc.o
 .ARM.attributes
                0x000005bd       0x2d build/stm32f1xx_hal_rtc_ex.o
 .ARM.attributes
                0x000005ea       0x2d build/stm32f1xx_hal_spi.o
 .ARM.attributes
                0x00000617       0x2d build/stm32f1xx_hal_tim.o
 .ARM.attributes
                0x00000644       0x2d build/stm32f1xx_hal_tim_ex.o
 .ARM.attributes
                0x00000671       0x21 build/startup_stm32f105xc.o
 .ARM.attributes
                0x00000692       0x2d e:/gcc-arm-none-eabi/bin/../lib/gcc/arm-none-eabi/11.2.1/thumb/v7-m/nofp\libc_nano.a(lib_a-impure.o)
 .ARM.attributes
                0x000006bf       0x2d e:/gcc-arm-none-eabi/bin/../lib/gcc/arm-none-eabi/11.2.1/thumb/v7-m/nofp\libc_nano.a(lib_a-init.o)
 .ARM.attributes
                0x000006ec       0x2d e:/gcc-arm-none-eabi/bin/../lib/gcc/arm-none-eabi/11.2.1/thumb/v7-m/nofp\libc_nano.a(lib_a-malloc.o)
 .ARM.attributes
                0x00000719       0x2d e:/gcc-arm-none-eabi/bin/../lib/gcc/arm-none-eabi/11.2.1/thumb/v7-m/nofp\libc_nano.a(lib_a-memset.o)
 .ARM.attributes
                0x00000746       0x2d e:/gcc-arm-none-eabi/bin/../lib/gcc/arm-none-eabi/11.2.1/thumb/v7-m/nofp\libc_nano.a(lib_a-nano-freer.o)
 .ARM.attributes
                0x00000773       0x2d e:/gcc-arm-none-eabi/bin/../lib/gcc/arm-none-eabi/11.2.1/thumb/v7-m/nofp\libc_nano.a(lib_a-nano-mallocr.o)
 .ARM.attributes
                0x000007a0       0x2d e:/gcc-arm-none-eabi/bin/../lib/gcc/arm-none-eabi/11.2.1/thumb/v7-m/nofp\libc_nano.a(lib_a-sbrkr.o)
 .ARM.attributes
                0x000007cd       0x2d e:/gcc-arm-none-eabi/bin/../lib/gcc/arm-none-eabi/11.2.1/thumb/v7-m/nofp\libc_nano.a(lib_a-mlock.o)
 .ARM.attributes
                0x000007fa       0x2d e:/gcc-arm-none-eabi/bin/../lib/gcc/arm-none-eabi/11.2.1/thumb/v7-m/nofp\libc_nano.a(lib_a-reent.o)
 .ARM.attributes
                0x00000827       0x2d e:/gcc-arm-none-eabi/bin/../lib/gcc/arm-none-eabi/11.2.1/thumb/v7-m/nofp\libnosys.a(sbrk.o)
 .ARM.attributes
                0x00000854       0x1d e:/gcc-arm-none-eabi/bin/../lib/gcc/arm-none-eabi/11.2.1/thumb/v7-m/nofp\libgcc.a(_arm_addsubdf3.o)
 .ARM.attributes
                0x00000871       0x1d e:/gcc-arm-none-eabi/bin/../lib/gcc/arm-none-eabi/11.2.1/thumb/v7-m/nofp\libgcc.a(_arm_muldivdf3.o)
 .ARM.attributes
                0x0000088e       0x1d e:/gcc-arm-none-eabi/bin/../lib/gcc/arm-none-eabi/11.2.1/thumb/v7-m/nofp\libgcc.a(_arm_cmpdf2.o)
 .ARM.attributes
                0x000008ab       0x1d e:/gcc-arm-none-eabi/bin/../lib/gcc/arm-none-eabi/11.2.1/thumb/v7-m/nofp\libgcc.a(_arm_truncdfsf2.o)
 .ARM.attributes
                0x000008c8       0x1d e:/gcc-arm-none-eabi/bin/../lib/gcc/arm-none-eabi/11.2.1/thumb/v7-m/nofp\libgcc.a(_arm_addsubsf3.o)
 .ARM.attributes
                0x000008e5       0x1d e:/gcc-arm-none-eabi/bin/../lib/gcc/arm-none-eabi/11.2.1/thumb/v7-m/nofp\libgcc.a(_arm_muldivsf3.o)
 .ARM.attributes
                0x00000902       0x1d e:/gcc-arm-none-eabi/bin/../lib/gcc/arm-none-eabi/11.2.1/thumb/v7-m/nofp\libgcc.a(_arm_cmpsf2.o)
 .ARM.attributes
                0x0000091f       0x1d e:/gcc-arm-none-eabi/bin/../lib/gcc/arm-none-eabi/11.2.1/thumb/v7-m/nofp\libgcc.a(_arm_fixunssfsi.o)
 .ARM.attributes
                0x0000093c       0x1d e:/gcc-arm-none-eabi/bin/../lib/gcc/arm-none-eabi/11.2.1/thumb/v7-m/nofp\libgcc.a(_aeabi_uldivmod.o)
 .ARM.attributes
                0x00000959       0x2d e:/gcc-arm-none-eabi/bin/../lib/gcc/arm-none-eabi/11.2.1/thumb/v7-m/nofp\libgcc.a(_udivmoddi4.o)
 .ARM.attributes
                0x00000986       0x1d e:/gcc-arm-none-eabi/bin/../lib/gcc/arm-none-eabi/11.2.1/thumb/v7-m/nofp\libgcc.a(_dvmd_tls.o)
 .ARM.attributes
                0x000009a3       0x2d e:/gcc-arm-none-eabi/bin/../lib/gcc/arm-none-eabi/11.2.1/thumb/v7-m/nofp/crtend.o
 .ARM.attributes
                0x000009d0       0x1d e:/gcc-arm-none-eabi/bin/../lib/gcc/arm-none-eabi/11.2.1/thumb/v7-m/nofp/crtn.o
OUTPUT(build/HAL_BMS_Modified.elf elf32-littlearm)
LOAD linker stubs
LOAD e:/gcc-arm-none-eabi/bin/../lib/gcc/arm-none-eabi/11.2.1/thumb/v7-m/nofp\libc.a
LOAD e:/gcc-arm-none-eabi/bin/../lib/gcc/arm-none-eabi/11.2.1/thumb/v7-m/nofp\libm.a
LOAD e:/gcc-arm-none-eabi/bin/../lib/gcc/arm-none-eabi/11.2.1/thumb/v7-m/nofp\libgcc.a

.comment        0x00000000       0x57
 .comment       0x00000000       0x57 e:/gcc-arm-none-eabi/bin/../lib/gcc/arm-none-eabi/11.2.1/thumb/v7-m/nofp/crtbegin.o
                                 0x58 (size before relaxing)
 .comment       0x00000057       0x58 build/adc-user.o
 .comment       0x00000057       0x58 build/adc.o
 .comment       0x00000057       0x58 build/can-user.o
 .comment       0x00000057       0x58 build/can.o
 .comment       0x00000057       0x58 build/daisy-user.o
 .comment       0x00000057       0x58 build/data-user.o
 .comment       0x00000057       0x58 build/flash-user.o
 .comment       0x00000057       0x58 build/gpio.o
 .comment       0x00000057       0x58 build/ltc681x-user.o
 .comment       0x00000057       0x58 build/main.o
 .comment       0x00000057       0x58 build/os-user.o
 .comment       0x00000057       0x58 build/relay-user.o
 .comment       0x00000057       0x58 build/rtc-user.o
 .comment       0x00000057       0x58 build/rtc.o
 .comment       0x00000057       0x58 build/spi.o
 .comment       0x00000057       0x58 build/state-user.o
 .comment       0x00000057       0x58 build/stm32f1xx_hal_msp.o
 .comment       0x00000057       0x58 build/stm32f1xx_it.o
 .comment       0x00000057       0x58 build/system_stm32f1xx.o
 .comment       0x00000057       0x58 build/tim.o
 .comment       0x00000057       0x58 build/stm32f1xx_hal.o
 .comment       0x00000057       0x58 build/stm32f1xx_hal_adc.o
 .comment       0x00000057       0x58 build/stm32f1xx_hal_adc_ex.o
 .comment       0x00000057       0x58 build/stm32f1xx_hal_can.o
 .comment       0x00000057       0x58 build/stm32f1xx_hal_cortex.o
 .comment       0x00000057       0x58 build/stm32f1xx_hal_dma.o
 .comment       0x00000057       0x58 build/stm32f1xx_hal_gpio.o
 .comment       0x00000057       0x58 build/stm32f1xx_hal_pwr.o
 .comment       0x00000057       0x58 build/stm32f1xx_hal_rcc.o
 .comment       0x00000057       0x58 build/stm32f1xx_hal_rcc_ex.o
 .comment       0x00000057       0x58 build/stm32f1xx_hal_rtc.o
 .comment       0x00000057       0x58 build/stm32f1xx_hal_rtc_ex.o
 .comment       0x00000057       0x58 build/stm32f1xx_hal_spi.o
 .comment       0x00000057       0x58 build/stm32f1xx_hal_tim.o
 .comment       0x00000057       0x58 build/stm32f1xx_hal_tim_ex.o
 .comment       0x00000057       0x58 e:/gcc-arm-none-eabi/bin/../lib/gcc/arm-none-eabi/11.2.1/thumb/v7-m/nofp\libc_nano.a(lib_a-impure.o)
 .comment       0x00000057       0x58 e:/gcc-arm-none-eabi/bin/../lib/gcc/arm-none-eabi/11.2.1/thumb/v7-m/nofp\libc_nano.a(lib_a-init.o)
 .comment       0x00000057       0x58 e:/gcc-arm-none-eabi/bin/../lib/gcc/arm-none-eabi/11.2.1/thumb/v7-m/nofp\libc_nano.a(lib_a-malloc.o)
 .comment       0x00000057       0x58 e:/gcc-arm-none-eabi/bin/../lib/gcc/arm-none-eabi/11.2.1/thumb/v7-m/nofp\libc_nano.a(lib_a-memset.o)
 .comment       0x00000057       0x58 e:/gcc-arm-none-eabi/bin/../lib/gcc/arm-none-eabi/11.2.1/thumb/v7-m/nofp\libc_nano.a(lib_a-nano-freer.o)
 .comment       0x00000057       0x58 e:/gcc-arm-none-eabi/bin/../lib/gcc/arm-none-eabi/11.2.1/thumb/v7-m/nofp\libc_nano.a(lib_a-nano-mallocr.o)
 .comment       0x00000057       0x58 e:/gcc-arm-none-eabi/bin/../lib/gcc/arm-none-eabi/11.2.1/thumb/v7-m/nofp\libc_nano.a(lib_a-sbrkr.o)
 .comment       0x00000057       0x58 e:/gcc-arm-none-eabi/bin/../lib/gcc/arm-none-eabi/11.2.1/thumb/v7-m/nofp\libc_nano.a(lib_a-mlock.o)
 .comment       0x00000057       0x58 e:/gcc-arm-none-eabi/bin/../lib/gcc/arm-none-eabi/11.2.1/thumb/v7-m/nofp\libc_nano.a(lib_a-reent.o)
 .comment       0x00000057       0x58 e:/gcc-arm-none-eabi/bin/../lib/gcc/arm-none-eabi/11.2.1/thumb/v7-m/nofp\libnosys.a(sbrk.o)
 .comment       0x00000057       0x58 e:/gcc-arm-none-eabi/bin/../lib/gcc/arm-none-eabi/11.2.1/thumb/v7-m/nofp\libgcc.a(_udivmoddi4.o)
 .comment       0x00000057       0x58 e:/gcc-arm-none-eabi/bin/../lib/gcc/arm-none-eabi/11.2.1/thumb/v7-m/nofp/crtend.o

.debug_info     0x00000000    0x2dc55
 .debug_info    0x00000000     0x14c7 build/adc-user.o
 .debug_info    0x000014c7      0xa36 build/adc.o
 .debug_info    0x00001efd     0x1a7f build/can-user.o
 .debug_info    0x0000397c      0xd51 build/can.o
 .debug_info    0x000046cd     0x2f4f build/daisy-user.o
 .debug_info    0x0000761c     0x11d1 build/data-user.o
 .debug_info    0x000087ed     0x1b5a build/flash-user.o
 .debug_info    0x0000a347      0x6b2 build/gpio.o
 .debug_info    0x0000a9f9     0x3064 build/ltc681x-user.o
 .debug_info    0x0000da5d     0x1c90 build/main.o
 .debug_info    0x0000f6ed     0x19d8 build/os-user.o
 .debug_info    0x000110c5     0x100c build/relay-user.o
 .debug_info    0x000120d1     0x1169 build/rtc-user.o
 .debug_info    0x0001323a      0x62b build/rtc.o
 .debug_info    0x00013865      0xda3 build/spi.o
 .debug_info    0x00014608     0x1f61 build/state-user.o
 .debug_info    0x00016569      0x258 build/stm32f1xx_hal_msp.o
 .debug_info    0x000167c1     0x10cd build/stm32f1xx_it.o
 .debug_info    0x0001788e      0x2c3 build/system_stm32f1xx.o
 .debug_info    0x00017b51      0xd1e build/tim.o
 .debug_info    0x0001886f      0x900 build/stm32f1xx_hal.o
 .debug_info    0x0001916f     0x105f build/stm32f1xx_hal_adc.o
 .debug_info    0x0001a1ce      0xd9d build/stm32f1xx_hal_adc_ex.o
 .debug_info    0x0001af6b     0x139a build/stm32f1xx_hal_can.o
 .debug_info    0x0001c305      0xe93 build/stm32f1xx_hal_cortex.o
 .debug_info    0x0001d198      0x8b7 build/stm32f1xx_hal_dma.o
 .debug_info    0x0001da4f      0x6f7 build/stm32f1xx_hal_gpio.o
 .debug_info    0x0001e146      0x768 build/stm32f1xx_hal_pwr.o
 .debug_info    0x0001e8ae      0xc42 build/stm32f1xx_hal_rcc.o
 .debug_info    0x0001f4f0      0x747 build/stm32f1xx_hal_rcc_ex.o
 .debug_info    0x0001fc37     0x15f9 build/stm32f1xx_hal_rtc.o
 .debug_info    0x00021230      0xa53 build/stm32f1xx_hal_rtc_ex.o
 .debug_info    0x00021c83     0x1f1c build/stm32f1xx_hal_spi.o
 .debug_info    0x00023b9f     0x3e57 build/stm32f1xx_hal_tim.o
 .debug_info    0x000279f6     0x1c4f build/stm32f1xx_hal_tim_ex.o
 .debug_info    0x00029645       0x22 build/startup_stm32f105xc.o
 .debug_info    0x00029667      0x7fc e:/gcc-arm-none-eabi/bin/../lib/gcc/arm-none-eabi/11.2.1/thumb/v7-m/nofp\libc_nano.a(lib_a-impure.o)
 .debug_info    0x00029e63      0x10b e:/gcc-arm-none-eabi/bin/../lib/gcc/arm-none-eabi/11.2.1/thumb/v7-m/nofp\libc_nano.a(lib_a-init.o)
 .debug_info    0x00029f6e      0x7ea e:/gcc-arm-none-eabi/bin/../lib/gcc/arm-none-eabi/11.2.1/thumb/v7-m/nofp\libc_nano.a(lib_a-malloc.o)
 .debug_info    0x0002a758       0xe0 e:/gcc-arm-none-eabi/bin/../lib/gcc/arm-none-eabi/11.2.1/thumb/v7-m/nofp\libc_nano.a(lib_a-memset.o)
 .debug_info    0x0002a838      0x8a1 e:/gcc-arm-none-eabi/bin/../lib/gcc/arm-none-eabi/11.2.1/thumb/v7-m/nofp\libc_nano.a(lib_a-nano-freer.o)
 .debug_info    0x0002b0d9      0xa12 e:/gcc-arm-none-eabi/bin/../lib/gcc/arm-none-eabi/11.2.1/thumb/v7-m/nofp\libc_nano.a(lib_a-nano-mallocr.o)
 .debug_info    0x0002baeb      0x7d2 e:/gcc-arm-none-eabi/bin/../lib/gcc/arm-none-eabi/11.2.1/thumb/v7-m/nofp\libc_nano.a(lib_a-sbrkr.o)
 .debug_info    0x0002c2bd      0x77c e:/gcc-arm-none-eabi/bin/../lib/gcc/arm-none-eabi/11.2.1/thumb/v7-m/nofp\libc_nano.a(lib_a-mlock.o)
 .debug_info    0x0002ca39      0x92c e:/gcc-arm-none-eabi/bin/../lib/gcc/arm-none-eabi/11.2.1/thumb/v7-m/nofp\libc_nano.a(lib_a-reent.o)
 .debug_info    0x0002d365       0x9e e:/gcc-arm-none-eabi/bin/../lib/gcc/arm-none-eabi/11.2.1/thumb/v7-m/nofp\libnosys.a(sbrk.o)
 .debug_info    0x0002d403       0x25 e:/gcc-arm-none-eabi/bin/../lib/gcc/arm-none-eabi/11.2.1/thumb/v7-m/nofp\libgcc.a(_arm_addsubdf3.o)
 .debug_info    0x0002d428       0x25 e:/gcc-arm-none-eabi/bin/../lib/gcc/arm-none-eabi/11.2.1/thumb/v7-m/nofp\libgcc.a(_arm_muldivdf3.o)
 .debug_info    0x0002d44d       0x25 e:/gcc-arm-none-eabi/bin/../lib/gcc/arm-none-eabi/11.2.1/thumb/v7-m/nofp\libgcc.a(_arm_cmpdf2.o)
 .debug_info    0x0002d472       0x25 e:/gcc-arm-none-eabi/bin/../lib/gcc/arm-none-eabi/11.2.1/thumb/v7-m/nofp\libgcc.a(_arm_truncdfsf2.o)
 .debug_info    0x0002d497       0x25 e:/gcc-arm-none-eabi/bin/../lib/gcc/arm-none-eabi/11.2.1/thumb/v7-m/nofp\libgcc.a(_arm_addsubsf3.o)
 .debug_info    0x0002d4bc       0x25 e:/gcc-arm-none-eabi/bin/../lib/gcc/arm-none-eabi/11.2.1/thumb/v7-m/nofp\libgcc.a(_arm_muldivsf3.o)
 .debug_info    0x0002d4e1       0x25 e:/gcc-arm-none-eabi/bin/../lib/gcc/arm-none-eabi/11.2.1/thumb/v7-m/nofp\libgcc.a(_arm_cmpsf2.o)
 .debug_info    0x0002d506       0x24 e:/gcc-arm-none-eabi/bin/../lib/gcc/arm-none-eabi/11.2.1/thumb/v7-m/nofp\libgcc.a(_arm_fixunssfsi.o)
 .debug_info    0x0002d52a       0x24 e:/gcc-arm-none-eabi/bin/../lib/gcc/arm-none-eabi/11.2.1/thumb/v7-m/nofp\libgcc.a(_aeabi_uldivmod.o)
 .debug_info    0x0002d54e      0x6e3 e:/gcc-arm-none-eabi/bin/../lib/gcc/arm-none-eabi/11.2.1/thumb/v7-m/nofp\libgcc.a(_udivmoddi4.o)
 .debug_info    0x0002dc31       0x24 e:/gcc-arm-none-eabi/bin/../lib/gcc/arm-none-eabi/11.2.1/thumb/v7-m/nofp\libgcc.a(_dvmd_tls.o)

.debug_abbrev   0x00000000     0x657b
 .debug_abbrev  0x00000000      0x233 build/adc-user.o
 .debug_abbrev  0x00000233      0x1f6 build/adc.o
 .debug_abbrev  0x00000429      0x32f build/can-user.o
 .debug_abbrev  0x00000758      0x239 build/can.o
 .debug_abbrev  0x00000991      0x3b7 build/daisy-user.o
 .debug_abbrev  0x00000d48      0x18f build/data-user.o
 .debug_abbrev  0x00000ed7      0x26b build/flash-user.o
 .debug_abbrev  0x00001142      0x16c build/gpio.o
 .debug_abbrev  0x000012ae      0x407 build/ltc681x-user.o
 .debug_abbrev  0x000016b5      0x2d3 build/main.o
 .debug_abbrev  0x00001988      0x30f build/os-user.o
 .debug_abbrev  0x00001c97      0x1f9 build/relay-user.o
 .debug_abbrev  0x00001e90      0x266 build/rtc-user.o
 .debug_abbrev  0x000020f6      0x1e4 build/rtc.o
 .debug_abbrev  0x000022da      0x23a build/spi.o
 .debug_abbrev  0x00002514      0x2ec build/state-user.o
 .debug_abbrev  0x00002800       0xe7 build/stm32f1xx_hal_msp.o
 .debug_abbrev  0x000028e7      0x1f8 build/stm32f1xx_it.o
 .debug_abbrev  0x00002adf      0x11b build/system_stm32f1xx.o
 .debug_abbrev  0x00002bfa      0x22a build/tim.o
 .debug_abbrev  0x00002e24      0x232 build/stm32f1xx_hal.o
 .debug_abbrev  0x00003056      0x282 build/stm32f1xx_hal_adc.o
 .debug_abbrev  0x000032d8      0x297 build/stm32f1xx_hal_adc_ex.o
 .debug_abbrev  0x0000356f      0x290 build/stm32f1xx_hal_can.o
 .debug_abbrev  0x000037ff      0x348 build/stm32f1xx_hal_cortex.o
 .debug_abbrev  0x00003b47      0x261 build/stm32f1xx_hal_dma.o
 .debug_abbrev  0x00003da8      0x222 build/stm32f1xx_hal_gpio.o
 .debug_abbrev  0x00003fca      0x1fc build/stm32f1xx_hal_pwr.o
 .debug_abbrev  0x000041c6      0x2c8 build/stm32f1xx_hal_rcc.o
 .debug_abbrev  0x0000448e      0x1f6 build/stm32f1xx_hal_rcc_ex.o
 .debug_abbrev  0x00004684      0x295 build/stm32f1xx_hal_rtc.o
 .debug_abbrev  0x00004919      0x2a2 build/stm32f1xx_hal_rtc_ex.o
 .debug_abbrev  0x00004bbb      0x2c6 build/stm32f1xx_hal_spi.o
 .debug_abbrev  0x00004e81      0x2b6 build/stm32f1xx_hal_tim.o
 .debug_abbrev  0x00005137      0x2b0 build/stm32f1xx_hal_tim_ex.o
 .debug_abbrev  0x000053e7       0x12 build/startup_stm32f105xc.o
 .debug_abbrev  0x000053f9      0x15a e:/gcc-arm-none-eabi/bin/../lib/gcc/arm-none-eabi/11.2.1/thumb/v7-m/nofp\libc_nano.a(lib_a-impure.o)
 .debug_abbrev  0x00005553       0xc9 e:/gcc-arm-none-eabi/bin/../lib/gcc/arm-none-eabi/11.2.1/thumb/v7-m/nofp\libc_nano.a(lib_a-init.o)
 .debug_abbrev  0x0000561c      0x1cf e:/gcc-arm-none-eabi/bin/../lib/gcc/arm-none-eabi/11.2.1/thumb/v7-m/nofp\libc_nano.a(lib_a-malloc.o)
 .debug_abbrev  0x000057eb       0x9e e:/gcc-arm-none-eabi/bin/../lib/gcc/arm-none-eabi/11.2.1/thumb/v7-m/nofp\libc_nano.a(lib_a-memset.o)
 .debug_abbrev  0x00005889      0x236 e:/gcc-arm-none-eabi/bin/../lib/gcc/arm-none-eabi/11.2.1/thumb/v7-m/nofp\libc_nano.a(lib_a-nano-freer.o)
 .debug_abbrev  0x00005abf      0x24a e:/gcc-arm-none-eabi/bin/../lib/gcc/arm-none-eabi/11.2.1/thumb/v7-m/nofp\libc_nano.a(lib_a-nano-mallocr.o)
 .debug_abbrev  0x00005d09      0x1da e:/gcc-arm-none-eabi/bin/../lib/gcc/arm-none-eabi/11.2.1/thumb/v7-m/nofp\libc_nano.a(lib_a-sbrkr.o)
 .debug_abbrev  0x00005ee3      0x192 e:/gcc-arm-none-eabi/bin/../lib/gcc/arm-none-eabi/11.2.1/thumb/v7-m/nofp\libc_nano.a(lib_a-mlock.o)
 .debug_abbrev  0x00006075      0x233 e:/gcc-arm-none-eabi/bin/../lib/gcc/arm-none-eabi/11.2.1/thumb/v7-m/nofp\libc_nano.a(lib_a-reent.o)
 .debug_abbrev  0x000062a8       0xa1 e:/gcc-arm-none-eabi/bin/../lib/gcc/arm-none-eabi/11.2.1/thumb/v7-m/nofp\libnosys.a(sbrk.o)
 .debug_abbrev  0x00006349       0x14 e:/gcc-arm-none-eabi/bin/../lib/gcc/arm-none-eabi/11.2.1/thumb/v7-m/nofp\libgcc.a(_arm_addsubdf3.o)
 .debug_abbrev  0x0000635d       0x14 e:/gcc-arm-none-eabi/bin/../lib/gcc/arm-none-eabi/11.2.1/thumb/v7-m/nofp\libgcc.a(_arm_muldivdf3.o)
 .debug_abbrev  0x00006371       0x14 e:/gcc-arm-none-eabi/bin/../lib/gcc/arm-none-eabi/11.2.1/thumb/v7-m/nofp\libgcc.a(_arm_cmpdf2.o)
 .debug_abbrev  0x00006385       0x14 e:/gcc-arm-none-eabi/bin/../lib/gcc/arm-none-eabi/11.2.1/thumb/v7-m/nofp\libgcc.a(_arm_truncdfsf2.o)
 .debug_abbrev  0x00006399       0x14 e:/gcc-arm-none-eabi/bin/../lib/gcc/arm-none-eabi/11.2.1/thumb/v7-m/nofp\libgcc.a(_arm_addsubsf3.o)
 .debug_abbrev  0x000063ad       0x14 e:/gcc-arm-none-eabi/bin/../lib/gcc/arm-none-eabi/11.2.1/thumb/v7-m/nofp\libgcc.a(_arm_muldivsf3.o)
 .debug_abbrev  0x000063c1       0x14 e:/gcc-arm-none-eabi/bin/../lib/gcc/arm-none-eabi/11.2.1/thumb/v7-m/nofp\libgcc.a(_arm_cmpsf2.o)
 .debug_abbrev  0x000063d5       0x14 e:/gcc-arm-none-eabi/bin/../lib/gcc/arm-none-eabi/11.2.1/thumb/v7-m/nofp\libgcc.a(_arm_fixunssfsi.o)
 .debug_abbrev  0x000063e9       0x14 e:/gcc-arm-none-eabi/bin/../lib/gcc/arm-none-eabi/11.2.1/thumb/v7-m/nofp\libgcc.a(_aeabi_uldivmod.o)
 .debug_abbrev  0x000063fd      0x16a e:/gcc-arm-none-eabi/bin/../lib/gcc/arm-none-eabi/11.2.1/thumb/v7-m/nofp\libgcc.a(_udivmoddi4.o)
 .debug_abbrev  0x00006567       0x14 e:/gcc-arm-none-eabi/bin/../lib/gcc/arm-none-eabi/11.2.1/thumb/v7-m/nofp\libgcc.a(_dvmd_tls.o)

.debug_loc      0x00000000    0x17cf7
 .debug_loc     0x00000000      0x438 build/adc-user.o
 .debug_loc     0x00000438      0x12c build/adc.o
 .debug_loc     0x00000564      0x6d1 build/can-user.o
 .debug_loc     0x00000c35      0x1a4 build/can.o
 .debug_loc     0x00000dd9     0x1cbf build/daisy-user.o
 .debug_loc     0x00002a98      0x116 build/data-user.o
 .debug_loc     0x00002bae      0x4d4 build/flash-user.o
 .debug_loc     0x00003082       0x39 build/gpio.o
 .debug_loc     0x000030bb     0x277f build/ltc681x-user.o
 .debug_loc     0x0000583a       0xc2 build/main.o
 .debug_loc     0x000058fc      0x852 build/os-user.o
 .debug_loc     0x0000614e      0x1a0 build/relay-user.o
 .debug_loc     0x000062ee      0x2df build/rtc-user.o
 .debug_loc     0x000065cd       0xa1 build/rtc.o
 .debug_loc     0x0000666e      0x197 build/spi.o
 .debug_loc     0x00006805      0x3b4 build/state-user.o
 .debug_loc     0x00006bb9       0x41 build/stm32f1xx_hal_msp.o
 .debug_loc     0x00006bfa      0x140 build/stm32f1xx_it.o
 .debug_loc     0x00006d3a      0x1ea build/system_stm32f1xx.o
 .debug_loc     0x00006f24      0x1aa build/tim.o
 .debug_loc     0x000070ce      0x1e1 build/stm32f1xx_hal.o
 .debug_loc     0x000072af      0xe3a build/stm32f1xx_hal_adc.o
 .debug_loc     0x000080e9      0xa59 build/stm32f1xx_hal_adc_ex.o
 .debug_loc     0x00008b42      0xee7 build/stm32f1xx_hal_can.o
 .debug_loc     0x00009a29      0x80c build/stm32f1xx_hal_cortex.o
 .debug_loc     0x0000a235      0x8e4 build/stm32f1xx_hal_dma.o
 .debug_loc     0x0000ab19      0x53c build/stm32f1xx_hal_gpio.o
 .debug_loc     0x0000b055      0x182 build/stm32f1xx_hal_pwr.o
 .debug_loc     0x0000b1d7      0x90e build/stm32f1xx_hal_rcc.o
 .debug_loc     0x0000bae5      0x959 build/stm32f1xx_hal_rcc_ex.o
 .debug_loc     0x0000c43e     0x1a73 build/stm32f1xx_hal_rtc.o
 .debug_loc     0x0000deb1      0x6ea build/stm32f1xx_hal_rtc_ex.o
 .debug_loc     0x0000e59b     0x247b build/stm32f1xx_hal_spi.o
 .debug_loc     0x00010a16     0x5345 build/stm32f1xx_hal_tim.o
 .debug_loc     0x00015d5b     0x1f9c build/stm32f1xx_hal_tim_ex.o

.debug_aranges  0x00000000     0x1a80
 .debug_aranges
                0x00000000       0x58 build/adc-user.o
 .debug_aranges
                0x00000058       0x30 build/adc.o
 .debug_aranges
                0x00000088       0x60 build/can-user.o
 .debug_aranges
                0x000000e8       0x38 build/can.o
 .debug_aranges
                0x00000120       0xd8 build/daisy-user.o
 .debug_aranges
                0x000001f8       0x20 build/data-user.o
 .debug_aranges
                0x00000218       0xb0 build/flash-user.o
 .debug_aranges
                0x000002c8       0x20 build/gpio.o
 .debug_aranges
                0x000002e8      0x1e8 build/ltc681x-user.o
 .debug_aranges
                0x000004d0       0x40 build/main.o
 .debug_aranges
                0x00000510       0x98 build/os-user.o
 .debug_aranges
                0x000005a8       0x80 build/relay-user.o
 .debug_aranges
                0x00000628       0x50 build/rtc-user.o
 .debug_aranges
                0x00000678       0x30 build/rtc.o
 .debug_aranges
                0x000006a8       0x38 build/spi.o
 .debug_aranges
                0x000006e0       0xa0 build/state-user.o
 .debug_aranges
                0x00000780       0x20 build/stm32f1xx_hal_msp.o
 .debug_aranges
                0x000007a0       0xa8 build/stm32f1xx_it.o
 .debug_aranges
                0x00000848       0x28 build/system_stm32f1xx.o
 .debug_aranges
                0x00000870       0x38 build/tim.o
 .debug_aranges
                0x000008a8       0xe0 build/stm32f1xx_hal.o
 .debug_aranges
                0x00000988       0xf0 build/stm32f1xx_hal_adc.o
 .debug_aranges
                0x00000a78       0x80 build/stm32f1xx_hal_adc_ex.o
 .debug_aranges
                0x00000af8      0x138 build/stm32f1xx_hal_can.o
 .debug_aranges
                0x00000c30       0x90 build/stm32f1xx_hal_cortex.o
 .debug_aranges
                0x00000cc0       0x80 build/stm32f1xx_hal_dma.o
 .debug_aranges
                0x00000d40       0x58 build/stm32f1xx_hal_gpio.o
 .debug_aranges
                0x00000d98       0xa8 build/stm32f1xx_hal_pwr.o
 .debug_aranges
                0x00000e40       0x90 build/stm32f1xx_hal_rcc.o
 .debug_aranges
                0x00000ed0       0x50 build/stm32f1xx_hal_rcc_ex.o
 .debug_aranges
                0x00000f20       0xf8 build/stm32f1xx_hal_rtc.o
 .debug_aranges
                0x00001018       0x88 build/stm32f1xx_hal_rtc_ex.o
 .debug_aranges
                0x000010a0      0x1d0 build/stm32f1xx_hal_spi.o
 .debug_aranges
                0x00001270      0x3d0 build/stm32f1xx_hal_tim.o
 .debug_aranges
                0x00001640      0x168 build/stm32f1xx_hal_tim_ex.o
 .debug_aranges
                0x000017a8       0x28 build/startup_stm32f105xc.o
 .debug_aranges
                0x000017d0       0x18 e:/gcc-arm-none-eabi/bin/../lib/gcc/arm-none-eabi/11.2.1/thumb/v7-m/nofp\libc_nano.a(lib_a-impure.o)
 .debug_aranges
                0x000017e8       0x20 e:/gcc-arm-none-eabi/bin/../lib/gcc/arm-none-eabi/11.2.1/thumb/v7-m/nofp\libc_nano.a(lib_a-init.o)
 .debug_aranges
                0x00001808       0x28 e:/gcc-arm-none-eabi/bin/../lib/gcc/arm-none-eabi/11.2.1/thumb/v7-m/nofp\libc_nano.a(lib_a-malloc.o)
 .debug_aranges
                0x00001830       0x20 e:/gcc-arm-none-eabi/bin/../lib/gcc/arm-none-eabi/11.2.1/thumb/v7-m/nofp\libc_nano.a(lib_a-memset.o)
 .debug_aranges
                0x00001850       0x20 e:/gcc-arm-none-eabi/bin/../lib/gcc/arm-none-eabi/11.2.1/thumb/v7-m/nofp\libc_nano.a(lib_a-nano-freer.o)
 .debug_aranges
                0x00001870       0x28 e:/gcc-arm-none-eabi/bin/../lib/gcc/arm-none-eabi/11.2.1/thumb/v7-m/nofp\libc_nano.a(lib_a-nano-mallocr.o)
 .debug_aranges
                0x00001898       0x20 e:/gcc-arm-none-eabi/bin/../lib/gcc/arm-none-eabi/11.2.1/thumb/v7-m/nofp\libc_nano.a(lib_a-sbrkr.o)
 .debug_aranges
                0x000018b8       0x20 e:/gcc-arm-none-eabi/bin/../lib/gcc/arm-none-eabi/11.2.1/thumb/v7-m/nofp\libc_nano.a(lib_a-mlock.o)
 .debug_aranges
                0x000018d8       0x28 e:/gcc-arm-none-eabi/bin/../lib/gcc/arm-none-eabi/11.2.1/thumb/v7-m/nofp\libc_nano.a(lib_a-reent.o)
 .debug_aranges
                0x00001900       0x20 e:/gcc-arm-none-eabi/bin/../lib/gcc/arm-none-eabi/11.2.1/thumb/v7-m/nofp\libnosys.a(sbrk.o)
 .debug_aranges
                0x00001920       0x20 e:/gcc-arm-none-eabi/bin/../lib/gcc/arm-none-eabi/11.2.1/thumb/v7-m/nofp\libgcc.a(_arm_addsubdf3.o)
 .debug_aranges
                0x00001940       0x20 e:/gcc-arm-none-eabi/bin/../lib/gcc/arm-none-eabi/11.2.1/thumb/v7-m/nofp\libgcc.a(_arm_muldivdf3.o)
 .debug_aranges
                0x00001960       0x20 e:/gcc-arm-none-eabi/bin/../lib/gcc/arm-none-eabi/11.2.1/thumb/v7-m/nofp\libgcc.a(_arm_cmpdf2.o)
 .debug_aranges
                0x00001980       0x20 e:/gcc-arm-none-eabi/bin/../lib/gcc/arm-none-eabi/11.2.1/thumb/v7-m/nofp\libgcc.a(_arm_truncdfsf2.o)
 .debug_aranges
                0x000019a0       0x20 e:/gcc-arm-none-eabi/bin/../lib/gcc/arm-none-eabi/11.2.1/thumb/v7-m/nofp\libgcc.a(_arm_addsubsf3.o)
 .debug_aranges
                0x000019c0       0x20 e:/gcc-arm-none-eabi/bin/../lib/gcc/arm-none-eabi/11.2.1/thumb/v7-m/nofp\libgcc.a(_arm_muldivsf3.o)
 .debug_aranges