ARM GAS  C:\Users\ride_pig\AppData\Local\Temp\cc4ChH8X.s 			page 1


   1              		.cpu cortex-m3
   2              		.arch armv7-m
   3              		.fpu softvfp
   4              		.eabi_attribute 20, 1
   5              		.eabi_attribute 21, 1
   6              		.eabi_attribute 23, 3
   7              		.eabi_attribute 24, 1
   8              		.eabi_attribute 25, 1
   9              		.eabi_attribute 26, 1
  10              		.eabi_attribute 30, 1
  11              		.eabi_attribute 34, 1
  12              		.eabi_attribute 18, 4
  13              		.file	"main.c"
  14              		.text
  15              	.Ltext0:
  16              		.cfi_sections	.debug_frame
  17              		.section	.text.HAL_GPIO_EXTI_Callback,"ax",%progbits
  18              		.align	1
  19              		.global	HAL_GPIO_EXTI_Callback
  20              		.syntax unified
  21              		.thumb
  22              		.thumb_func
  24              	HAL_GPIO_EXTI_Callback:
  25              	.LVL0:
  26              	.LFB67:
  27              		.file 1 "Core/Src/main.c"
   1:Core/Src/main.c **** /* USER CODE BEGIN Header */
   2:Core/Src/main.c **** /**
   3:Core/Src/main.c ****   ******************************************************************************
   4:Core/Src/main.c ****   * @file           : main.c
   5:Core/Src/main.c ****   * @brief          : Main program body
   6:Core/Src/main.c ****   ******************************************************************************
   7:Core/Src/main.c ****   * @attention
   8:Core/Src/main.c ****   *
   9:Core/Src/main.c ****   * Copyright (c) 2023 STMicroelectronics.
  10:Core/Src/main.c ****   * All rights reserved.
  11:Core/Src/main.c ****   *
  12:Core/Src/main.c ****   * This software is licensed under terms that can be found in the LICENSE file
  13:Core/Src/main.c ****   * in the root directory of this software component.
  14:Core/Src/main.c ****   * If no LICENSE file comes with this software, it is provided AS-IS.
  15:Core/Src/main.c ****   *
  16:Core/Src/main.c ****   ******************************************************************************
  17:Core/Src/main.c ****   */
  18:Core/Src/main.c **** /* USER CODE END Header */
  19:Core/Src/main.c **** /* Includes ------------------------------------------------------------------*/
  20:Core/Src/main.c **** #include "main.h"
  21:Core/Src/main.c **** #include "adc.h"
  22:Core/Src/main.c **** #include "can.h"
  23:Core/Src/main.c **** #include "rtc.h"
  24:Core/Src/main.c **** #include "spi.h"
  25:Core/Src/main.c **** #include "tim.h"
  26:Core/Src/main.c **** #include "gpio.h"
  27:Core/Src/main.c **** 
  28:Core/Src/main.c **** /* Private includes ----------------------------------------------------------*/
  29:Core/Src/main.c **** /* USER CODE BEGIN Includes */
  30:Core/Src/main.c **** #include "data-user.h"
  31:Core/Src/main.c **** #include "adc-user.h"
ARM GAS  C:\Users\ride_pig\AppData\Local\Temp\cc4ChH8X.s 			page 2


  32:Core/Src/main.c **** #include "ltc681x-user.h"
  33:Core/Src/main.c **** #include "daisy-user.h"
  34:Core/Src/main.c **** #include "relay-user.h"
  35:Core/Src/main.c **** #include "state-user.h"
  36:Core/Src/main.c **** #include "can-user.h"
  37:Core/Src/main.c **** #include "os-user.h"
  38:Core/Src/main.c **** #include "flash-user.h"
  39:Core/Src/main.c **** #include "rtc-user.h"
  40:Core/Src/main.c **** 
  41:Core/Src/main.c **** /* USER CODE END Includes */
  42:Core/Src/main.c **** 
  43:Core/Src/main.c **** /* Private typedef -----------------------------------------------------------*/
  44:Core/Src/main.c **** /* USER CODE BEGIN PTD */
  45:Core/Src/main.c **** 
  46:Core/Src/main.c **** /* USER CODE END PTD */
  47:Core/Src/main.c **** 
  48:Core/Src/main.c **** /* Private define ------------------------------------------------------------*/
  49:Core/Src/main.c **** /* USER CODE BEGIN PD */
  50:Core/Src/main.c **** /* USER CODE END PD */
  51:Core/Src/main.c **** 
  52:Core/Src/main.c **** /* Private macro -------------------------------------------------------------*/
  53:Core/Src/main.c **** /* USER CODE BEGIN PM */
  54:Core/Src/main.c **** 
  55:Core/Src/main.c **** /* USER CODE END PM */
  56:Core/Src/main.c **** 
  57:Core/Src/main.c **** /* Private variables ---------------------------------------------------------*/
  58:Core/Src/main.c **** 
  59:Core/Src/main.c **** /* USER CODE BEGIN PV */
  60:Core/Src/main.c **** 
  61:Core/Src/main.c **** /* USER CODE END PV */
  62:Core/Src/main.c **** 
  63:Core/Src/main.c **** /* Private function prototypes -----------------------------------------------*/
  64:Core/Src/main.c **** void SystemClock_Config(void);
  65:Core/Src/main.c **** /* USER CODE BEGIN PFP */
  66:Core/Src/main.c **** 
  67:Core/Src/main.c **** /* USER CODE END PFP */
  68:Core/Src/main.c **** 
  69:Core/Src/main.c **** /* Private user code ---------------------------------------------------------*/
  70:Core/Src/main.c **** /* USER CODE BEGIN 0 */
  71:Core/Src/main.c **** const u8 Beep_mute = 0 ;			//定义蜂鸣器禁止鸣叫位, 1:禁止 0:允许 . 可以修改
  72:Core/Src/main.c **** 
  73:Core/Src/main.c **** BMS E03 = {0};						//最重要的全局变量E03定义
  74:Core/Src/main.c **** vu16 adc[num_adc]={0};				//adc[0]为ADC_PRE, adc[1]为ADC_TS, adc[2]为PRE_STATE, adc[3]为AIR+_ST
  75:Core/Src/main.c **** 
  76:Core/Src/main.c **** extern int16_t pec15Table[256];  	/*以下的在LTC681X.c*/
  77:Core/Src/main.c **** extern int16_t CRC15_POLY;
  78:Core/Src/main.c **** extern int16_t re, address;
  79:Core/Src/main.c **** // extern TASK_COMPONENTS BMS_Tasks[];
  80:Core/Src/main.c **** extern TaskManager taskManager;
  81:Core/Src/main.c **** extern MODULE Module[Total_ic];
  82:Core/Src/main.c **** extern u8 n_Cell[Total_ic];
  83:Core/Src/main.c **** extern vu8 Trigger_True;
  84:Core/Src/main.c **** 
  85:Core/Src/main.c **** extern TIME time;
  86:Core/Src/main.c **** 
  87:Core/Src/main.c **** /* USER CODE END 0 */
  88:Core/Src/main.c **** 
ARM GAS  C:\Users\ride_pig\AppData\Local\Temp\cc4ChH8X.s 			page 3


  89:Core/Src/main.c **** /**
  90:Core/Src/main.c ****   * @brief  The application entry point.
  91:Core/Src/main.c ****   * @retval int
  92:Core/Src/main.c ****   */
  93:Core/Src/main.c **** int main(void)
  94:Core/Src/main.c **** {
  95:Core/Src/main.c ****   /* USER CODE BEGIN 1 */
  96:Core/Src/main.c **** 
  97:Core/Src/main.c ****   /* USER CODE END 1 */
  98:Core/Src/main.c **** 
  99:Core/Src/main.c ****   /* MCU Configuration--------------------------------------------------------*/
 100:Core/Src/main.c **** 
 101:Core/Src/main.c ****   /* Reset of all peripherals, Initializes the Flash interface and the Systick. */
 102:Core/Src/main.c ****   HAL_Init();
 103:Core/Src/main.c **** 
 104:Core/Src/main.c ****   /* USER CODE BEGIN Init */
 105:Core/Src/main.c **** 
 106:Core/Src/main.c ****   /* USER CODE END Init */
 107:Core/Src/main.c **** 
 108:Core/Src/main.c ****   /* Configure the system clock */
 109:Core/Src/main.c ****   SystemClock_Config();
 110:Core/Src/main.c **** 
 111:Core/Src/main.c ****   /* USER CODE BEGIN SysInit */
 112:Core/Src/main.c **** 
 113:Core/Src/main.c ****   /* USER CODE END SysInit */
 114:Core/Src/main.c **** 
 115:Core/Src/main.c ****   /* Initialize all configured peripherals */
 116:Core/Src/main.c ****   MX_GPIO_Init();
 117:Core/Src/main.c ****   MX_ADC1_Init();
 118:Core/Src/main.c ****   MX_CAN1_Init();
 119:Core/Src/main.c ****   MX_CAN2_Init();
 120:Core/Src/main.c ****   MX_RTC_Init();
 121:Core/Src/main.c ****   MX_SPI1_Init();
 122:Core/Src/main.c ****   MX_SPI3_Init();
 123:Core/Src/main.c ****   MX_TIM2_Init();
 124:Core/Src/main.c ****   MX_TIM3_Init();
 125:Core/Src/main.c ****   /* USER CODE BEGIN 2 */
 126:Core/Src/main.c **** 	HAL_ADCEx_Calibration_Start(&hadc1);	//ADC采样校准
 127:Core/Src/main.c **** 	HAL_TIM_Base_Start_IT(&htim2); 			//定时器2使能, 开始操作系统计时
 128:Core/Src/main.c **** 
 129:Core/Src/main.c **** //	E03.Alarm.error_mute=Relay_Error_mute;
 130:Core/Src/main.c **** 	
 131:Core/Src/main.c **** 	Data_Init();		//BMS的初始化
 132:Core/Src/main.c **** 	BMS_SelfTest();		//自检
 133:Core/Src/main.c **** 
 134:Core/Src/main.c ****   // 创建任务，越先创建的任务优先级越高，任务创建的顺序及其itvTime变量
 135:Core/Src/main.c ****   TaskCreate(&Precharge_Run_Handle, 0xFFFF, Precharge_Run, NULL);
 136:Core/Src/main.c ****   TaskCreate(&charge_ing_Handle, 1000, charge_ing, NULL);
 137:Core/Src/main.c ****   TaskCreate(&BMS_StateMachine_Handle, 50, BMS_StateMachine, NULL);
 138:Core/Src/main.c ****   TaskCreate(&Hall_Timeout_Handle, 100, Hall_Timeout, NULL);
 139:Core/Src/main.c ****   TaskCreate(&State_Upgrade_Handle, 100, State_Upgrade, NULL);
 140:Core/Src/main.c ****   TaskCreate(&Slave_Measure_Handle, 200, Slave_Measure, NULL);
 141:Core/Src/main.c ****   TaskCreate(&OpenVol_Check_Handle, 250, OpenVol_Check, NULL);
 142:Core/Src/main.c ****   TaskCreate(&BMS_Can_Handle, 100, BMS_Can, NULL);
 143:Core/Src/main.c ****   TaskCreate(&IMD_Detect_Hanlde, 500, IMD_Detect, NULL);
 144:Core/Src/main.c ****   /* USER CODE END 2 */
 145:Core/Src/main.c **** 
ARM GAS  C:\Users\ride_pig\AppData\Local\Temp\cc4ChH8X.s 			page 4


 146:Core/Src/main.c ****   /* Infinite loop */
 147:Core/Src/main.c ****   /* USER CODE BEGIN WHILE */
 148:Core/Src/main.c ****   while (1)
 149:Core/Src/main.c ****   {
 150:Core/Src/main.c ****     TaskScheduler();		//启动操作系统  
 151:Core/Src/main.c ****     /* USER CODE END WHILE */
 152:Core/Src/main.c **** 
 153:Core/Src/main.c ****     /* USER CODE BEGIN 3 */
 154:Core/Src/main.c ****   }
 155:Core/Src/main.c ****   /* USER CODE END 3 */
 156:Core/Src/main.c **** }
 157:Core/Src/main.c **** 
 158:Core/Src/main.c **** /**
 159:Core/Src/main.c ****   * @brief System Clock Configuration
 160:Core/Src/main.c ****   * @retval None
 161:Core/Src/main.c ****   */
 162:Core/Src/main.c **** void SystemClock_Config(void)
 163:Core/Src/main.c **** {
 164:Core/Src/main.c ****   RCC_OscInitTypeDef RCC_OscInitStruct = {0};
 165:Core/Src/main.c ****   RCC_ClkInitTypeDef RCC_ClkInitStruct = {0};
 166:Core/Src/main.c ****   RCC_PeriphCLKInitTypeDef PeriphClkInit = {0};
 167:Core/Src/main.c **** 
 168:Core/Src/main.c ****   /** Initializes the RCC Oscillators according to the specified parameters
 169:Core/Src/main.c ****   * in the RCC_OscInitTypeDef structure.
 170:Core/Src/main.c ****   */
 171:Core/Src/main.c ****   RCC_OscInitStruct.OscillatorType = RCC_OSCILLATORTYPE_HSE|RCC_OSCILLATORTYPE_LSE;
 172:Core/Src/main.c ****   RCC_OscInitStruct.HSEState = RCC_HSE_ON;
 173:Core/Src/main.c ****   RCC_OscInitStruct.HSEPredivValue = RCC_HSE_PREDIV_DIV1;
 174:Core/Src/main.c ****   RCC_OscInitStruct.LSEState = RCC_LSE_ON;
 175:Core/Src/main.c ****   RCC_OscInitStruct.HSIState = RCC_HSI_ON;
 176:Core/Src/main.c ****   RCC_OscInitStruct.Prediv1Source = RCC_PREDIV1_SOURCE_HSE;
 177:Core/Src/main.c ****   RCC_OscInitStruct.PLL.PLLState = RCC_PLL_ON;
 178:Core/Src/main.c ****   RCC_OscInitStruct.PLL.PLLSource = RCC_PLLSOURCE_HSE;
 179:Core/Src/main.c ****   RCC_OscInitStruct.PLL.PLLMUL = RCC_PLL_MUL9;
 180:Core/Src/main.c ****   RCC_OscInitStruct.PLL2.PLL2State = RCC_PLL_NONE;
 181:Core/Src/main.c ****   if (HAL_RCC_OscConfig(&RCC_OscInitStruct) != HAL_OK)
 182:Core/Src/main.c ****   {
 183:Core/Src/main.c ****     Error_Handler();
 184:Core/Src/main.c ****   }
 185:Core/Src/main.c **** 
 186:Core/Src/main.c ****   /** Initializes the CPU, AHB and APB buses clocks
 187:Core/Src/main.c ****   */
 188:Core/Src/main.c ****   RCC_ClkInitStruct.ClockType = RCC_CLOCKTYPE_HCLK|RCC_CLOCKTYPE_SYSCLK
 189:Core/Src/main.c ****                               |RCC_CLOCKTYPE_PCLK1|RCC_CLOCKTYPE_PCLK2;
 190:Core/Src/main.c ****   RCC_ClkInitStruct.SYSCLKSource = RCC_SYSCLKSOURCE_PLLCLK;
 191:Core/Src/main.c ****   RCC_ClkInitStruct.AHBCLKDivider = RCC_SYSCLK_DIV1;
 192:Core/Src/main.c ****   RCC_ClkInitStruct.APB1CLKDivider = RCC_HCLK_DIV2;
 193:Core/Src/main.c ****   RCC_ClkInitStruct.APB2CLKDivider = RCC_HCLK_DIV1;
 194:Core/Src/main.c **** 
 195:Core/Src/main.c ****   if (HAL_RCC_ClockConfig(&RCC_ClkInitStruct, FLASH_LATENCY_2) != HAL_OK)
 196:Core/Src/main.c ****   {
 197:Core/Src/main.c ****     Error_Handler();
 198:Core/Src/main.c ****   }
 199:Core/Src/main.c ****   PeriphClkInit.PeriphClockSelection = RCC_PERIPHCLK_RTC|RCC_PERIPHCLK_ADC;
 200:Core/Src/main.c ****   PeriphClkInit.RTCClockSelection = RCC_RTCCLKSOURCE_LSE;
 201:Core/Src/main.c ****   PeriphClkInit.AdcClockSelection = RCC_ADCPCLK2_DIV6;
 202:Core/Src/main.c ****   if (HAL_RCCEx_PeriphCLKConfig(&PeriphClkInit) != HAL_OK)
ARM GAS  C:\Users\ride_pig\AppData\Local\Temp\cc4ChH8X.s 			page 5


 203:Core/Src/main.c ****   {
 204:Core/Src/main.c ****     Error_Handler();
 205:Core/Src/main.c ****   }
 206:Core/Src/main.c **** 
 207:Core/Src/main.c ****   /** Configure the Systick interrupt time
 208:Core/Src/main.c ****   */
 209:Core/Src/main.c ****   __HAL_RCC_PLLI2S_ENABLE();
 210:Core/Src/main.c **** }
 211:Core/Src/main.c **** 
 212:Core/Src/main.c **** /* USER CODE BEGIN 4 */
 213:Core/Src/main.c **** //下点火信号的外部中断
 214:Core/Src/main.c **** void HAL_GPIO_EXTI_Callback(uint16_t GPIO_Pin) {
  28              		.loc 1 214 48 view -0
  29              		.cfi_startproc
  30              		@ args = 0, pretend = 0, frame = 0
  31              		@ frame_needed = 0, uses_anonymous_args = 0
  32              		@ link register save eliminated.
 215:Core/Src/main.c **** //更改了下电逻辑在BMS_RUN()里面, 所以这里注释掉了
 216:Core/Src/main.c **** //	if(GPIO_Pin == Trigger_Pin){
 217:Core/Src/main.c **** //		Trigger_True=1;		//设置标志位
 218:Core/Src/main.c **** //		BMS_Tasks[anchor_NO].Run=0;		//任务正式开始
 219:Core/Src/main.c **** //		BMS_Tasks[anchor_NO].Timer=50;
 220:Core/Src/main.c **** //		BMS_Tasks[anchor_NO].ItvTime=50;
 221:Core/Src/main.c **** //	}
 222:Core/Src/main.c **** }
  33              		.loc 1 222 1 view .LVU1
  34 0000 7047     		bx	lr
  35              		.cfi_endproc
  36              	.LFE67:
  38              		.section	.text.HAL_TIM_PeriodElapsedCallback,"ax",%progbits
  39              		.align	1
  40              		.global	HAL_TIM_PeriodElapsedCallback
  41              		.syntax unified
  42              		.thumb
  43              		.thumb_func
  45              	HAL_TIM_PeriodElapsedCallback:
  46              	.LVL1:
  47              	.LFB68:
 223:Core/Src/main.c **** //定时器中断
 224:Core/Src/main.c **** void HAL_TIM_PeriodElapsedCallback(TIM_HandleTypeDef *htim){
  48              		.loc 1 224 60 view -0
  49              		.cfi_startproc
  50              		@ args = 0, pretend = 0, frame = 0
  51              		@ frame_needed = 0, uses_anonymous_args = 0
  52              		.loc 1 224 60 is_stmt 0 view .LVU3
  53 0000 10B5     		push	{r4, lr}
  54              	.LCFI0:
  55              		.cfi_def_cfa_offset 8
  56              		.cfi_offset 4, -8
  57              		.cfi_offset 14, -4
  58 0002 0446     		mov	r4, r0
 225:Core/Src/main.c **** 	//定时器2: 负责BMS主程序操作系统的任务提供基本定时
 226:Core/Src/main.c **** 	if(htim-> Instance == htim2.Instance) {
  59              		.loc 1 226 2 is_stmt 1 view .LVU4
  60              		.loc 1 226 9 is_stmt 0 view .LVU5
  61 0004 0268     		ldr	r2, [r0]
  62              		.loc 1 226 29 view .LVU6
ARM GAS  C:\Users\ride_pig\AppData\Local\Temp\cc4ChH8X.s 			page 6


  63 0006 084B     		ldr	r3, .L8
  64 0008 1B68     		ldr	r3, [r3]
  65              		.loc 1 226 4 view .LVU7
  66 000a 9A42     		cmp	r2, r3
  67 000c 05D0     		beq	.L6
  68              	.LVL2:
  69              	.L3:
 227:Core/Src/main.c **** 		TaskStatusUpdate();
 228:Core/Src/main.c **** 	}
 229:Core/Src/main.c **** 	//定时器3: SOC计算
 230:Core/Src/main.c **** 	if(htim-> Instance == htim3.Instance) {
  70              		.loc 1 230 2 is_stmt 1 view .LVU8
  71              		.loc 1 230 9 is_stmt 0 view .LVU9
  72 000e 2268     		ldr	r2, [r4]
  73              		.loc 1 230 29 view .LVU10
  74 0010 064B     		ldr	r3, .L8+4
  75 0012 1B68     		ldr	r3, [r3]
  76              		.loc 1 230 4 view .LVU11
  77 0014 9A42     		cmp	r2, r3
  78 0016 03D0     		beq	.L7
  79              	.L2:
 231:Core/Src/main.c **** 		SOC_CAL();
 232:Core/Src/main.c **** 	}
 233:Core/Src/main.c **** }
  80              		.loc 1 233 1 view .LVU12
  81 0018 10BD     		pop	{r4, pc}
  82              	.LVL3:
  83              	.L6:
 227:Core/Src/main.c **** 		TaskStatusUpdate();
  84              		.loc 1 227 3 is_stmt 1 view .LVU13
  85 001a FFF7FEFF 		bl	TaskStatusUpdate
  86              	.LVL4:
 227:Core/Src/main.c **** 		TaskStatusUpdate();
  87              		.loc 1 227 3 is_stmt 0 view .LVU14
  88 001e F6E7     		b	.L3
  89              	.L7:
 231:Core/Src/main.c **** 		SOC_CAL();
  90              		.loc 1 231 3 is_stmt 1 view .LVU15
  91 0020 FFF7FEFF 		bl	SOC_CAL
  92              	.LVL5:
  93              		.loc 1 233 1 is_stmt 0 view .LVU16
  94 0024 F8E7     		b	.L2
  95              	.L9:
  96 0026 00BF     		.align	2
  97              	.L8:
  98 0028 00000000 		.word	htim2
  99 002c 00000000 		.word	htim3
 100              		.cfi_endproc
 101              	.LFE68:
 103              		.section	.text.Error_Handler,"ax",%progbits
 104              		.align	1
 105              		.global	Error_Handler
 106              		.syntax unified
 107              		.thumb
 108              		.thumb_func
 110              	Error_Handler:
 111              	.LFB69:
ARM GAS  C:\Users\ride_pig\AppData\Local\Temp\cc4ChH8X.s 			page 7


 234:Core/Src/main.c **** 
 235:Core/Src/main.c **** /* USER CODE END 4 */
 236:Core/Src/main.c **** 
 237:Core/Src/main.c **** /**
 238:Core/Src/main.c ****   * @brief  This function is executed in case of error occurrence.
 239:Core/Src/main.c ****   * @retval None
 240:Core/Src/main.c ****   */
 241:Core/Src/main.c **** void Error_Handler(void)
 242:Core/Src/main.c **** {
 112              		.loc 1 242 1 is_stmt 1 view -0
 113              		.cfi_startproc
 114              		@ Volatile: function does not return.
 115              		@ args = 0, pretend = 0, frame = 0
 116              		@ frame_needed = 0, uses_anonymous_args = 0
 117              		@ link register save eliminated.
 243:Core/Src/main.c ****   /* USER CODE BEGIN Error_Handler_Debug */
 244:Core/Src/main.c ****   /* User can add his own implementation to report the HAL error return state */
 245:Core/Src/main.c ****   __disable_irq();
 118              		.loc 1 245 3 view .LVU18
 119              	.LBB4:
 120              	.LBI4:
 121              		.file 2 "Drivers/CMSIS/Include/cmsis_gcc.h"
   1:Drivers/CMSIS/Include/cmsis_gcc.h **** /**************************************************************************//**
   2:Drivers/CMSIS/Include/cmsis_gcc.h ****  * @file     cmsis_gcc.h
   3:Drivers/CMSIS/Include/cmsis_gcc.h ****  * @brief    CMSIS compiler GCC header file
   4:Drivers/CMSIS/Include/cmsis_gcc.h ****  * @version  V5.0.4
   5:Drivers/CMSIS/Include/cmsis_gcc.h ****  * @date     09. April 2018
   6:Drivers/CMSIS/Include/cmsis_gcc.h ****  ******************************************************************************/
   7:Drivers/CMSIS/Include/cmsis_gcc.h **** /*
   8:Drivers/CMSIS/Include/cmsis_gcc.h ****  * Copyright (c) 2009-2018 Arm Limited. All rights reserved.
   9:Drivers/CMSIS/Include/cmsis_gcc.h ****  *
  10:Drivers/CMSIS/Include/cmsis_gcc.h ****  * SPDX-License-Identifier: Apache-2.0
  11:Drivers/CMSIS/Include/cmsis_gcc.h ****  *
  12:Drivers/CMSIS/Include/cmsis_gcc.h ****  * Licensed under the Apache License, Version 2.0 (the License); you may
  13:Drivers/CMSIS/Include/cmsis_gcc.h ****  * not use this file except in compliance with the License.
  14:Drivers/CMSIS/Include/cmsis_gcc.h ****  * You may obtain a copy of the License at
  15:Drivers/CMSIS/Include/cmsis_gcc.h ****  *
  16:Drivers/CMSIS/Include/cmsis_gcc.h ****  * www.apache.org/licenses/LICENSE-2.0
  17:Drivers/CMSIS/Include/cmsis_gcc.h ****  *
  18:Drivers/CMSIS/Include/cmsis_gcc.h ****  * Unless required by applicable law or agreed to in writing, software
  19:Drivers/CMSIS/Include/cmsis_gcc.h ****  * distributed under the License is distributed on an AS IS BASIS, WITHOUT
  20:Drivers/CMSIS/Include/cmsis_gcc.h ****  * WARRANTIES OR CONDITIONS OF ANY KIND, either express or implied.
  21:Drivers/CMSIS/Include/cmsis_gcc.h ****  * See the License for the specific language governing permissions and
  22:Drivers/CMSIS/Include/cmsis_gcc.h ****  * limitations under the License.
  23:Drivers/CMSIS/Include/cmsis_gcc.h ****  */
  24:Drivers/CMSIS/Include/cmsis_gcc.h **** 
  25:Drivers/CMSIS/Include/cmsis_gcc.h **** #ifndef __CMSIS_GCC_H
  26:Drivers/CMSIS/Include/cmsis_gcc.h **** #define __CMSIS_GCC_H
  27:Drivers/CMSIS/Include/cmsis_gcc.h **** 
  28:Drivers/CMSIS/Include/cmsis_gcc.h **** /* ignore some GCC warnings */
  29:Drivers/CMSIS/Include/cmsis_gcc.h **** #pragma GCC diagnostic push
  30:Drivers/CMSIS/Include/cmsis_gcc.h **** #pragma GCC diagnostic ignored "-Wsign-conversion"
  31:Drivers/CMSIS/Include/cmsis_gcc.h **** #pragma GCC diagnostic ignored "-Wconversion"
  32:Drivers/CMSIS/Include/cmsis_gcc.h **** #pragma GCC diagnostic ignored "-Wunused-parameter"
  33:Drivers/CMSIS/Include/cmsis_gcc.h **** 
  34:Drivers/CMSIS/Include/cmsis_gcc.h **** /* Fallback for __has_builtin */
  35:Drivers/CMSIS/Include/cmsis_gcc.h **** #ifndef __has_builtin
ARM GAS  C:\Users\ride_pig\AppData\Local\Temp\cc4ChH8X.s 			page 8


  36:Drivers/CMSIS/Include/cmsis_gcc.h ****   #define __has_builtin(x) (0)
  37:Drivers/CMSIS/Include/cmsis_gcc.h **** #endif
  38:Drivers/CMSIS/Include/cmsis_gcc.h **** 
  39:Drivers/CMSIS/Include/cmsis_gcc.h **** /* CMSIS compiler specific defines */
  40:Drivers/CMSIS/Include/cmsis_gcc.h **** #ifndef   __ASM
  41:Drivers/CMSIS/Include/cmsis_gcc.h ****   #define __ASM                                  __asm
  42:Drivers/CMSIS/Include/cmsis_gcc.h **** #endif
  43:Drivers/CMSIS/Include/cmsis_gcc.h **** #ifndef   __INLINE
  44:Drivers/CMSIS/Include/cmsis_gcc.h ****   #define __INLINE                               inline
  45:Drivers/CMSIS/Include/cmsis_gcc.h **** #endif
  46:Drivers/CMSIS/Include/cmsis_gcc.h **** #ifndef   __STATIC_INLINE
  47:Drivers/CMSIS/Include/cmsis_gcc.h ****   #define __STATIC_INLINE                        static inline
  48:Drivers/CMSIS/Include/cmsis_gcc.h **** #endif
  49:Drivers/CMSIS/Include/cmsis_gcc.h **** #ifndef   __STATIC_FORCEINLINE                 
  50:Drivers/CMSIS/Include/cmsis_gcc.h ****   #define __STATIC_FORCEINLINE                   __attribute__((always_inline)) static inline
  51:Drivers/CMSIS/Include/cmsis_gcc.h **** #endif                                           
  52:Drivers/CMSIS/Include/cmsis_gcc.h **** #ifndef   __NO_RETURN
  53:Drivers/CMSIS/Include/cmsis_gcc.h ****   #define __NO_RETURN                            __attribute__((__noreturn__))
  54:Drivers/CMSIS/Include/cmsis_gcc.h **** #endif
  55:Drivers/CMSIS/Include/cmsis_gcc.h **** #ifndef   __USED
  56:Drivers/CMSIS/Include/cmsis_gcc.h ****   #define __USED                                 __attribute__((used))
  57:Drivers/CMSIS/Include/cmsis_gcc.h **** #endif
  58:Drivers/CMSIS/Include/cmsis_gcc.h **** #ifndef   __WEAK
  59:Drivers/CMSIS/Include/cmsis_gcc.h ****   #define __WEAK                                 __attribute__((weak))
  60:Drivers/CMSIS/Include/cmsis_gcc.h **** #endif
  61:Drivers/CMSIS/Include/cmsis_gcc.h **** #ifndef   __PACKED
  62:Drivers/CMSIS/Include/cmsis_gcc.h ****   #define __PACKED                               __attribute__((packed, aligned(1)))
  63:Drivers/CMSIS/Include/cmsis_gcc.h **** #endif
  64:Drivers/CMSIS/Include/cmsis_gcc.h **** #ifndef   __PACKED_STRUCT
  65:Drivers/CMSIS/Include/cmsis_gcc.h ****   #define __PACKED_STRUCT                        struct __attribute__((packed, aligned(1)))
  66:Drivers/CMSIS/Include/cmsis_gcc.h **** #endif
  67:Drivers/CMSIS/Include/cmsis_gcc.h **** #ifndef   __PACKED_UNION
  68:Drivers/CMSIS/Include/cmsis_gcc.h ****   #define __PACKED_UNION                         union __attribute__((packed, aligned(1)))
  69:Drivers/CMSIS/Include/cmsis_gcc.h **** #endif
  70:Drivers/CMSIS/Include/cmsis_gcc.h **** #ifndef   __UNALIGNED_UINT32        /* deprecated */
  71:Drivers/CMSIS/Include/cmsis_gcc.h ****   #pragma GCC diagnostic push
  72:Drivers/CMSIS/Include/cmsis_gcc.h ****   #pragma GCC diagnostic ignored "-Wpacked"
  73:Drivers/CMSIS/Include/cmsis_gcc.h ****   #pragma GCC diagnostic ignored "-Wattributes"
  74:Drivers/CMSIS/Include/cmsis_gcc.h ****   struct __attribute__((packed)) T_UINT32 { uint32_t v; };
  75:Drivers/CMSIS/Include/cmsis_gcc.h ****   #pragma GCC diagnostic pop
  76:Drivers/CMSIS/Include/cmsis_gcc.h ****   #define __UNALIGNED_UINT32(x)                  (((struct T_UINT32 *)(x))->v)
  77:Drivers/CMSIS/Include/cmsis_gcc.h **** #endif
  78:Drivers/CMSIS/Include/cmsis_gcc.h **** #ifndef   __UNALIGNED_UINT16_WRITE
  79:Drivers/CMSIS/Include/cmsis_gcc.h ****   #pragma GCC diagnostic push
  80:Drivers/CMSIS/Include/cmsis_gcc.h ****   #pragma GCC diagnostic ignored "-Wpacked"
  81:Drivers/CMSIS/Include/cmsis_gcc.h ****   #pragma GCC diagnostic ignored "-Wattributes"
  82:Drivers/CMSIS/Include/cmsis_gcc.h ****   __PACKED_STRUCT T_UINT16_WRITE { uint16_t v; };
  83:Drivers/CMSIS/Include/cmsis_gcc.h ****   #pragma GCC diagnostic pop
  84:Drivers/CMSIS/Include/cmsis_gcc.h ****   #define __UNALIGNED_UINT16_WRITE(addr, val)    (void)((((struct T_UINT16_WRITE *)(void *)(addr))-
  85:Drivers/CMSIS/Include/cmsis_gcc.h **** #endif
  86:Drivers/CMSIS/Include/cmsis_gcc.h **** #ifndef   __UNALIGNED_UINT16_READ
  87:Drivers/CMSIS/Include/cmsis_gcc.h ****   #pragma GCC diagnostic push
  88:Drivers/CMSIS/Include/cmsis_gcc.h ****   #pragma GCC diagnostic ignored "-Wpacked"
  89:Drivers/CMSIS/Include/cmsis_gcc.h ****   #pragma GCC diagnostic ignored "-Wattributes"
  90:Drivers/CMSIS/Include/cmsis_gcc.h ****   __PACKED_STRUCT T_UINT16_READ { uint16_t v; };
  91:Drivers/CMSIS/Include/cmsis_gcc.h ****   #pragma GCC diagnostic pop
  92:Drivers/CMSIS/Include/cmsis_gcc.h ****   #define __UNALIGNED_UINT16_READ(addr)          (((const struct T_UINT16_READ *)(const void *)(add
ARM GAS  C:\Users\ride_pig\AppData\Local\Temp\cc4ChH8X.s 			page 9


  93:Drivers/CMSIS/Include/cmsis_gcc.h **** #endif
  94:Drivers/CMSIS/Include/cmsis_gcc.h **** #ifndef   __UNALIGNED_UINT32_WRITE
  95:Drivers/CMSIS/Include/cmsis_gcc.h ****   #pragma GCC diagnostic push
  96:Drivers/CMSIS/Include/cmsis_gcc.h ****   #pragma GCC diagnostic ignored "-Wpacked"
  97:Drivers/CMSIS/Include/cmsis_gcc.h ****   #pragma GCC diagnostic ignored "-Wattributes"
  98:Drivers/CMSIS/Include/cmsis_gcc.h ****   __PACKED_STRUCT T_UINT32_WRITE { uint32_t v; };
  99:Drivers/CMSIS/Include/cmsis_gcc.h ****   #pragma GCC diagnostic pop
 100:Drivers/CMSIS/Include/cmsis_gcc.h ****   #define __UNALIGNED_UINT32_WRITE(addr, val)    (void)((((struct T_UINT32_WRITE *)(void *)(addr))-
 101:Drivers/CMSIS/Include/cmsis_gcc.h **** #endif
 102:Drivers/CMSIS/Include/cmsis_gcc.h **** #ifndef   __UNALIGNED_UINT32_READ
 103:Drivers/CMSIS/Include/cmsis_gcc.h ****   #pragma GCC diagnostic push
 104:Drivers/CMSIS/Include/cmsis_gcc.h ****   #pragma GCC diagnostic ignored "-Wpacked"
 105:Drivers/CMSIS/Include/cmsis_gcc.h ****   #pragma GCC diagnostic ignored "-Wattributes"
 106:Drivers/CMSIS/Include/cmsis_gcc.h ****   __PACKED_STRUCT T_UINT32_READ { uint32_t v; };
 107:Drivers/CMSIS/Include/cmsis_gcc.h ****   #pragma GCC diagnostic pop
 108:Drivers/CMSIS/Include/cmsis_gcc.h ****   #define __UNALIGNED_UINT32_READ(addr)          (((const struct T_UINT32_READ *)(const void *)(add
 109:Drivers/CMSIS/Include/cmsis_gcc.h **** #endif
 110:Drivers/CMSIS/Include/cmsis_gcc.h **** #ifndef   __ALIGNED
 111:Drivers/CMSIS/Include/cmsis_gcc.h ****   #define __ALIGNED(x)                           __attribute__((aligned(x)))
 112:Drivers/CMSIS/Include/cmsis_gcc.h **** #endif
 113:Drivers/CMSIS/Include/cmsis_gcc.h **** #ifndef   __RESTRICT
 114:Drivers/CMSIS/Include/cmsis_gcc.h ****   #define __RESTRICT                             __restrict
 115:Drivers/CMSIS/Include/cmsis_gcc.h **** #endif
 116:Drivers/CMSIS/Include/cmsis_gcc.h **** 
 117:Drivers/CMSIS/Include/cmsis_gcc.h **** 
 118:Drivers/CMSIS/Include/cmsis_gcc.h **** /* ###########################  Core Function Access  ########################### */
 119:Drivers/CMSIS/Include/cmsis_gcc.h **** /** \ingroup  CMSIS_Core_FunctionInterface
 120:Drivers/CMSIS/Include/cmsis_gcc.h ****     \defgroup CMSIS_Core_RegAccFunctions CMSIS Core Register Access Functions
 121:Drivers/CMSIS/Include/cmsis_gcc.h ****   @{
 122:Drivers/CMSIS/Include/cmsis_gcc.h ****  */
 123:Drivers/CMSIS/Include/cmsis_gcc.h **** 
 124:Drivers/CMSIS/Include/cmsis_gcc.h **** /**
 125:Drivers/CMSIS/Include/cmsis_gcc.h ****   \brief   Enable IRQ Interrupts
 126:Drivers/CMSIS/Include/cmsis_gcc.h ****   \details Enables IRQ interrupts by clearing the I-bit in the CPSR.
 127:Drivers/CMSIS/Include/cmsis_gcc.h ****            Can only be executed in Privileged modes.
 128:Drivers/CMSIS/Include/cmsis_gcc.h ****  */
 129:Drivers/CMSIS/Include/cmsis_gcc.h **** __STATIC_FORCEINLINE void __enable_irq(void)
 130:Drivers/CMSIS/Include/cmsis_gcc.h **** {
 131:Drivers/CMSIS/Include/cmsis_gcc.h ****   __ASM volatile ("cpsie i" : : : "memory");
 132:Drivers/CMSIS/Include/cmsis_gcc.h **** }
 133:Drivers/CMSIS/Include/cmsis_gcc.h **** 
 134:Drivers/CMSIS/Include/cmsis_gcc.h **** 
 135:Drivers/CMSIS/Include/cmsis_gcc.h **** /**
 136:Drivers/CMSIS/Include/cmsis_gcc.h ****   \brief   Disable IRQ Interrupts
 137:Drivers/CMSIS/Include/cmsis_gcc.h ****   \details Disables IRQ interrupts by setting the I-bit in the CPSR.
 138:Drivers/CMSIS/Include/cmsis_gcc.h ****            Can only be executed in Privileged modes.
 139:Drivers/CMSIS/Include/cmsis_gcc.h ****  */
 140:Drivers/CMSIS/Include/cmsis_gcc.h **** __STATIC_FORCEINLINE void __disable_irq(void)
 122              		.loc 2 140 27 view .LVU19
 123              	.LBB5:
 141:Drivers/CMSIS/Include/cmsis_gcc.h **** {
 142:Drivers/CMSIS/Include/cmsis_gcc.h ****   __ASM volatile ("cpsid i" : : : "memory");
 124              		.loc 2 142 3 view .LVU20
 125              		.syntax unified
 126              	@ 142 "Drivers/CMSIS/Include/cmsis_gcc.h" 1
 127 0000 72B6     		cpsid i
 128              	@ 0 "" 2
ARM GAS  C:\Users\ride_pig\AppData\Local\Temp\cc4ChH8X.s 			page 10


 129              		.thumb
 130              		.syntax unified
 131              	.L11:
 132              	.LBE5:
 133              	.LBE4:
 246:Core/Src/main.c ****   while (1)
 134              		.loc 1 246 3 discriminator 1 view .LVU21
 247:Core/Src/main.c ****   {
 248:Core/Src/main.c ****   }
 135              		.loc 1 248 3 discriminator 1 view .LVU22
 246:Core/Src/main.c ****   while (1)
 136              		.loc 1 246 9 discriminator 1 view .LVU23
 137 0002 FEE7     		b	.L11
 138              		.cfi_endproc
 139              	.LFE69:
 141              		.section	.text.SystemClock_Config,"ax",%progbits
 142              		.align	1
 143              		.global	SystemClock_Config
 144              		.syntax unified
 145              		.thumb
 146              		.thumb_func
 148              	SystemClock_Config:
 149              	.LFB66:
 163:Core/Src/main.c ****   RCC_OscInitTypeDef RCC_OscInitStruct = {0};
 150              		.loc 1 163 1 view -0
 151              		.cfi_startproc
 152              		@ args = 0, pretend = 0, frame = 112
 153              		@ frame_needed = 0, uses_anonymous_args = 0
 154 0000 00B5     		push	{lr}
 155              	.LCFI1:
 156              		.cfi_def_cfa_offset 4
 157              		.cfi_offset 14, -4
 158 0002 9DB0     		sub	sp, sp, #116
 159              	.LCFI2:
 160              		.cfi_def_cfa_offset 120
 164:Core/Src/main.c ****   RCC_ClkInitTypeDef RCC_ClkInitStruct = {0};
 161              		.loc 1 164 3 view .LVU25
 164:Core/Src/main.c ****   RCC_ClkInitTypeDef RCC_ClkInitStruct = {0};
 162              		.loc 1 164 22 is_stmt 0 view .LVU26
 163 0004 3822     		movs	r2, #56
 164 0006 0021     		movs	r1, #0
 165 0008 0DEB0200 		add	r0, sp, r2
 166 000c FFF7FEFF 		bl	memset
 167              	.LVL6:
 165:Core/Src/main.c ****   RCC_PeriphCLKInitTypeDef PeriphClkInit = {0};
 168              		.loc 1 165 3 is_stmt 1 view .LVU27
 165:Core/Src/main.c ****   RCC_PeriphCLKInitTypeDef PeriphClkInit = {0};
 169              		.loc 1 165 22 is_stmt 0 view .LVU28
 170 0010 0021     		movs	r1, #0
 171 0012 0991     		str	r1, [sp, #36]
 172 0014 0A91     		str	r1, [sp, #40]
 173 0016 0B91     		str	r1, [sp, #44]
 174 0018 0C91     		str	r1, [sp, #48]
 175 001a 0D91     		str	r1, [sp, #52]
 166:Core/Src/main.c **** 
 176              		.loc 1 166 3 is_stmt 1 view .LVU29
 166:Core/Src/main.c **** 
ARM GAS  C:\Users\ride_pig\AppData\Local\Temp\cc4ChH8X.s 			page 11


 177              		.loc 1 166 28 is_stmt 0 view .LVU30
 178 001c 2022     		movs	r2, #32
 179 001e 01A8     		add	r0, sp, #4
 180 0020 FFF7FEFF 		bl	memset
 181              	.LVL7:
 171:Core/Src/main.c ****   RCC_OscInitStruct.HSEState = RCC_HSE_ON;
 182              		.loc 1 171 3 is_stmt 1 view .LVU31
 171:Core/Src/main.c ****   RCC_OscInitStruct.HSEState = RCC_HSE_ON;
 183              		.loc 1 171 36 is_stmt 0 view .LVU32
 184 0024 0523     		movs	r3, #5
 185 0026 0E93     		str	r3, [sp, #56]
 172:Core/Src/main.c ****   RCC_OscInitStruct.HSEPredivValue = RCC_HSE_PREDIV_DIV1;
 186              		.loc 1 172 3 is_stmt 1 view .LVU33
 172:Core/Src/main.c ****   RCC_OscInitStruct.HSEPredivValue = RCC_HSE_PREDIV_DIV1;
 187              		.loc 1 172 30 is_stmt 0 view .LVU34
 188 0028 4FF48033 		mov	r3, #65536
 189 002c 1093     		str	r3, [sp, #64]
 173:Core/Src/main.c ****   RCC_OscInitStruct.LSEState = RCC_LSE_ON;
 190              		.loc 1 173 3 is_stmt 1 view .LVU35
 174:Core/Src/main.c ****   RCC_OscInitStruct.HSIState = RCC_HSI_ON;
 191              		.loc 1 174 3 view .LVU36
 174:Core/Src/main.c ****   RCC_OscInitStruct.HSIState = RCC_HSI_ON;
 192              		.loc 1 174 30 is_stmt 0 view .LVU37
 193 002e 0122     		movs	r2, #1
 194 0030 1292     		str	r2, [sp, #72]
 175:Core/Src/main.c ****   RCC_OscInitStruct.Prediv1Source = RCC_PREDIV1_SOURCE_HSE;
 195              		.loc 1 175 3 is_stmt 1 view .LVU38
 175:Core/Src/main.c ****   RCC_OscInitStruct.Prediv1Source = RCC_PREDIV1_SOURCE_HSE;
 196              		.loc 1 175 30 is_stmt 0 view .LVU39
 197 0032 1392     		str	r2, [sp, #76]
 176:Core/Src/main.c ****   RCC_OscInitStruct.PLL.PLLState = RCC_PLL_ON;
 198              		.loc 1 176 3 is_stmt 1 view .LVU40
 177:Core/Src/main.c ****   RCC_OscInitStruct.PLL.PLLSource = RCC_PLLSOURCE_HSE;
 199              		.loc 1 177 3 view .LVU41
 177:Core/Src/main.c ****   RCC_OscInitStruct.PLL.PLLSource = RCC_PLLSOURCE_HSE;
 200              		.loc 1 177 34 is_stmt 0 view .LVU42
 201 0034 0222     		movs	r2, #2
 202 0036 1692     		str	r2, [sp, #88]
 178:Core/Src/main.c ****   RCC_OscInitStruct.PLL.PLLMUL = RCC_PLL_MUL9;
 203              		.loc 1 178 3 is_stmt 1 view .LVU43
 178:Core/Src/main.c ****   RCC_OscInitStruct.PLL.PLLMUL = RCC_PLL_MUL9;
 204              		.loc 1 178 35 is_stmt 0 view .LVU44
 205 0038 1793     		str	r3, [sp, #92]
 179:Core/Src/main.c ****   RCC_OscInitStruct.PLL2.PLL2State = RCC_PLL_NONE;
 206              		.loc 1 179 3 is_stmt 1 view .LVU45
 179:Core/Src/main.c ****   RCC_OscInitStruct.PLL2.PLL2State = RCC_PLL_NONE;
 207              		.loc 1 179 32 is_stmt 0 view .LVU46
 208 003a 4FF4E013 		mov	r3, #1835008
 209 003e 1893     		str	r3, [sp, #96]
 180:Core/Src/main.c ****   if (HAL_RCC_OscConfig(&RCC_OscInitStruct) != HAL_OK)
 210              		.loc 1 180 3 is_stmt 1 view .LVU47
 181:Core/Src/main.c ****   {
 211              		.loc 1 181 3 view .LVU48
 181:Core/Src/main.c ****   {
 212              		.loc 1 181 7 is_stmt 0 view .LVU49
 213 0040 0EA8     		add	r0, sp, #56
 214 0042 FFF7FEFF 		bl	HAL_RCC_OscConfig
ARM GAS  C:\Users\ride_pig\AppData\Local\Temp\cc4ChH8X.s 			page 12


 215              	.LVL8:
 181:Core/Src/main.c ****   {
 216              		.loc 1 181 6 view .LVU50
 217 0046 F8B9     		cbnz	r0, .L17
 188:Core/Src/main.c ****                               |RCC_CLOCKTYPE_PCLK1|RCC_CLOCKTYPE_PCLK2;
 218              		.loc 1 188 3 is_stmt 1 view .LVU51
 188:Core/Src/main.c ****                               |RCC_CLOCKTYPE_PCLK1|RCC_CLOCKTYPE_PCLK2;
 219              		.loc 1 188 31 is_stmt 0 view .LVU52
 220 0048 0F23     		movs	r3, #15
 221 004a 0993     		str	r3, [sp, #36]
 190:Core/Src/main.c ****   RCC_ClkInitStruct.AHBCLKDivider = RCC_SYSCLK_DIV1;
 222              		.loc 1 190 3 is_stmt 1 view .LVU53
 190:Core/Src/main.c ****   RCC_ClkInitStruct.AHBCLKDivider = RCC_SYSCLK_DIV1;
 223              		.loc 1 190 34 is_stmt 0 view .LVU54
 224 004c 0221     		movs	r1, #2
 225 004e 0A91     		str	r1, [sp, #40]
 191:Core/Src/main.c ****   RCC_ClkInitStruct.APB1CLKDivider = RCC_HCLK_DIV2;
 226              		.loc 1 191 3 is_stmt 1 view .LVU55
 191:Core/Src/main.c ****   RCC_ClkInitStruct.APB1CLKDivider = RCC_HCLK_DIV2;
 227              		.loc 1 191 35 is_stmt 0 view .LVU56
 228 0050 0023     		movs	r3, #0
 229 0052 0B93     		str	r3, [sp, #44]
 192:Core/Src/main.c ****   RCC_ClkInitStruct.APB2CLKDivider = RCC_HCLK_DIV1;
 230              		.loc 1 192 3 is_stmt 1 view .LVU57
 192:Core/Src/main.c ****   RCC_ClkInitStruct.APB2CLKDivider = RCC_HCLK_DIV1;
 231              		.loc 1 192 36 is_stmt 0 view .LVU58
 232 0054 4FF48062 		mov	r2, #1024
 233 0058 0C92     		str	r2, [sp, #48]
 193:Core/Src/main.c **** 
 234              		.loc 1 193 3 is_stmt 1 view .LVU59
 193:Core/Src/main.c **** 
 235              		.loc 1 193 36 is_stmt 0 view .LVU60
 236 005a 0D93     		str	r3, [sp, #52]
 195:Core/Src/main.c ****   {
 237              		.loc 1 195 3 is_stmt 1 view .LVU61
 195:Core/Src/main.c ****   {
 238              		.loc 1 195 7 is_stmt 0 view .LVU62
 239 005c 09A8     		add	r0, sp, #36
 240 005e FFF7FEFF 		bl	HAL_RCC_ClockConfig
 241              	.LVL9:
 195:Core/Src/main.c ****   {
 242              		.loc 1 195 6 view .LVU63
 243 0062 98B9     		cbnz	r0, .L18
 199:Core/Src/main.c ****   PeriphClkInit.RTCClockSelection = RCC_RTCCLKSOURCE_LSE;
 244              		.loc 1 199 3 is_stmt 1 view .LVU64
 199:Core/Src/main.c ****   PeriphClkInit.RTCClockSelection = RCC_RTCCLKSOURCE_LSE;
 245              		.loc 1 199 38 is_stmt 0 view .LVU65
 246 0064 0323     		movs	r3, #3
 247 0066 0193     		str	r3, [sp, #4]
 200:Core/Src/main.c ****   PeriphClkInit.AdcClockSelection = RCC_ADCPCLK2_DIV6;
 248              		.loc 1 200 3 is_stmt 1 view .LVU66
 200:Core/Src/main.c ****   PeriphClkInit.AdcClockSelection = RCC_ADCPCLK2_DIV6;
 249              		.loc 1 200 35 is_stmt 0 view .LVU67
 250 0068 4FF48073 		mov	r3, #256
 251 006c 0293     		str	r3, [sp, #8]
 201:Core/Src/main.c ****   if (HAL_RCCEx_PeriphCLKConfig(&PeriphClkInit) != HAL_OK)
 252              		.loc 1 201 3 is_stmt 1 view .LVU68
ARM GAS  C:\Users\ride_pig\AppData\Local\Temp\cc4ChH8X.s 			page 13


 201:Core/Src/main.c ****   if (HAL_RCCEx_PeriphCLKConfig(&PeriphClkInit) != HAL_OK)
 253              		.loc 1 201 35 is_stmt 0 view .LVU69
 254 006e 4FF40043 		mov	r3, #32768
 255 0072 0393     		str	r3, [sp, #12]
 202:Core/Src/main.c ****   {
 256              		.loc 1 202 3 is_stmt 1 view .LVU70
 202:Core/Src/main.c ****   {
 257              		.loc 1 202 7 is_stmt 0 view .LVU71
 258 0074 01A8     		add	r0, sp, #4
 259 0076 FFF7FEFF 		bl	HAL_RCCEx_PeriphCLKConfig
 260              	.LVL10:
 202:Core/Src/main.c ****   {
 261              		.loc 1 202 6 view .LVU72
 262 007a 48B9     		cbnz	r0, .L19
 209:Core/Src/main.c **** }
 263              		.loc 1 209 3 is_stmt 1 view .LVU73
 264 007c 054B     		ldr	r3, .L20
 265 007e 0122     		movs	r2, #1
 266 0080 1A67     		str	r2, [r3, #112]
 210:Core/Src/main.c **** 
 267              		.loc 1 210 1 is_stmt 0 view .LVU74
 268 0082 1DB0     		add	sp, sp, #116
 269              	.LCFI3:
 270              		.cfi_remember_state
 271              		.cfi_def_cfa_offset 4
 272              		@ sp needed
 273 0084 5DF804FB 		ldr	pc, [sp], #4
 274              	.L17:
 275              	.LCFI4:
 276              		.cfi_restore_state
 183:Core/Src/main.c ****   }
 277              		.loc 1 183 5 is_stmt 1 view .LVU75
 278 0088 FFF7FEFF 		bl	Error_Handler
 279              	.LVL11:
 280              	.L18:
 197:Core/Src/main.c ****   }
 281              		.loc 1 197 5 view .LVU76
 282 008c FFF7FEFF 		bl	Error_Handler
 283              	.LVL12:
 284              	.L19:
 204:Core/Src/main.c ****   }
 285              		.loc 1 204 5 view .LVU77
 286 0090 FFF7FEFF 		bl	Error_Handler
 287              	.LVL13:
 288              	.L21:
 289              		.align	2
 290              	.L20:
 291 0094 00004242 		.word	1111621632
 292              		.cfi_endproc
 293              	.LFE66:
 295              		.section	.text.main,"ax",%progbits
 296              		.align	1
 297              		.global	main
 298              		.syntax unified
 299              		.thumb
 300              		.thumb_func
 302              	main:
ARM GAS  C:\Users\ride_pig\AppData\Local\Temp\cc4ChH8X.s 			page 14


 303              	.LFB65:
  94:Core/Src/main.c ****   /* USER CODE BEGIN 1 */
 304              		.loc 1 94 1 view -0
 305              		.cfi_startproc
 306              		@ Volatile: function does not return.
 307              		@ args = 0, pretend = 0, frame = 0
 308              		@ frame_needed = 0, uses_anonymous_args = 0
 309 0000 08B5     		push	{r3, lr}
 310              	.LCFI5:
 311              		.cfi_def_cfa_offset 8
 312              		.cfi_offset 3, -8
 313              		.cfi_offset 14, -4
 102:Core/Src/main.c **** 
 314              		.loc 1 102 3 view .LVU79
 315 0002 FFF7FEFF 		bl	HAL_Init
 316              	.LVL14:
 109:Core/Src/main.c **** 
 317              		.loc 1 109 3 view .LVU80
 318 0006 FFF7FEFF 		bl	SystemClock_Config
 319              	.LVL15:
 116:Core/Src/main.c ****   MX_ADC1_Init();
 320              		.loc 1 116 3 view .LVU81
 321 000a FFF7FEFF 		bl	MX_GPIO_Init
 322              	.LVL16:
 117:Core/Src/main.c ****   MX_CAN1_Init();
 323              		.loc 1 117 3 view .LVU82
 324 000e FFF7FEFF 		bl	MX_ADC1_Init
 325              	.LVL17:
 118:Core/Src/main.c ****   MX_CAN2_Init();
 326              		.loc 1 118 3 view .LVU83
 327 0012 FFF7FEFF 		bl	MX_CAN1_Init
 328              	.LVL18:
 119:Core/Src/main.c ****   MX_RTC_Init();
 329              		.loc 1 119 3 view .LVU84
 330 0016 FFF7FEFF 		bl	MX_CAN2_Init
 331              	.LVL19:
 120:Core/Src/main.c ****   MX_SPI1_Init();
 332              		.loc 1 120 3 view .LVU85
 333 001a FFF7FEFF 		bl	MX_RTC_Init
 334              	.LVL20:
 121:Core/Src/main.c ****   MX_SPI3_Init();
 335              		.loc 1 121 3 view .LVU86
 336 001e FFF7FEFF 		bl	MX_SPI1_Init
 337              	.LVL21:
 122:Core/Src/main.c ****   MX_TIM2_Init();
 338              		.loc 1 122 3 view .LVU87
 339 0022 FFF7FEFF 		bl	MX_SPI3_Init
 340              	.LVL22:
 123:Core/Src/main.c ****   MX_TIM3_Init();
 341              		.loc 1 123 3 view .LVU88
 342 0026 FFF7FEFF 		bl	MX_TIM2_Init
 343              	.LVL23:
 124:Core/Src/main.c ****   /* USER CODE BEGIN 2 */
 344              		.loc 1 124 3 view .LVU89
 345 002a FFF7FEFF 		bl	MX_TIM3_Init
 346              	.LVL24:
 126:Core/Src/main.c **** 	HAL_TIM_Base_Start_IT(&htim2); 			//定时器2使能, 开始操作系统计时
ARM GAS  C:\Users\ride_pig\AppData\Local\Temp\cc4ChH8X.s 			page 15


 347              		.loc 1 126 2 view .LVU90
 348 002e 2348     		ldr	r0, .L25
 349 0030 FFF7FEFF 		bl	HAL_ADCEx_Calibration_Start
 350              	.LVL25:
 127:Core/Src/main.c **** 
 351              		.loc 1 127 2 view .LVU91
 352 0034 2248     		ldr	r0, .L25+4
 353 0036 FFF7FEFF 		bl	HAL_TIM_Base_Start_IT
 354              	.LVL26:
 131:Core/Src/main.c **** 	BMS_SelfTest();		//自检
 355              		.loc 1 131 2 view .LVU92
 356 003a FFF7FEFF 		bl	Data_Init
 357              	.LVL27:
 132:Core/Src/main.c **** 
 358              		.loc 1 132 2 view .LVU93
 359 003e FFF7FEFF 		bl	BMS_SelfTest
 360              	.LVL28:
 135:Core/Src/main.c ****   TaskCreate(&charge_ing_Handle, 1000, charge_ing, NULL);
 361              		.loc 1 135 3 view .LVU94
 362 0042 0023     		movs	r3, #0
 363 0044 1F4A     		ldr	r2, .L25+8
 364 0046 4FF6FF71 		movw	r1, #65535
 365 004a 1F48     		ldr	r0, .L25+12
 366 004c FFF7FEFF 		bl	TaskCreate
 367              	.LVL29:
 136:Core/Src/main.c ****   TaskCreate(&BMS_StateMachine_Handle, 50, BMS_StateMachine, NULL);
 368              		.loc 1 136 3 view .LVU95
 369 0050 0023     		movs	r3, #0
 370 0052 1E4A     		ldr	r2, .L25+16
 371 0054 4FF47A71 		mov	r1, #1000
 372 0058 1D48     		ldr	r0, .L25+20
 373 005a FFF7FEFF 		bl	TaskCreate
 374              	.LVL30:
 137:Core/Src/main.c ****   TaskCreate(&Hall_Timeout_Handle, 100, Hall_Timeout, NULL);
 375              		.loc 1 137 3 view .LVU96
 376 005e 0023     		movs	r3, #0
 377 0060 1C4A     		ldr	r2, .L25+24
 378 0062 3221     		movs	r1, #50
 379 0064 1C48     		ldr	r0, .L25+28
 380 0066 FFF7FEFF 		bl	TaskCreate
 381              	.LVL31:
 138:Core/Src/main.c ****   TaskCreate(&State_Upgrade_Handle, 100, State_Upgrade, NULL);
 382              		.loc 1 138 3 view .LVU97
 383 006a 0023     		movs	r3, #0
 384 006c 1B4A     		ldr	r2, .L25+32
 385 006e 6421     		movs	r1, #100
 386 0070 1B48     		ldr	r0, .L25+36
 387 0072 FFF7FEFF 		bl	TaskCreate
 388              	.LVL32:
 139:Core/Src/main.c ****   TaskCreate(&Slave_Measure_Handle, 200, Slave_Measure, NULL);
 389              		.loc 1 139 3 view .LVU98
 390 0076 0023     		movs	r3, #0
 391 0078 1A4A     		ldr	r2, .L25+40
 392 007a 6421     		movs	r1, #100
 393 007c 1A48     		ldr	r0, .L25+44
 394 007e FFF7FEFF 		bl	TaskCreate
 395              	.LVL33:
ARM GAS  C:\Users\ride_pig\AppData\Local\Temp\cc4ChH8X.s 			page 16


 140:Core/Src/main.c ****   TaskCreate(&OpenVol_Check_Handle, 250, OpenVol_Check, NULL);
 396              		.loc 1 140 3 view .LVU99
 397 0082 0023     		movs	r3, #0
 398 0084 194A     		ldr	r2, .L25+48
 399 0086 C821     		movs	r1, #200
 400 0088 1948     		ldr	r0, .L25+52
 401 008a FFF7FEFF 		bl	TaskCreate
 402              	.LVL34:
 141:Core/Src/main.c ****   TaskCreate(&BMS_Can_Handle, 100, BMS_Can, NULL);
 403              		.loc 1 141 3 view .LVU100
 404 008e 0023     		movs	r3, #0
 405 0090 184A     		ldr	r2, .L25+56
 406 0092 FA21     		movs	r1, #250
 407 0094 1848     		ldr	r0, .L25+60
 408 0096 FFF7FEFF 		bl	TaskCreate
 409              	.LVL35:
 142:Core/Src/main.c ****   TaskCreate(&IMD_Detect_Hanlde, 500, IMD_Detect, NULL);
 410              		.loc 1 142 3 view .LVU101
 411 009a 0023     		movs	r3, #0
 412 009c 174A     		ldr	r2, .L25+64
 413 009e 6421     		movs	r1, #100
 414 00a0 1748     		ldr	r0, .L25+68
 415 00a2 FFF7FEFF 		bl	TaskCreate
 416              	.LVL36:
 143:Core/Src/main.c ****   /* USER CODE END 2 */
 417              		.loc 1 143 3 view .LVU102
 418 00a6 0023     		movs	r3, #0
 419 00a8 164A     		ldr	r2, .L25+72
 420 00aa 4FF4FA71 		mov	r1, #500
 421 00ae 1648     		ldr	r0, .L25+76
 422 00b0 FFF7FEFF 		bl	TaskCreate
 423              	.LVL37:
 424              	.L23:
 148:Core/Src/main.c ****   {
 425              		.loc 1 148 3 discriminator 1 view .LVU103
 150:Core/Src/main.c ****     /* USER CODE END WHILE */
 426              		.loc 1 150 5 discriminator 1 view .LVU104
 427 00b4 FFF7FEFF 		bl	TaskScheduler
 428              	.LVL38:
 148:Core/Src/main.c ****   {
 429              		.loc 1 148 9 discriminator 1 view .LVU105
 430 00b8 FCE7     		b	.L23
 431              	.L26:
 432 00ba 00BF     		.align	2
 433              	.L25:
 434 00bc 00000000 		.word	hadc1
 435 00c0 00000000 		.word	htim2
 436 00c4 00000000 		.word	Precharge_Run
 437 00c8 00000000 		.word	Precharge_Run_Handle
 438 00cc 00000000 		.word	charge_ing
 439 00d0 00000000 		.word	charge_ing_Handle
 440 00d4 00000000 		.word	BMS_StateMachine
 441 00d8 00000000 		.word	BMS_StateMachine_Handle
 442 00dc 00000000 		.word	Hall_Timeout
 443 00e0 00000000 		.word	Hall_Timeout_Handle
 444 00e4 00000000 		.word	State_Upgrade
 445 00e8 00000000 		.word	State_Upgrade_Handle
ARM GAS  C:\Users\ride_pig\AppData\Local\Temp\cc4ChH8X.s 			page 17


 446 00ec 00000000 		.word	Slave_Measure
 447 00f0 00000000 		.word	Slave_Measure_Handle
 448 00f4 00000000 		.word	OpenVol_Check
 449 00f8 00000000 		.word	OpenVol_Check_Handle
 450 00fc 00000000 		.word	BMS_Can
 451 0100 00000000 		.word	BMS_Can_Handle
 452 0104 00000000 		.word	IMD_Detect
 453 0108 00000000 		.word	IMD_Detect_Hanlde
 454              		.cfi_endproc
 455              	.LFE65:
 457              		.global	adc
 458              		.global	E03
 459              		.global	Beep_mute
 460              		.section	.bss.E03,"aw",%nobits
 461              		.align	2
 464              	E03:
 465 0000 00000000 		.space	480
 465      00000000 
 465      00000000 
 465      00000000 
 465      00000000 
 466              		.section	.bss.adc,"aw",%nobits
 467              		.align	2
 470              	adc:
 471 0000 00000000 		.space	10
 471      00000000 
 471      0000
 472              		.section	.rodata.Beep_mute,"a"
 475              	Beep_mute:
 476 0000 00       		.space	1
 477              		.text
 478              	.Letext0:
 479              		.file 3 "e:\\gcc-arm-none-eabi\\arm-none-eabi\\include\\machine\\_default_types.h"
 480              		.file 4 "e:\\gcc-arm-none-eabi\\arm-none-eabi\\include\\sys\\_stdint.h"
 481              		.file 5 "Drivers/CMSIS/Device/ST/STM32F1xx/Include/stm32f105xc.h"
 482              		.file 6 "Drivers/CMSIS/Device/ST/STM32F1xx/Include/stm32f1xx.h"
 483              		.file 7 "Drivers/STM32F1xx_HAL_Driver/Inc/stm32f1xx_hal_def.h"
 484              		.file 8 "Drivers/STM32F1xx_HAL_Driver/Inc/stm32f1xx_hal_rcc.h"
 485              		.file 9 "Drivers/STM32F1xx_HAL_Driver/Inc/stm32f1xx_hal_rcc_ex.h"
 486              		.file 10 "Drivers/STM32F1xx_HAL_Driver/Inc/stm32f1xx_hal_dma.h"
 487              		.file 11 "Drivers/STM32F1xx_HAL_Driver/Inc/stm32f1xx_hal_adc.h"
 488              		.file 12 "Drivers/STM32F1xx_HAL_Driver/Inc/stm32f1xx_hal_tim.h"
 489              		.file 13 "Core/Inc/adc.h"
 490              		.file 14 "Core/Inc/tim.h"
 491              		.file 15 "Core/Inc/data-user.h"
 492              		.file 16 "Core/Inc/os-user.h"
 493              		.file 17 "Core/Inc/rtc-user.h"
 494              		.file 18 "Core/Inc/state-user.h"
 495              		.file 19 "Drivers/STM32F1xx_HAL_Driver/Inc/stm32f1xx_hal_adc_ex.h"
 496              		.file 20 "Core/Inc/spi.h"
 497              		.file 21 "Core/Inc/can.h"
 498              		.file 22 "Core/Inc/gpio.h"
 499              		.file 23 "Drivers/STM32F1xx_HAL_Driver/Inc/stm32f1xx_hal.h"
 500              		.file 24 "<built-in>"
ARM GAS  C:\Users\ride_pig\AppData\Local\Temp\cc4ChH8X.s 			page 18


DEFINED SYMBOLS
                            *ABS*:00000000 main.c
C:\Users\ride_pig\AppData\Local\Temp\cc4ChH8X.s:18     .text.HAL_GPIO_EXTI_Callback:00000000 $t
C:\Users\ride_pig\AppData\Local\Temp\cc4ChH8X.s:24     .text.HAL_GPIO_EXTI_Callback:00000000 HAL_GPIO_EXTI_Callback
C:\Users\ride_pig\AppData\Local\Temp\cc4ChH8X.s:39     .text.HAL_TIM_PeriodElapsedCallback:00000000 $t
C:\Users\ride_pig\AppData\Local\Temp\cc4ChH8X.s:45     .text.HAL_TIM_PeriodElapsedCallback:00000000 HAL_TIM_PeriodElapsedCallback
C:\Users\ride_pig\AppData\Local\Temp\cc4ChH8X.s:98     .text.HAL_TIM_PeriodElapsedCallback:00000028 $d
C:\Users\ride_pig\AppData\Local\Temp\cc4ChH8X.s:104    .text.Error_Handler:00000000 $t
C:\Users\ride_pig\AppData\Local\Temp\cc4ChH8X.s:110    .text.Error_Handler:00000000 Error_Handler
C:\Users\ride_pig\AppData\Local\Temp\cc4ChH8X.s:142    .text.SystemClock_Config:00000000 $t
C:\Users\ride_pig\AppData\Local\Temp\cc4ChH8X.s:148    .text.SystemClock_Config:00000000 SystemClock_Config
C:\Users\ride_pig\AppData\Local\Temp\cc4ChH8X.s:291    .text.SystemClock_Config:00000094 $d
C:\Users\ride_pig\AppData\Local\Temp\cc4ChH8X.s:296    .text.main:00000000 $t
C:\Users\ride_pig\AppData\Local\Temp\cc4ChH8X.s:302    .text.main:00000000 main
C:\Users\ride_pig\AppData\Local\Temp\cc4ChH8X.s:434    .text.main:000000bc $d
C:\Users\ride_pig\AppData\Local\Temp\cc4ChH8X.s:470    .bss.adc:00000000 adc
C:\Users\ride_pig\AppData\Local\Temp\cc4ChH8X.s:464    .bss.E03:00000000 E03
C:\Users\ride_pig\AppData\Local\Temp\cc4ChH8X.s:475    .rodata.Beep_mute:00000000 Beep_mute
C:\Users\ride_pig\AppData\Local\Temp\cc4ChH8X.s:461    .bss.E03:00000000 $d
C:\Users\ride_pig\AppData\Local\Temp\cc4ChH8X.s:467    .bss.adc:00000000 $d
C:\Users\ride_pig\AppData\Local\Temp\cc4ChH8X.s:476    .rodata.Beep_mute:00000000 $d

UNDEFINED SYMBOLS
TaskStatusUpdate
SOC_CAL
htim2
htim3
memset
HAL_RCC_OscConfig
HAL_RCC_ClockConfig
HAL_RCCEx_PeriphCLKConfig
HAL_Init
MX_GPIO_Init
MX_ADC1_Init
MX_CAN1_Init
MX_CAN2_Init
MX_RTC_Init
MX_SPI1_Init
MX_SPI3_Init
MX_TIM2_Init
MX_TIM3_Init
HAL_ADCEx_Calibration_Start
HAL_TIM_Base_Start_IT
Data_Init
BMS_SelfTest
TaskCreate
TaskScheduler
hadc1
Precharge_Run
Precharge_Run_Handle
charge_ing
charge_ing_Handle
BMS_StateMachine
BMS_StateMachine_Handle
Hall_Timeout
Hall_Timeout_Handle
State_Upgrade
ARM GAS  C:\Users\ride_pig\AppData\Local\Temp\cc4ChH8X.s 			page 19


State_Upgrade_Handle
Slave_Measure
Slave_Measure_Handle
OpenVol_Check
OpenVol_Check_Handle
BMS_Can
BMS_Can_Handle
IMD_Detect
IMD_Detect_Hanlde
