ARM GAS  C:\Users\ride_pig\AppData\Local\Temp\cc9spq5U.s 			page 1


   1              		.cpu cortex-m3
   2              		.arch armv7-m
   3              		.fpu softvfp
   4              		.eabi_attribute 20, 1
   5              		.eabi_attribute 21, 1
   6              		.eabi_attribute 23, 3
   7              		.eabi_attribute 24, 1
   8              		.eabi_attribute 25, 1
   9              		.eabi_attribute 26, 1
  10              		.eabi_attribute 30, 1
  11              		.eabi_attribute 34, 1
  12              		.eabi_attribute 18, 4
  13              		.file	"rtc.c"
  14              		.text
  15              	.Ltext0:
  16              		.cfi_sections	.debug_frame
  17              		.section	.text.MX_RTC_Init,"ax",%progbits
  18              		.align	1
  19              		.global	MX_RTC_Init
  20              		.syntax unified
  21              		.thumb
  22              		.thumb_func
  24              	MX_RTC_Init:
  25              	.LFB65:
  26              		.file 1 "Core/Src/rtc.c"
   1:Core/Src/rtc.c **** /* USER CODE BEGIN Header */
   2:Core/Src/rtc.c **** /**
   3:Core/Src/rtc.c ****   ******************************************************************************
   4:Core/Src/rtc.c ****   * @file    rtc.c
   5:Core/Src/rtc.c ****   * @brief   This file provides code for the configuration
   6:Core/Src/rtc.c ****   *          of the RTC instances.
   7:Core/Src/rtc.c ****   ******************************************************************************
   8:Core/Src/rtc.c ****   * @attention
   9:Core/Src/rtc.c ****   *
  10:Core/Src/rtc.c ****   * Copyright (c) 2023 STMicroelectronics.
  11:Core/Src/rtc.c ****   * All rights reserved.
  12:Core/Src/rtc.c ****   *
  13:Core/Src/rtc.c ****   * This software is licensed under terms that can be found in the LICENSE file
  14:Core/Src/rtc.c ****   * in the root directory of this software component.
  15:Core/Src/rtc.c ****   * If no LICENSE file comes with this software, it is provided AS-IS.
  16:Core/Src/rtc.c ****   *
  17:Core/Src/rtc.c ****   ******************************************************************************
  18:Core/Src/rtc.c ****   */
  19:Core/Src/rtc.c **** /* USER CODE END Header */
  20:Core/Src/rtc.c **** /* Includes ------------------------------------------------------------------*/
  21:Core/Src/rtc.c **** #include "rtc.h"
  22:Core/Src/rtc.c **** 
  23:Core/Src/rtc.c **** /* USER CODE BEGIN 0 */
  24:Core/Src/rtc.c **** 
  25:Core/Src/rtc.c **** /* USER CODE END 0 */
  26:Core/Src/rtc.c **** 
  27:Core/Src/rtc.c **** RTC_HandleTypeDef hrtc;
  28:Core/Src/rtc.c **** 
  29:Core/Src/rtc.c **** /* RTC init function */
  30:Core/Src/rtc.c **** void MX_RTC_Init(void)
  31:Core/Src/rtc.c **** {
  27              		.loc 1 31 1 view -0
ARM GAS  C:\Users\ride_pig\AppData\Local\Temp\cc9spq5U.s 			page 2


  28              		.cfi_startproc
  29              		@ args = 0, pretend = 0, frame = 8
  30              		@ frame_needed = 0, uses_anonymous_args = 0
  31 0000 00B5     		push	{lr}
  32              	.LCFI0:
  33              		.cfi_def_cfa_offset 4
  34              		.cfi_offset 14, -4
  35 0002 83B0     		sub	sp, sp, #12
  36              	.LCFI1:
  37              		.cfi_def_cfa_offset 16
  32:Core/Src/rtc.c **** 
  33:Core/Src/rtc.c ****   /* USER CODE BEGIN RTC_Init 0 */
  34:Core/Src/rtc.c **** 
  35:Core/Src/rtc.c ****   /* USER CODE END RTC_Init 0 */
  36:Core/Src/rtc.c **** 
  37:Core/Src/rtc.c ****   RTC_TimeTypeDef sTime = {0};
  38              		.loc 1 37 3 view .LVU1
  39              		.loc 1 37 19 is_stmt 0 view .LVU2
  40 0004 0023     		movs	r3, #0
  41 0006 ADF80430 		strh	r3, [sp, #4]	@ movhi
  42 000a 8DF80630 		strb	r3, [sp, #6]
  38:Core/Src/rtc.c ****   RTC_DateTypeDef DateToUpdate = {0};
  43              		.loc 1 38 3 is_stmt 1 view .LVU3
  44              		.loc 1 38 19 is_stmt 0 view .LVU4
  45 000e 0093     		str	r3, [sp]
  39:Core/Src/rtc.c **** 
  40:Core/Src/rtc.c ****   /* USER CODE BEGIN RTC_Init 1 */
  41:Core/Src/rtc.c **** 
  42:Core/Src/rtc.c ****   /* USER CODE END RTC_Init 1 */
  43:Core/Src/rtc.c **** 
  44:Core/Src/rtc.c ****   /** Initialize RTC Only
  45:Core/Src/rtc.c ****   */
  46:Core/Src/rtc.c ****   hrtc.Instance = RTC;
  46              		.loc 1 46 3 is_stmt 1 view .LVU5
  47              		.loc 1 46 17 is_stmt 0 view .LVU6
  48 0010 1F48     		ldr	r0, .L11
  49 0012 204B     		ldr	r3, .L11+4
  50 0014 0360     		str	r3, [r0]
  47:Core/Src/rtc.c ****   hrtc.Init.AsynchPrediv = RTC_AUTO_1_SECOND;
  51              		.loc 1 47 3 is_stmt 1 view .LVU7
  52              		.loc 1 47 26 is_stmt 0 view .LVU8
  53 0016 4FF0FF33 		mov	r3, #-1
  54 001a 4360     		str	r3, [r0, #4]
  48:Core/Src/rtc.c ****   hrtc.Init.OutPut = RTC_OUTPUTSOURCE_ALARM;
  55              		.loc 1 48 3 is_stmt 1 view .LVU9
  56              		.loc 1 48 20 is_stmt 0 view .LVU10
  57 001c 4FF48073 		mov	r3, #256
  58 0020 8360     		str	r3, [r0, #8]
  49:Core/Src/rtc.c ****   if (HAL_RTC_Init(&hrtc) != HAL_OK)
  59              		.loc 1 49 3 is_stmt 1 view .LVU11
  60              		.loc 1 49 7 is_stmt 0 view .LVU12
  61 0022 FFF7FEFF 		bl	HAL_RTC_Init
  62              	.LVL0:
  63              		.loc 1 49 6 view .LVU13
  64 0026 48BB     		cbnz	r0, .L8
  65              	.L2:
  50:Core/Src/rtc.c ****   {
ARM GAS  C:\Users\ride_pig\AppData\Local\Temp\cc9spq5U.s 			page 3


  51:Core/Src/rtc.c ****     Error_Handler();
  52:Core/Src/rtc.c ****   }
  53:Core/Src/rtc.c **** 
  54:Core/Src/rtc.c ****   /* USER CODE BEGIN Check_RTC_BKUP */
  55:Core/Src/rtc.c ****   if(HAL_RTCEx_BKUPRead(&hrtc,RTC_BKP_DR1) == 1){
  66              		.loc 1 55 3 is_stmt 1 view .LVU14
  67              		.loc 1 55 6 is_stmt 0 view .LVU15
  68 0028 0121     		movs	r1, #1
  69 002a 1948     		ldr	r0, .L11
  70 002c FFF7FEFF 		bl	HAL_RTCEx_BKUPRead
  71              	.LVL1:
  72              		.loc 1 55 5 view .LVU16
  73 0030 0128     		cmp	r0, #1
  74 0032 20D0     		beq	.L1
  56:Core/Src/rtc.c **** 		return;
  57:Core/Src/rtc.c **** 	}
  58:Core/Src/rtc.c ****   
  59:Core/Src/rtc.c ****   /* USER CODE END Check_RTC_BKUP */
  60:Core/Src/rtc.c **** 
  61:Core/Src/rtc.c ****   /** Initialize RTC and set the Time and Date
  62:Core/Src/rtc.c ****   */
  63:Core/Src/rtc.c ****   sTime.Hours = 0x15;
  75              		.loc 1 63 3 is_stmt 1 view .LVU17
  76              		.loc 1 63 15 is_stmt 0 view .LVU18
  77 0034 1523     		movs	r3, #21
  78 0036 8DF80430 		strb	r3, [sp, #4]
  64:Core/Src/rtc.c ****   sTime.Minutes = 0x29;
  79              		.loc 1 64 3 is_stmt 1 view .LVU19
  80              		.loc 1 64 17 is_stmt 0 view .LVU20
  81 003a 2923     		movs	r3, #41
  82 003c 8DF80530 		strb	r3, [sp, #5]
  65:Core/Src/rtc.c ****   sTime.Seconds = 0x0;
  83              		.loc 1 65 3 is_stmt 1 view .LVU21
  84              		.loc 1 65 17 is_stmt 0 view .LVU22
  85 0040 0023     		movs	r3, #0
  86 0042 8DF80630 		strb	r3, [sp, #6]
  66:Core/Src/rtc.c **** 
  67:Core/Src/rtc.c ****   if (HAL_RTC_SetTime(&hrtc, &sTime, RTC_FORMAT_BCD) != HAL_OK)
  87              		.loc 1 67 3 is_stmt 1 view .LVU23
  88              		.loc 1 67 7 is_stmt 0 view .LVU24
  89 0046 0122     		movs	r2, #1
  90 0048 01A9     		add	r1, sp, #4
  91 004a 1148     		ldr	r0, .L11
  92 004c FFF7FEFF 		bl	HAL_RTC_SetTime
  93              	.LVL2:
  94              		.loc 1 67 6 view .LVU25
  95 0050 B8B9     		cbnz	r0, .L9
  96              	.L5:
  68:Core/Src/rtc.c ****   {
  69:Core/Src/rtc.c ****     Error_Handler();
  70:Core/Src/rtc.c ****   }
  71:Core/Src/rtc.c ****   DateToUpdate.WeekDay = RTC_WEEKDAY_THURSDAY;
  97              		.loc 1 71 3 is_stmt 1 view .LVU26
  98              		.loc 1 71 24 is_stmt 0 view .LVU27
  99 0052 0423     		movs	r3, #4
 100 0054 8DF80030 		strb	r3, [sp]
  72:Core/Src/rtc.c ****   DateToUpdate.Month = RTC_MONTH_JULY;
ARM GAS  C:\Users\ride_pig\AppData\Local\Temp\cc9spq5U.s 			page 4


 101              		.loc 1 72 3 is_stmt 1 view .LVU28
 102              		.loc 1 72 22 is_stmt 0 view .LVU29
 103 0058 0723     		movs	r3, #7
 104 005a 8DF80130 		strb	r3, [sp, #1]
  73:Core/Src/rtc.c ****   DateToUpdate.Date = 0x28;
 105              		.loc 1 73 3 is_stmt 1 view .LVU30
 106              		.loc 1 73 21 is_stmt 0 view .LVU31
 107 005e 2823     		movs	r3, #40
 108 0060 8DF80230 		strb	r3, [sp, #2]
  74:Core/Src/rtc.c ****   DateToUpdate.Year = 0x22;
 109              		.loc 1 74 3 is_stmt 1 view .LVU32
 110              		.loc 1 74 21 is_stmt 0 view .LVU33
 111 0064 2223     		movs	r3, #34
 112 0066 8DF80330 		strb	r3, [sp, #3]
  75:Core/Src/rtc.c **** 
  76:Core/Src/rtc.c ****   if (HAL_RTC_SetDate(&hrtc, &DateToUpdate, RTC_FORMAT_BCD) != HAL_OK)
 113              		.loc 1 76 3 is_stmt 1 view .LVU34
 114              		.loc 1 76 7 is_stmt 0 view .LVU35
 115 006a 0122     		movs	r2, #1
 116 006c 6946     		mov	r1, sp
 117 006e 0848     		ldr	r0, .L11
 118 0070 FFF7FEFF 		bl	HAL_RTC_SetDate
 119              	.LVL3:
 120              		.loc 1 76 6 view .LVU36
 121 0074 40B9     		cbnz	r0, .L10
 122              	.L1:
  77:Core/Src/rtc.c ****   {
  78:Core/Src/rtc.c ****     Error_Handler();
  79:Core/Src/rtc.c ****   }
  80:Core/Src/rtc.c ****   /* USER CODE BEGIN RTC_Init 2 */
  81:Core/Src/rtc.c **** 
  82:Core/Src/rtc.c ****   /* USER CODE END RTC_Init 2 */
  83:Core/Src/rtc.c **** 
  84:Core/Src/rtc.c **** }
 123              		.loc 1 84 1 view .LVU37
 124 0076 03B0     		add	sp, sp, #12
 125              	.LCFI2:
 126              		.cfi_remember_state
 127              		.cfi_def_cfa_offset 4
 128              		@ sp needed
 129 0078 5DF804FB 		ldr	pc, [sp], #4
 130              	.L8:
 131              	.LCFI3:
 132              		.cfi_restore_state
  51:Core/Src/rtc.c ****   }
 133              		.loc 1 51 5 is_stmt 1 view .LVU38
 134 007c FFF7FEFF 		bl	Error_Handler
 135              	.LVL4:
 136 0080 D2E7     		b	.L2
 137              	.L9:
  69:Core/Src/rtc.c ****   }
 138              		.loc 1 69 5 view .LVU39
 139 0082 FFF7FEFF 		bl	Error_Handler
 140              	.LVL5:
 141 0086 E4E7     		b	.L5
 142              	.L10:
  78:Core/Src/rtc.c ****   }
ARM GAS  C:\Users\ride_pig\AppData\Local\Temp\cc9spq5U.s 			page 5


 143              		.loc 1 78 5 view .LVU40
 144 0088 FFF7FEFF 		bl	Error_Handler
 145              	.LVL6:
 146 008c F3E7     		b	.L1
 147              	.L12:
 148 008e 00BF     		.align	2
 149              	.L11:
 150 0090 00000000 		.word	.LANCHOR0
 151 0094 00280040 		.word	1073752064
 152              		.cfi_endproc
 153              	.LFE65:
 155              		.section	.text.HAL_RTC_MspInit,"ax",%progbits
 156              		.align	1
 157              		.global	HAL_RTC_MspInit
 158              		.syntax unified
 159              		.thumb
 160              		.thumb_func
 162              	HAL_RTC_MspInit:
 163              	.LVL7:
 164              	.LFB66:
  85:Core/Src/rtc.c **** 
  86:Core/Src/rtc.c **** void HAL_RTC_MspInit(RTC_HandleTypeDef* rtcHandle)
  87:Core/Src/rtc.c **** {
 165              		.loc 1 87 1 view -0
 166              		.cfi_startproc
 167              		@ args = 0, pretend = 0, frame = 8
 168              		@ frame_needed = 0, uses_anonymous_args = 0
  88:Core/Src/rtc.c **** 
  89:Core/Src/rtc.c ****   if(rtcHandle->Instance==RTC)
 169              		.loc 1 89 3 view .LVU42
 170              		.loc 1 89 15 is_stmt 0 view .LVU43
 171 0000 0268     		ldr	r2, [r0]
 172              		.loc 1 89 5 view .LVU44
 173 0002 0C4B     		ldr	r3, .L20
 174 0004 9A42     		cmp	r2, r3
 175 0006 00D0     		beq	.L19
 176 0008 7047     		bx	lr
 177              	.L19:
  87:Core/Src/rtc.c **** 
 178              		.loc 1 87 1 view .LVU45
 179 000a 00B5     		push	{lr}
 180              	.LCFI4:
 181              		.cfi_def_cfa_offset 4
 182              		.cfi_offset 14, -4
 183 000c 83B0     		sub	sp, sp, #12
 184              	.LCFI5:
 185              		.cfi_def_cfa_offset 16
  90:Core/Src/rtc.c ****   {
  91:Core/Src/rtc.c ****   /* USER CODE BEGIN RTC_MspInit 0 */
  92:Core/Src/rtc.c **** 
  93:Core/Src/rtc.c ****   /* USER CODE END RTC_MspInit 0 */
  94:Core/Src/rtc.c ****     HAL_PWR_EnableBkUpAccess();
 186              		.loc 1 94 5 is_stmt 1 view .LVU46
 187 000e FFF7FEFF 		bl	HAL_PWR_EnableBkUpAccess
 188              	.LVL8:
  95:Core/Src/rtc.c ****     /* Enable BKP CLK enable for backup registers */
  96:Core/Src/rtc.c ****     __HAL_RCC_BKP_CLK_ENABLE();
ARM GAS  C:\Users\ride_pig\AppData\Local\Temp\cc9spq5U.s 			page 6


 189              		.loc 1 96 5 view .LVU47
 190              	.LBB2:
 191              		.loc 1 96 5 view .LVU48
 192              		.loc 1 96 5 view .LVU49
 193 0012 094B     		ldr	r3, .L20+4
 194 0014 DA69     		ldr	r2, [r3, #28]
 195 0016 42F00062 		orr	r2, r2, #134217728
 196 001a DA61     		str	r2, [r3, #28]
 197              		.loc 1 96 5 view .LVU50
 198 001c DB69     		ldr	r3, [r3, #28]
 199 001e 03F00063 		and	r3, r3, #134217728
 200 0022 0193     		str	r3, [sp, #4]
 201              		.loc 1 96 5 view .LVU51
 202 0024 019B     		ldr	r3, [sp, #4]
 203              	.LBE2:
 204              		.loc 1 96 5 view .LVU52
  97:Core/Src/rtc.c ****     /* RTC clock enable */
  98:Core/Src/rtc.c ****     __HAL_RCC_RTC_ENABLE();
 205              		.loc 1 98 5 view .LVU53
 206 0026 054B     		ldr	r3, .L20+8
 207 0028 0122     		movs	r2, #1
 208 002a C3F83C24 		str	r2, [r3, #1084]
  99:Core/Src/rtc.c ****   /* USER CODE BEGIN RTC_MspInit 1 */
 100:Core/Src/rtc.c **** 
 101:Core/Src/rtc.c ****   /* USER CODE END RTC_MspInit 1 */
 102:Core/Src/rtc.c ****   }
 103:Core/Src/rtc.c **** }
 209              		.loc 1 103 1 is_stmt 0 view .LVU54
 210 002e 03B0     		add	sp, sp, #12
 211              	.LCFI6:
 212              		.cfi_def_cfa_offset 4
 213              		@ sp needed
 214 0030 5DF804FB 		ldr	pc, [sp], #4
 215              	.L21:
 216              		.align	2
 217              	.L20:
 218 0034 00280040 		.word	1073752064
 219 0038 00100240 		.word	1073876992
 220 003c 00004242 		.word	1111621632
 221              		.cfi_endproc
 222              	.LFE66:
 224              		.section	.text.HAL_RTC_MspDeInit,"ax",%progbits
 225              		.align	1
 226              		.global	HAL_RTC_MspDeInit
 227              		.syntax unified
 228              		.thumb
 229              		.thumb_func
 231              	HAL_RTC_MspDeInit:
 232              	.LVL9:
 233              	.LFB67:
 104:Core/Src/rtc.c **** 
 105:Core/Src/rtc.c **** void HAL_RTC_MspDeInit(RTC_HandleTypeDef* rtcHandle)
 106:Core/Src/rtc.c **** {
 234              		.loc 1 106 1 is_stmt 1 view -0
 235              		.cfi_startproc
 236              		@ args = 0, pretend = 0, frame = 0
 237              		@ frame_needed = 0, uses_anonymous_args = 0
ARM GAS  C:\Users\ride_pig\AppData\Local\Temp\cc9spq5U.s 			page 7


 238              		@ link register save eliminated.
 107:Core/Src/rtc.c **** 
 108:Core/Src/rtc.c ****   if(rtcHandle->Instance==RTC)
 239              		.loc 1 108 3 view .LVU56
 240              		.loc 1 108 15 is_stmt 0 view .LVU57
 241 0000 0268     		ldr	r2, [r0]
 242              		.loc 1 108 5 view .LVU58
 243 0002 044B     		ldr	r3, .L25
 244 0004 9A42     		cmp	r2, r3
 245 0006 00D0     		beq	.L24
 246              	.L22:
 109:Core/Src/rtc.c ****   {
 110:Core/Src/rtc.c ****   /* USER CODE BEGIN RTC_MspDeInit 0 */
 111:Core/Src/rtc.c **** 
 112:Core/Src/rtc.c ****   /* USER CODE END RTC_MspDeInit 0 */
 113:Core/Src/rtc.c ****     /* Peripheral clock disable */
 114:Core/Src/rtc.c ****     __HAL_RCC_RTC_DISABLE();
 115:Core/Src/rtc.c ****   /* USER CODE BEGIN RTC_MspDeInit 1 */
 116:Core/Src/rtc.c **** 
 117:Core/Src/rtc.c ****   /* USER CODE END RTC_MspDeInit 1 */
 118:Core/Src/rtc.c ****   }
 119:Core/Src/rtc.c **** }
 247              		.loc 1 119 1 view .LVU59
 248 0008 7047     		bx	lr
 249              	.L24:
 114:Core/Src/rtc.c ****   /* USER CODE BEGIN RTC_MspDeInit 1 */
 250              		.loc 1 114 5 is_stmt 1 view .LVU60
 251 000a 034B     		ldr	r3, .L25+4
 252 000c 0022     		movs	r2, #0
 253 000e C3F83C24 		str	r2, [r3, #1084]
 254              		.loc 1 119 1 is_stmt 0 view .LVU61
 255 0012 F9E7     		b	.L22
 256              	.L26:
 257              		.align	2
 258              	.L25:
 259 0014 00280040 		.word	1073752064
 260 0018 00004242 		.word	1111621632
 261              		.cfi_endproc
 262              	.LFE67:
 264              		.global	hrtc
 265              		.section	.bss.hrtc,"aw",%nobits
 266              		.align	2
 267              		.set	.LANCHOR0,. + 0
 270              	hrtc:
 271 0000 00000000 		.space	20
 271      00000000 
 271      00000000 
 271      00000000 
 271      00000000 
 272              		.text
 273              	.Letext0:
 274              		.file 2 "e:\\gcc-arm-none-eabi\\arm-none-eabi\\include\\machine\\_default_types.h"
 275              		.file 3 "e:\\gcc-arm-none-eabi\\arm-none-eabi\\include\\sys\\_stdint.h"
 276              		.file 4 "Drivers/CMSIS/Device/ST/STM32F1xx/Include/stm32f105xc.h"
 277              		.file 5 "Drivers/CMSIS/Device/ST/STM32F1xx/Include/stm32f1xx.h"
 278              		.file 6 "Drivers/STM32F1xx_HAL_Driver/Inc/stm32f1xx_hal_def.h"
 279              		.file 7 "Drivers/STM32F1xx_HAL_Driver/Inc/stm32f1xx_hal_rtc.h"
ARM GAS  C:\Users\ride_pig\AppData\Local\Temp\cc9spq5U.s 			page 8


 280              		.file 8 "Drivers/STM32F1xx_HAL_Driver/Inc/stm32f1xx_hal_rtc_ex.h"
 281              		.file 9 "Drivers/STM32F1xx_HAL_Driver/Inc/stm32f1xx_hal_pwr.h"
 282              		.file 10 "Core/Inc/main.h"
 283              		.file 11 "Core/Inc/rtc.h"
ARM GAS  C:\Users\ride_pig\AppData\Local\Temp\cc9spq5U.s 			page 9


DEFINED SYMBOLS
                            *ABS*:00000000 rtc.c
C:\Users\ride_pig\AppData\Local\Temp\cc9spq5U.s:18     .text.MX_RTC_Init:00000000 $t
C:\Users\ride_pig\AppData\Local\Temp\cc9spq5U.s:24     .text.MX_RTC_Init:00000000 MX_RTC_Init
C:\Users\ride_pig\AppData\Local\Temp\cc9spq5U.s:150    .text.MX_RTC_Init:00000090 $d
C:\Users\ride_pig\AppData\Local\Temp\cc9spq5U.s:156    .text.HAL_RTC_MspInit:00000000 $t
C:\Users\ride_pig\AppData\Local\Temp\cc9spq5U.s:162    .text.HAL_RTC_MspInit:00000000 HAL_RTC_MspInit
C:\Users\ride_pig\AppData\Local\Temp\cc9spq5U.s:218    .text.HAL_RTC_MspInit:00000034 $d
C:\Users\ride_pig\AppData\Local\Temp\cc9spq5U.s:225    .text.HAL_RTC_MspDeInit:00000000 $t
C:\Users\ride_pig\AppData\Local\Temp\cc9spq5U.s:231    .text.HAL_RTC_MspDeInit:00000000 HAL_RTC_MspDeInit
C:\Users\ride_pig\AppData\Local\Temp\cc9spq5U.s:259    .text.HAL_RTC_MspDeInit:00000014 $d
C:\Users\ride_pig\AppData\Local\Temp\cc9spq5U.s:270    .bss.hrtc:00000000 hrtc
C:\Users\ride_pig\AppData\Local\Temp\cc9spq5U.s:266    .bss.hrtc:00000000 $d

UNDEFINED SYMBOLS
HAL_RTC_Init
HAL_RTCEx_BKUPRead
HAL_RTC_SetTime
HAL_RTC_SetDate
Error_Handler
HAL_PWR_EnableBkUpAccess
