ARM GAS  C:\Users\ride_pig\AppData\Local\Temp\ccbQXdBX.s 			page 1


   1              		.cpu cortex-m3
   2              		.arch armv7-m
   3              		.fpu softvfp
   4              		.eabi_attribute 20, 1
   5              		.eabi_attribute 21, 1
   6              		.eabi_attribute 23, 3
   7              		.eabi_attribute 24, 1
   8              		.eabi_attribute 25, 1
   9              		.eabi_attribute 26, 1
  10              		.eabi_attribute 30, 1
  11              		.eabi_attribute 34, 1
  12              		.eabi_attribute 18, 4
  13              		.file	"spi.c"
  14              		.text
  15              	.Ltext0:
  16              		.cfi_sections	.debug_frame
  17              		.section	.text.MX_SPI1_Init,"ax",%progbits
  18              		.align	1
  19              		.global	MX_SPI1_Init
  20              		.syntax unified
  21              		.thumb
  22              		.thumb_func
  24              	MX_SPI1_Init:
  25              	.LFB65:
  26              		.file 1 "Core/Src/spi.c"
   1:Core/Src/spi.c **** /* USER CODE BEGIN Header */
   2:Core/Src/spi.c **** /**
   3:Core/Src/spi.c ****   ******************************************************************************
   4:Core/Src/spi.c ****   * @file    spi.c
   5:Core/Src/spi.c ****   * @brief   This file provides code for the configuration
   6:Core/Src/spi.c ****   *          of the SPI instances.
   7:Core/Src/spi.c ****   ******************************************************************************
   8:Core/Src/spi.c ****   * @attention
   9:Core/Src/spi.c ****   *
  10:Core/Src/spi.c ****   * Copyright (c) 2023 STMicroelectronics.
  11:Core/Src/spi.c ****   * All rights reserved.
  12:Core/Src/spi.c ****   *
  13:Core/Src/spi.c ****   * This software is licensed under terms that can be found in the LICENSE file
  14:Core/Src/spi.c ****   * in the root directory of this software component.
  15:Core/Src/spi.c ****   * If no LICENSE file comes with this software, it is provided AS-IS.
  16:Core/Src/spi.c ****   *
  17:Core/Src/spi.c ****   ******************************************************************************
  18:Core/Src/spi.c ****   */
  19:Core/Src/spi.c **** /* USER CODE END Header */
  20:Core/Src/spi.c **** /* Includes ------------------------------------------------------------------*/
  21:Core/Src/spi.c **** #include "spi.h"
  22:Core/Src/spi.c **** 
  23:Core/Src/spi.c **** /* USER CODE BEGIN 0 */
  24:Core/Src/spi.c **** 
  25:Core/Src/spi.c **** /* USER CODE END 0 */
  26:Core/Src/spi.c **** 
  27:Core/Src/spi.c **** SPI_HandleTypeDef hspi1;
  28:Core/Src/spi.c **** SPI_HandleTypeDef hspi3;
  29:Core/Src/spi.c **** 
  30:Core/Src/spi.c **** /* SPI1 init function */
  31:Core/Src/spi.c **** void MX_SPI1_Init(void)
  32:Core/Src/spi.c **** {
ARM GAS  C:\Users\ride_pig\AppData\Local\Temp\ccbQXdBX.s 			page 2


  27              		.loc 1 32 1 view -0
  28              		.cfi_startproc
  29              		@ args = 0, pretend = 0, frame = 0
  30              		@ frame_needed = 0, uses_anonymous_args = 0
  31 0000 08B5     		push	{r3, lr}
  32              	.LCFI0:
  33              		.cfi_def_cfa_offset 8
  34              		.cfi_offset 3, -8
  35              		.cfi_offset 14, -4
  33:Core/Src/spi.c **** 
  34:Core/Src/spi.c ****   /* USER CODE BEGIN SPI1_Init 0 */
  35:Core/Src/spi.c **** 
  36:Core/Src/spi.c ****   /* USER CODE END SPI1_Init 0 */
  37:Core/Src/spi.c **** 
  38:Core/Src/spi.c ****   /* USER CODE BEGIN SPI1_Init 1 */
  39:Core/Src/spi.c **** 
  40:Core/Src/spi.c ****   /* USER CODE END SPI1_Init 1 */
  41:Core/Src/spi.c ****   hspi1.Instance = SPI1;
  36              		.loc 1 41 3 view .LVU1
  37              		.loc 1 41 18 is_stmt 0 view .LVU2
  38 0002 0F48     		ldr	r0, .L5
  39 0004 0F4B     		ldr	r3, .L5+4
  40 0006 0360     		str	r3, [r0]
  42:Core/Src/spi.c ****   hspi1.Init.Mode = SPI_MODE_MASTER;
  41              		.loc 1 42 3 is_stmt 1 view .LVU3
  42              		.loc 1 42 19 is_stmt 0 view .LVU4
  43 0008 4FF48273 		mov	r3, #260
  44 000c 4360     		str	r3, [r0, #4]
  43:Core/Src/spi.c ****   hspi1.Init.Direction = SPI_DIRECTION_2LINES;
  45              		.loc 1 43 3 is_stmt 1 view .LVU5
  46              		.loc 1 43 24 is_stmt 0 view .LVU6
  47 000e 0023     		movs	r3, #0
  48 0010 8360     		str	r3, [r0, #8]
  44:Core/Src/spi.c ****   hspi1.Init.DataSize = SPI_DATASIZE_8BIT;
  49              		.loc 1 44 3 is_stmt 1 view .LVU7
  50              		.loc 1 44 23 is_stmt 0 view .LVU8
  51 0012 C360     		str	r3, [r0, #12]
  45:Core/Src/spi.c ****   hspi1.Init.CLKPolarity = SPI_POLARITY_HIGH;
  52              		.loc 1 45 3 is_stmt 1 view .LVU9
  53              		.loc 1 45 26 is_stmt 0 view .LVU10
  54 0014 0222     		movs	r2, #2
  55 0016 0261     		str	r2, [r0, #16]
  46:Core/Src/spi.c ****   hspi1.Init.CLKPhase = SPI_PHASE_2EDGE;
  56              		.loc 1 46 3 is_stmt 1 view .LVU11
  57              		.loc 1 46 23 is_stmt 0 view .LVU12
  58 0018 0122     		movs	r2, #1
  59 001a 4261     		str	r2, [r0, #20]
  47:Core/Src/spi.c ****   hspi1.Init.NSS = SPI_NSS_SOFT;
  60              		.loc 1 47 3 is_stmt 1 view .LVU13
  61              		.loc 1 47 18 is_stmt 0 view .LVU14
  62 001c 4FF40072 		mov	r2, #512
  63 0020 8261     		str	r2, [r0, #24]
  48:Core/Src/spi.c ****   hspi1.Init.BaudRatePrescaler = SPI_BAUDRATEPRESCALER_64;
  64              		.loc 1 48 3 is_stmt 1 view .LVU15
  65              		.loc 1 48 32 is_stmt 0 view .LVU16
  66 0022 2822     		movs	r2, #40
  67 0024 C261     		str	r2, [r0, #28]
ARM GAS  C:\Users\ride_pig\AppData\Local\Temp\ccbQXdBX.s 			page 3


  49:Core/Src/spi.c ****   hspi1.Init.FirstBit = SPI_FIRSTBIT_MSB;
  68              		.loc 1 49 3 is_stmt 1 view .LVU17
  69              		.loc 1 49 23 is_stmt 0 view .LVU18
  70 0026 0362     		str	r3, [r0, #32]
  50:Core/Src/spi.c ****   hspi1.Init.TIMode = SPI_TIMODE_DISABLE;
  71              		.loc 1 50 3 is_stmt 1 view .LVU19
  72              		.loc 1 50 21 is_stmt 0 view .LVU20
  73 0028 4362     		str	r3, [r0, #36]
  51:Core/Src/spi.c ****   hspi1.Init.CRCCalculation = SPI_CRCCALCULATION_DISABLE;
  74              		.loc 1 51 3 is_stmt 1 view .LVU21
  75              		.loc 1 51 29 is_stmt 0 view .LVU22
  76 002a 8362     		str	r3, [r0, #40]
  52:Core/Src/spi.c ****   hspi1.Init.CRCPolynomial = 10;
  77              		.loc 1 52 3 is_stmt 1 view .LVU23
  78              		.loc 1 52 28 is_stmt 0 view .LVU24
  79 002c 0A23     		movs	r3, #10
  80 002e C362     		str	r3, [r0, #44]
  53:Core/Src/spi.c ****   if (HAL_SPI_Init(&hspi1) != HAL_OK)
  81              		.loc 1 53 3 is_stmt 1 view .LVU25
  82              		.loc 1 53 7 is_stmt 0 view .LVU26
  83 0030 FFF7FEFF 		bl	HAL_SPI_Init
  84              	.LVL0:
  85              		.loc 1 53 6 view .LVU27
  86 0034 00B9     		cbnz	r0, .L4
  87              	.L1:
  54:Core/Src/spi.c ****   {
  55:Core/Src/spi.c ****     Error_Handler();
  56:Core/Src/spi.c ****   }
  57:Core/Src/spi.c ****   /* USER CODE BEGIN SPI1_Init 2 */
  58:Core/Src/spi.c **** 
  59:Core/Src/spi.c ****   /* USER CODE END SPI1_Init 2 */
  60:Core/Src/spi.c **** 
  61:Core/Src/spi.c **** }
  88              		.loc 1 61 1 view .LVU28
  89 0036 08BD     		pop	{r3, pc}
  90              	.L4:
  55:Core/Src/spi.c ****   }
  91              		.loc 1 55 5 is_stmt 1 view .LVU29
  92 0038 FFF7FEFF 		bl	Error_Handler
  93              	.LVL1:
  94              		.loc 1 61 1 is_stmt 0 view .LVU30
  95 003c FBE7     		b	.L1
  96              	.L6:
  97 003e 00BF     		.align	2
  98              	.L5:
  99 0040 00000000 		.word	.LANCHOR0
 100 0044 00300140 		.word	1073819648
 101              		.cfi_endproc
 102              	.LFE65:
 104              		.section	.text.MX_SPI3_Init,"ax",%progbits
 105              		.align	1
 106              		.global	MX_SPI3_Init
 107              		.syntax unified
 108              		.thumb
 109              		.thumb_func
 111              	MX_SPI3_Init:
 112              	.LFB66:
ARM GAS  C:\Users\ride_pig\AppData\Local\Temp\ccbQXdBX.s 			page 4


  62:Core/Src/spi.c **** /* SPI3 init function */
  63:Core/Src/spi.c **** void MX_SPI3_Init(void)
  64:Core/Src/spi.c **** {
 113              		.loc 1 64 1 is_stmt 1 view -0
 114              		.cfi_startproc
 115              		@ args = 0, pretend = 0, frame = 0
 116              		@ frame_needed = 0, uses_anonymous_args = 0
 117 0000 08B5     		push	{r3, lr}
 118              	.LCFI1:
 119              		.cfi_def_cfa_offset 8
 120              		.cfi_offset 3, -8
 121              		.cfi_offset 14, -4
  65:Core/Src/spi.c **** 
  66:Core/Src/spi.c ****   /* USER CODE BEGIN SPI3_Init 0 */
  67:Core/Src/spi.c **** 
  68:Core/Src/spi.c ****   /* USER CODE END SPI3_Init 0 */
  69:Core/Src/spi.c **** 
  70:Core/Src/spi.c ****   /* USER CODE BEGIN SPI3_Init 1 */
  71:Core/Src/spi.c **** 
  72:Core/Src/spi.c ****   /* USER CODE END SPI3_Init 1 */
  73:Core/Src/spi.c ****   hspi3.Instance = SPI3;
 122              		.loc 1 73 3 view .LVU32
 123              		.loc 1 73 18 is_stmt 0 view .LVU33
 124 0002 0E48     		ldr	r0, .L11
 125 0004 0E4B     		ldr	r3, .L11+4
 126 0006 0360     		str	r3, [r0]
  74:Core/Src/spi.c ****   hspi3.Init.Mode = SPI_MODE_MASTER;
 127              		.loc 1 74 3 is_stmt 1 view .LVU34
 128              		.loc 1 74 19 is_stmt 0 view .LVU35
 129 0008 4FF48273 		mov	r3, #260
 130 000c 4360     		str	r3, [r0, #4]
  75:Core/Src/spi.c ****   hspi3.Init.Direction = SPI_DIRECTION_2LINES;
 131              		.loc 1 75 3 is_stmt 1 view .LVU36
 132              		.loc 1 75 24 is_stmt 0 view .LVU37
 133 000e 0023     		movs	r3, #0
 134 0010 8360     		str	r3, [r0, #8]
  76:Core/Src/spi.c ****   hspi3.Init.DataSize = SPI_DATASIZE_8BIT;
 135              		.loc 1 76 3 is_stmt 1 view .LVU38
 136              		.loc 1 76 23 is_stmt 0 view .LVU39
 137 0012 C360     		str	r3, [r0, #12]
  77:Core/Src/spi.c ****   hspi3.Init.CLKPolarity = SPI_POLARITY_LOW;
 138              		.loc 1 77 3 is_stmt 1 view .LVU40
 139              		.loc 1 77 26 is_stmt 0 view .LVU41
 140 0014 0361     		str	r3, [r0, #16]
  78:Core/Src/spi.c ****   hspi3.Init.CLKPhase = SPI_PHASE_1EDGE;
 141              		.loc 1 78 3 is_stmt 1 view .LVU42
 142              		.loc 1 78 23 is_stmt 0 view .LVU43
 143 0016 4361     		str	r3, [r0, #20]
  79:Core/Src/spi.c ****   hspi3.Init.NSS = SPI_NSS_SOFT;
 144              		.loc 1 79 3 is_stmt 1 view .LVU44
 145              		.loc 1 79 18 is_stmt 0 view .LVU45
 146 0018 4FF40072 		mov	r2, #512
 147 001c 8261     		str	r2, [r0, #24]
  80:Core/Src/spi.c ****   hspi3.Init.BaudRatePrescaler = SPI_BAUDRATEPRESCALER_4;
 148              		.loc 1 80 3 is_stmt 1 view .LVU46
 149              		.loc 1 80 32 is_stmt 0 view .LVU47
 150 001e 0822     		movs	r2, #8
ARM GAS  C:\Users\ride_pig\AppData\Local\Temp\ccbQXdBX.s 			page 5


 151 0020 C261     		str	r2, [r0, #28]
  81:Core/Src/spi.c ****   hspi3.Init.FirstBit = SPI_FIRSTBIT_MSB;
 152              		.loc 1 81 3 is_stmt 1 view .LVU48
 153              		.loc 1 81 23 is_stmt 0 view .LVU49
 154 0022 0362     		str	r3, [r0, #32]
  82:Core/Src/spi.c ****   hspi3.Init.TIMode = SPI_TIMODE_DISABLE;
 155              		.loc 1 82 3 is_stmt 1 view .LVU50
 156              		.loc 1 82 21 is_stmt 0 view .LVU51
 157 0024 4362     		str	r3, [r0, #36]
  83:Core/Src/spi.c ****   hspi3.Init.CRCCalculation = SPI_CRCCALCULATION_DISABLE;
 158              		.loc 1 83 3 is_stmt 1 view .LVU52
 159              		.loc 1 83 29 is_stmt 0 view .LVU53
 160 0026 8362     		str	r3, [r0, #40]
  84:Core/Src/spi.c ****   hspi3.Init.CRCPolynomial = 10;
 161              		.loc 1 84 3 is_stmt 1 view .LVU54
 162              		.loc 1 84 28 is_stmt 0 view .LVU55
 163 0028 0A23     		movs	r3, #10
 164 002a C362     		str	r3, [r0, #44]
  85:Core/Src/spi.c ****   if (HAL_SPI_Init(&hspi3) != HAL_OK)
 165              		.loc 1 85 3 is_stmt 1 view .LVU56
 166              		.loc 1 85 7 is_stmt 0 view .LVU57
 167 002c FFF7FEFF 		bl	HAL_SPI_Init
 168              	.LVL2:
 169              		.loc 1 85 6 view .LVU58
 170 0030 00B9     		cbnz	r0, .L10
 171              	.L7:
  86:Core/Src/spi.c ****   {
  87:Core/Src/spi.c ****     Error_Handler();
  88:Core/Src/spi.c ****   }
  89:Core/Src/spi.c ****   /* USER CODE BEGIN SPI3_Init 2 */
  90:Core/Src/spi.c **** 
  91:Core/Src/spi.c ****   /* USER CODE END SPI3_Init 2 */
  92:Core/Src/spi.c **** 
  93:Core/Src/spi.c **** }
 172              		.loc 1 93 1 view .LVU59
 173 0032 08BD     		pop	{r3, pc}
 174              	.L10:
  87:Core/Src/spi.c ****   }
 175              		.loc 1 87 5 is_stmt 1 view .LVU60
 176 0034 FFF7FEFF 		bl	Error_Handler
 177              	.LVL3:
 178              		.loc 1 93 1 is_stmt 0 view .LVU61
 179 0038 FBE7     		b	.L7
 180              	.L12:
 181 003a 00BF     		.align	2
 182              	.L11:
 183 003c 00000000 		.word	.LANCHOR1
 184 0040 003C0040 		.word	1073757184
 185              		.cfi_endproc
 186              	.LFE66:
 188              		.section	.text.HAL_SPI_MspInit,"ax",%progbits
 189              		.align	1
 190              		.global	HAL_SPI_MspInit
 191              		.syntax unified
 192              		.thumb
 193              		.thumb_func
 195              	HAL_SPI_MspInit:
ARM GAS  C:\Users\ride_pig\AppData\Local\Temp\ccbQXdBX.s 			page 6


 196              	.LVL4:
 197              	.LFB67:
  94:Core/Src/spi.c **** 
  95:Core/Src/spi.c **** void HAL_SPI_MspInit(SPI_HandleTypeDef* spiHandle)
  96:Core/Src/spi.c **** {
 198              		.loc 1 96 1 is_stmt 1 view -0
 199              		.cfi_startproc
 200              		@ args = 0, pretend = 0, frame = 32
 201              		@ frame_needed = 0, uses_anonymous_args = 0
 202              		.loc 1 96 1 is_stmt 0 view .LVU63
 203 0000 30B5     		push	{r4, r5, lr}
 204              	.LCFI2:
 205              		.cfi_def_cfa_offset 12
 206              		.cfi_offset 4, -12
 207              		.cfi_offset 5, -8
 208              		.cfi_offset 14, -4
 209 0002 89B0     		sub	sp, sp, #36
 210              	.LCFI3:
 211              		.cfi_def_cfa_offset 48
  97:Core/Src/spi.c **** 
  98:Core/Src/spi.c ****   GPIO_InitTypeDef GPIO_InitStruct = {0};
 212              		.loc 1 98 3 is_stmt 1 view .LVU64
 213              		.loc 1 98 20 is_stmt 0 view .LVU65
 214 0004 0023     		movs	r3, #0
 215 0006 0493     		str	r3, [sp, #16]
 216 0008 0593     		str	r3, [sp, #20]
 217 000a 0693     		str	r3, [sp, #24]
 218 000c 0793     		str	r3, [sp, #28]
  99:Core/Src/spi.c ****   if(spiHandle->Instance==SPI1)
 219              		.loc 1 99 3 is_stmt 1 view .LVU66
 220              		.loc 1 99 15 is_stmt 0 view .LVU67
 221 000e 0368     		ldr	r3, [r0]
 222              		.loc 1 99 5 view .LVU68
 223 0010 374A     		ldr	r2, .L19
 224 0012 9342     		cmp	r3, r2
 225 0014 04D0     		beq	.L17
 100:Core/Src/spi.c ****   {
 101:Core/Src/spi.c ****   /* USER CODE BEGIN SPI1_MspInit 0 */
 102:Core/Src/spi.c **** 
 103:Core/Src/spi.c ****   /* USER CODE END SPI1_MspInit 0 */
 104:Core/Src/spi.c ****     /* SPI1 clock enable */
 105:Core/Src/spi.c ****     __HAL_RCC_SPI1_CLK_ENABLE();
 106:Core/Src/spi.c **** 
 107:Core/Src/spi.c ****     __HAL_RCC_GPIOA_CLK_ENABLE();
 108:Core/Src/spi.c ****     /**SPI1 GPIO Configuration
 109:Core/Src/spi.c ****     PA5     ------> SPI1_SCK
 110:Core/Src/spi.c ****     PA6     ------> SPI1_MISO
 111:Core/Src/spi.c ****     PA7     ------> SPI1_MOSI
 112:Core/Src/spi.c ****     */
 113:Core/Src/spi.c ****     GPIO_InitStruct.Pin = GPIO_PIN_5|GPIO_PIN_7;
 114:Core/Src/spi.c ****     GPIO_InitStruct.Mode = GPIO_MODE_AF_PP;
 115:Core/Src/spi.c ****     GPIO_InitStruct.Speed = GPIO_SPEED_FREQ_HIGH;
 116:Core/Src/spi.c ****     HAL_GPIO_Init(GPIOA, &GPIO_InitStruct);
 117:Core/Src/spi.c **** 
 118:Core/Src/spi.c ****     GPIO_InitStruct.Pin = GPIO_PIN_6;
 119:Core/Src/spi.c ****     GPIO_InitStruct.Mode = GPIO_MODE_INPUT;
 120:Core/Src/spi.c ****     GPIO_InitStruct.Pull = GPIO_NOPULL;
ARM GAS  C:\Users\ride_pig\AppData\Local\Temp\ccbQXdBX.s 			page 7


 121:Core/Src/spi.c ****     HAL_GPIO_Init(GPIOA, &GPIO_InitStruct);
 122:Core/Src/spi.c **** 
 123:Core/Src/spi.c ****     /* SPI1 interrupt Init */
 124:Core/Src/spi.c ****     HAL_NVIC_SetPriority(SPI1_IRQn, 0, 0);
 125:Core/Src/spi.c ****     HAL_NVIC_EnableIRQ(SPI1_IRQn);
 126:Core/Src/spi.c ****   /* USER CODE BEGIN SPI1_MspInit 1 */
 127:Core/Src/spi.c **** 
 128:Core/Src/spi.c ****   /* USER CODE END SPI1_MspInit 1 */
 129:Core/Src/spi.c ****   }
 130:Core/Src/spi.c ****   else if(spiHandle->Instance==SPI3)
 226              		.loc 1 130 8 is_stmt 1 view .LVU69
 227              		.loc 1 130 10 is_stmt 0 view .LVU70
 228 0016 374A     		ldr	r2, .L19+4
 229 0018 9342     		cmp	r3, r2
 230 001a 31D0     		beq	.L18
 231              	.LVL5:
 232              	.L13:
 131:Core/Src/spi.c ****   {
 132:Core/Src/spi.c ****   /* USER CODE BEGIN SPI3_MspInit 0 */
 133:Core/Src/spi.c **** 
 134:Core/Src/spi.c ****   /* USER CODE END SPI3_MspInit 0 */
 135:Core/Src/spi.c ****     /* SPI3 clock enable */
 136:Core/Src/spi.c ****     __HAL_RCC_SPI3_CLK_ENABLE();
 137:Core/Src/spi.c **** 
 138:Core/Src/spi.c ****     __HAL_RCC_GPIOC_CLK_ENABLE();
 139:Core/Src/spi.c ****     /**SPI3 GPIO Configuration
 140:Core/Src/spi.c ****     PC10     ------> SPI3_SCK
 141:Core/Src/spi.c ****     PC11     ------> SPI3_MISO
 142:Core/Src/spi.c ****     PC12     ------> SPI3_MOSI
 143:Core/Src/spi.c ****     */
 144:Core/Src/spi.c ****     GPIO_InitStruct.Pin = GPIO_PIN_10|GPIO_PIN_12;
 145:Core/Src/spi.c ****     GPIO_InitStruct.Mode = GPIO_MODE_AF_PP;
 146:Core/Src/spi.c ****     GPIO_InitStruct.Speed = GPIO_SPEED_FREQ_HIGH;
 147:Core/Src/spi.c ****     HAL_GPIO_Init(GPIOC, &GPIO_InitStruct);
 148:Core/Src/spi.c **** 
 149:Core/Src/spi.c ****     GPIO_InitStruct.Pin = GPIO_PIN_11;
 150:Core/Src/spi.c ****     GPIO_InitStruct.Mode = GPIO_MODE_INPUT;
 151:Core/Src/spi.c ****     GPIO_InitStruct.Pull = GPIO_NOPULL;
 152:Core/Src/spi.c ****     HAL_GPIO_Init(GPIOC, &GPIO_InitStruct);
 153:Core/Src/spi.c **** 
 154:Core/Src/spi.c ****     __HAL_AFIO_REMAP_SPI3_ENABLE();
 155:Core/Src/spi.c **** 
 156:Core/Src/spi.c ****     /* SPI3 interrupt Init */
 157:Core/Src/spi.c ****     HAL_NVIC_SetPriority(SPI3_IRQn, 0, 0);
 158:Core/Src/spi.c ****     HAL_NVIC_EnableIRQ(SPI3_IRQn);
 159:Core/Src/spi.c ****   /* USER CODE BEGIN SPI3_MspInit 1 */
 160:Core/Src/spi.c **** 
 161:Core/Src/spi.c ****   /* USER CODE END SPI3_MspInit 1 */
 162:Core/Src/spi.c ****   }
 163:Core/Src/spi.c **** }
 233              		.loc 1 163 1 view .LVU71
 234 001c 09B0     		add	sp, sp, #36
 235              	.LCFI4:
 236              		.cfi_remember_state
 237              		.cfi_def_cfa_offset 12
 238              		@ sp needed
 239 001e 30BD     		pop	{r4, r5, pc}
ARM GAS  C:\Users\ride_pig\AppData\Local\Temp\ccbQXdBX.s 			page 8


 240              	.LVL6:
 241              	.L17:
 242              	.LCFI5:
 243              		.cfi_restore_state
 105:Core/Src/spi.c **** 
 244              		.loc 1 105 5 is_stmt 1 view .LVU72
 245              	.LBB2:
 105:Core/Src/spi.c **** 
 246              		.loc 1 105 5 view .LVU73
 105:Core/Src/spi.c **** 
 247              		.loc 1 105 5 view .LVU74
 248 0020 354B     		ldr	r3, .L19+8
 249 0022 9A69     		ldr	r2, [r3, #24]
 250 0024 42F48052 		orr	r2, r2, #4096
 251 0028 9A61     		str	r2, [r3, #24]
 105:Core/Src/spi.c **** 
 252              		.loc 1 105 5 view .LVU75
 253 002a 9A69     		ldr	r2, [r3, #24]
 254 002c 02F48052 		and	r2, r2, #4096
 255 0030 0092     		str	r2, [sp]
 105:Core/Src/spi.c **** 
 256              		.loc 1 105 5 view .LVU76
 257 0032 009A     		ldr	r2, [sp]
 258              	.LBE2:
 105:Core/Src/spi.c **** 
 259              		.loc 1 105 5 view .LVU77
 107:Core/Src/spi.c ****     /**SPI1 GPIO Configuration
 260              		.loc 1 107 5 view .LVU78
 261              	.LBB3:
 107:Core/Src/spi.c ****     /**SPI1 GPIO Configuration
 262              		.loc 1 107 5 view .LVU79
 107:Core/Src/spi.c ****     /**SPI1 GPIO Configuration
 263              		.loc 1 107 5 view .LVU80
 264 0034 9A69     		ldr	r2, [r3, #24]
 265 0036 42F00402 		orr	r2, r2, #4
 266 003a 9A61     		str	r2, [r3, #24]
 107:Core/Src/spi.c ****     /**SPI1 GPIO Configuration
 267              		.loc 1 107 5 view .LVU81
 268 003c 9B69     		ldr	r3, [r3, #24]
 269 003e 03F00403 		and	r3, r3, #4
 270 0042 0193     		str	r3, [sp, #4]
 107:Core/Src/spi.c ****     /**SPI1 GPIO Configuration
 271              		.loc 1 107 5 view .LVU82
 272 0044 019B     		ldr	r3, [sp, #4]
 273              	.LBE3:
 107:Core/Src/spi.c ****     /**SPI1 GPIO Configuration
 274              		.loc 1 107 5 view .LVU83
 113:Core/Src/spi.c ****     GPIO_InitStruct.Mode = GPIO_MODE_AF_PP;
 275              		.loc 1 113 5 view .LVU84
 113:Core/Src/spi.c ****     GPIO_InitStruct.Mode = GPIO_MODE_AF_PP;
 276              		.loc 1 113 25 is_stmt 0 view .LVU85
 277 0046 A023     		movs	r3, #160
 278 0048 0493     		str	r3, [sp, #16]
 114:Core/Src/spi.c ****     GPIO_InitStruct.Speed = GPIO_SPEED_FREQ_HIGH;
 279              		.loc 1 114 5 is_stmt 1 view .LVU86
 114:Core/Src/spi.c ****     GPIO_InitStruct.Speed = GPIO_SPEED_FREQ_HIGH;
 280              		.loc 1 114 26 is_stmt 0 view .LVU87
ARM GAS  C:\Users\ride_pig\AppData\Local\Temp\ccbQXdBX.s 			page 9


 281 004a 0223     		movs	r3, #2
 282 004c 0593     		str	r3, [sp, #20]
 115:Core/Src/spi.c ****     HAL_GPIO_Init(GPIOA, &GPIO_InitStruct);
 283              		.loc 1 115 5 is_stmt 1 view .LVU88
 115:Core/Src/spi.c ****     HAL_GPIO_Init(GPIOA, &GPIO_InitStruct);
 284              		.loc 1 115 27 is_stmt 0 view .LVU89
 285 004e 0323     		movs	r3, #3
 286 0050 0793     		str	r3, [sp, #28]
 116:Core/Src/spi.c **** 
 287              		.loc 1 116 5 is_stmt 1 view .LVU90
 288 0052 2A4D     		ldr	r5, .L19+12
 289 0054 04A9     		add	r1, sp, #16
 290 0056 2846     		mov	r0, r5
 291              	.LVL7:
 116:Core/Src/spi.c **** 
 292              		.loc 1 116 5 is_stmt 0 view .LVU91
 293 0058 FFF7FEFF 		bl	HAL_GPIO_Init
 294              	.LVL8:
 118:Core/Src/spi.c ****     GPIO_InitStruct.Mode = GPIO_MODE_INPUT;
 295              		.loc 1 118 5 is_stmt 1 view .LVU92
 118:Core/Src/spi.c ****     GPIO_InitStruct.Mode = GPIO_MODE_INPUT;
 296              		.loc 1 118 25 is_stmt 0 view .LVU93
 297 005c 4023     		movs	r3, #64
 298 005e 0493     		str	r3, [sp, #16]
 119:Core/Src/spi.c ****     GPIO_InitStruct.Pull = GPIO_NOPULL;
 299              		.loc 1 119 5 is_stmt 1 view .LVU94
 119:Core/Src/spi.c ****     GPIO_InitStruct.Pull = GPIO_NOPULL;
 300              		.loc 1 119 26 is_stmt 0 view .LVU95
 301 0060 0024     		movs	r4, #0
 302 0062 0594     		str	r4, [sp, #20]
 120:Core/Src/spi.c ****     HAL_GPIO_Init(GPIOA, &GPIO_InitStruct);
 303              		.loc 1 120 5 is_stmt 1 view .LVU96
 120:Core/Src/spi.c ****     HAL_GPIO_Init(GPIOA, &GPIO_InitStruct);
 304              		.loc 1 120 26 is_stmt 0 view .LVU97
 305 0064 0694     		str	r4, [sp, #24]
 121:Core/Src/spi.c **** 
 306              		.loc 1 121 5 is_stmt 1 view .LVU98
 307 0066 04A9     		add	r1, sp, #16
 308 0068 2846     		mov	r0, r5
 309 006a FFF7FEFF 		bl	HAL_GPIO_Init
 310              	.LVL9:
 124:Core/Src/spi.c ****     HAL_NVIC_EnableIRQ(SPI1_IRQn);
 311              		.loc 1 124 5 view .LVU99
 312 006e 2246     		mov	r2, r4
 313 0070 2146     		mov	r1, r4
 314 0072 2320     		movs	r0, #35
 315 0074 FFF7FEFF 		bl	HAL_NVIC_SetPriority
 316              	.LVL10:
 125:Core/Src/spi.c ****   /* USER CODE BEGIN SPI1_MspInit 1 */
 317              		.loc 1 125 5 view .LVU100
 318 0078 2320     		movs	r0, #35
 319 007a FFF7FEFF 		bl	HAL_NVIC_EnableIRQ
 320              	.LVL11:
 321 007e CDE7     		b	.L13
 322              	.LVL12:
 323              	.L18:
 136:Core/Src/spi.c **** 
ARM GAS  C:\Users\ride_pig\AppData\Local\Temp\ccbQXdBX.s 			page 10


 324              		.loc 1 136 5 view .LVU101
 325              	.LBB4:
 136:Core/Src/spi.c **** 
 326              		.loc 1 136 5 view .LVU102
 136:Core/Src/spi.c **** 
 327              		.loc 1 136 5 view .LVU103
 328 0080 1D4B     		ldr	r3, .L19+8
 329 0082 DA69     		ldr	r2, [r3, #28]
 330 0084 42F40042 		orr	r2, r2, #32768
 331 0088 DA61     		str	r2, [r3, #28]
 136:Core/Src/spi.c **** 
 332              		.loc 1 136 5 view .LVU104
 333 008a DA69     		ldr	r2, [r3, #28]
 334 008c 02F40042 		and	r2, r2, #32768
 335 0090 0292     		str	r2, [sp, #8]
 136:Core/Src/spi.c **** 
 336              		.loc 1 136 5 view .LVU105
 337 0092 029A     		ldr	r2, [sp, #8]
 338              	.LBE4:
 136:Core/Src/spi.c **** 
 339              		.loc 1 136 5 view .LVU106
 138:Core/Src/spi.c ****     /**SPI3 GPIO Configuration
 340              		.loc 1 138 5 view .LVU107
 341              	.LBB5:
 138:Core/Src/spi.c ****     /**SPI3 GPIO Configuration
 342              		.loc 1 138 5 view .LVU108
 138:Core/Src/spi.c ****     /**SPI3 GPIO Configuration
 343              		.loc 1 138 5 view .LVU109
 344 0094 9A69     		ldr	r2, [r3, #24]
 345 0096 42F01002 		orr	r2, r2, #16
 346 009a 9A61     		str	r2, [r3, #24]
 138:Core/Src/spi.c ****     /**SPI3 GPIO Configuration
 347              		.loc 1 138 5 view .LVU110
 348 009c 9B69     		ldr	r3, [r3, #24]
 349 009e 03F01003 		and	r3, r3, #16
 350 00a2 0393     		str	r3, [sp, #12]
 138:Core/Src/spi.c ****     /**SPI3 GPIO Configuration
 351              		.loc 1 138 5 view .LVU111
 352 00a4 039B     		ldr	r3, [sp, #12]
 353              	.LBE5:
 138:Core/Src/spi.c ****     /**SPI3 GPIO Configuration
 354              		.loc 1 138 5 view .LVU112
 144:Core/Src/spi.c ****     GPIO_InitStruct.Mode = GPIO_MODE_AF_PP;
 355              		.loc 1 144 5 view .LVU113
 144:Core/Src/spi.c ****     GPIO_InitStruct.Mode = GPIO_MODE_AF_PP;
 356              		.loc 1 144 25 is_stmt 0 view .LVU114
 357 00a6 4FF4A053 		mov	r3, #5120
 358 00aa 0493     		str	r3, [sp, #16]
 145:Core/Src/spi.c ****     GPIO_InitStruct.Speed = GPIO_SPEED_FREQ_HIGH;
 359              		.loc 1 145 5 is_stmt 1 view .LVU115
 145:Core/Src/spi.c ****     GPIO_InitStruct.Speed = GPIO_SPEED_FREQ_HIGH;
 360              		.loc 1 145 26 is_stmt 0 view .LVU116
 361 00ac 0223     		movs	r3, #2
 362 00ae 0593     		str	r3, [sp, #20]
 146:Core/Src/spi.c ****     HAL_GPIO_Init(GPIOC, &GPIO_InitStruct);
 363              		.loc 1 146 5 is_stmt 1 view .LVU117
 146:Core/Src/spi.c ****     HAL_GPIO_Init(GPIOC, &GPIO_InitStruct);
ARM GAS  C:\Users\ride_pig\AppData\Local\Temp\ccbQXdBX.s 			page 11


 364              		.loc 1 146 27 is_stmt 0 view .LVU118
 365 00b0 0323     		movs	r3, #3
 366 00b2 0793     		str	r3, [sp, #28]
 147:Core/Src/spi.c **** 
 367              		.loc 1 147 5 is_stmt 1 view .LVU119
 368 00b4 124D     		ldr	r5, .L19+16
 369 00b6 04A9     		add	r1, sp, #16
 370 00b8 2846     		mov	r0, r5
 371              	.LVL13:
 147:Core/Src/spi.c **** 
 372              		.loc 1 147 5 is_stmt 0 view .LVU120
 373 00ba FFF7FEFF 		bl	HAL_GPIO_Init
 374              	.LVL14:
 149:Core/Src/spi.c ****     GPIO_InitStruct.Mode = GPIO_MODE_INPUT;
 375              		.loc 1 149 5 is_stmt 1 view .LVU121
 149:Core/Src/spi.c ****     GPIO_InitStruct.Mode = GPIO_MODE_INPUT;
 376              		.loc 1 149 25 is_stmt 0 view .LVU122
 377 00be 4FF40063 		mov	r3, #2048
 378 00c2 0493     		str	r3, [sp, #16]
 150:Core/Src/spi.c ****     GPIO_InitStruct.Pull = GPIO_NOPULL;
 379              		.loc 1 150 5 is_stmt 1 view .LVU123
 150:Core/Src/spi.c ****     GPIO_InitStruct.Pull = GPIO_NOPULL;
 380              		.loc 1 150 26 is_stmt 0 view .LVU124
 381 00c4 0024     		movs	r4, #0
 382 00c6 0594     		str	r4, [sp, #20]
 151:Core/Src/spi.c ****     HAL_GPIO_Init(GPIOC, &GPIO_InitStruct);
 383              		.loc 1 151 5 is_stmt 1 view .LVU125
 151:Core/Src/spi.c ****     HAL_GPIO_Init(GPIOC, &GPIO_InitStruct);
 384              		.loc 1 151 26 is_stmt 0 view .LVU126
 385 00c8 0694     		str	r4, [sp, #24]
 152:Core/Src/spi.c **** 
 386              		.loc 1 152 5 is_stmt 1 view .LVU127
 387 00ca 04A9     		add	r1, sp, #16
 388 00cc 2846     		mov	r0, r5
 389 00ce FFF7FEFF 		bl	HAL_GPIO_Init
 390              	.LVL15:
 154:Core/Src/spi.c **** 
 391              		.loc 1 154 5 view .LVU128
 392              	.LBB6:
 154:Core/Src/spi.c **** 
 393              		.loc 1 154 5 view .LVU129
 394 00d2 0C4A     		ldr	r2, .L19+20
 395 00d4 5368     		ldr	r3, [r2, #4]
 396              	.LVL16:
 154:Core/Src/spi.c **** 
 397              		.loc 1 154 5 view .LVU130
 154:Core/Src/spi.c **** 
 398              		.loc 1 154 5 view .LVU131
 399 00d6 43F0B853 		orr	r3, r3, #385875968
 400              	.LVL17:
 154:Core/Src/spi.c **** 
 401              		.loc 1 154 5 view .LVU132
 402 00da 5360     		str	r3, [r2, #4]
 403              	.LBE6:
 154:Core/Src/spi.c **** 
 404              		.loc 1 154 5 view .LVU133
 157:Core/Src/spi.c ****     HAL_NVIC_EnableIRQ(SPI3_IRQn);
ARM GAS  C:\Users\ride_pig\AppData\Local\Temp\ccbQXdBX.s 			page 12


 405              		.loc 1 157 5 view .LVU134
 406 00dc 2246     		mov	r2, r4
 407 00de 2146     		mov	r1, r4
 408 00e0 3320     		movs	r0, #51
 409 00e2 FFF7FEFF 		bl	HAL_NVIC_SetPriority
 410              	.LVL18:
 158:Core/Src/spi.c ****   /* USER CODE BEGIN SPI3_MspInit 1 */
 411              		.loc 1 158 5 view .LVU135
 412 00e6 3320     		movs	r0, #51
 413 00e8 FFF7FEFF 		bl	HAL_NVIC_EnableIRQ
 414              	.LVL19:
 415              		.loc 1 163 1 is_stmt 0 view .LVU136
 416 00ec 96E7     		b	.L13
 417              	.L20:
 418 00ee 00BF     		.align	2
 419              	.L19:
 420 00f0 00300140 		.word	1073819648
 421 00f4 003C0040 		.word	1073757184
 422 00f8 00100240 		.word	1073876992
 423 00fc 00080140 		.word	1073809408
 424 0100 00100140 		.word	1073811456
 425 0104 00000140 		.word	1073807360
 426              		.cfi_endproc
 427              	.LFE67:
 429              		.section	.text.HAL_SPI_MspDeInit,"ax",%progbits
 430              		.align	1
 431              		.global	HAL_SPI_MspDeInit
 432              		.syntax unified
 433              		.thumb
 434              		.thumb_func
 436              	HAL_SPI_MspDeInit:
 437              	.LVL20:
 438              	.LFB68:
 164:Core/Src/spi.c **** 
 165:Core/Src/spi.c **** void HAL_SPI_MspDeInit(SPI_HandleTypeDef* spiHandle)
 166:Core/Src/spi.c **** {
 439              		.loc 1 166 1 is_stmt 1 view -0
 440              		.cfi_startproc
 441              		@ args = 0, pretend = 0, frame = 0
 442              		@ frame_needed = 0, uses_anonymous_args = 0
 443              		.loc 1 166 1 is_stmt 0 view .LVU138
 444 0000 08B5     		push	{r3, lr}
 445              	.LCFI6:
 446              		.cfi_def_cfa_offset 8
 447              		.cfi_offset 3, -8
 448              		.cfi_offset 14, -4
 167:Core/Src/spi.c **** 
 168:Core/Src/spi.c ****   if(spiHandle->Instance==SPI1)
 449              		.loc 1 168 3 is_stmt 1 view .LVU139
 450              		.loc 1 168 15 is_stmt 0 view .LVU140
 451 0002 0368     		ldr	r3, [r0]
 452              		.loc 1 168 5 view .LVU141
 453 0004 114A     		ldr	r2, .L27
 454 0006 9342     		cmp	r3, r2
 455 0008 03D0     		beq	.L25
 169:Core/Src/spi.c ****   {
 170:Core/Src/spi.c ****   /* USER CODE BEGIN SPI1_MspDeInit 0 */
ARM GAS  C:\Users\ride_pig\AppData\Local\Temp\ccbQXdBX.s 			page 13


 171:Core/Src/spi.c **** 
 172:Core/Src/spi.c ****   /* USER CODE END SPI1_MspDeInit 0 */
 173:Core/Src/spi.c ****     /* Peripheral clock disable */
 174:Core/Src/spi.c ****     __HAL_RCC_SPI1_CLK_DISABLE();
 175:Core/Src/spi.c **** 
 176:Core/Src/spi.c ****     /**SPI1 GPIO Configuration
 177:Core/Src/spi.c ****     PA5     ------> SPI1_SCK
 178:Core/Src/spi.c ****     PA6     ------> SPI1_MISO
 179:Core/Src/spi.c ****     PA7     ------> SPI1_MOSI
 180:Core/Src/spi.c ****     */
 181:Core/Src/spi.c ****     HAL_GPIO_DeInit(GPIOA, GPIO_PIN_5|GPIO_PIN_6|GPIO_PIN_7);
 182:Core/Src/spi.c **** 
 183:Core/Src/spi.c ****     /* SPI1 interrupt Deinit */
 184:Core/Src/spi.c ****     HAL_NVIC_DisableIRQ(SPI1_IRQn);
 185:Core/Src/spi.c ****   /* USER CODE BEGIN SPI1_MspDeInit 1 */
 186:Core/Src/spi.c **** 
 187:Core/Src/spi.c ****   /* USER CODE END SPI1_MspDeInit 1 */
 188:Core/Src/spi.c ****   }
 189:Core/Src/spi.c ****   else if(spiHandle->Instance==SPI3)
 456              		.loc 1 189 8 is_stmt 1 view .LVU142
 457              		.loc 1 189 10 is_stmt 0 view .LVU143
 458 000a 114A     		ldr	r2, .L27+4
 459 000c 9342     		cmp	r3, r2
 460 000e 0ED0     		beq	.L26
 461              	.LVL21:
 462              	.L21:
 190:Core/Src/spi.c ****   {
 191:Core/Src/spi.c ****   /* USER CODE BEGIN SPI3_MspDeInit 0 */
 192:Core/Src/spi.c **** 
 193:Core/Src/spi.c ****   /* USER CODE END SPI3_MspDeInit 0 */
 194:Core/Src/spi.c ****     /* Peripheral clock disable */
 195:Core/Src/spi.c ****     __HAL_RCC_SPI3_CLK_DISABLE();
 196:Core/Src/spi.c **** 
 197:Core/Src/spi.c ****     /**SPI3 GPIO Configuration
 198:Core/Src/spi.c ****     PC10     ------> SPI3_SCK
 199:Core/Src/spi.c ****     PC11     ------> SPI3_MISO
 200:Core/Src/spi.c ****     PC12     ------> SPI3_MOSI
 201:Core/Src/spi.c ****     */
 202:Core/Src/spi.c ****     HAL_GPIO_DeInit(GPIOC, GPIO_PIN_10|GPIO_PIN_11|GPIO_PIN_12);
 203:Core/Src/spi.c **** 
 204:Core/Src/spi.c ****     /* SPI3 interrupt Deinit */
 205:Core/Src/spi.c ****     HAL_NVIC_DisableIRQ(SPI3_IRQn);
 206:Core/Src/spi.c ****   /* USER CODE BEGIN SPI3_MspDeInit 1 */
 207:Core/Src/spi.c **** 
 208:Core/Src/spi.c ****   /* USER CODE END SPI3_MspDeInit 1 */
 209:Core/Src/spi.c ****   }
 210:Core/Src/spi.c **** }
 463              		.loc 1 210 1 view .LVU144
 464 0010 08BD     		pop	{r3, pc}
 465              	.LVL22:
 466              	.L25:
 174:Core/Src/spi.c **** 
 467              		.loc 1 174 5 is_stmt 1 view .LVU145
 468 0012 02F56042 		add	r2, r2, #57344
 469 0016 9369     		ldr	r3, [r2, #24]
 470 0018 23F48053 		bic	r3, r3, #4096
 471 001c 9361     		str	r3, [r2, #24]
ARM GAS  C:\Users\ride_pig\AppData\Local\Temp\ccbQXdBX.s 			page 14


 181:Core/Src/spi.c **** 
 472              		.loc 1 181 5 view .LVU146
 473 001e E021     		movs	r1, #224
 474 0020 0C48     		ldr	r0, .L27+8
 475              	.LVL23:
 181:Core/Src/spi.c **** 
 476              		.loc 1 181 5 is_stmt 0 view .LVU147
 477 0022 FFF7FEFF 		bl	HAL_GPIO_DeInit
 478              	.LVL24:
 184:Core/Src/spi.c ****   /* USER CODE BEGIN SPI1_MspDeInit 1 */
 479              		.loc 1 184 5 is_stmt 1 view .LVU148
 480 0026 2320     		movs	r0, #35
 481 0028 FFF7FEFF 		bl	HAL_NVIC_DisableIRQ
 482              	.LVL25:
 483 002c F0E7     		b	.L21
 484              	.LVL26:
 485              	.L26:
 195:Core/Src/spi.c **** 
 486              		.loc 1 195 5 view .LVU149
 487 002e 02F5EA32 		add	r2, r2, #119808
 488 0032 D369     		ldr	r3, [r2, #28]
 489 0034 23F40043 		bic	r3, r3, #32768
 490 0038 D361     		str	r3, [r2, #28]
 202:Core/Src/spi.c **** 
 491              		.loc 1 202 5 view .LVU150
 492 003a 4FF4E051 		mov	r1, #7168
 493 003e 0648     		ldr	r0, .L27+12
 494              	.LVL27:
 202:Core/Src/spi.c **** 
 495              		.loc 1 202 5 is_stmt 0 view .LVU151
 496 0040 FFF7FEFF 		bl	HAL_GPIO_DeInit
 497              	.LVL28:
 205:Core/Src/spi.c ****   /* USER CODE BEGIN SPI3_MspDeInit 1 */
 498              		.loc 1 205 5 is_stmt 1 view .LVU152
 499 0044 3320     		movs	r0, #51
 500 0046 FFF7FEFF 		bl	HAL_NVIC_DisableIRQ
 501              	.LVL29:
 502              		.loc 1 210 1 is_stmt 0 view .LVU153
 503 004a E1E7     		b	.L21
 504              	.L28:
 505              		.align	2
 506              	.L27:
 507 004c 00300140 		.word	1073819648
 508 0050 003C0040 		.word	1073757184
 509 0054 00080140 		.word	1073809408
 510 0058 00100140 		.word	1073811456
 511              		.cfi_endproc
 512              	.LFE68:
 514              		.global	hspi3
 515              		.global	hspi1
 516              		.section	.bss.hspi1,"aw",%nobits
 517              		.align	2
 518              		.set	.LANCHOR0,. + 0
 521              	hspi1:
 522 0000 00000000 		.space	88
 522      00000000 
 522      00000000 
ARM GAS  C:\Users\ride_pig\AppData\Local\Temp\ccbQXdBX.s 			page 15


 522      00000000 
 522      00000000 
 523              		.section	.bss.hspi3,"aw",%nobits
 524              		.align	2
 525              		.set	.LANCHOR1,. + 0
 528              	hspi3:
 529 0000 00000000 		.space	88
 529      00000000 
 529      00000000 
 529      00000000 
 529      00000000 
 530              		.text
 531              	.Letext0:
 532              		.file 2 "Drivers/CMSIS/Device/ST/STM32F1xx/Include/stm32f105xc.h"
 533              		.file 3 "e:\\gcc-arm-none-eabi\\arm-none-eabi\\include\\machine\\_default_types.h"
 534              		.file 4 "e:\\gcc-arm-none-eabi\\arm-none-eabi\\include\\sys\\_stdint.h"
 535              		.file 5 "Drivers/STM32F1xx_HAL_Driver/Inc/stm32f1xx_hal_def.h"
 536              		.file 6 "Drivers/STM32F1xx_HAL_Driver/Inc/stm32f1xx_hal_gpio.h"
 537              		.file 7 "Drivers/STM32F1xx_HAL_Driver/Inc/stm32f1xx_hal_dma.h"
 538              		.file 8 "Drivers/STM32F1xx_HAL_Driver/Inc/stm32f1xx_hal_spi.h"
 539              		.file 9 "Core/Inc/spi.h"
 540              		.file 10 "Drivers/STM32F1xx_HAL_Driver/Inc/stm32f1xx_hal_cortex.h"
 541              		.file 11 "Core/Inc/main.h"
ARM GAS  C:\Users\ride_pig\AppData\Local\Temp\ccbQXdBX.s 			page 16


DEFINED SYMBOLS
                            *ABS*:00000000 spi.c
C:\Users\ride_pig\AppData\Local\Temp\ccbQXdBX.s:18     .text.MX_SPI1_Init:00000000 $t
C:\Users\ride_pig\AppData\Local\Temp\ccbQXdBX.s:24     .text.MX_SPI1_Init:00000000 MX_SPI1_Init
C:\Users\ride_pig\AppData\Local\Temp\ccbQXdBX.s:99     .text.MX_SPI1_Init:00000040 $d
C:\Users\ride_pig\AppData\Local\Temp\ccbQXdBX.s:105    .text.MX_SPI3_Init:00000000 $t
C:\Users\ride_pig\AppData\Local\Temp\ccbQXdBX.s:111    .text.MX_SPI3_Init:00000000 MX_SPI3_Init
C:\Users\ride_pig\AppData\Local\Temp\ccbQXdBX.s:183    .text.MX_SPI3_Init:0000003c $d
C:\Users\ride_pig\AppData\Local\Temp\ccbQXdBX.s:189    .text.HAL_SPI_MspInit:00000000 $t
C:\Users\ride_pig\AppData\Local\Temp\ccbQXdBX.s:195    .text.HAL_SPI_MspInit:00000000 HAL_SPI_MspInit
C:\Users\ride_pig\AppData\Local\Temp\ccbQXdBX.s:420    .text.HAL_SPI_MspInit:000000f0 $d
C:\Users\ride_pig\AppData\Local\Temp\ccbQXdBX.s:430    .text.HAL_SPI_MspDeInit:00000000 $t
C:\Users\ride_pig\AppData\Local\Temp\ccbQXdBX.s:436    .text.HAL_SPI_MspDeInit:00000000 HAL_SPI_MspDeInit
C:\Users\ride_pig\AppData\Local\Temp\ccbQXdBX.s:507    .text.HAL_SPI_MspDeInit:0000004c $d
C:\Users\ride_pig\AppData\Local\Temp\ccbQXdBX.s:528    .bss.hspi3:00000000 hspi3
C:\Users\ride_pig\AppData\Local\Temp\ccbQXdBX.s:521    .bss.hspi1:00000000 hspi1
C:\Users\ride_pig\AppData\Local\Temp\ccbQXdBX.s:517    .bss.hspi1:00000000 $d
C:\Users\ride_pig\AppData\Local\Temp\ccbQXdBX.s:524    .bss.hspi3:00000000 $d

UNDEFINED SYMBOLS
HAL_SPI_Init
Error_Handler
HAL_GPIO_Init
HAL_NVIC_SetPriority
HAL_NVIC_EnableIRQ
HAL_GPIO_DeInit
HAL_NVIC_DisableIRQ
