ARM GAS  C:\Users\ride_pig\AppData\Local\Temp\ccRrjBpk.s 			page 1


   1              		.cpu cortex-m3
   2              		.arch armv7-m
   3              		.fpu softvfp
   4              		.eabi_attribute 20, 1
   5              		.eabi_attribute 21, 1
   6              		.eabi_attribute 23, 3
   7              		.eabi_attribute 24, 1
   8              		.eabi_attribute 25, 1
   9              		.eabi_attribute 26, 1
  10              		.eabi_attribute 30, 1
  11              		.eabi_attribute 34, 1
  12              		.eabi_attribute 18, 4
  13              		.file	"stm32f1xx_hal.c"
  14              		.text
  15              	.Ltext0:
  16              		.cfi_sections	.debug_frame
  17              		.section	.text.HAL_MspInit,"ax",%progbits
  18              		.align	1
  19              		.weak	HAL_MspInit
  20              		.syntax unified
  21              		.thumb
  22              		.thumb_func
  24              	HAL_MspInit:
  25              	.LFB67:
  26              		.file 1 "Drivers/STM32F1xx_HAL_Driver/Src/stm32f1xx_hal.c"
   1:Drivers/STM32F1xx_HAL_Driver/Src/stm32f1xx_hal.c **** /**
   2:Drivers/STM32F1xx_HAL_Driver/Src/stm32f1xx_hal.c ****   ******************************************************************************
   3:Drivers/STM32F1xx_HAL_Driver/Src/stm32f1xx_hal.c ****   * @file    stm32f1xx_hal.c
   4:Drivers/STM32F1xx_HAL_Driver/Src/stm32f1xx_hal.c ****   * @author  MCD Application Team
   5:Drivers/STM32F1xx_HAL_Driver/Src/stm32f1xx_hal.c ****   * @brief   HAL module driver.
   6:Drivers/STM32F1xx_HAL_Driver/Src/stm32f1xx_hal.c ****   *          This is the common part of the HAL initialization
   7:Drivers/STM32F1xx_HAL_Driver/Src/stm32f1xx_hal.c ****   *
   8:Drivers/STM32F1xx_HAL_Driver/Src/stm32f1xx_hal.c ****   @verbatim
   9:Drivers/STM32F1xx_HAL_Driver/Src/stm32f1xx_hal.c ****   ==============================================================================
  10:Drivers/STM32F1xx_HAL_Driver/Src/stm32f1xx_hal.c ****                      ##### How to use this driver #####
  11:Drivers/STM32F1xx_HAL_Driver/Src/stm32f1xx_hal.c ****   ==============================================================================
  12:Drivers/STM32F1xx_HAL_Driver/Src/stm32f1xx_hal.c ****     [..]
  13:Drivers/STM32F1xx_HAL_Driver/Src/stm32f1xx_hal.c ****     The common HAL driver contains a set of generic and common APIs that can be
  14:Drivers/STM32F1xx_HAL_Driver/Src/stm32f1xx_hal.c ****     used by the PPP peripheral drivers and the user to start using the HAL.
  15:Drivers/STM32F1xx_HAL_Driver/Src/stm32f1xx_hal.c ****     [..]
  16:Drivers/STM32F1xx_HAL_Driver/Src/stm32f1xx_hal.c ****     The HAL contains two APIs' categories:
  17:Drivers/STM32F1xx_HAL_Driver/Src/stm32f1xx_hal.c ****          (+) Common HAL APIs
  18:Drivers/STM32F1xx_HAL_Driver/Src/stm32f1xx_hal.c ****          (+) Services HAL APIs
  19:Drivers/STM32F1xx_HAL_Driver/Src/stm32f1xx_hal.c **** 
  20:Drivers/STM32F1xx_HAL_Driver/Src/stm32f1xx_hal.c ****   @endverbatim
  21:Drivers/STM32F1xx_HAL_Driver/Src/stm32f1xx_hal.c ****   ******************************************************************************
  22:Drivers/STM32F1xx_HAL_Driver/Src/stm32f1xx_hal.c ****   * @attention
  23:Drivers/STM32F1xx_HAL_Driver/Src/stm32f1xx_hal.c ****   *
  24:Drivers/STM32F1xx_HAL_Driver/Src/stm32f1xx_hal.c ****   * <h2><center>&copy; Copyright (c) 2016 STMicroelectronics.
  25:Drivers/STM32F1xx_HAL_Driver/Src/stm32f1xx_hal.c ****   * All rights reserved.</center></h2>
  26:Drivers/STM32F1xx_HAL_Driver/Src/stm32f1xx_hal.c ****   *
  27:Drivers/STM32F1xx_HAL_Driver/Src/stm32f1xx_hal.c ****   * This software component is licensed by ST under BSD 3-Clause license,
  28:Drivers/STM32F1xx_HAL_Driver/Src/stm32f1xx_hal.c ****   * the "License"; You may not use this file except in compliance with the
  29:Drivers/STM32F1xx_HAL_Driver/Src/stm32f1xx_hal.c ****   * License. You may obtain a copy of the License at:
  30:Drivers/STM32F1xx_HAL_Driver/Src/stm32f1xx_hal.c ****   *                        opensource.org/licenses/BSD-3-Clause
  31:Drivers/STM32F1xx_HAL_Driver/Src/stm32f1xx_hal.c ****   *
  32:Drivers/STM32F1xx_HAL_Driver/Src/stm32f1xx_hal.c ****   ******************************************************************************
ARM GAS  C:\Users\ride_pig\AppData\Local\Temp\ccRrjBpk.s 			page 2


  33:Drivers/STM32F1xx_HAL_Driver/Src/stm32f1xx_hal.c ****   */
  34:Drivers/STM32F1xx_HAL_Driver/Src/stm32f1xx_hal.c **** 
  35:Drivers/STM32F1xx_HAL_Driver/Src/stm32f1xx_hal.c **** /* Includes ------------------------------------------------------------------*/
  36:Drivers/STM32F1xx_HAL_Driver/Src/stm32f1xx_hal.c **** #include "stm32f1xx_hal.h"
  37:Drivers/STM32F1xx_HAL_Driver/Src/stm32f1xx_hal.c **** 
  38:Drivers/STM32F1xx_HAL_Driver/Src/stm32f1xx_hal.c **** /** @addtogroup STM32F1xx_HAL_Driver
  39:Drivers/STM32F1xx_HAL_Driver/Src/stm32f1xx_hal.c ****   * @{
  40:Drivers/STM32F1xx_HAL_Driver/Src/stm32f1xx_hal.c ****   */
  41:Drivers/STM32F1xx_HAL_Driver/Src/stm32f1xx_hal.c **** 
  42:Drivers/STM32F1xx_HAL_Driver/Src/stm32f1xx_hal.c **** /** @defgroup HAL HAL
  43:Drivers/STM32F1xx_HAL_Driver/Src/stm32f1xx_hal.c ****   * @brief HAL module driver.
  44:Drivers/STM32F1xx_HAL_Driver/Src/stm32f1xx_hal.c ****   * @{
  45:Drivers/STM32F1xx_HAL_Driver/Src/stm32f1xx_hal.c ****   */
  46:Drivers/STM32F1xx_HAL_Driver/Src/stm32f1xx_hal.c **** 
  47:Drivers/STM32F1xx_HAL_Driver/Src/stm32f1xx_hal.c **** #ifdef HAL_MODULE_ENABLED
  48:Drivers/STM32F1xx_HAL_Driver/Src/stm32f1xx_hal.c **** 
  49:Drivers/STM32F1xx_HAL_Driver/Src/stm32f1xx_hal.c **** /* Private typedef -----------------------------------------------------------*/
  50:Drivers/STM32F1xx_HAL_Driver/Src/stm32f1xx_hal.c **** /* Private define ------------------------------------------------------------*/
  51:Drivers/STM32F1xx_HAL_Driver/Src/stm32f1xx_hal.c **** 
  52:Drivers/STM32F1xx_HAL_Driver/Src/stm32f1xx_hal.c **** /** @defgroup HAL_Private_Constants HAL Private Constants
  53:Drivers/STM32F1xx_HAL_Driver/Src/stm32f1xx_hal.c ****   * @{
  54:Drivers/STM32F1xx_HAL_Driver/Src/stm32f1xx_hal.c ****   */
  55:Drivers/STM32F1xx_HAL_Driver/Src/stm32f1xx_hal.c **** /**
  56:Drivers/STM32F1xx_HAL_Driver/Src/stm32f1xx_hal.c ****  * @brief STM32F1xx HAL Driver version number V1.1.8
  57:Drivers/STM32F1xx_HAL_Driver/Src/stm32f1xx_hal.c ****    */
  58:Drivers/STM32F1xx_HAL_Driver/Src/stm32f1xx_hal.c **** #define __STM32F1xx_HAL_VERSION_MAIN   (0x01U) /*!< [31:24] main version */
  59:Drivers/STM32F1xx_HAL_Driver/Src/stm32f1xx_hal.c **** #define __STM32F1xx_HAL_VERSION_SUB1   (0x01U) /*!< [23:16] sub1 version */
  60:Drivers/STM32F1xx_HAL_Driver/Src/stm32f1xx_hal.c **** #define __STM32F1xx_HAL_VERSION_SUB2   (0x08U) /*!< [15:8]  sub2 version */
  61:Drivers/STM32F1xx_HAL_Driver/Src/stm32f1xx_hal.c **** #define __STM32F1xx_HAL_VERSION_RC     (0x00U) /*!< [7:0]  release candidate */
  62:Drivers/STM32F1xx_HAL_Driver/Src/stm32f1xx_hal.c **** #define __STM32F1xx_HAL_VERSION         ((__STM32F1xx_HAL_VERSION_MAIN << 24)\
  63:Drivers/STM32F1xx_HAL_Driver/Src/stm32f1xx_hal.c ****                                         |(__STM32F1xx_HAL_VERSION_SUB1 << 16)\
  64:Drivers/STM32F1xx_HAL_Driver/Src/stm32f1xx_hal.c ****                                         |(__STM32F1xx_HAL_VERSION_SUB2 << 8 )\
  65:Drivers/STM32F1xx_HAL_Driver/Src/stm32f1xx_hal.c ****                                         |(__STM32F1xx_HAL_VERSION_RC))
  66:Drivers/STM32F1xx_HAL_Driver/Src/stm32f1xx_hal.c **** 
  67:Drivers/STM32F1xx_HAL_Driver/Src/stm32f1xx_hal.c **** #define IDCODE_DEVID_MASK    0x00000FFFU
  68:Drivers/STM32F1xx_HAL_Driver/Src/stm32f1xx_hal.c **** 
  69:Drivers/STM32F1xx_HAL_Driver/Src/stm32f1xx_hal.c **** /**
  70:Drivers/STM32F1xx_HAL_Driver/Src/stm32f1xx_hal.c ****   * @}
  71:Drivers/STM32F1xx_HAL_Driver/Src/stm32f1xx_hal.c ****   */
  72:Drivers/STM32F1xx_HAL_Driver/Src/stm32f1xx_hal.c **** 
  73:Drivers/STM32F1xx_HAL_Driver/Src/stm32f1xx_hal.c **** /* Private macro -------------------------------------------------------------*/
  74:Drivers/STM32F1xx_HAL_Driver/Src/stm32f1xx_hal.c **** /* Private variables ---------------------------------------------------------*/
  75:Drivers/STM32F1xx_HAL_Driver/Src/stm32f1xx_hal.c **** 
  76:Drivers/STM32F1xx_HAL_Driver/Src/stm32f1xx_hal.c **** /** @defgroup HAL_Private_Variables HAL Private Variables
  77:Drivers/STM32F1xx_HAL_Driver/Src/stm32f1xx_hal.c ****   * @{
  78:Drivers/STM32F1xx_HAL_Driver/Src/stm32f1xx_hal.c ****   */
  79:Drivers/STM32F1xx_HAL_Driver/Src/stm32f1xx_hal.c **** __IO uint32_t uwTick;
  80:Drivers/STM32F1xx_HAL_Driver/Src/stm32f1xx_hal.c **** uint32_t uwTickPrio   = (1UL << __NVIC_PRIO_BITS); /* Invalid PRIO */
  81:Drivers/STM32F1xx_HAL_Driver/Src/stm32f1xx_hal.c **** HAL_TickFreqTypeDef uwTickFreq = HAL_TICK_FREQ_DEFAULT;  /* 1KHz */
  82:Drivers/STM32F1xx_HAL_Driver/Src/stm32f1xx_hal.c **** /**
  83:Drivers/STM32F1xx_HAL_Driver/Src/stm32f1xx_hal.c ****   * @}
  84:Drivers/STM32F1xx_HAL_Driver/Src/stm32f1xx_hal.c ****   */
  85:Drivers/STM32F1xx_HAL_Driver/Src/stm32f1xx_hal.c **** /* Private function prototypes -----------------------------------------------*/
  86:Drivers/STM32F1xx_HAL_Driver/Src/stm32f1xx_hal.c **** /* Exported functions ---------------------------------------------------------*/
  87:Drivers/STM32F1xx_HAL_Driver/Src/stm32f1xx_hal.c **** 
  88:Drivers/STM32F1xx_HAL_Driver/Src/stm32f1xx_hal.c **** /** @defgroup HAL_Exported_Functions HAL Exported Functions
  89:Drivers/STM32F1xx_HAL_Driver/Src/stm32f1xx_hal.c ****   * @{
ARM GAS  C:\Users\ride_pig\AppData\Local\Temp\ccRrjBpk.s 			page 3


  90:Drivers/STM32F1xx_HAL_Driver/Src/stm32f1xx_hal.c ****   */
  91:Drivers/STM32F1xx_HAL_Driver/Src/stm32f1xx_hal.c **** 
  92:Drivers/STM32F1xx_HAL_Driver/Src/stm32f1xx_hal.c **** /** @defgroup HAL_Exported_Functions_Group1 Initialization and de-initialization Functions
  93:Drivers/STM32F1xx_HAL_Driver/Src/stm32f1xx_hal.c ****  *  @brief    Initialization and de-initialization functions
  94:Drivers/STM32F1xx_HAL_Driver/Src/stm32f1xx_hal.c ****  *
  95:Drivers/STM32F1xx_HAL_Driver/Src/stm32f1xx_hal.c **** @verbatim
  96:Drivers/STM32F1xx_HAL_Driver/Src/stm32f1xx_hal.c ****  ===============================================================================
  97:Drivers/STM32F1xx_HAL_Driver/Src/stm32f1xx_hal.c ****               ##### Initialization and de-initialization functions #####
  98:Drivers/STM32F1xx_HAL_Driver/Src/stm32f1xx_hal.c ****  ===============================================================================
  99:Drivers/STM32F1xx_HAL_Driver/Src/stm32f1xx_hal.c ****    [..]  This section provides functions allowing to:
 100:Drivers/STM32F1xx_HAL_Driver/Src/stm32f1xx_hal.c ****       (+) Initializes the Flash interface, the NVIC allocation and initial clock
 101:Drivers/STM32F1xx_HAL_Driver/Src/stm32f1xx_hal.c ****           configuration. It initializes the systick also when timeout is needed
 102:Drivers/STM32F1xx_HAL_Driver/Src/stm32f1xx_hal.c ****           and the backup domain when enabled.
 103:Drivers/STM32F1xx_HAL_Driver/Src/stm32f1xx_hal.c ****       (+) de-Initializes common part of the HAL.
 104:Drivers/STM32F1xx_HAL_Driver/Src/stm32f1xx_hal.c ****       (+) Configure The time base source to have 1ms time base with a dedicated
 105:Drivers/STM32F1xx_HAL_Driver/Src/stm32f1xx_hal.c ****           Tick interrupt priority.
 106:Drivers/STM32F1xx_HAL_Driver/Src/stm32f1xx_hal.c ****         (++) SysTick timer is used by default as source of time base, but user
 107:Drivers/STM32F1xx_HAL_Driver/Src/stm32f1xx_hal.c ****              can eventually implement his proper time base source (a general purpose
 108:Drivers/STM32F1xx_HAL_Driver/Src/stm32f1xx_hal.c ****              timer for example or other time source), keeping in mind that Time base
 109:Drivers/STM32F1xx_HAL_Driver/Src/stm32f1xx_hal.c ****              duration should be kept 1ms since PPP_TIMEOUT_VALUEs are defined and
 110:Drivers/STM32F1xx_HAL_Driver/Src/stm32f1xx_hal.c ****              handled in milliseconds basis.
 111:Drivers/STM32F1xx_HAL_Driver/Src/stm32f1xx_hal.c ****         (++) Time base configuration function (HAL_InitTick ()) is called automatically
 112:Drivers/STM32F1xx_HAL_Driver/Src/stm32f1xx_hal.c ****              at the beginning of the program after reset by HAL_Init() or at any time
 113:Drivers/STM32F1xx_HAL_Driver/Src/stm32f1xx_hal.c ****              when clock is configured, by HAL_RCC_ClockConfig().
 114:Drivers/STM32F1xx_HAL_Driver/Src/stm32f1xx_hal.c ****         (++) Source of time base is configured  to generate interrupts at regular
 115:Drivers/STM32F1xx_HAL_Driver/Src/stm32f1xx_hal.c ****              time intervals. Care must be taken if HAL_Delay() is called from a
 116:Drivers/STM32F1xx_HAL_Driver/Src/stm32f1xx_hal.c ****              peripheral ISR process, the Tick interrupt line must have higher priority
 117:Drivers/STM32F1xx_HAL_Driver/Src/stm32f1xx_hal.c ****             (numerically lower) than the peripheral interrupt. Otherwise the caller
 118:Drivers/STM32F1xx_HAL_Driver/Src/stm32f1xx_hal.c ****             ISR process will be blocked.
 119:Drivers/STM32F1xx_HAL_Driver/Src/stm32f1xx_hal.c ****        (++) functions affecting time base configurations are declared as __weak
 120:Drivers/STM32F1xx_HAL_Driver/Src/stm32f1xx_hal.c ****              to make  override possible  in case of other  implementations in user file.
 121:Drivers/STM32F1xx_HAL_Driver/Src/stm32f1xx_hal.c **** @endverbatim
 122:Drivers/STM32F1xx_HAL_Driver/Src/stm32f1xx_hal.c ****   * @{
 123:Drivers/STM32F1xx_HAL_Driver/Src/stm32f1xx_hal.c ****   */
 124:Drivers/STM32F1xx_HAL_Driver/Src/stm32f1xx_hal.c **** 
 125:Drivers/STM32F1xx_HAL_Driver/Src/stm32f1xx_hal.c **** /**
 126:Drivers/STM32F1xx_HAL_Driver/Src/stm32f1xx_hal.c ****   * @brief  This function is used to initialize the HAL Library; it must be the first
 127:Drivers/STM32F1xx_HAL_Driver/Src/stm32f1xx_hal.c ****   *         instruction to be executed in the main program (before to call any other
 128:Drivers/STM32F1xx_HAL_Driver/Src/stm32f1xx_hal.c ****   *         HAL function), it performs the following:
 129:Drivers/STM32F1xx_HAL_Driver/Src/stm32f1xx_hal.c ****   *           Configure the Flash prefetch.
 130:Drivers/STM32F1xx_HAL_Driver/Src/stm32f1xx_hal.c ****   *           Configures the SysTick to generate an interrupt each 1 millisecond,
 131:Drivers/STM32F1xx_HAL_Driver/Src/stm32f1xx_hal.c ****   *           which is clocked by the HSI (at this stage, the clock is not yet
 132:Drivers/STM32F1xx_HAL_Driver/Src/stm32f1xx_hal.c ****   *           configured and thus the system is running from the internal HSI at 16 MHz).
 133:Drivers/STM32F1xx_HAL_Driver/Src/stm32f1xx_hal.c ****   *           Set NVIC Group Priority to 4.
 134:Drivers/STM32F1xx_HAL_Driver/Src/stm32f1xx_hal.c ****   *           Calls the HAL_MspInit() callback function defined in user file
 135:Drivers/STM32F1xx_HAL_Driver/Src/stm32f1xx_hal.c ****   *           "stm32f1xx_hal_msp.c" to do the global low level hardware initialization
 136:Drivers/STM32F1xx_HAL_Driver/Src/stm32f1xx_hal.c ****   *
 137:Drivers/STM32F1xx_HAL_Driver/Src/stm32f1xx_hal.c ****   * @note   SysTick is used as time base for the HAL_Delay() function, the application
 138:Drivers/STM32F1xx_HAL_Driver/Src/stm32f1xx_hal.c ****   *         need to ensure that the SysTick time base is always set to 1 millisecond
 139:Drivers/STM32F1xx_HAL_Driver/Src/stm32f1xx_hal.c ****   *         to have correct HAL operation.
 140:Drivers/STM32F1xx_HAL_Driver/Src/stm32f1xx_hal.c ****   * @retval HAL status
 141:Drivers/STM32F1xx_HAL_Driver/Src/stm32f1xx_hal.c ****   */
 142:Drivers/STM32F1xx_HAL_Driver/Src/stm32f1xx_hal.c **** HAL_StatusTypeDef HAL_Init(void)
 143:Drivers/STM32F1xx_HAL_Driver/Src/stm32f1xx_hal.c **** {
 144:Drivers/STM32F1xx_HAL_Driver/Src/stm32f1xx_hal.c ****   /* Configure Flash prefetch */
 145:Drivers/STM32F1xx_HAL_Driver/Src/stm32f1xx_hal.c **** #if (PREFETCH_ENABLE != 0)
 146:Drivers/STM32F1xx_HAL_Driver/Src/stm32f1xx_hal.c **** #if defined(STM32F101x6) || defined(STM32F101xB) || defined(STM32F101xE) || defined(STM32F101xG) ||
ARM GAS  C:\Users\ride_pig\AppData\Local\Temp\ccRrjBpk.s 			page 4


 147:Drivers/STM32F1xx_HAL_Driver/Src/stm32f1xx_hal.c ****     defined(STM32F102x6) || defined(STM32F102xB) || \
 148:Drivers/STM32F1xx_HAL_Driver/Src/stm32f1xx_hal.c ****     defined(STM32F103x6) || defined(STM32F103xB) || defined(STM32F103xE) || defined(STM32F103xG) ||
 149:Drivers/STM32F1xx_HAL_Driver/Src/stm32f1xx_hal.c ****     defined(STM32F105xC) || defined(STM32F107xC)
 150:Drivers/STM32F1xx_HAL_Driver/Src/stm32f1xx_hal.c **** 
 151:Drivers/STM32F1xx_HAL_Driver/Src/stm32f1xx_hal.c ****   /* Prefetch buffer is not available on value line devices */
 152:Drivers/STM32F1xx_HAL_Driver/Src/stm32f1xx_hal.c ****   __HAL_FLASH_PREFETCH_BUFFER_ENABLE();
 153:Drivers/STM32F1xx_HAL_Driver/Src/stm32f1xx_hal.c **** #endif
 154:Drivers/STM32F1xx_HAL_Driver/Src/stm32f1xx_hal.c **** #endif /* PREFETCH_ENABLE */
 155:Drivers/STM32F1xx_HAL_Driver/Src/stm32f1xx_hal.c **** 
 156:Drivers/STM32F1xx_HAL_Driver/Src/stm32f1xx_hal.c ****   /* Set Interrupt Group Priority */
 157:Drivers/STM32F1xx_HAL_Driver/Src/stm32f1xx_hal.c ****   HAL_NVIC_SetPriorityGrouping(NVIC_PRIORITYGROUP_4);
 158:Drivers/STM32F1xx_HAL_Driver/Src/stm32f1xx_hal.c **** 
 159:Drivers/STM32F1xx_HAL_Driver/Src/stm32f1xx_hal.c ****   /* Use systick as time base source and configure 1ms tick (default clock after Reset is HSI) */
 160:Drivers/STM32F1xx_HAL_Driver/Src/stm32f1xx_hal.c ****   HAL_InitTick(TICK_INT_PRIORITY);
 161:Drivers/STM32F1xx_HAL_Driver/Src/stm32f1xx_hal.c **** 
 162:Drivers/STM32F1xx_HAL_Driver/Src/stm32f1xx_hal.c ****   /* Init the low level hardware */
 163:Drivers/STM32F1xx_HAL_Driver/Src/stm32f1xx_hal.c ****   HAL_MspInit();
 164:Drivers/STM32F1xx_HAL_Driver/Src/stm32f1xx_hal.c **** 
 165:Drivers/STM32F1xx_HAL_Driver/Src/stm32f1xx_hal.c ****   /* Return function status */
 166:Drivers/STM32F1xx_HAL_Driver/Src/stm32f1xx_hal.c ****   return HAL_OK;
 167:Drivers/STM32F1xx_HAL_Driver/Src/stm32f1xx_hal.c **** }
 168:Drivers/STM32F1xx_HAL_Driver/Src/stm32f1xx_hal.c **** 
 169:Drivers/STM32F1xx_HAL_Driver/Src/stm32f1xx_hal.c **** /**
 170:Drivers/STM32F1xx_HAL_Driver/Src/stm32f1xx_hal.c ****   * @brief This function de-Initializes common part of the HAL and stops the systick.
 171:Drivers/STM32F1xx_HAL_Driver/Src/stm32f1xx_hal.c ****   *        of time base.
 172:Drivers/STM32F1xx_HAL_Driver/Src/stm32f1xx_hal.c ****   * @note This function is optional.
 173:Drivers/STM32F1xx_HAL_Driver/Src/stm32f1xx_hal.c ****   * @retval HAL status
 174:Drivers/STM32F1xx_HAL_Driver/Src/stm32f1xx_hal.c ****   */
 175:Drivers/STM32F1xx_HAL_Driver/Src/stm32f1xx_hal.c **** HAL_StatusTypeDef HAL_DeInit(void)
 176:Drivers/STM32F1xx_HAL_Driver/Src/stm32f1xx_hal.c **** {
 177:Drivers/STM32F1xx_HAL_Driver/Src/stm32f1xx_hal.c ****   /* Reset of all peripherals */
 178:Drivers/STM32F1xx_HAL_Driver/Src/stm32f1xx_hal.c ****   __HAL_RCC_APB1_FORCE_RESET();
 179:Drivers/STM32F1xx_HAL_Driver/Src/stm32f1xx_hal.c ****   __HAL_RCC_APB1_RELEASE_RESET();
 180:Drivers/STM32F1xx_HAL_Driver/Src/stm32f1xx_hal.c **** 
 181:Drivers/STM32F1xx_HAL_Driver/Src/stm32f1xx_hal.c ****   __HAL_RCC_APB2_FORCE_RESET();
 182:Drivers/STM32F1xx_HAL_Driver/Src/stm32f1xx_hal.c ****   __HAL_RCC_APB2_RELEASE_RESET();
 183:Drivers/STM32F1xx_HAL_Driver/Src/stm32f1xx_hal.c **** 
 184:Drivers/STM32F1xx_HAL_Driver/Src/stm32f1xx_hal.c **** #if defined(STM32F105xC) || defined(STM32F107xC)
 185:Drivers/STM32F1xx_HAL_Driver/Src/stm32f1xx_hal.c ****   __HAL_RCC_AHB_FORCE_RESET();
 186:Drivers/STM32F1xx_HAL_Driver/Src/stm32f1xx_hal.c ****   __HAL_RCC_AHB_RELEASE_RESET();
 187:Drivers/STM32F1xx_HAL_Driver/Src/stm32f1xx_hal.c **** #endif
 188:Drivers/STM32F1xx_HAL_Driver/Src/stm32f1xx_hal.c **** 
 189:Drivers/STM32F1xx_HAL_Driver/Src/stm32f1xx_hal.c ****   /* De-Init the low level hardware */
 190:Drivers/STM32F1xx_HAL_Driver/Src/stm32f1xx_hal.c ****   HAL_MspDeInit();
 191:Drivers/STM32F1xx_HAL_Driver/Src/stm32f1xx_hal.c **** 
 192:Drivers/STM32F1xx_HAL_Driver/Src/stm32f1xx_hal.c ****   /* Return function status */
 193:Drivers/STM32F1xx_HAL_Driver/Src/stm32f1xx_hal.c ****   return HAL_OK;
 194:Drivers/STM32F1xx_HAL_Driver/Src/stm32f1xx_hal.c **** }
 195:Drivers/STM32F1xx_HAL_Driver/Src/stm32f1xx_hal.c **** 
 196:Drivers/STM32F1xx_HAL_Driver/Src/stm32f1xx_hal.c **** /**
 197:Drivers/STM32F1xx_HAL_Driver/Src/stm32f1xx_hal.c ****   * @brief  Initialize the MSP.
 198:Drivers/STM32F1xx_HAL_Driver/Src/stm32f1xx_hal.c ****   * @retval None
 199:Drivers/STM32F1xx_HAL_Driver/Src/stm32f1xx_hal.c ****   */
 200:Drivers/STM32F1xx_HAL_Driver/Src/stm32f1xx_hal.c **** __weak void HAL_MspInit(void)
 201:Drivers/STM32F1xx_HAL_Driver/Src/stm32f1xx_hal.c **** {
  27              		.loc 1 201 1 view -0
  28              		.cfi_startproc
ARM GAS  C:\Users\ride_pig\AppData\Local\Temp\ccRrjBpk.s 			page 5


  29              		@ args = 0, pretend = 0, frame = 0
  30              		@ frame_needed = 0, uses_anonymous_args = 0
  31              		@ link register save eliminated.
 202:Drivers/STM32F1xx_HAL_Driver/Src/stm32f1xx_hal.c ****   /* NOTE : This function should not be modified, when the callback is needed,
 203:Drivers/STM32F1xx_HAL_Driver/Src/stm32f1xx_hal.c ****             the HAL_MspInit could be implemented in the user file
 204:Drivers/STM32F1xx_HAL_Driver/Src/stm32f1xx_hal.c ****    */
 205:Drivers/STM32F1xx_HAL_Driver/Src/stm32f1xx_hal.c **** }
  32              		.loc 1 205 1 view .LVU1
  33 0000 7047     		bx	lr
  34              		.cfi_endproc
  35              	.LFE67:
  37              		.section	.text.HAL_MspDeInit,"ax",%progbits
  38              		.align	1
  39              		.weak	HAL_MspDeInit
  40              		.syntax unified
  41              		.thumb
  42              		.thumb_func
  44              	HAL_MspDeInit:
  45              	.LFB68:
 206:Drivers/STM32F1xx_HAL_Driver/Src/stm32f1xx_hal.c **** 
 207:Drivers/STM32F1xx_HAL_Driver/Src/stm32f1xx_hal.c **** /**
 208:Drivers/STM32F1xx_HAL_Driver/Src/stm32f1xx_hal.c ****   * @brief  DeInitializes the MSP.
 209:Drivers/STM32F1xx_HAL_Driver/Src/stm32f1xx_hal.c ****   * @retval None
 210:Drivers/STM32F1xx_HAL_Driver/Src/stm32f1xx_hal.c ****   */
 211:Drivers/STM32F1xx_HAL_Driver/Src/stm32f1xx_hal.c **** __weak void HAL_MspDeInit(void)
 212:Drivers/STM32F1xx_HAL_Driver/Src/stm32f1xx_hal.c **** {
  46              		.loc 1 212 1 view -0
  47              		.cfi_startproc
  48              		@ args = 0, pretend = 0, frame = 0
  49              		@ frame_needed = 0, uses_anonymous_args = 0
  50              		@ link register save eliminated.
 213:Drivers/STM32F1xx_HAL_Driver/Src/stm32f1xx_hal.c ****   /* NOTE : This function should not be modified, when the callback is needed,
 214:Drivers/STM32F1xx_HAL_Driver/Src/stm32f1xx_hal.c ****             the HAL_MspDeInit could be implemented in the user file
 215:Drivers/STM32F1xx_HAL_Driver/Src/stm32f1xx_hal.c ****    */
 216:Drivers/STM32F1xx_HAL_Driver/Src/stm32f1xx_hal.c **** }
  51              		.loc 1 216 1 view .LVU3
  52 0000 7047     		bx	lr
  53              		.cfi_endproc
  54              	.LFE68:
  56              		.section	.text.HAL_DeInit,"ax",%progbits
  57              		.align	1
  58              		.global	HAL_DeInit
  59              		.syntax unified
  60              		.thumb
  61              		.thumb_func
  63              	HAL_DeInit:
  64              	.LFB66:
 176:Drivers/STM32F1xx_HAL_Driver/Src/stm32f1xx_hal.c ****   /* Reset of all peripherals */
  65              		.loc 1 176 1 view -0
  66              		.cfi_startproc
  67              		@ args = 0, pretend = 0, frame = 0
  68              		@ frame_needed = 0, uses_anonymous_args = 0
  69 0000 10B5     		push	{r4, lr}
  70              	.LCFI0:
  71              		.cfi_def_cfa_offset 8
  72              		.cfi_offset 4, -8
  73              		.cfi_offset 14, -4
ARM GAS  C:\Users\ride_pig\AppData\Local\Temp\ccRrjBpk.s 			page 6


 178:Drivers/STM32F1xx_HAL_Driver/Src/stm32f1xx_hal.c ****   __HAL_RCC_APB1_RELEASE_RESET();
  74              		.loc 1 178 3 view .LVU5
  75 0002 074B     		ldr	r3, .L5
  76 0004 4FF0FF32 		mov	r2, #-1
  77 0008 DA60     		str	r2, [r3, #12]
 179:Drivers/STM32F1xx_HAL_Driver/Src/stm32f1xx_hal.c **** 
  78              		.loc 1 179 3 view .LVU6
  79 000a 0024     		movs	r4, #0
  80 000c 1C61     		str	r4, [r3, #16]
 181:Drivers/STM32F1xx_HAL_Driver/Src/stm32f1xx_hal.c ****   __HAL_RCC_APB2_RELEASE_RESET();
  81              		.loc 1 181 3 view .LVU7
  82 000e DA60     		str	r2, [r3, #12]
 182:Drivers/STM32F1xx_HAL_Driver/Src/stm32f1xx_hal.c **** 
  83              		.loc 1 182 3 view .LVU8
  84 0010 DC60     		str	r4, [r3, #12]
 185:Drivers/STM32F1xx_HAL_Driver/Src/stm32f1xx_hal.c ****   __HAL_RCC_AHB_RELEASE_RESET();
  85              		.loc 1 185 3 view .LVU9
  86 0012 9A62     		str	r2, [r3, #40]
 186:Drivers/STM32F1xx_HAL_Driver/Src/stm32f1xx_hal.c **** #endif
  87              		.loc 1 186 3 view .LVU10
  88 0014 9C62     		str	r4, [r3, #40]
 190:Drivers/STM32F1xx_HAL_Driver/Src/stm32f1xx_hal.c **** 
  89              		.loc 1 190 3 view .LVU11
  90 0016 FFF7FEFF 		bl	HAL_MspDeInit
  91              	.LVL0:
 193:Drivers/STM32F1xx_HAL_Driver/Src/stm32f1xx_hal.c **** }
  92              		.loc 1 193 3 view .LVU12
 194:Drivers/STM32F1xx_HAL_Driver/Src/stm32f1xx_hal.c **** 
  93              		.loc 1 194 1 is_stmt 0 view .LVU13
  94 001a 2046     		mov	r0, r4
  95 001c 10BD     		pop	{r4, pc}
  96              	.L6:
  97 001e 00BF     		.align	2
  98              	.L5:
  99 0020 00100240 		.word	1073876992
 100              		.cfi_endproc
 101              	.LFE66:
 103              		.section	.text.HAL_InitTick,"ax",%progbits
 104              		.align	1
 105              		.weak	HAL_InitTick
 106              		.syntax unified
 107              		.thumb
 108              		.thumb_func
 110              	HAL_InitTick:
 111              	.LVL1:
 112              	.LFB69:
 217:Drivers/STM32F1xx_HAL_Driver/Src/stm32f1xx_hal.c **** 
 218:Drivers/STM32F1xx_HAL_Driver/Src/stm32f1xx_hal.c **** /**
 219:Drivers/STM32F1xx_HAL_Driver/Src/stm32f1xx_hal.c ****   * @brief This function configures the source of the time base.
 220:Drivers/STM32F1xx_HAL_Driver/Src/stm32f1xx_hal.c ****   *        The time source is configured  to have 1ms time base with a dedicated
 221:Drivers/STM32F1xx_HAL_Driver/Src/stm32f1xx_hal.c ****   *        Tick interrupt priority.
 222:Drivers/STM32F1xx_HAL_Driver/Src/stm32f1xx_hal.c ****   * @note This function is called  automatically at the beginning of program after
 223:Drivers/STM32F1xx_HAL_Driver/Src/stm32f1xx_hal.c ****   *       reset by HAL_Init() or at any time when clock is reconfigured  by HAL_RCC_ClockConfig().
 224:Drivers/STM32F1xx_HAL_Driver/Src/stm32f1xx_hal.c ****   * @note In the default implementation, SysTick timer is the source of time base.
 225:Drivers/STM32F1xx_HAL_Driver/Src/stm32f1xx_hal.c ****   *       It is used to generate interrupts at regular time intervals.
 226:Drivers/STM32F1xx_HAL_Driver/Src/stm32f1xx_hal.c ****   *       Care must be taken if HAL_Delay() is called from a peripheral ISR process,
 227:Drivers/STM32F1xx_HAL_Driver/Src/stm32f1xx_hal.c ****   *       The SysTick interrupt must have higher priority (numerically lower)
ARM GAS  C:\Users\ride_pig\AppData\Local\Temp\ccRrjBpk.s 			page 7


 228:Drivers/STM32F1xx_HAL_Driver/Src/stm32f1xx_hal.c ****   *       than the peripheral interrupt. Otherwise the caller ISR process will be blocked.
 229:Drivers/STM32F1xx_HAL_Driver/Src/stm32f1xx_hal.c ****   *       The function is declared as __weak  to be overwritten  in case of other
 230:Drivers/STM32F1xx_HAL_Driver/Src/stm32f1xx_hal.c ****   *       implementation  in user file.
 231:Drivers/STM32F1xx_HAL_Driver/Src/stm32f1xx_hal.c ****   * @param TickPriority Tick interrupt priority.
 232:Drivers/STM32F1xx_HAL_Driver/Src/stm32f1xx_hal.c ****   * @retval HAL status
 233:Drivers/STM32F1xx_HAL_Driver/Src/stm32f1xx_hal.c ****   */
 234:Drivers/STM32F1xx_HAL_Driver/Src/stm32f1xx_hal.c **** __weak HAL_StatusTypeDef HAL_InitTick(uint32_t TickPriority)
 235:Drivers/STM32F1xx_HAL_Driver/Src/stm32f1xx_hal.c **** {
 113              		.loc 1 235 1 is_stmt 1 view -0
 114              		.cfi_startproc
 115              		@ args = 0, pretend = 0, frame = 0
 116              		@ frame_needed = 0, uses_anonymous_args = 0
 117              		.loc 1 235 1 is_stmt 0 view .LVU15
 118 0000 10B5     		push	{r4, lr}
 119              	.LCFI1:
 120              		.cfi_def_cfa_offset 8
 121              		.cfi_offset 4, -8
 122              		.cfi_offset 14, -4
 123 0002 0446     		mov	r4, r0
 236:Drivers/STM32F1xx_HAL_Driver/Src/stm32f1xx_hal.c ****   /* Configure the SysTick to have interrupt in 1ms time basis*/
 237:Drivers/STM32F1xx_HAL_Driver/Src/stm32f1xx_hal.c ****   if (HAL_SYSTICK_Config(SystemCoreClock / (1000U / uwTickFreq)) > 0U)
 124              		.loc 1 237 3 is_stmt 1 view .LVU16
 125              		.loc 1 237 51 is_stmt 0 view .LVU17
 126 0004 0E4B     		ldr	r3, .L13
 127 0006 1A78     		ldrb	r2, [r3]	@ zero_extendqisi2
 128 0008 4FF47A73 		mov	r3, #1000
 129 000c B3FBF2F3 		udiv	r3, r3, r2
 130              		.loc 1 237 7 view .LVU18
 131 0010 0C4A     		ldr	r2, .L13+4
 132 0012 1068     		ldr	r0, [r2]
 133              	.LVL2:
 134              		.loc 1 237 7 view .LVU19
 135 0014 B0FBF3F0 		udiv	r0, r0, r3
 136 0018 FFF7FEFF 		bl	HAL_SYSTICK_Config
 137              	.LVL3:
 138              		.loc 1 237 6 view .LVU20
 139 001c 68B9     		cbnz	r0, .L9
 238:Drivers/STM32F1xx_HAL_Driver/Src/stm32f1xx_hal.c ****   {
 239:Drivers/STM32F1xx_HAL_Driver/Src/stm32f1xx_hal.c ****     return HAL_ERROR;
 240:Drivers/STM32F1xx_HAL_Driver/Src/stm32f1xx_hal.c ****   }
 241:Drivers/STM32F1xx_HAL_Driver/Src/stm32f1xx_hal.c **** 
 242:Drivers/STM32F1xx_HAL_Driver/Src/stm32f1xx_hal.c ****   /* Configure the SysTick IRQ priority */
 243:Drivers/STM32F1xx_HAL_Driver/Src/stm32f1xx_hal.c ****   if (TickPriority < (1UL << __NVIC_PRIO_BITS))
 140              		.loc 1 243 3 is_stmt 1 view .LVU21
 141              		.loc 1 243 6 is_stmt 0 view .LVU22
 142 001e 0F2C     		cmp	r4, #15
 143 0020 01D9     		bls	.L12
 244:Drivers/STM32F1xx_HAL_Driver/Src/stm32f1xx_hal.c ****   {
 245:Drivers/STM32F1xx_HAL_Driver/Src/stm32f1xx_hal.c ****     HAL_NVIC_SetPriority(SysTick_IRQn, TickPriority, 0U);
 246:Drivers/STM32F1xx_HAL_Driver/Src/stm32f1xx_hal.c ****     uwTickPrio = TickPriority;
 247:Drivers/STM32F1xx_HAL_Driver/Src/stm32f1xx_hal.c ****   }
 248:Drivers/STM32F1xx_HAL_Driver/Src/stm32f1xx_hal.c ****   else
 249:Drivers/STM32F1xx_HAL_Driver/Src/stm32f1xx_hal.c ****   {
 250:Drivers/STM32F1xx_HAL_Driver/Src/stm32f1xx_hal.c ****     return HAL_ERROR;
 144              		.loc 1 250 12 view .LVU23
 145 0022 0120     		movs	r0, #1
 146 0024 0AE0     		b	.L8
ARM GAS  C:\Users\ride_pig\AppData\Local\Temp\ccRrjBpk.s 			page 8


 147              	.L12:
 245:Drivers/STM32F1xx_HAL_Driver/Src/stm32f1xx_hal.c ****     uwTickPrio = TickPriority;
 148              		.loc 1 245 5 is_stmt 1 view .LVU24
 149 0026 0022     		movs	r2, #0
 150 0028 2146     		mov	r1, r4
 151 002a 4FF0FF30 		mov	r0, #-1
 152 002e FFF7FEFF 		bl	HAL_NVIC_SetPriority
 153              	.LVL4:
 246:Drivers/STM32F1xx_HAL_Driver/Src/stm32f1xx_hal.c ****   }
 154              		.loc 1 246 5 view .LVU25
 246:Drivers/STM32F1xx_HAL_Driver/Src/stm32f1xx_hal.c ****   }
 155              		.loc 1 246 16 is_stmt 0 view .LVU26
 156 0032 054B     		ldr	r3, .L13+8
 157 0034 1C60     		str	r4, [r3]
 251:Drivers/STM32F1xx_HAL_Driver/Src/stm32f1xx_hal.c ****   }
 252:Drivers/STM32F1xx_HAL_Driver/Src/stm32f1xx_hal.c **** 
 253:Drivers/STM32F1xx_HAL_Driver/Src/stm32f1xx_hal.c ****   /* Return function status */
 254:Drivers/STM32F1xx_HAL_Driver/Src/stm32f1xx_hal.c ****   return HAL_OK;
 158              		.loc 1 254 3 is_stmt 1 view .LVU27
 159              		.loc 1 254 10 is_stmt 0 view .LVU28
 160 0036 0020     		movs	r0, #0
 161 0038 00E0     		b	.L8
 162              	.L9:
 239:Drivers/STM32F1xx_HAL_Driver/Src/stm32f1xx_hal.c ****   }
 163              		.loc 1 239 12 view .LVU29
 164 003a 0120     		movs	r0, #1
 165              	.L8:
 255:Drivers/STM32F1xx_HAL_Driver/Src/stm32f1xx_hal.c **** }
 166              		.loc 1 255 1 view .LVU30
 167 003c 10BD     		pop	{r4, pc}
 168              	.LVL5:
 169              	.L14:
 170              		.loc 1 255 1 view .LVU31
 171 003e 00BF     		.align	2
 172              	.L13:
 173 0040 00000000 		.word	.LANCHOR0
 174 0044 00000000 		.word	SystemCoreClock
 175 0048 00000000 		.word	.LANCHOR1
 176              		.cfi_endproc
 177              	.LFE69:
 179              		.section	.text.HAL_Init,"ax",%progbits
 180              		.align	1
 181              		.global	HAL_Init
 182              		.syntax unified
 183              		.thumb
 184              		.thumb_func
 186              	HAL_Init:
 187              	.LFB65:
 143:Drivers/STM32F1xx_HAL_Driver/Src/stm32f1xx_hal.c ****   /* Configure Flash prefetch */
 188              		.loc 1 143 1 is_stmt 1 view -0
 189              		.cfi_startproc
 190              		@ args = 0, pretend = 0, frame = 0
 191              		@ frame_needed = 0, uses_anonymous_args = 0
 192 0000 08B5     		push	{r3, lr}
 193              	.LCFI2:
 194              		.cfi_def_cfa_offset 8
 195              		.cfi_offset 3, -8
ARM GAS  C:\Users\ride_pig\AppData\Local\Temp\ccRrjBpk.s 			page 9


 196              		.cfi_offset 14, -4
 152:Drivers/STM32F1xx_HAL_Driver/Src/stm32f1xx_hal.c **** #endif
 197              		.loc 1 152 3 view .LVU33
 198 0002 074A     		ldr	r2, .L17
 199 0004 1368     		ldr	r3, [r2]
 200 0006 43F01003 		orr	r3, r3, #16
 201 000a 1360     		str	r3, [r2]
 157:Drivers/STM32F1xx_HAL_Driver/Src/stm32f1xx_hal.c **** 
 202              		.loc 1 157 3 view .LVU34
 203 000c 0320     		movs	r0, #3
 204 000e FFF7FEFF 		bl	HAL_NVIC_SetPriorityGrouping
 205              	.LVL6:
 160:Drivers/STM32F1xx_HAL_Driver/Src/stm32f1xx_hal.c **** 
 206              		.loc 1 160 3 view .LVU35
 207 0012 0020     		movs	r0, #0
 208 0014 FFF7FEFF 		bl	HAL_InitTick
 209              	.LVL7:
 163:Drivers/STM32F1xx_HAL_Driver/Src/stm32f1xx_hal.c **** 
 210              		.loc 1 163 3 view .LVU36
 211 0018 FFF7FEFF 		bl	HAL_MspInit
 212              	.LVL8:
 166:Drivers/STM32F1xx_HAL_Driver/Src/stm32f1xx_hal.c **** }
 213              		.loc 1 166 3 view .LVU37
 167:Drivers/STM32F1xx_HAL_Driver/Src/stm32f1xx_hal.c **** 
 214              		.loc 1 167 1 is_stmt 0 view .LVU38
 215 001c 0020     		movs	r0, #0
 216 001e 08BD     		pop	{r3, pc}
 217              	.L18:
 218              		.align	2
 219              	.L17:
 220 0020 00200240 		.word	1073881088
 221              		.cfi_endproc
 222              	.LFE65:
 224              		.section	.text.HAL_IncTick,"ax",%progbits
 225              		.align	1
 226              		.weak	HAL_IncTick
 227              		.syntax unified
 228              		.thumb
 229              		.thumb_func
 231              	HAL_IncTick:
 232              	.LFB70:
 256:Drivers/STM32F1xx_HAL_Driver/Src/stm32f1xx_hal.c **** 
 257:Drivers/STM32F1xx_HAL_Driver/Src/stm32f1xx_hal.c **** /**
 258:Drivers/STM32F1xx_HAL_Driver/Src/stm32f1xx_hal.c ****   * @}
 259:Drivers/STM32F1xx_HAL_Driver/Src/stm32f1xx_hal.c ****   */
 260:Drivers/STM32F1xx_HAL_Driver/Src/stm32f1xx_hal.c **** 
 261:Drivers/STM32F1xx_HAL_Driver/Src/stm32f1xx_hal.c **** /** @defgroup HAL_Exported_Functions_Group2 HAL Control functions
 262:Drivers/STM32F1xx_HAL_Driver/Src/stm32f1xx_hal.c ****   *  @brief    HAL Control functions
 263:Drivers/STM32F1xx_HAL_Driver/Src/stm32f1xx_hal.c ****   *
 264:Drivers/STM32F1xx_HAL_Driver/Src/stm32f1xx_hal.c **** @verbatim
 265:Drivers/STM32F1xx_HAL_Driver/Src/stm32f1xx_hal.c ****  ===============================================================================
 266:Drivers/STM32F1xx_HAL_Driver/Src/stm32f1xx_hal.c ****                       ##### HAL Control functions #####
 267:Drivers/STM32F1xx_HAL_Driver/Src/stm32f1xx_hal.c ****  ===============================================================================
 268:Drivers/STM32F1xx_HAL_Driver/Src/stm32f1xx_hal.c ****     [..]  This section provides functions allowing to:
 269:Drivers/STM32F1xx_HAL_Driver/Src/stm32f1xx_hal.c ****       (+) Provide a tick value in millisecond
 270:Drivers/STM32F1xx_HAL_Driver/Src/stm32f1xx_hal.c ****       (+) Provide a blocking delay in millisecond
 271:Drivers/STM32F1xx_HAL_Driver/Src/stm32f1xx_hal.c ****       (+) Suspend the time base source interrupt
ARM GAS  C:\Users\ride_pig\AppData\Local\Temp\ccRrjBpk.s 			page 10


 272:Drivers/STM32F1xx_HAL_Driver/Src/stm32f1xx_hal.c ****       (+) Resume the time base source interrupt
 273:Drivers/STM32F1xx_HAL_Driver/Src/stm32f1xx_hal.c ****       (+) Get the HAL API driver version
 274:Drivers/STM32F1xx_HAL_Driver/Src/stm32f1xx_hal.c ****       (+) Get the device identifier
 275:Drivers/STM32F1xx_HAL_Driver/Src/stm32f1xx_hal.c ****       (+) Get the device revision identifier
 276:Drivers/STM32F1xx_HAL_Driver/Src/stm32f1xx_hal.c ****       (+) Enable/Disable Debug module during SLEEP mode
 277:Drivers/STM32F1xx_HAL_Driver/Src/stm32f1xx_hal.c ****       (+) Enable/Disable Debug module during STOP mode
 278:Drivers/STM32F1xx_HAL_Driver/Src/stm32f1xx_hal.c ****       (+) Enable/Disable Debug module during STANDBY mode
 279:Drivers/STM32F1xx_HAL_Driver/Src/stm32f1xx_hal.c **** 
 280:Drivers/STM32F1xx_HAL_Driver/Src/stm32f1xx_hal.c **** @endverbatim
 281:Drivers/STM32F1xx_HAL_Driver/Src/stm32f1xx_hal.c ****   * @{
 282:Drivers/STM32F1xx_HAL_Driver/Src/stm32f1xx_hal.c ****   */
 283:Drivers/STM32F1xx_HAL_Driver/Src/stm32f1xx_hal.c **** 
 284:Drivers/STM32F1xx_HAL_Driver/Src/stm32f1xx_hal.c **** /**
 285:Drivers/STM32F1xx_HAL_Driver/Src/stm32f1xx_hal.c ****   * @brief This function is called to increment  a global variable "uwTick"
 286:Drivers/STM32F1xx_HAL_Driver/Src/stm32f1xx_hal.c ****   *        used as application time base.
 287:Drivers/STM32F1xx_HAL_Driver/Src/stm32f1xx_hal.c ****   * @note In the default implementation, this variable is incremented each 1ms
 288:Drivers/STM32F1xx_HAL_Driver/Src/stm32f1xx_hal.c ****   *       in SysTick ISR.
 289:Drivers/STM32F1xx_HAL_Driver/Src/stm32f1xx_hal.c ****   * @note This function is declared as __weak to be overwritten in case of other
 290:Drivers/STM32F1xx_HAL_Driver/Src/stm32f1xx_hal.c ****   *      implementations in user file.
 291:Drivers/STM32F1xx_HAL_Driver/Src/stm32f1xx_hal.c ****   * @retval None
 292:Drivers/STM32F1xx_HAL_Driver/Src/stm32f1xx_hal.c ****   */
 293:Drivers/STM32F1xx_HAL_Driver/Src/stm32f1xx_hal.c **** __weak void HAL_IncTick(void)
 294:Drivers/STM32F1xx_HAL_Driver/Src/stm32f1xx_hal.c **** {
 233              		.loc 1 294 1 is_stmt 1 view -0
 234              		.cfi_startproc
 235              		@ args = 0, pretend = 0, frame = 0
 236              		@ frame_needed = 0, uses_anonymous_args = 0
 237              		@ link register save eliminated.
 295:Drivers/STM32F1xx_HAL_Driver/Src/stm32f1xx_hal.c ****   uwTick += uwTickFreq;
 238              		.loc 1 295 3 view .LVU40
 239              		.loc 1 295 10 is_stmt 0 view .LVU41
 240 0000 034A     		ldr	r2, .L20
 241 0002 1168     		ldr	r1, [r2]
 242 0004 034B     		ldr	r3, .L20+4
 243 0006 1B78     		ldrb	r3, [r3]	@ zero_extendqisi2
 244 0008 0B44     		add	r3, r3, r1
 245 000a 1360     		str	r3, [r2]
 296:Drivers/STM32F1xx_HAL_Driver/Src/stm32f1xx_hal.c **** }
 246              		.loc 1 296 1 view .LVU42
 247 000c 7047     		bx	lr
 248              	.L21:
 249 000e 00BF     		.align	2
 250              	.L20:
 251 0010 00000000 		.word	.LANCHOR2
 252 0014 00000000 		.word	.LANCHOR0
 253              		.cfi_endproc
 254              	.LFE70:
 256              		.section	.text.HAL_GetTick,"ax",%progbits
 257              		.align	1
 258              		.weak	HAL_GetTick
 259              		.syntax unified
 260              		.thumb
 261              		.thumb_func
 263              	HAL_GetTick:
 264              	.LFB71:
 297:Drivers/STM32F1xx_HAL_Driver/Src/stm32f1xx_hal.c **** 
 298:Drivers/STM32F1xx_HAL_Driver/Src/stm32f1xx_hal.c **** /**
ARM GAS  C:\Users\ride_pig\AppData\Local\Temp\ccRrjBpk.s 			page 11


 299:Drivers/STM32F1xx_HAL_Driver/Src/stm32f1xx_hal.c ****   * @brief Provides a tick value in millisecond.
 300:Drivers/STM32F1xx_HAL_Driver/Src/stm32f1xx_hal.c ****   * @note  This function is declared as __weak to be overwritten in case of other
 301:Drivers/STM32F1xx_HAL_Driver/Src/stm32f1xx_hal.c ****   *       implementations in user file.
 302:Drivers/STM32F1xx_HAL_Driver/Src/stm32f1xx_hal.c ****   * @retval tick value
 303:Drivers/STM32F1xx_HAL_Driver/Src/stm32f1xx_hal.c ****   */
 304:Drivers/STM32F1xx_HAL_Driver/Src/stm32f1xx_hal.c **** __weak uint32_t HAL_GetTick(void)
 305:Drivers/STM32F1xx_HAL_Driver/Src/stm32f1xx_hal.c **** {
 265              		.loc 1 305 1 is_stmt 1 view -0
 266              		.cfi_startproc
 267              		@ args = 0, pretend = 0, frame = 0
 268              		@ frame_needed = 0, uses_anonymous_args = 0
 269              		@ link register save eliminated.
 306:Drivers/STM32F1xx_HAL_Driver/Src/stm32f1xx_hal.c ****   return uwTick;
 270              		.loc 1 306 3 view .LVU44
 271              		.loc 1 306 10 is_stmt 0 view .LVU45
 272 0000 014B     		ldr	r3, .L23
 273 0002 1868     		ldr	r0, [r3]
 307:Drivers/STM32F1xx_HAL_Driver/Src/stm32f1xx_hal.c **** }
 274              		.loc 1 307 1 view .LVU46
 275 0004 7047     		bx	lr
 276              	.L24:
 277 0006 00BF     		.align	2
 278              	.L23:
 279 0008 00000000 		.word	.LANCHOR2
 280              		.cfi_endproc
 281              	.LFE71:
 283              		.section	.text.HAL_GetTickPrio,"ax",%progbits
 284              		.align	1
 285              		.global	HAL_GetTickPrio
 286              		.syntax unified
 287              		.thumb
 288              		.thumb_func
 290              	HAL_GetTickPrio:
 291              	.LFB72:
 308:Drivers/STM32F1xx_HAL_Driver/Src/stm32f1xx_hal.c **** 
 309:Drivers/STM32F1xx_HAL_Driver/Src/stm32f1xx_hal.c **** /**
 310:Drivers/STM32F1xx_HAL_Driver/Src/stm32f1xx_hal.c ****   * @brief This function returns a tick priority.
 311:Drivers/STM32F1xx_HAL_Driver/Src/stm32f1xx_hal.c ****   * @retval tick priority
 312:Drivers/STM32F1xx_HAL_Driver/Src/stm32f1xx_hal.c ****   */
 313:Drivers/STM32F1xx_HAL_Driver/Src/stm32f1xx_hal.c **** uint32_t HAL_GetTickPrio(void)
 314:Drivers/STM32F1xx_HAL_Driver/Src/stm32f1xx_hal.c **** {
 292              		.loc 1 314 1 is_stmt 1 view -0
 293              		.cfi_startproc
 294              		@ args = 0, pretend = 0, frame = 0
 295              		@ frame_needed = 0, uses_anonymous_args = 0
 296              		@ link register save eliminated.
 315:Drivers/STM32F1xx_HAL_Driver/Src/stm32f1xx_hal.c ****   return uwTickPrio;
 297              		.loc 1 315 3 view .LVU48
 316:Drivers/STM32F1xx_HAL_Driver/Src/stm32f1xx_hal.c **** }
 298              		.loc 1 316 1 is_stmt 0 view .LVU49
 299 0000 014B     		ldr	r3, .L26
 300 0002 1868     		ldr	r0, [r3]
 301 0004 7047     		bx	lr
 302              	.L27:
 303 0006 00BF     		.align	2
 304              	.L26:
 305 0008 00000000 		.word	.LANCHOR1
ARM GAS  C:\Users\ride_pig\AppData\Local\Temp\ccRrjBpk.s 			page 12


 306              		.cfi_endproc
 307              	.LFE72:
 309              		.section	.text.HAL_SetTickFreq,"ax",%progbits
 310              		.align	1
 311              		.global	HAL_SetTickFreq
 312              		.syntax unified
 313              		.thumb
 314              		.thumb_func
 316              	HAL_SetTickFreq:
 317              	.LVL9:
 318              	.LFB73:
 317:Drivers/STM32F1xx_HAL_Driver/Src/stm32f1xx_hal.c **** 
 318:Drivers/STM32F1xx_HAL_Driver/Src/stm32f1xx_hal.c **** /**
 319:Drivers/STM32F1xx_HAL_Driver/Src/stm32f1xx_hal.c ****   * @brief Set new tick Freq.
 320:Drivers/STM32F1xx_HAL_Driver/Src/stm32f1xx_hal.c ****   * @retval status
 321:Drivers/STM32F1xx_HAL_Driver/Src/stm32f1xx_hal.c ****   */
 322:Drivers/STM32F1xx_HAL_Driver/Src/stm32f1xx_hal.c **** HAL_StatusTypeDef HAL_SetTickFreq(HAL_TickFreqTypeDef Freq)
 323:Drivers/STM32F1xx_HAL_Driver/Src/stm32f1xx_hal.c **** {
 319              		.loc 1 323 1 is_stmt 1 view -0
 320              		.cfi_startproc
 321              		@ args = 0, pretend = 0, frame = 0
 322              		@ frame_needed = 0, uses_anonymous_args = 0
 323              		.loc 1 323 1 is_stmt 0 view .LVU51
 324 0000 10B5     		push	{r4, lr}
 325              	.LCFI3:
 326              		.cfi_def_cfa_offset 8
 327              		.cfi_offset 4, -8
 328              		.cfi_offset 14, -4
 324:Drivers/STM32F1xx_HAL_Driver/Src/stm32f1xx_hal.c ****   HAL_StatusTypeDef status  = HAL_OK;
 329              		.loc 1 324 3 is_stmt 1 view .LVU52
 330              	.LVL10:
 325:Drivers/STM32F1xx_HAL_Driver/Src/stm32f1xx_hal.c ****   HAL_TickFreqTypeDef prevTickFreq;
 331              		.loc 1 325 3 view .LVU53
 326:Drivers/STM32F1xx_HAL_Driver/Src/stm32f1xx_hal.c **** 
 327:Drivers/STM32F1xx_HAL_Driver/Src/stm32f1xx_hal.c ****   assert_param(IS_TICKFREQ(Freq));
 332              		.loc 1 327 3 view .LVU54
 328:Drivers/STM32F1xx_HAL_Driver/Src/stm32f1xx_hal.c **** 
 329:Drivers/STM32F1xx_HAL_Driver/Src/stm32f1xx_hal.c ****   if (uwTickFreq != Freq)
 333              		.loc 1 329 3 view .LVU55
 334              		.loc 1 329 18 is_stmt 0 view .LVU56
 335 0002 084B     		ldr	r3, .L33
 336 0004 1C78     		ldrb	r4, [r3]	@ zero_extendqisi2
 337              		.loc 1 329 6 view .LVU57
 338 0006 8442     		cmp	r4, r0
 339 0008 01D1     		bne	.L32
 324:Drivers/STM32F1xx_HAL_Driver/Src/stm32f1xx_hal.c ****   HAL_TickFreqTypeDef prevTickFreq;
 340              		.loc 1 324 21 view .LVU58
 341 000a 0020     		movs	r0, #0
 342              	.LVL11:
 343              	.L29:
 330:Drivers/STM32F1xx_HAL_Driver/Src/stm32f1xx_hal.c ****   {
 331:Drivers/STM32F1xx_HAL_Driver/Src/stm32f1xx_hal.c ****     /* Back up uwTickFreq frequency */
 332:Drivers/STM32F1xx_HAL_Driver/Src/stm32f1xx_hal.c ****     prevTickFreq = uwTickFreq;
 333:Drivers/STM32F1xx_HAL_Driver/Src/stm32f1xx_hal.c **** 
 334:Drivers/STM32F1xx_HAL_Driver/Src/stm32f1xx_hal.c ****     /* Update uwTickFreq global variable used by HAL_InitTick() */
 335:Drivers/STM32F1xx_HAL_Driver/Src/stm32f1xx_hal.c ****     uwTickFreq = Freq;
 336:Drivers/STM32F1xx_HAL_Driver/Src/stm32f1xx_hal.c **** 
ARM GAS  C:\Users\ride_pig\AppData\Local\Temp\ccRrjBpk.s 			page 13


 337:Drivers/STM32F1xx_HAL_Driver/Src/stm32f1xx_hal.c ****     /* Apply the new tick Freq  */
 338:Drivers/STM32F1xx_HAL_Driver/Src/stm32f1xx_hal.c ****     status = HAL_InitTick(uwTickPrio);
 339:Drivers/STM32F1xx_HAL_Driver/Src/stm32f1xx_hal.c **** 
 340:Drivers/STM32F1xx_HAL_Driver/Src/stm32f1xx_hal.c ****     if (status != HAL_OK)
 341:Drivers/STM32F1xx_HAL_Driver/Src/stm32f1xx_hal.c ****     {
 342:Drivers/STM32F1xx_HAL_Driver/Src/stm32f1xx_hal.c ****       /* Restore previous tick frequency */
 343:Drivers/STM32F1xx_HAL_Driver/Src/stm32f1xx_hal.c ****       uwTickFreq = prevTickFreq;
 344:Drivers/STM32F1xx_HAL_Driver/Src/stm32f1xx_hal.c ****     }
 345:Drivers/STM32F1xx_HAL_Driver/Src/stm32f1xx_hal.c ****   }
 346:Drivers/STM32F1xx_HAL_Driver/Src/stm32f1xx_hal.c **** 
 347:Drivers/STM32F1xx_HAL_Driver/Src/stm32f1xx_hal.c ****   return status;
 344              		.loc 1 347 3 is_stmt 1 view .LVU59
 348:Drivers/STM32F1xx_HAL_Driver/Src/stm32f1xx_hal.c **** }
 345              		.loc 1 348 1 is_stmt 0 view .LVU60
 346 000c 10BD     		pop	{r4, pc}
 347              	.LVL12:
 348              	.L32:
 332:Drivers/STM32F1xx_HAL_Driver/Src/stm32f1xx_hal.c **** 
 349              		.loc 1 332 5 is_stmt 1 view .LVU61
 335:Drivers/STM32F1xx_HAL_Driver/Src/stm32f1xx_hal.c **** 
 350              		.loc 1 335 5 view .LVU62
 335:Drivers/STM32F1xx_HAL_Driver/Src/stm32f1xx_hal.c **** 
 351              		.loc 1 335 16 is_stmt 0 view .LVU63
 352 000e 1870     		strb	r0, [r3]
 338:Drivers/STM32F1xx_HAL_Driver/Src/stm32f1xx_hal.c **** 
 353              		.loc 1 338 5 is_stmt 1 view .LVU64
 338:Drivers/STM32F1xx_HAL_Driver/Src/stm32f1xx_hal.c **** 
 354              		.loc 1 338 14 is_stmt 0 view .LVU65
 355 0010 054B     		ldr	r3, .L33+4
 356 0012 1868     		ldr	r0, [r3]
 357              	.LVL13:
 338:Drivers/STM32F1xx_HAL_Driver/Src/stm32f1xx_hal.c **** 
 358              		.loc 1 338 14 view .LVU66
 359 0014 FFF7FEFF 		bl	HAL_InitTick
 360              	.LVL14:
 340:Drivers/STM32F1xx_HAL_Driver/Src/stm32f1xx_hal.c ****     {
 361              		.loc 1 340 5 is_stmt 1 view .LVU67
 340:Drivers/STM32F1xx_HAL_Driver/Src/stm32f1xx_hal.c ****     {
 362              		.loc 1 340 8 is_stmt 0 view .LVU68
 363 0018 0028     		cmp	r0, #0
 364 001a F7D0     		beq	.L29
 343:Drivers/STM32F1xx_HAL_Driver/Src/stm32f1xx_hal.c ****     }
 365              		.loc 1 343 7 is_stmt 1 view .LVU69
 343:Drivers/STM32F1xx_HAL_Driver/Src/stm32f1xx_hal.c ****     }
 366              		.loc 1 343 18 is_stmt 0 view .LVU70
 367 001c 014B     		ldr	r3, .L33
 368 001e 1C70     		strb	r4, [r3]
 369 0020 F4E7     		b	.L29
 370              	.L34:
 371 0022 00BF     		.align	2
 372              	.L33:
 373 0024 00000000 		.word	.LANCHOR0
 374 0028 00000000 		.word	.LANCHOR1
 375              		.cfi_endproc
 376              	.LFE73:
 378              		.section	.text.HAL_GetTickFreq,"ax",%progbits
 379              		.align	1
ARM GAS  C:\Users\ride_pig\AppData\Local\Temp\ccRrjBpk.s 			page 14


 380              		.global	HAL_GetTickFreq
 381              		.syntax unified
 382              		.thumb
 383              		.thumb_func
 385              	HAL_GetTickFreq:
 386              	.LFB74:
 349:Drivers/STM32F1xx_HAL_Driver/Src/stm32f1xx_hal.c **** 
 350:Drivers/STM32F1xx_HAL_Driver/Src/stm32f1xx_hal.c **** /**
 351:Drivers/STM32F1xx_HAL_Driver/Src/stm32f1xx_hal.c ****   * @brief Return tick frequency.
 352:Drivers/STM32F1xx_HAL_Driver/Src/stm32f1xx_hal.c ****   * @retval tick period in Hz
 353:Drivers/STM32F1xx_HAL_Driver/Src/stm32f1xx_hal.c ****   */
 354:Drivers/STM32F1xx_HAL_Driver/Src/stm32f1xx_hal.c **** HAL_TickFreqTypeDef HAL_GetTickFreq(void)
 355:Drivers/STM32F1xx_HAL_Driver/Src/stm32f1xx_hal.c **** {
 387              		.loc 1 355 1 is_stmt 1 view -0
 388              		.cfi_startproc
 389              		@ args = 0, pretend = 0, frame = 0
 390              		@ frame_needed = 0, uses_anonymous_args = 0
 391              		@ link register save eliminated.
 356:Drivers/STM32F1xx_HAL_Driver/Src/stm32f1xx_hal.c ****   return uwTickFreq;
 392              		.loc 1 356 3 view .LVU72
 357:Drivers/STM32F1xx_HAL_Driver/Src/stm32f1xx_hal.c **** }
 393              		.loc 1 357 1 is_stmt 0 view .LVU73
 394 0000 014B     		ldr	r3, .L36
 395 0002 1878     		ldrb	r0, [r3]	@ zero_extendqisi2
 396 0004 7047     		bx	lr
 397              	.L37:
 398 0006 00BF     		.align	2
 399              	.L36:
 400 0008 00000000 		.word	.LANCHOR0
 401              		.cfi_endproc
 402              	.LFE74:
 404              		.section	.text.HAL_Delay,"ax",%progbits
 405              		.align	1
 406              		.weak	HAL_Delay
 407              		.syntax unified
 408              		.thumb
 409              		.thumb_func
 411              	HAL_Delay:
 412              	.LVL15:
 413              	.LFB75:
 358:Drivers/STM32F1xx_HAL_Driver/Src/stm32f1xx_hal.c **** 
 359:Drivers/STM32F1xx_HAL_Driver/Src/stm32f1xx_hal.c **** /**
 360:Drivers/STM32F1xx_HAL_Driver/Src/stm32f1xx_hal.c ****   * @brief This function provides minimum delay (in milliseconds) based
 361:Drivers/STM32F1xx_HAL_Driver/Src/stm32f1xx_hal.c ****   *        on variable incremented.
 362:Drivers/STM32F1xx_HAL_Driver/Src/stm32f1xx_hal.c ****   * @note In the default implementation , SysTick timer is the source of time base.
 363:Drivers/STM32F1xx_HAL_Driver/Src/stm32f1xx_hal.c ****   *       It is used to generate interrupts at regular time intervals where uwTick
 364:Drivers/STM32F1xx_HAL_Driver/Src/stm32f1xx_hal.c ****   *       is incremented.
 365:Drivers/STM32F1xx_HAL_Driver/Src/stm32f1xx_hal.c ****   * @note This function is declared as __weak to be overwritten in case of other
 366:Drivers/STM32F1xx_HAL_Driver/Src/stm32f1xx_hal.c ****   *       implementations in user file.
 367:Drivers/STM32F1xx_HAL_Driver/Src/stm32f1xx_hal.c ****   * @param Delay specifies the delay time length, in milliseconds.
 368:Drivers/STM32F1xx_HAL_Driver/Src/stm32f1xx_hal.c ****   * @retval None
 369:Drivers/STM32F1xx_HAL_Driver/Src/stm32f1xx_hal.c ****   */
 370:Drivers/STM32F1xx_HAL_Driver/Src/stm32f1xx_hal.c **** __weak void HAL_Delay(uint32_t Delay)
 371:Drivers/STM32F1xx_HAL_Driver/Src/stm32f1xx_hal.c **** {
 414              		.loc 1 371 1 is_stmt 1 view -0
 415              		.cfi_startproc
 416              		@ args = 0, pretend = 0, frame = 0
ARM GAS  C:\Users\ride_pig\AppData\Local\Temp\ccRrjBpk.s 			page 15


 417              		@ frame_needed = 0, uses_anonymous_args = 0
 418              		.loc 1 371 1 is_stmt 0 view .LVU75
 419 0000 38B5     		push	{r3, r4, r5, lr}
 420              	.LCFI4:
 421              		.cfi_def_cfa_offset 16
 422              		.cfi_offset 3, -16
 423              		.cfi_offset 4, -12
 424              		.cfi_offset 5, -8
 425              		.cfi_offset 14, -4
 426 0002 0446     		mov	r4, r0
 372:Drivers/STM32F1xx_HAL_Driver/Src/stm32f1xx_hal.c ****   uint32_t tickstart = HAL_GetTick();
 427              		.loc 1 372 3 is_stmt 1 view .LVU76
 428              		.loc 1 372 24 is_stmt 0 view .LVU77
 429 0004 FFF7FEFF 		bl	HAL_GetTick
 430              	.LVL16:
 431              		.loc 1 372 24 view .LVU78
 432 0008 0546     		mov	r5, r0
 433              	.LVL17:
 373:Drivers/STM32F1xx_HAL_Driver/Src/stm32f1xx_hal.c ****   uint32_t wait = Delay;
 434              		.loc 1 373 3 is_stmt 1 view .LVU79
 374:Drivers/STM32F1xx_HAL_Driver/Src/stm32f1xx_hal.c **** 
 375:Drivers/STM32F1xx_HAL_Driver/Src/stm32f1xx_hal.c ****   /* Add a freq to guarantee minimum wait */
 376:Drivers/STM32F1xx_HAL_Driver/Src/stm32f1xx_hal.c ****   if (wait < HAL_MAX_DELAY)
 435              		.loc 1 376 3 view .LVU80
 436              		.loc 1 376 6 is_stmt 0 view .LVU81
 437 000a B4F1FF3F 		cmp	r4, #-1
 438 000e 02D0     		beq	.L40
 377:Drivers/STM32F1xx_HAL_Driver/Src/stm32f1xx_hal.c ****   {
 378:Drivers/STM32F1xx_HAL_Driver/Src/stm32f1xx_hal.c ****     wait += (uint32_t)(uwTickFreq);
 439              		.loc 1 378 5 is_stmt 1 view .LVU82
 440              		.loc 1 378 13 is_stmt 0 view .LVU83
 441 0010 044B     		ldr	r3, .L42
 442 0012 1B78     		ldrb	r3, [r3]	@ zero_extendqisi2
 443              		.loc 1 378 10 view .LVU84
 444 0014 1C44     		add	r4, r4, r3
 445              	.LVL18:
 446              	.L40:
 379:Drivers/STM32F1xx_HAL_Driver/Src/stm32f1xx_hal.c ****   }
 380:Drivers/STM32F1xx_HAL_Driver/Src/stm32f1xx_hal.c **** 
 381:Drivers/STM32F1xx_HAL_Driver/Src/stm32f1xx_hal.c ****   while ((HAL_GetTick() - tickstart) < wait)
 382:Drivers/STM32F1xx_HAL_Driver/Src/stm32f1xx_hal.c ****   {
 383:Drivers/STM32F1xx_HAL_Driver/Src/stm32f1xx_hal.c ****   }
 447              		.loc 1 383 3 is_stmt 1 discriminator 1 view .LVU85
 381:Drivers/STM32F1xx_HAL_Driver/Src/stm32f1xx_hal.c ****   {
 448              		.loc 1 381 38 discriminator 1 view .LVU86
 381:Drivers/STM32F1xx_HAL_Driver/Src/stm32f1xx_hal.c ****   {
 449              		.loc 1 381 11 is_stmt 0 discriminator 1 view .LVU87
 450 0016 FFF7FEFF 		bl	HAL_GetTick
 451              	.LVL19:
 381:Drivers/STM32F1xx_HAL_Driver/Src/stm32f1xx_hal.c ****   {
 452              		.loc 1 381 25 discriminator 1 view .LVU88
 453 001a 401B     		subs	r0, r0, r5
 381:Drivers/STM32F1xx_HAL_Driver/Src/stm32f1xx_hal.c ****   {
 454              		.loc 1 381 38 discriminator 1 view .LVU89
 455 001c A042     		cmp	r0, r4
 456 001e FAD3     		bcc	.L40
 384:Drivers/STM32F1xx_HAL_Driver/Src/stm32f1xx_hal.c **** }
ARM GAS  C:\Users\ride_pig\AppData\Local\Temp\ccRrjBpk.s 			page 16


 457              		.loc 1 384 1 view .LVU90
 458 0020 38BD     		pop	{r3, r4, r5, pc}
 459              	.LVL20:
 460              	.L43:
 461              		.loc 1 384 1 view .LVU91
 462 0022 00BF     		.align	2
 463              	.L42:
 464 0024 00000000 		.word	.LANCHOR0
 465              		.cfi_endproc
 466              	.LFE75:
 468              		.section	.text.HAL_SuspendTick,"ax",%progbits
 469              		.align	1
 470              		.weak	HAL_SuspendTick
 471              		.syntax unified
 472              		.thumb
 473              		.thumb_func
 475              	HAL_SuspendTick:
 476              	.LFB76:
 385:Drivers/STM32F1xx_HAL_Driver/Src/stm32f1xx_hal.c **** 
 386:Drivers/STM32F1xx_HAL_Driver/Src/stm32f1xx_hal.c **** /**
 387:Drivers/STM32F1xx_HAL_Driver/Src/stm32f1xx_hal.c ****   * @brief Suspend Tick increment.
 388:Drivers/STM32F1xx_HAL_Driver/Src/stm32f1xx_hal.c ****   * @note In the default implementation , SysTick timer is the source of time base. It is
 389:Drivers/STM32F1xx_HAL_Driver/Src/stm32f1xx_hal.c ****   *       used to generate interrupts at regular time intervals. Once HAL_SuspendTick()
 390:Drivers/STM32F1xx_HAL_Driver/Src/stm32f1xx_hal.c ****   *       is called, the SysTick interrupt will be disabled and so Tick increment
 391:Drivers/STM32F1xx_HAL_Driver/Src/stm32f1xx_hal.c ****   *       is suspended.
 392:Drivers/STM32F1xx_HAL_Driver/Src/stm32f1xx_hal.c ****   * @note This function is declared as __weak to be overwritten in case of other
 393:Drivers/STM32F1xx_HAL_Driver/Src/stm32f1xx_hal.c ****   *       implementations in user file.
 394:Drivers/STM32F1xx_HAL_Driver/Src/stm32f1xx_hal.c ****   * @retval None
 395:Drivers/STM32F1xx_HAL_Driver/Src/stm32f1xx_hal.c ****   */
 396:Drivers/STM32F1xx_HAL_Driver/Src/stm32f1xx_hal.c **** __weak void HAL_SuspendTick(void)
 397:Drivers/STM32F1xx_HAL_Driver/Src/stm32f1xx_hal.c **** {
 477              		.loc 1 397 1 is_stmt 1 view -0
 478              		.cfi_startproc
 479              		@ args = 0, pretend = 0, frame = 0
 480              		@ frame_needed = 0, uses_anonymous_args = 0
 481              		@ link register save eliminated.
 398:Drivers/STM32F1xx_HAL_Driver/Src/stm32f1xx_hal.c ****   /* Disable SysTick Interrupt */
 399:Drivers/STM32F1xx_HAL_Driver/Src/stm32f1xx_hal.c ****   CLEAR_BIT(SysTick->CTRL, SysTick_CTRL_TICKINT_Msk);
 482              		.loc 1 399 3 view .LVU93
 483 0000 4FF0E022 		mov	r2, #-536813568
 484 0004 1369     		ldr	r3, [r2, #16]
 485 0006 23F00203 		bic	r3, r3, #2
 486 000a 1361     		str	r3, [r2, #16]
 400:Drivers/STM32F1xx_HAL_Driver/Src/stm32f1xx_hal.c **** }
 487              		.loc 1 400 1 is_stmt 0 view .LVU94
 488 000c 7047     		bx	lr
 489              		.cfi_endproc
 490              	.LFE76:
 492              		.section	.text.HAL_ResumeTick,"ax",%progbits
 493              		.align	1
 494              		.weak	HAL_ResumeTick
 495              		.syntax unified
 496              		.thumb
 497              		.thumb_func
 499              	HAL_ResumeTick:
 500              	.LFB77:
 401:Drivers/STM32F1xx_HAL_Driver/Src/stm32f1xx_hal.c **** 
ARM GAS  C:\Users\ride_pig\AppData\Local\Temp\ccRrjBpk.s 			page 17


 402:Drivers/STM32F1xx_HAL_Driver/Src/stm32f1xx_hal.c **** /**
 403:Drivers/STM32F1xx_HAL_Driver/Src/stm32f1xx_hal.c ****   * @brief Resume Tick increment.
 404:Drivers/STM32F1xx_HAL_Driver/Src/stm32f1xx_hal.c ****   * @note In the default implementation , SysTick timer is the source of time base. It is
 405:Drivers/STM32F1xx_HAL_Driver/Src/stm32f1xx_hal.c ****   *       used to generate interrupts at regular time intervals. Once HAL_ResumeTick()
 406:Drivers/STM32F1xx_HAL_Driver/Src/stm32f1xx_hal.c ****   *       is called, the SysTick interrupt will be enabled and so Tick increment
 407:Drivers/STM32F1xx_HAL_Driver/Src/stm32f1xx_hal.c ****   *       is resumed.
 408:Drivers/STM32F1xx_HAL_Driver/Src/stm32f1xx_hal.c ****   * @note This function is declared as __weak to be overwritten in case of other
 409:Drivers/STM32F1xx_HAL_Driver/Src/stm32f1xx_hal.c ****   *       implementations in user file.
 410:Drivers/STM32F1xx_HAL_Driver/Src/stm32f1xx_hal.c ****   * @retval None
 411:Drivers/STM32F1xx_HAL_Driver/Src/stm32f1xx_hal.c ****   */
 412:Drivers/STM32F1xx_HAL_Driver/Src/stm32f1xx_hal.c **** __weak void HAL_ResumeTick(void)
 413:Drivers/STM32F1xx_HAL_Driver/Src/stm32f1xx_hal.c **** {
 501              		.loc 1 413 1 is_stmt 1 view -0
 502              		.cfi_startproc
 503              		@ args = 0, pretend = 0, frame = 0
 504              		@ frame_needed = 0, uses_anonymous_args = 0
 505              		@ link register save eliminated.
 414:Drivers/STM32F1xx_HAL_Driver/Src/stm32f1xx_hal.c ****   /* Enable SysTick Interrupt */
 415:Drivers/STM32F1xx_HAL_Driver/Src/stm32f1xx_hal.c ****   SET_BIT(SysTick->CTRL, SysTick_CTRL_TICKINT_Msk);
 506              		.loc 1 415 3 view .LVU96
 507 0000 4FF0E022 		mov	r2, #-536813568
 508 0004 1369     		ldr	r3, [r2, #16]
 509 0006 43F00203 		orr	r3, r3, #2
 510 000a 1361     		str	r3, [r2, #16]
 416:Drivers/STM32F1xx_HAL_Driver/Src/stm32f1xx_hal.c **** }
 511              		.loc 1 416 1 is_stmt 0 view .LVU97
 512 000c 7047     		bx	lr
 513              		.cfi_endproc
 514              	.LFE77:
 516              		.section	.text.HAL_GetHalVersion,"ax",%progbits
 517              		.align	1
 518              		.global	HAL_GetHalVersion
 519              		.syntax unified
 520              		.thumb
 521              		.thumb_func
 523              	HAL_GetHalVersion:
 524              	.LFB78:
 417:Drivers/STM32F1xx_HAL_Driver/Src/stm32f1xx_hal.c **** 
 418:Drivers/STM32F1xx_HAL_Driver/Src/stm32f1xx_hal.c **** /**
 419:Drivers/STM32F1xx_HAL_Driver/Src/stm32f1xx_hal.c ****   * @brief  Returns the HAL revision
 420:Drivers/STM32F1xx_HAL_Driver/Src/stm32f1xx_hal.c ****   * @retval version 0xXYZR (8bits for each decimal, R for RC)
 421:Drivers/STM32F1xx_HAL_Driver/Src/stm32f1xx_hal.c ****   */
 422:Drivers/STM32F1xx_HAL_Driver/Src/stm32f1xx_hal.c **** uint32_t HAL_GetHalVersion(void)
 423:Drivers/STM32F1xx_HAL_Driver/Src/stm32f1xx_hal.c **** {
 525              		.loc 1 423 1 is_stmt 1 view -0
 526              		.cfi_startproc
 527              		@ args = 0, pretend = 0, frame = 0
 528              		@ frame_needed = 0, uses_anonymous_args = 0
 529              		@ link register save eliminated.
 424:Drivers/STM32F1xx_HAL_Driver/Src/stm32f1xx_hal.c ****   return __STM32F1xx_HAL_VERSION;
 530              		.loc 1 424 3 view .LVU99
 425:Drivers/STM32F1xx_HAL_Driver/Src/stm32f1xx_hal.c **** }
 531              		.loc 1 425 1 is_stmt 0 view .LVU100
 532 0000 0048     		ldr	r0, .L47
 533 0002 7047     		bx	lr
 534              	.L48:
 535              		.align	2
ARM GAS  C:\Users\ride_pig\AppData\Local\Temp\ccRrjBpk.s 			page 18


 536              	.L47:
 537 0004 00080101 		.word	16844800
 538              		.cfi_endproc
 539              	.LFE78:
 541              		.section	.text.HAL_GetREVID,"ax",%progbits
 542              		.align	1
 543              		.global	HAL_GetREVID
 544              		.syntax unified
 545              		.thumb
 546              		.thumb_func
 548              	HAL_GetREVID:
 549              	.LFB79:
 426:Drivers/STM32F1xx_HAL_Driver/Src/stm32f1xx_hal.c **** 
 427:Drivers/STM32F1xx_HAL_Driver/Src/stm32f1xx_hal.c **** /**
 428:Drivers/STM32F1xx_HAL_Driver/Src/stm32f1xx_hal.c ****   * @brief Returns the device revision identifier.
 429:Drivers/STM32F1xx_HAL_Driver/Src/stm32f1xx_hal.c ****   * Note: On devices STM32F10xx8 and STM32F10xxB,
 430:Drivers/STM32F1xx_HAL_Driver/Src/stm32f1xx_hal.c ****   *                  STM32F101xC/D/E and STM32F103xC/D/E,
 431:Drivers/STM32F1xx_HAL_Driver/Src/stm32f1xx_hal.c ****   *                  STM32F101xF/G and STM32F103xF/G
 432:Drivers/STM32F1xx_HAL_Driver/Src/stm32f1xx_hal.c ****   *                  STM32F10xx4 and STM32F10xx6
 433:Drivers/STM32F1xx_HAL_Driver/Src/stm32f1xx_hal.c ****   *       Debug registers DBGMCU_IDCODE and DBGMCU_CR are accessible only in
 434:Drivers/STM32F1xx_HAL_Driver/Src/stm32f1xx_hal.c ****   *       debug mode (not accessible by the user software in normal mode).
 435:Drivers/STM32F1xx_HAL_Driver/Src/stm32f1xx_hal.c ****   *       Refer to errata sheet of these devices for more details.
 436:Drivers/STM32F1xx_HAL_Driver/Src/stm32f1xx_hal.c ****   * @retval Device revision identifier
 437:Drivers/STM32F1xx_HAL_Driver/Src/stm32f1xx_hal.c ****   */
 438:Drivers/STM32F1xx_HAL_Driver/Src/stm32f1xx_hal.c **** uint32_t HAL_GetREVID(void)
 439:Drivers/STM32F1xx_HAL_Driver/Src/stm32f1xx_hal.c **** {
 550              		.loc 1 439 1 is_stmt 1 view -0
 551              		.cfi_startproc
 552              		@ args = 0, pretend = 0, frame = 0
 553              		@ frame_needed = 0, uses_anonymous_args = 0
 554              		@ link register save eliminated.
 440:Drivers/STM32F1xx_HAL_Driver/Src/stm32f1xx_hal.c ****   return ((DBGMCU->IDCODE) >> DBGMCU_IDCODE_REV_ID_Pos);
 555              		.loc 1 440 3 view .LVU102
 556              		.loc 1 440 18 is_stmt 0 view .LVU103
 557 0000 014B     		ldr	r3, .L50
 558 0002 1868     		ldr	r0, [r3]
 441:Drivers/STM32F1xx_HAL_Driver/Src/stm32f1xx_hal.c **** }
 559              		.loc 1 441 1 view .LVU104
 560 0004 000C     		lsrs	r0, r0, #16
 561 0006 7047     		bx	lr
 562              	.L51:
 563              		.align	2
 564              	.L50:
 565 0008 002004E0 		.word	-536600576
 566              		.cfi_endproc
 567              	.LFE79:
 569              		.section	.text.HAL_GetDEVID,"ax",%progbits
 570              		.align	1
 571              		.global	HAL_GetDEVID
 572              		.syntax unified
 573              		.thumb
 574              		.thumb_func
 576              	HAL_GetDEVID:
 577              	.LFB80:
 442:Drivers/STM32F1xx_HAL_Driver/Src/stm32f1xx_hal.c **** 
 443:Drivers/STM32F1xx_HAL_Driver/Src/stm32f1xx_hal.c **** /**
 444:Drivers/STM32F1xx_HAL_Driver/Src/stm32f1xx_hal.c ****   * @brief  Returns the device identifier.
ARM GAS  C:\Users\ride_pig\AppData\Local\Temp\ccRrjBpk.s 			page 19


 445:Drivers/STM32F1xx_HAL_Driver/Src/stm32f1xx_hal.c ****   * Note: On devices STM32F10xx8 and STM32F10xxB,
 446:Drivers/STM32F1xx_HAL_Driver/Src/stm32f1xx_hal.c ****   *                  STM32F101xC/D/E and STM32F103xC/D/E,
 447:Drivers/STM32F1xx_HAL_Driver/Src/stm32f1xx_hal.c ****   *                  STM32F101xF/G and STM32F103xF/G
 448:Drivers/STM32F1xx_HAL_Driver/Src/stm32f1xx_hal.c ****   *                  STM32F10xx4 and STM32F10xx6
 449:Drivers/STM32F1xx_HAL_Driver/Src/stm32f1xx_hal.c ****   *       Debug registers DBGMCU_IDCODE and DBGMCU_CR are accessible only in
 450:Drivers/STM32F1xx_HAL_Driver/Src/stm32f1xx_hal.c ****   *       debug mode (not accessible by the user software in normal mode).
 451:Drivers/STM32F1xx_HAL_Driver/Src/stm32f1xx_hal.c ****   *       Refer to errata sheet of these devices for more details.
 452:Drivers/STM32F1xx_HAL_Driver/Src/stm32f1xx_hal.c ****   * @retval Device identifier
 453:Drivers/STM32F1xx_HAL_Driver/Src/stm32f1xx_hal.c ****   */
 454:Drivers/STM32F1xx_HAL_Driver/Src/stm32f1xx_hal.c **** uint32_t HAL_GetDEVID(void)
 455:Drivers/STM32F1xx_HAL_Driver/Src/stm32f1xx_hal.c **** {
 578              		.loc 1 455 1 is_stmt 1 view -0
 579              		.cfi_startproc
 580              		@ args = 0, pretend = 0, frame = 0
 581              		@ frame_needed = 0, uses_anonymous_args = 0
 582              		@ link register save eliminated.
 456:Drivers/STM32F1xx_HAL_Driver/Src/stm32f1xx_hal.c ****   return ((DBGMCU->IDCODE) & IDCODE_DEVID_MASK);
 583              		.loc 1 456 3 view .LVU106
 584              		.loc 1 456 18 is_stmt 0 view .LVU107
 585 0000 024B     		ldr	r3, .L53
 586 0002 1868     		ldr	r0, [r3]
 457:Drivers/STM32F1xx_HAL_Driver/Src/stm32f1xx_hal.c **** }
 587              		.loc 1 457 1 view .LVU108
 588 0004 C0F30B00 		ubfx	r0, r0, #0, #12
 589 0008 7047     		bx	lr
 590              	.L54:
 591 000a 00BF     		.align	2
 592              	.L53:
 593 000c 002004E0 		.word	-536600576
 594              		.cfi_endproc
 595              	.LFE80:
 597              		.section	.text.HAL_GetUIDw0,"ax",%progbits
 598              		.align	1
 599              		.global	HAL_GetUIDw0
 600              		.syntax unified
 601              		.thumb
 602              		.thumb_func
 604              	HAL_GetUIDw0:
 605              	.LFB81:
 458:Drivers/STM32F1xx_HAL_Driver/Src/stm32f1xx_hal.c **** 
 459:Drivers/STM32F1xx_HAL_Driver/Src/stm32f1xx_hal.c **** /**
 460:Drivers/STM32F1xx_HAL_Driver/Src/stm32f1xx_hal.c ****   * @brief  Returns first word of the unique device identifier (UID based on 96 bits)
 461:Drivers/STM32F1xx_HAL_Driver/Src/stm32f1xx_hal.c ****   * @retval Device identifier
 462:Drivers/STM32F1xx_HAL_Driver/Src/stm32f1xx_hal.c ****   */
 463:Drivers/STM32F1xx_HAL_Driver/Src/stm32f1xx_hal.c **** uint32_t HAL_GetUIDw0(void)
 464:Drivers/STM32F1xx_HAL_Driver/Src/stm32f1xx_hal.c **** {
 606              		.loc 1 464 1 is_stmt 1 view -0
 607              		.cfi_startproc
 608              		@ args = 0, pretend = 0, frame = 0
 609              		@ frame_needed = 0, uses_anonymous_args = 0
 610              		@ link register save eliminated.
 465:Drivers/STM32F1xx_HAL_Driver/Src/stm32f1xx_hal.c ****    return(READ_REG(*((uint32_t *)UID_BASE)));
 611              		.loc 1 465 4 view .LVU110
 466:Drivers/STM32F1xx_HAL_Driver/Src/stm32f1xx_hal.c **** }
 612              		.loc 1 466 1 is_stmt 0 view .LVU111
 613 0000 014B     		ldr	r3, .L56
 614 0002 D3F8E807 		ldr	r0, [r3, #2024]
ARM GAS  C:\Users\ride_pig\AppData\Local\Temp\ccRrjBpk.s 			page 20


 615 0006 7047     		bx	lr
 616              	.L57:
 617              		.align	2
 618              	.L56:
 619 0008 00F0FF1F 		.word	536866816
 620              		.cfi_endproc
 621              	.LFE81:
 623              		.section	.text.HAL_GetUIDw1,"ax",%progbits
 624              		.align	1
 625              		.global	HAL_GetUIDw1
 626              		.syntax unified
 627              		.thumb
 628              		.thumb_func
 630              	HAL_GetUIDw1:
 631              	.LFB82:
 467:Drivers/STM32F1xx_HAL_Driver/Src/stm32f1xx_hal.c **** 
 468:Drivers/STM32F1xx_HAL_Driver/Src/stm32f1xx_hal.c **** /**
 469:Drivers/STM32F1xx_HAL_Driver/Src/stm32f1xx_hal.c ****   * @brief  Returns second word of the unique device identifier (UID based on 96 bits)
 470:Drivers/STM32F1xx_HAL_Driver/Src/stm32f1xx_hal.c ****   * @retval Device identifier
 471:Drivers/STM32F1xx_HAL_Driver/Src/stm32f1xx_hal.c ****   */
 472:Drivers/STM32F1xx_HAL_Driver/Src/stm32f1xx_hal.c **** uint32_t HAL_GetUIDw1(void)
 473:Drivers/STM32F1xx_HAL_Driver/Src/stm32f1xx_hal.c **** {
 632              		.loc 1 473 1 is_stmt 1 view -0
 633              		.cfi_startproc
 634              		@ args = 0, pretend = 0, frame = 0
 635              		@ frame_needed = 0, uses_anonymous_args = 0
 636              		@ link register save eliminated.
 474:Drivers/STM32F1xx_HAL_Driver/Src/stm32f1xx_hal.c ****    return(READ_REG(*((uint32_t *)(UID_BASE + 4U))));
 637              		.loc 1 474 4 view .LVU113
 475:Drivers/STM32F1xx_HAL_Driver/Src/stm32f1xx_hal.c **** }
 638              		.loc 1 475 1 is_stmt 0 view .LVU114
 639 0000 014B     		ldr	r3, .L59
 640 0002 D3F8EC07 		ldr	r0, [r3, #2028]
 641 0006 7047     		bx	lr
 642              	.L60:
 643              		.align	2
 644              	.L59:
 645 0008 00F0FF1F 		.word	536866816
 646              		.cfi_endproc
 647              	.LFE82:
 649              		.section	.text.HAL_GetUIDw2,"ax",%progbits
 650              		.align	1
 651              		.global	HAL_GetUIDw2
 652              		.syntax unified
 653              		.thumb
 654              		.thumb_func
 656              	HAL_GetUIDw2:
 657              	.LFB83:
 476:Drivers/STM32F1xx_HAL_Driver/Src/stm32f1xx_hal.c **** 
 477:Drivers/STM32F1xx_HAL_Driver/Src/stm32f1xx_hal.c **** /**
 478:Drivers/STM32F1xx_HAL_Driver/Src/stm32f1xx_hal.c ****   * @brief  Returns third word of the unique device identifier (UID based on 96 bits)
 479:Drivers/STM32F1xx_HAL_Driver/Src/stm32f1xx_hal.c ****   * @retval Device identifier
 480:Drivers/STM32F1xx_HAL_Driver/Src/stm32f1xx_hal.c ****   */
 481:Drivers/STM32F1xx_HAL_Driver/Src/stm32f1xx_hal.c **** uint32_t HAL_GetUIDw2(void)
 482:Drivers/STM32F1xx_HAL_Driver/Src/stm32f1xx_hal.c **** {
 658              		.loc 1 482 1 is_stmt 1 view -0
 659              		.cfi_startproc
ARM GAS  C:\Users\ride_pig\AppData\Local\Temp\ccRrjBpk.s 			page 21


 660              		@ args = 0, pretend = 0, frame = 0
 661              		@ frame_needed = 0, uses_anonymous_args = 0
 662              		@ link register save eliminated.
 483:Drivers/STM32F1xx_HAL_Driver/Src/stm32f1xx_hal.c ****    return(READ_REG(*((uint32_t *)(UID_BASE + 8U))));
 663              		.loc 1 483 4 view .LVU116
 484:Drivers/STM32F1xx_HAL_Driver/Src/stm32f1xx_hal.c **** }
 664              		.loc 1 484 1 is_stmt 0 view .LVU117
 665 0000 014B     		ldr	r3, .L62
 666 0002 D3F8F007 		ldr	r0, [r3, #2032]
 667 0006 7047     		bx	lr
 668              	.L63:
 669              		.align	2
 670              	.L62:
 671 0008 00F0FF1F 		.word	536866816
 672              		.cfi_endproc
 673              	.LFE83:
 675              		.section	.text.HAL_DBGMCU_EnableDBGSleepMode,"ax",%progbits
 676              		.align	1
 677              		.global	HAL_DBGMCU_EnableDBGSleepMode
 678              		.syntax unified
 679              		.thumb
 680              		.thumb_func
 682              	HAL_DBGMCU_EnableDBGSleepMode:
 683              	.LFB84:
 485:Drivers/STM32F1xx_HAL_Driver/Src/stm32f1xx_hal.c **** 
 486:Drivers/STM32F1xx_HAL_Driver/Src/stm32f1xx_hal.c **** /**
 487:Drivers/STM32F1xx_HAL_Driver/Src/stm32f1xx_hal.c ****   * @brief  Enable the Debug Module during SLEEP mode
 488:Drivers/STM32F1xx_HAL_Driver/Src/stm32f1xx_hal.c ****   * @retval None
 489:Drivers/STM32F1xx_HAL_Driver/Src/stm32f1xx_hal.c ****   */
 490:Drivers/STM32F1xx_HAL_Driver/Src/stm32f1xx_hal.c **** void HAL_DBGMCU_EnableDBGSleepMode(void)
 491:Drivers/STM32F1xx_HAL_Driver/Src/stm32f1xx_hal.c **** {
 684              		.loc 1 491 1 is_stmt 1 view -0
 685              		.cfi_startproc
 686              		@ args = 0, pretend = 0, frame = 0
 687              		@ frame_needed = 0, uses_anonymous_args = 0
 688              		@ link register save eliminated.
 492:Drivers/STM32F1xx_HAL_Driver/Src/stm32f1xx_hal.c ****   SET_BIT(DBGMCU->CR, DBGMCU_CR_DBG_SLEEP);
 689              		.loc 1 492 3 view .LVU119
 690 0000 024A     		ldr	r2, .L65
 691 0002 5368     		ldr	r3, [r2, #4]
 692 0004 43F00103 		orr	r3, r3, #1
 693 0008 5360     		str	r3, [r2, #4]
 493:Drivers/STM32F1xx_HAL_Driver/Src/stm32f1xx_hal.c **** }
 694              		.loc 1 493 1 is_stmt 0 view .LVU120
 695 000a 7047     		bx	lr
 696              	.L66:
 697              		.align	2
 698              	.L65:
 699 000c 002004E0 		.word	-536600576
 700              		.cfi_endproc
 701              	.LFE84:
 703              		.section	.text.HAL_DBGMCU_DisableDBGSleepMode,"ax",%progbits
 704              		.align	1
 705              		.global	HAL_DBGMCU_DisableDBGSleepMode
 706              		.syntax unified
 707              		.thumb
 708              		.thumb_func
ARM GAS  C:\Users\ride_pig\AppData\Local\Temp\ccRrjBpk.s 			page 22


 710              	HAL_DBGMCU_DisableDBGSleepMode:
 711              	.LFB85:
 494:Drivers/STM32F1xx_HAL_Driver/Src/stm32f1xx_hal.c **** 
 495:Drivers/STM32F1xx_HAL_Driver/Src/stm32f1xx_hal.c **** /**
 496:Drivers/STM32F1xx_HAL_Driver/Src/stm32f1xx_hal.c ****   * @brief  Disable the Debug Module during SLEEP mode
 497:Drivers/STM32F1xx_HAL_Driver/Src/stm32f1xx_hal.c ****   * Note: On devices STM32F10xx8 and STM32F10xxB,
 498:Drivers/STM32F1xx_HAL_Driver/Src/stm32f1xx_hal.c ****   *                  STM32F101xC/D/E and STM32F103xC/D/E,
 499:Drivers/STM32F1xx_HAL_Driver/Src/stm32f1xx_hal.c ****   *                  STM32F101xF/G and STM32F103xF/G
 500:Drivers/STM32F1xx_HAL_Driver/Src/stm32f1xx_hal.c ****   *                  STM32F10xx4 and STM32F10xx6
 501:Drivers/STM32F1xx_HAL_Driver/Src/stm32f1xx_hal.c ****   *       Debug registers DBGMCU_IDCODE and DBGMCU_CR are accessible only in
 502:Drivers/STM32F1xx_HAL_Driver/Src/stm32f1xx_hal.c ****   *       debug mode (not accessible by the user software in normal mode).
 503:Drivers/STM32F1xx_HAL_Driver/Src/stm32f1xx_hal.c ****   *       Refer to errata sheet of these devices for more details.
 504:Drivers/STM32F1xx_HAL_Driver/Src/stm32f1xx_hal.c ****   * @retval None
 505:Drivers/STM32F1xx_HAL_Driver/Src/stm32f1xx_hal.c ****   */
 506:Drivers/STM32F1xx_HAL_Driver/Src/stm32f1xx_hal.c **** void HAL_DBGMCU_DisableDBGSleepMode(void)
 507:Drivers/STM32F1xx_HAL_Driver/Src/stm32f1xx_hal.c **** {
 712              		.loc 1 507 1 is_stmt 1 view -0
 713              		.cfi_startproc
 714              		@ args = 0, pretend = 0, frame = 0
 715              		@ frame_needed = 0, uses_anonymous_args = 0
 716              		@ link register save eliminated.
 508:Drivers/STM32F1xx_HAL_Driver/Src/stm32f1xx_hal.c ****   CLEAR_BIT(DBGMCU->CR, DBGMCU_CR_DBG_SLEEP);
 717              		.loc 1 508 3 view .LVU122
 718 0000 024A     		ldr	r2, .L68
 719 0002 5368     		ldr	r3, [r2, #4]
 720 0004 23F00103 		bic	r3, r3, #1
 721 0008 5360     		str	r3, [r2, #4]
 509:Drivers/STM32F1xx_HAL_Driver/Src/stm32f1xx_hal.c **** }
 722              		.loc 1 509 1 is_stmt 0 view .LVU123
 723 000a 7047     		bx	lr
 724              	.L69:
 725              		.align	2
 726              	.L68:
 727 000c 002004E0 		.word	-536600576
 728              		.cfi_endproc
 729              	.LFE85:
 731              		.section	.text.HAL_DBGMCU_EnableDBGStopMode,"ax",%progbits
 732              		.align	1
 733              		.global	HAL_DBGMCU_EnableDBGStopMode
 734              		.syntax unified
 735              		.thumb
 736              		.thumb_func
 738              	HAL_DBGMCU_EnableDBGStopMode:
 739              	.LFB86:
 510:Drivers/STM32F1xx_HAL_Driver/Src/stm32f1xx_hal.c **** 
 511:Drivers/STM32F1xx_HAL_Driver/Src/stm32f1xx_hal.c **** /**
 512:Drivers/STM32F1xx_HAL_Driver/Src/stm32f1xx_hal.c ****   * @brief  Enable the Debug Module during STOP mode
 513:Drivers/STM32F1xx_HAL_Driver/Src/stm32f1xx_hal.c ****   * Note: On devices STM32F10xx8 and STM32F10xxB,
 514:Drivers/STM32F1xx_HAL_Driver/Src/stm32f1xx_hal.c ****   *                  STM32F101xC/D/E and STM32F103xC/D/E,
 515:Drivers/STM32F1xx_HAL_Driver/Src/stm32f1xx_hal.c ****   *                  STM32F101xF/G and STM32F103xF/G
 516:Drivers/STM32F1xx_HAL_Driver/Src/stm32f1xx_hal.c ****   *                  STM32F10xx4 and STM32F10xx6
 517:Drivers/STM32F1xx_HAL_Driver/Src/stm32f1xx_hal.c ****   *       Debug registers DBGMCU_IDCODE and DBGMCU_CR are accessible only in
 518:Drivers/STM32F1xx_HAL_Driver/Src/stm32f1xx_hal.c ****   *       debug mode (not accessible by the user software in normal mode).
 519:Drivers/STM32F1xx_HAL_Driver/Src/stm32f1xx_hal.c ****   *       Refer to errata sheet of these devices for more details.
 520:Drivers/STM32F1xx_HAL_Driver/Src/stm32f1xx_hal.c ****   * Note: On all STM32F1 devices:
 521:Drivers/STM32F1xx_HAL_Driver/Src/stm32f1xx_hal.c ****   *       If the system tick timer interrupt is enabled during the Stop mode
 522:Drivers/STM32F1xx_HAL_Driver/Src/stm32f1xx_hal.c ****   *       debug (DBG_STOP bit set in the DBGMCU_CR register ), it will wakeup
ARM GAS  C:\Users\ride_pig\AppData\Local\Temp\ccRrjBpk.s 			page 23


 523:Drivers/STM32F1xx_HAL_Driver/Src/stm32f1xx_hal.c ****   *       the system from Stop mode.
 524:Drivers/STM32F1xx_HAL_Driver/Src/stm32f1xx_hal.c ****   *       Workaround: To debug the Stop mode, disable the system tick timer
 525:Drivers/STM32F1xx_HAL_Driver/Src/stm32f1xx_hal.c ****   *       interrupt.
 526:Drivers/STM32F1xx_HAL_Driver/Src/stm32f1xx_hal.c ****   *       Refer to errata sheet of these devices for more details.
 527:Drivers/STM32F1xx_HAL_Driver/Src/stm32f1xx_hal.c ****   * Note: On all STM32F1 devices:
 528:Drivers/STM32F1xx_HAL_Driver/Src/stm32f1xx_hal.c ****   *       If the system tick timer interrupt is enabled during the Stop mode
 529:Drivers/STM32F1xx_HAL_Driver/Src/stm32f1xx_hal.c ****   *       debug (DBG_STOP bit set in the DBGMCU_CR register ), it will wakeup
 530:Drivers/STM32F1xx_HAL_Driver/Src/stm32f1xx_hal.c ****   *       the system from Stop mode.
 531:Drivers/STM32F1xx_HAL_Driver/Src/stm32f1xx_hal.c ****   *       Workaround: To debug the Stop mode, disable the system tick timer
 532:Drivers/STM32F1xx_HAL_Driver/Src/stm32f1xx_hal.c ****   *       interrupt.
 533:Drivers/STM32F1xx_HAL_Driver/Src/stm32f1xx_hal.c ****   *       Refer to errata sheet of these devices for more details.
 534:Drivers/STM32F1xx_HAL_Driver/Src/stm32f1xx_hal.c ****   * @retval None
 535:Drivers/STM32F1xx_HAL_Driver/Src/stm32f1xx_hal.c ****   */
 536:Drivers/STM32F1xx_HAL_Driver/Src/stm32f1xx_hal.c **** void HAL_DBGMCU_EnableDBGStopMode(void)
 537:Drivers/STM32F1xx_HAL_Driver/Src/stm32f1xx_hal.c **** {
 740              		.loc 1 537 1 is_stmt 1 view -0
 741              		.cfi_startproc
 742              		@ args = 0, pretend = 0, frame = 0
 743              		@ frame_needed = 0, uses_anonymous_args = 0
 744              		@ link register save eliminated.
 538:Drivers/STM32F1xx_HAL_Driver/Src/stm32f1xx_hal.c ****   SET_BIT(DBGMCU->CR, DBGMCU_CR_DBG_STOP);
 745              		.loc 1 538 3 view .LVU125
 746 0000 024A     		ldr	r2, .L71
 747 0002 5368     		ldr	r3, [r2, #4]
 748 0004 43F00203 		orr	r3, r3, #2
 749 0008 5360     		str	r3, [r2, #4]
 539:Drivers/STM32F1xx_HAL_Driver/Src/stm32f1xx_hal.c **** }
 750              		.loc 1 539 1 is_stmt 0 view .LVU126
 751 000a 7047     		bx	lr
 752              	.L72:
 753              		.align	2
 754              	.L71:
 755 000c 002004E0 		.word	-536600576
 756              		.cfi_endproc
 757              	.LFE86:
 759              		.section	.text.HAL_DBGMCU_DisableDBGStopMode,"ax",%progbits
 760              		.align	1
 761              		.global	HAL_DBGMCU_DisableDBGStopMode
 762              		.syntax unified
 763              		.thumb
 764              		.thumb_func
 766              	HAL_DBGMCU_DisableDBGStopMode:
 767              	.LFB87:
 540:Drivers/STM32F1xx_HAL_Driver/Src/stm32f1xx_hal.c **** 
 541:Drivers/STM32F1xx_HAL_Driver/Src/stm32f1xx_hal.c **** /**
 542:Drivers/STM32F1xx_HAL_Driver/Src/stm32f1xx_hal.c ****   * @brief  Disable the Debug Module during STOP mode
 543:Drivers/STM32F1xx_HAL_Driver/Src/stm32f1xx_hal.c ****   * Note: On devices STM32F10xx8 and STM32F10xxB,
 544:Drivers/STM32F1xx_HAL_Driver/Src/stm32f1xx_hal.c ****   *                  STM32F101xC/D/E and STM32F103xC/D/E,
 545:Drivers/STM32F1xx_HAL_Driver/Src/stm32f1xx_hal.c ****   *                  STM32F101xF/G and STM32F103xF/G
 546:Drivers/STM32F1xx_HAL_Driver/Src/stm32f1xx_hal.c ****   *                  STM32F10xx4 and STM32F10xx6
 547:Drivers/STM32F1xx_HAL_Driver/Src/stm32f1xx_hal.c ****   *       Debug registers DBGMCU_IDCODE and DBGMCU_CR are accessible only in
 548:Drivers/STM32F1xx_HAL_Driver/Src/stm32f1xx_hal.c ****   *       debug mode (not accessible by the user software in normal mode).
 549:Drivers/STM32F1xx_HAL_Driver/Src/stm32f1xx_hal.c ****   *       Refer to errata sheet of these devices for more details.
 550:Drivers/STM32F1xx_HAL_Driver/Src/stm32f1xx_hal.c ****   * @retval None
 551:Drivers/STM32F1xx_HAL_Driver/Src/stm32f1xx_hal.c ****   */
 552:Drivers/STM32F1xx_HAL_Driver/Src/stm32f1xx_hal.c **** void HAL_DBGMCU_DisableDBGStopMode(void)
 553:Drivers/STM32F1xx_HAL_Driver/Src/stm32f1xx_hal.c **** {
ARM GAS  C:\Users\ride_pig\AppData\Local\Temp\ccRrjBpk.s 			page 24


 768              		.loc 1 553 1 is_stmt 1 view -0
 769              		.cfi_startproc
 770              		@ args = 0, pretend = 0, frame = 0
 771              		@ frame_needed = 0, uses_anonymous_args = 0
 772              		@ link register save eliminated.
 554:Drivers/STM32F1xx_HAL_Driver/Src/stm32f1xx_hal.c ****   CLEAR_BIT(DBGMCU->CR, DBGMCU_CR_DBG_STOP);
 773              		.loc 1 554 3 view .LVU128
 774 0000 024A     		ldr	r2, .L74
 775 0002 5368     		ldr	r3, [r2, #4]
 776 0004 23F00203 		bic	r3, r3, #2
 777 0008 5360     		str	r3, [r2, #4]
 555:Drivers/STM32F1xx_HAL_Driver/Src/stm32f1xx_hal.c **** }
 778              		.loc 1 555 1 is_stmt 0 view .LVU129
 779 000a 7047     		bx	lr
 780              	.L75:
 781              		.align	2
 782              	.L74:
 783 000c 002004E0 		.word	-536600576
 784              		.cfi_endproc
 785              	.LFE87:
 787              		.section	.text.HAL_DBGMCU_EnableDBGStandbyMode,"ax",%progbits
 788              		.align	1
 789              		.global	HAL_DBGMCU_EnableDBGStandbyMode
 790              		.syntax unified
 791              		.thumb
 792              		.thumb_func
 794              	HAL_DBGMCU_EnableDBGStandbyMode:
 795              	.LFB88:
 556:Drivers/STM32F1xx_HAL_Driver/Src/stm32f1xx_hal.c **** 
 557:Drivers/STM32F1xx_HAL_Driver/Src/stm32f1xx_hal.c **** /**
 558:Drivers/STM32F1xx_HAL_Driver/Src/stm32f1xx_hal.c ****   * @brief  Enable the Debug Module during STANDBY mode
 559:Drivers/STM32F1xx_HAL_Driver/Src/stm32f1xx_hal.c ****   * Note: On devices STM32F10xx8 and STM32F10xxB,
 560:Drivers/STM32F1xx_HAL_Driver/Src/stm32f1xx_hal.c ****   *                  STM32F101xC/D/E and STM32F103xC/D/E,
 561:Drivers/STM32F1xx_HAL_Driver/Src/stm32f1xx_hal.c ****   *                  STM32F101xF/G and STM32F103xF/G
 562:Drivers/STM32F1xx_HAL_Driver/Src/stm32f1xx_hal.c ****   *                  STM32F10xx4 and STM32F10xx6
 563:Drivers/STM32F1xx_HAL_Driver/Src/stm32f1xx_hal.c ****   *       Debug registers DBGMCU_IDCODE and DBGMCU_CR are accessible only in
 564:Drivers/STM32F1xx_HAL_Driver/Src/stm32f1xx_hal.c ****   *       debug mode (not accessible by the user software in normal mode).
 565:Drivers/STM32F1xx_HAL_Driver/Src/stm32f1xx_hal.c ****   *       Refer to errata sheet of these devices for more details.
 566:Drivers/STM32F1xx_HAL_Driver/Src/stm32f1xx_hal.c ****   * @retval None
 567:Drivers/STM32F1xx_HAL_Driver/Src/stm32f1xx_hal.c ****   */
 568:Drivers/STM32F1xx_HAL_Driver/Src/stm32f1xx_hal.c **** void HAL_DBGMCU_EnableDBGStandbyMode(void)
 569:Drivers/STM32F1xx_HAL_Driver/Src/stm32f1xx_hal.c **** {
 796              		.loc 1 569 1 is_stmt 1 view -0
 797              		.cfi_startproc
 798              		@ args = 0, pretend = 0, frame = 0
 799              		@ frame_needed = 0, uses_anonymous_args = 0
 800              		@ link register save eliminated.
 570:Drivers/STM32F1xx_HAL_Driver/Src/stm32f1xx_hal.c ****   SET_BIT(DBGMCU->CR, DBGMCU_CR_DBG_STANDBY);
 801              		.loc 1 570 3 view .LVU131
 802 0000 024A     		ldr	r2, .L77
 803 0002 5368     		ldr	r3, [r2, #4]
 804 0004 43F00403 		orr	r3, r3, #4
 805 0008 5360     		str	r3, [r2, #4]
 571:Drivers/STM32F1xx_HAL_Driver/Src/stm32f1xx_hal.c **** }
 806              		.loc 1 571 1 is_stmt 0 view .LVU132
 807 000a 7047     		bx	lr
 808              	.L78:
ARM GAS  C:\Users\ride_pig\AppData\Local\Temp\ccRrjBpk.s 			page 25


 809              		.align	2
 810              	.L77:
 811 000c 002004E0 		.word	-536600576
 812              		.cfi_endproc
 813              	.LFE88:
 815              		.section	.text.HAL_DBGMCU_DisableDBGStandbyMode,"ax",%progbits
 816              		.align	1
 817              		.global	HAL_DBGMCU_DisableDBGStandbyMode
 818              		.syntax unified
 819              		.thumb
 820              		.thumb_func
 822              	HAL_DBGMCU_DisableDBGStandbyMode:
 823              	.LFB89:
 572:Drivers/STM32F1xx_HAL_Driver/Src/stm32f1xx_hal.c **** 
 573:Drivers/STM32F1xx_HAL_Driver/Src/stm32f1xx_hal.c **** /**
 574:Drivers/STM32F1xx_HAL_Driver/Src/stm32f1xx_hal.c ****   * @brief  Disable the Debug Module during STANDBY mode
 575:Drivers/STM32F1xx_HAL_Driver/Src/stm32f1xx_hal.c ****   * Note: On devices STM32F10xx8 and STM32F10xxB,
 576:Drivers/STM32F1xx_HAL_Driver/Src/stm32f1xx_hal.c ****   *                  STM32F101xC/D/E and STM32F103xC/D/E,
 577:Drivers/STM32F1xx_HAL_Driver/Src/stm32f1xx_hal.c ****   *                  STM32F101xF/G and STM32F103xF/G
 578:Drivers/STM32F1xx_HAL_Driver/Src/stm32f1xx_hal.c ****   *                  STM32F10xx4 and STM32F10xx6
 579:Drivers/STM32F1xx_HAL_Driver/Src/stm32f1xx_hal.c ****   *       Debug registers DBGMCU_IDCODE and DBGMCU_CR are accessible only in
 580:Drivers/STM32F1xx_HAL_Driver/Src/stm32f1xx_hal.c ****   *       debug mode (not accessible by the user software in normal mode).
 581:Drivers/STM32F1xx_HAL_Driver/Src/stm32f1xx_hal.c ****   *       Refer to errata sheet of these devices for more details.
 582:Drivers/STM32F1xx_HAL_Driver/Src/stm32f1xx_hal.c ****   * @retval None
 583:Drivers/STM32F1xx_HAL_Driver/Src/stm32f1xx_hal.c ****   */
 584:Drivers/STM32F1xx_HAL_Driver/Src/stm32f1xx_hal.c **** void HAL_DBGMCU_DisableDBGStandbyMode(void)
 585:Drivers/STM32F1xx_HAL_Driver/Src/stm32f1xx_hal.c **** {
 824              		.loc 1 585 1 is_stmt 1 view -0
 825              		.cfi_startproc
 826              		@ args = 0, pretend = 0, frame = 0
 827              		@ frame_needed = 0, uses_anonymous_args = 0
 828              		@ link register save eliminated.
 586:Drivers/STM32F1xx_HAL_Driver/Src/stm32f1xx_hal.c ****   CLEAR_BIT(DBGMCU->CR, DBGMCU_CR_DBG_STANDBY);
 829              		.loc 1 586 3 view .LVU134
 830 0000 024A     		ldr	r2, .L80
 831 0002 5368     		ldr	r3, [r2, #4]
 832 0004 23F00403 		bic	r3, r3, #4
 833 0008 5360     		str	r3, [r2, #4]
 587:Drivers/STM32F1xx_HAL_Driver/Src/stm32f1xx_hal.c **** }
 834              		.loc 1 587 1 is_stmt 0 view .LVU135
 835 000a 7047     		bx	lr
 836              	.L81:
 837              		.align	2
 838              	.L80:
 839 000c 002004E0 		.word	-536600576
 840              		.cfi_endproc
 841              	.LFE89:
 843              		.global	uwTickFreq
 844              		.global	uwTickPrio
 845              		.global	uwTick
 846              		.section	.bss.uwTick,"aw",%nobits
 847              		.align	2
 848              		.set	.LANCHOR2,. + 0
 851              	uwTick:
 852 0000 00000000 		.space	4
 853              		.section	.data.uwTickFreq,"aw"
 854              		.set	.LANCHOR0,. + 0
ARM GAS  C:\Users\ride_pig\AppData\Local\Temp\ccRrjBpk.s 			page 26


 857              	uwTickFreq:
 858 0000 01       		.byte	1
 859              		.section	.data.uwTickPrio,"aw"
 860              		.align	2
 861              		.set	.LANCHOR1,. + 0
 864              	uwTickPrio:
 865 0000 10000000 		.word	16
 866              		.text
 867              	.Letext0:
 868              		.file 2 "Drivers/CMSIS/Device/ST/STM32F1xx/Include/stm32f105xc.h"
 869              		.file 3 "e:\\gcc-arm-none-eabi\\arm-none-eabi\\include\\machine\\_default_types.h"
 870              		.file 4 "e:\\gcc-arm-none-eabi\\arm-none-eabi\\include\\sys\\_stdint.h"
 871              		.file 5 "Drivers/CMSIS/Include/core_cm3.h"
 872              		.file 6 "Drivers/STM32F1xx_HAL_Driver/Inc/stm32f1xx_hal_def.h"
 873              		.file 7 "Drivers/STM32F1xx_HAL_Driver/Inc/stm32f1xx_hal.h"
 874              		.file 8 "Drivers/CMSIS/Device/ST/STM32F1xx/Include/system_stm32f1xx.h"
 875              		.file 9 "Drivers/STM32F1xx_HAL_Driver/Inc/stm32f1xx_hal_cortex.h"
ARM GAS  C:\Users\ride_pig\AppData\Local\Temp\ccRrjBpk.s 			page 27


DEFINED SYMBOLS
                            *ABS*:00000000 stm32f1xx_hal.c
C:\Users\ride_pig\AppData\Local\Temp\ccRrjBpk.s:18     .text.HAL_MspInit:00000000 $t
C:\Users\ride_pig\AppData\Local\Temp\ccRrjBpk.s:24     .text.HAL_MspInit:00000000 HAL_MspInit
C:\Users\ride_pig\AppData\Local\Temp\ccRrjBpk.s:38     .text.HAL_MspDeInit:00000000 $t
C:\Users\ride_pig\AppData\Local\Temp\ccRrjBpk.s:44     .text.HAL_MspDeInit:00000000 HAL_MspDeInit
C:\Users\ride_pig\AppData\Local\Temp\ccRrjBpk.s:57     .text.HAL_DeInit:00000000 $t
C:\Users\ride_pig\AppData\Local\Temp\ccRrjBpk.s:63     .text.HAL_DeInit:00000000 HAL_DeInit
C:\Users\ride_pig\AppData\Local\Temp\ccRrjBpk.s:99     .text.HAL_DeInit:00000020 $d
C:\Users\ride_pig\AppData\Local\Temp\ccRrjBpk.s:104    .text.HAL_InitTick:00000000 $t
C:\Users\ride_pig\AppData\Local\Temp\ccRrjBpk.s:110    .text.HAL_InitTick:00000000 HAL_InitTick
C:\Users\ride_pig\AppData\Local\Temp\ccRrjBpk.s:173    .text.HAL_InitTick:00000040 $d
C:\Users\ride_pig\AppData\Local\Temp\ccRrjBpk.s:180    .text.HAL_Init:00000000 $t
C:\Users\ride_pig\AppData\Local\Temp\ccRrjBpk.s:186    .text.HAL_Init:00000000 HAL_Init
C:\Users\ride_pig\AppData\Local\Temp\ccRrjBpk.s:220    .text.HAL_Init:00000020 $d
C:\Users\ride_pig\AppData\Local\Temp\ccRrjBpk.s:225    .text.HAL_IncTick:00000000 $t
C:\Users\ride_pig\AppData\Local\Temp\ccRrjBpk.s:231    .text.HAL_IncTick:00000000 HAL_IncTick
C:\Users\ride_pig\AppData\Local\Temp\ccRrjBpk.s:251    .text.HAL_IncTick:00000010 $d
C:\Users\ride_pig\AppData\Local\Temp\ccRrjBpk.s:257    .text.HAL_GetTick:00000000 $t
C:\Users\ride_pig\AppData\Local\Temp\ccRrjBpk.s:263    .text.HAL_GetTick:00000000 HAL_GetTick
C:\Users\ride_pig\AppData\Local\Temp\ccRrjBpk.s:279    .text.HAL_GetTick:00000008 $d
C:\Users\ride_pig\AppData\Local\Temp\ccRrjBpk.s:284    .text.HAL_GetTickPrio:00000000 $t
C:\Users\ride_pig\AppData\Local\Temp\ccRrjBpk.s:290    .text.HAL_GetTickPrio:00000000 HAL_GetTickPrio
C:\Users\ride_pig\AppData\Local\Temp\ccRrjBpk.s:305    .text.HAL_GetTickPrio:00000008 $d
C:\Users\ride_pig\AppData\Local\Temp\ccRrjBpk.s:310    .text.HAL_SetTickFreq:00000000 $t
C:\Users\ride_pig\AppData\Local\Temp\ccRrjBpk.s:316    .text.HAL_SetTickFreq:00000000 HAL_SetTickFreq
C:\Users\ride_pig\AppData\Local\Temp\ccRrjBpk.s:373    .text.HAL_SetTickFreq:00000024 $d
C:\Users\ride_pig\AppData\Local\Temp\ccRrjBpk.s:379    .text.HAL_GetTickFreq:00000000 $t
C:\Users\ride_pig\AppData\Local\Temp\ccRrjBpk.s:385    .text.HAL_GetTickFreq:00000000 HAL_GetTickFreq
C:\Users\ride_pig\AppData\Local\Temp\ccRrjBpk.s:400    .text.HAL_GetTickFreq:00000008 $d
C:\Users\ride_pig\AppData\Local\Temp\ccRrjBpk.s:405    .text.HAL_Delay:00000000 $t
C:\Users\ride_pig\AppData\Local\Temp\ccRrjBpk.s:411    .text.HAL_Delay:00000000 HAL_Delay
C:\Users\ride_pig\AppData\Local\Temp\ccRrjBpk.s:464    .text.HAL_Delay:00000024 $d
C:\Users\ride_pig\AppData\Local\Temp\ccRrjBpk.s:469    .text.HAL_SuspendTick:00000000 $t
C:\Users\ride_pig\AppData\Local\Temp\ccRrjBpk.s:475    .text.HAL_SuspendTick:00000000 HAL_SuspendTick
C:\Users\ride_pig\AppData\Local\Temp\ccRrjBpk.s:493    .text.HAL_ResumeTick:00000000 $t
C:\Users\ride_pig\AppData\Local\Temp\ccRrjBpk.s:499    .text.HAL_ResumeTick:00000000 HAL_ResumeTick
C:\Users\ride_pig\AppData\Local\Temp\ccRrjBpk.s:517    .text.HAL_GetHalVersion:00000000 $t
C:\Users\ride_pig\AppData\Local\Temp\ccRrjBpk.s:523    .text.HAL_GetHalVersion:00000000 HAL_GetHalVersion
C:\Users\ride_pig\AppData\Local\Temp\ccRrjBpk.s:537    .text.HAL_GetHalVersion:00000004 $d
C:\Users\ride_pig\AppData\Local\Temp\ccRrjBpk.s:542    .text.HAL_GetREVID:00000000 $t
C:\Users\ride_pig\AppData\Local\Temp\ccRrjBpk.s:548    .text.HAL_GetREVID:00000000 HAL_GetREVID
C:\Users\ride_pig\AppData\Local\Temp\ccRrjBpk.s:565    .text.HAL_GetREVID:00000008 $d
C:\Users\ride_pig\AppData\Local\Temp\ccRrjBpk.s:570    .text.HAL_GetDEVID:00000000 $t
C:\Users\ride_pig\AppData\Local\Temp\ccRrjBpk.s:576    .text.HAL_GetDEVID:00000000 HAL_GetDEVID
C:\Users\ride_pig\AppData\Local\Temp\ccRrjBpk.s:593    .text.HAL_GetDEVID:0000000c $d
C:\Users\ride_pig\AppData\Local\Temp\ccRrjBpk.s:598    .text.HAL_GetUIDw0:00000000 $t
C:\Users\ride_pig\AppData\Local\Temp\ccRrjBpk.s:604    .text.HAL_GetUIDw0:00000000 HAL_GetUIDw0
C:\Users\ride_pig\AppData\Local\Temp\ccRrjBpk.s:619    .text.HAL_GetUIDw0:00000008 $d
C:\Users\ride_pig\AppData\Local\Temp\ccRrjBpk.s:624    .text.HAL_GetUIDw1:00000000 $t
C:\Users\ride_pig\AppData\Local\Temp\ccRrjBpk.s:630    .text.HAL_GetUIDw1:00000000 HAL_GetUIDw1
C:\Users\ride_pig\AppData\Local\Temp\ccRrjBpk.s:645    .text.HAL_GetUIDw1:00000008 $d
C:\Users\ride_pig\AppData\Local\Temp\ccRrjBpk.s:650    .text.HAL_GetUIDw2:00000000 $t
C:\Users\ride_pig\AppData\Local\Temp\ccRrjBpk.s:656    .text.HAL_GetUIDw2:00000000 HAL_GetUIDw2
C:\Users\ride_pig\AppData\Local\Temp\ccRrjBpk.s:671    .text.HAL_GetUIDw2:00000008 $d
C:\Users\ride_pig\AppData\Local\Temp\ccRrjBpk.s:676    .text.HAL_DBGMCU_EnableDBGSleepMode:00000000 $t
C:\Users\ride_pig\AppData\Local\Temp\ccRrjBpk.s:682    .text.HAL_DBGMCU_EnableDBGSleepMode:00000000 HAL_DBGMCU_EnableDBGSleepMode
ARM GAS  C:\Users\ride_pig\AppData\Local\Temp\ccRrjBpk.s 			page 28


C:\Users\ride_pig\AppData\Local\Temp\ccRrjBpk.s:699    .text.HAL_DBGMCU_EnableDBGSleepMode:0000000c $d
C:\Users\ride_pig\AppData\Local\Temp\ccRrjBpk.s:704    .text.HAL_DBGMCU_DisableDBGSleepMode:00000000 $t
C:\Users\ride_pig\AppData\Local\Temp\ccRrjBpk.s:710    .text.HAL_DBGMCU_DisableDBGSleepMode:00000000 HAL_DBGMCU_DisableDBGSleepMode
C:\Users\ride_pig\AppData\Local\Temp\ccRrjBpk.s:727    .text.HAL_DBGMCU_DisableDBGSleepMode:0000000c $d
C:\Users\ride_pig\AppData\Local\Temp\ccRrjBpk.s:732    .text.HAL_DBGMCU_EnableDBGStopMode:00000000 $t
C:\Users\ride_pig\AppData\Local\Temp\ccRrjBpk.s:738    .text.HAL_DBGMCU_EnableDBGStopMode:00000000 HAL_DBGMCU_EnableDBGStopMode
C:\Users\ride_pig\AppData\Local\Temp\ccRrjBpk.s:755    .text.HAL_DBGMCU_EnableDBGStopMode:0000000c $d
C:\Users\ride_pig\AppData\Local\Temp\ccRrjBpk.s:760    .text.HAL_DBGMCU_DisableDBGStopMode:00000000 $t
C:\Users\ride_pig\AppData\Local\Temp\ccRrjBpk.s:766    .text.HAL_DBGMCU_DisableDBGStopMode:00000000 HAL_DBGMCU_DisableDBGStopMode
C:\Users\ride_pig\AppData\Local\Temp\ccRrjBpk.s:783    .text.HAL_DBGMCU_DisableDBGStopMode:0000000c $d
C:\Users\ride_pig\AppData\Local\Temp\ccRrjBpk.s:788    .text.HAL_DBGMCU_EnableDBGStandbyMode:00000000 $t
C:\Users\ride_pig\AppData\Local\Temp\ccRrjBpk.s:794    .text.HAL_DBGMCU_EnableDBGStandbyMode:00000000 HAL_DBGMCU_EnableDBGStandbyMode
C:\Users\ride_pig\AppData\Local\Temp\ccRrjBpk.s:811    .text.HAL_DBGMCU_EnableDBGStandbyMode:0000000c $d
C:\Users\ride_pig\AppData\Local\Temp\ccRrjBpk.s:816    .text.HAL_DBGMCU_DisableDBGStandbyMode:00000000 $t
C:\Users\ride_pig\AppData\Local\Temp\ccRrjBpk.s:822    .text.HAL_DBGMCU_DisableDBGStandbyMode:00000000 HAL_DBGMCU_DisableDBGStandbyMode
C:\Users\ride_pig\AppData\Local\Temp\ccRrjBpk.s:839    .text.HAL_DBGMCU_DisableDBGStandbyMode:0000000c $d
C:\Users\ride_pig\AppData\Local\Temp\ccRrjBpk.s:857    .data.uwTickFreq:00000000 uwTickFreq
C:\Users\ride_pig\AppData\Local\Temp\ccRrjBpk.s:864    .data.uwTickPrio:00000000 uwTickPrio
C:\Users\ride_pig\AppData\Local\Temp\ccRrjBpk.s:851    .bss.uwTick:00000000 uwTick
C:\Users\ride_pig\AppData\Local\Temp\ccRrjBpk.s:847    .bss.uwTick:00000000 $d
C:\Users\ride_pig\AppData\Local\Temp\ccRrjBpk.s:860    .data.uwTickPrio:00000000 $d

UNDEFINED SYMBOLS
HAL_SYSTICK_Config
HAL_NVIC_SetPriority
SystemCoreClock
HAL_NVIC_SetPriorityGrouping
