ARM GAS  C:\Users\ride_pig\AppData\Local\Temp\ccDmxHkf.s 			page 1


   1              		.cpu cortex-m3
   2              		.arch armv7-m
   3              		.fpu softvfp
   4              		.eabi_attribute 20, 1
   5              		.eabi_attribute 21, 1
   6              		.eabi_attribute 23, 3
   7              		.eabi_attribute 24, 1
   8              		.eabi_attribute 25, 1
   9              		.eabi_attribute 26, 1
  10              		.eabi_attribute 30, 1
  11              		.eabi_attribute 34, 1
  12              		.eabi_attribute 18, 4
  13              		.file	"tim.c"
  14              		.text
  15              	.Ltext0:
  16              		.cfi_sections	.debug_frame
  17              		.section	.text.MX_TIM2_Init,"ax",%progbits
  18              		.align	1
  19              		.global	MX_TIM2_Init
  20              		.syntax unified
  21              		.thumb
  22              		.thumb_func
  24              	MX_TIM2_Init:
  25              	.LFB65:
  26              		.file 1 "Core/Src/tim.c"
   1:Core/Src/tim.c **** /* USER CODE BEGIN Header */
   2:Core/Src/tim.c **** /**
   3:Core/Src/tim.c ****   ******************************************************************************
   4:Core/Src/tim.c ****   * @file    tim.c
   5:Core/Src/tim.c ****   * @brief   This file provides code for the configuration
   6:Core/Src/tim.c ****   *          of the TIM instances.
   7:Core/Src/tim.c ****   ******************************************************************************
   8:Core/Src/tim.c ****   * @attention
   9:Core/Src/tim.c ****   *
  10:Core/Src/tim.c ****   * Copyright (c) 2023 STMicroelectronics.
  11:Core/Src/tim.c ****   * All rights reserved.
  12:Core/Src/tim.c ****   *
  13:Core/Src/tim.c ****   * This software is licensed under terms that can be found in the LICENSE file
  14:Core/Src/tim.c ****   * in the root directory of this software component.
  15:Core/Src/tim.c ****   * If no LICENSE file comes with this software, it is provided AS-IS.
  16:Core/Src/tim.c ****   *
  17:Core/Src/tim.c ****   ******************************************************************************
  18:Core/Src/tim.c ****   */
  19:Core/Src/tim.c **** /* USER CODE END Header */
  20:Core/Src/tim.c **** /* Includes ------------------------------------------------------------------*/
  21:Core/Src/tim.c **** #include "tim.h"
  22:Core/Src/tim.c **** 
  23:Core/Src/tim.c **** /* USER CODE BEGIN 0 */
  24:Core/Src/tim.c **** 
  25:Core/Src/tim.c **** /* USER CODE END 0 */
  26:Core/Src/tim.c **** 
  27:Core/Src/tim.c **** TIM_HandleTypeDef htim2;
  28:Core/Src/tim.c **** TIM_HandleTypeDef htim3;
  29:Core/Src/tim.c **** 
  30:Core/Src/tim.c **** /* TIM2 init function */
  31:Core/Src/tim.c **** void MX_TIM2_Init(void)
  32:Core/Src/tim.c **** {
ARM GAS  C:\Users\ride_pig\AppData\Local\Temp\ccDmxHkf.s 			page 2


  27              		.loc 1 32 1 view -0
  28              		.cfi_startproc
  29              		@ args = 0, pretend = 0, frame = 24
  30              		@ frame_needed = 0, uses_anonymous_args = 0
  31 0000 00B5     		push	{lr}
  32              	.LCFI0:
  33              		.cfi_def_cfa_offset 4
  34              		.cfi_offset 14, -4
  35 0002 87B0     		sub	sp, sp, #28
  36              	.LCFI1:
  37              		.cfi_def_cfa_offset 32
  33:Core/Src/tim.c **** 
  34:Core/Src/tim.c ****   /* USER CODE BEGIN TIM2_Init 0 */
  35:Core/Src/tim.c **** 
  36:Core/Src/tim.c ****   /* USER CODE END TIM2_Init 0 */
  37:Core/Src/tim.c **** 
  38:Core/Src/tim.c ****   TIM_ClockConfigTypeDef sClockSourceConfig = {0};
  38              		.loc 1 38 3 view .LVU1
  39              		.loc 1 38 26 is_stmt 0 view .LVU2
  40 0004 0023     		movs	r3, #0
  41 0006 0293     		str	r3, [sp, #8]
  42 0008 0393     		str	r3, [sp, #12]
  43 000a 0493     		str	r3, [sp, #16]
  44 000c 0593     		str	r3, [sp, #20]
  39:Core/Src/tim.c ****   TIM_MasterConfigTypeDef sMasterConfig = {0};
  45              		.loc 1 39 3 is_stmt 1 view .LVU3
  46              		.loc 1 39 27 is_stmt 0 view .LVU4
  47 000e 0093     		str	r3, [sp]
  48 0010 0193     		str	r3, [sp, #4]
  40:Core/Src/tim.c **** 
  41:Core/Src/tim.c ****   /* USER CODE BEGIN TIM2_Init 1 */
  42:Core/Src/tim.c **** 
  43:Core/Src/tim.c ****   /* USER CODE END TIM2_Init 1 */
  44:Core/Src/tim.c ****   htim2.Instance = TIM2;
  49              		.loc 1 44 3 is_stmt 1 view .LVU5
  50              		.loc 1 44 18 is_stmt 0 view .LVU6
  51 0012 1648     		ldr	r0, .L9
  52 0014 4FF08042 		mov	r2, #1073741824
  53 0018 0260     		str	r2, [r0]
  45:Core/Src/tim.c ****   htim2.Init.Prescaler = 360 - 1;
  54              		.loc 1 45 3 is_stmt 1 view .LVU7
  55              		.loc 1 45 24 is_stmt 0 view .LVU8
  56 001a 40F26712 		movw	r2, #359
  57 001e 4260     		str	r2, [r0, #4]
  46:Core/Src/tim.c ****   htim2.Init.CounterMode = TIM_COUNTERMODE_UP;
  58              		.loc 1 46 3 is_stmt 1 view .LVU9
  59              		.loc 1 46 26 is_stmt 0 view .LVU10
  60 0020 8360     		str	r3, [r0, #8]
  47:Core/Src/tim.c ****   htim2.Init.Period = 200 - 1;
  61              		.loc 1 47 3 is_stmt 1 view .LVU11
  62              		.loc 1 47 21 is_stmt 0 view .LVU12
  63 0022 C722     		movs	r2, #199
  64 0024 C260     		str	r2, [r0, #12]
  48:Core/Src/tim.c ****   htim2.Init.ClockDivision = TIM_CLOCKDIVISION_DIV1;
  65              		.loc 1 48 3 is_stmt 1 view .LVU13
  66              		.loc 1 48 28 is_stmt 0 view .LVU14
  67 0026 0361     		str	r3, [r0, #16]
ARM GAS  C:\Users\ride_pig\AppData\Local\Temp\ccDmxHkf.s 			page 3


  49:Core/Src/tim.c ****   htim2.Init.AutoReloadPreload = TIM_AUTORELOAD_PRELOAD_ENABLE;
  68              		.loc 1 49 3 is_stmt 1 view .LVU15
  69              		.loc 1 49 32 is_stmt 0 view .LVU16
  70 0028 8023     		movs	r3, #128
  71 002a 8361     		str	r3, [r0, #24]
  50:Core/Src/tim.c ****   if (HAL_TIM_Base_Init(&htim2) != HAL_OK)
  72              		.loc 1 50 3 is_stmt 1 view .LVU17
  73              		.loc 1 50 7 is_stmt 0 view .LVU18
  74 002c FFF7FEFF 		bl	HAL_TIM_Base_Init
  75              	.LVL0:
  76              		.loc 1 50 6 view .LVU19
  77 0030 90B9     		cbnz	r0, .L6
  78              	.L2:
  51:Core/Src/tim.c ****   {
  52:Core/Src/tim.c ****     Error_Handler();
  53:Core/Src/tim.c ****   }
  54:Core/Src/tim.c ****   sClockSourceConfig.ClockSource = TIM_CLOCKSOURCE_INTERNAL;
  79              		.loc 1 54 3 is_stmt 1 view .LVU20
  80              		.loc 1 54 34 is_stmt 0 view .LVU21
  81 0032 4FF48053 		mov	r3, #4096
  82 0036 0293     		str	r3, [sp, #8]
  55:Core/Src/tim.c ****   if (HAL_TIM_ConfigClockSource(&htim2, &sClockSourceConfig) != HAL_OK)
  83              		.loc 1 55 3 is_stmt 1 view .LVU22
  84              		.loc 1 55 7 is_stmt 0 view .LVU23
  85 0038 02A9     		add	r1, sp, #8
  86 003a 0C48     		ldr	r0, .L9
  87 003c FFF7FEFF 		bl	HAL_TIM_ConfigClockSource
  88              	.LVL1:
  89              		.loc 1 55 6 view .LVU24
  90 0040 68B9     		cbnz	r0, .L7
  91              	.L3:
  56:Core/Src/tim.c ****   {
  57:Core/Src/tim.c ****     Error_Handler();
  58:Core/Src/tim.c ****   }
  59:Core/Src/tim.c ****   sMasterConfig.MasterOutputTrigger = TIM_TRGO_RESET;
  92              		.loc 1 59 3 is_stmt 1 view .LVU25
  93              		.loc 1 59 37 is_stmt 0 view .LVU26
  94 0042 0023     		movs	r3, #0
  95 0044 0093     		str	r3, [sp]
  60:Core/Src/tim.c ****   sMasterConfig.MasterSlaveMode = TIM_MASTERSLAVEMODE_DISABLE;
  96              		.loc 1 60 3 is_stmt 1 view .LVU27
  97              		.loc 1 60 33 is_stmt 0 view .LVU28
  98 0046 0193     		str	r3, [sp, #4]
  61:Core/Src/tim.c ****   if (HAL_TIMEx_MasterConfigSynchronization(&htim2, &sMasterConfig) != HAL_OK)
  99              		.loc 1 61 3 is_stmt 1 view .LVU29
 100              		.loc 1 61 7 is_stmt 0 view .LVU30
 101 0048 6946     		mov	r1, sp
 102 004a 0848     		ldr	r0, .L9
 103 004c FFF7FEFF 		bl	HAL_TIMEx_MasterConfigSynchronization
 104              	.LVL2:
 105              		.loc 1 61 6 view .LVU31
 106 0050 40B9     		cbnz	r0, .L8
 107              	.L1:
  62:Core/Src/tim.c ****   {
  63:Core/Src/tim.c ****     Error_Handler();
  64:Core/Src/tim.c ****   }
  65:Core/Src/tim.c ****   /* USER CODE BEGIN TIM2_Init 2 */
ARM GAS  C:\Users\ride_pig\AppData\Local\Temp\ccDmxHkf.s 			page 4


  66:Core/Src/tim.c **** 
  67:Core/Src/tim.c ****   /* USER CODE END TIM2_Init 2 */
  68:Core/Src/tim.c **** 
  69:Core/Src/tim.c **** }
 108              		.loc 1 69 1 view .LVU32
 109 0052 07B0     		add	sp, sp, #28
 110              	.LCFI2:
 111              		.cfi_remember_state
 112              		.cfi_def_cfa_offset 4
 113              		@ sp needed
 114 0054 5DF804FB 		ldr	pc, [sp], #4
 115              	.L6:
 116              	.LCFI3:
 117              		.cfi_restore_state
  52:Core/Src/tim.c ****   }
 118              		.loc 1 52 5 is_stmt 1 view .LVU33
 119 0058 FFF7FEFF 		bl	Error_Handler
 120              	.LVL3:
 121 005c E9E7     		b	.L2
 122              	.L7:
  57:Core/Src/tim.c ****   }
 123              		.loc 1 57 5 view .LVU34
 124 005e FFF7FEFF 		bl	Error_Handler
 125              	.LVL4:
 126 0062 EEE7     		b	.L3
 127              	.L8:
  63:Core/Src/tim.c ****   }
 128              		.loc 1 63 5 view .LVU35
 129 0064 FFF7FEFF 		bl	Error_Handler
 130              	.LVL5:
 131              		.loc 1 69 1 is_stmt 0 view .LVU36
 132 0068 F3E7     		b	.L1
 133              	.L10:
 134 006a 00BF     		.align	2
 135              	.L9:
 136 006c 00000000 		.word	.LANCHOR0
 137              		.cfi_endproc
 138              	.LFE65:
 140              		.section	.text.MX_TIM3_Init,"ax",%progbits
 141              		.align	1
 142              		.global	MX_TIM3_Init
 143              		.syntax unified
 144              		.thumb
 145              		.thumb_func
 147              	MX_TIM3_Init:
 148              	.LFB66:
  70:Core/Src/tim.c **** /* TIM3 init function */
  71:Core/Src/tim.c **** void MX_TIM3_Init(void)
  72:Core/Src/tim.c **** {
 149              		.loc 1 72 1 is_stmt 1 view -0
 150              		.cfi_startproc
 151              		@ args = 0, pretend = 0, frame = 24
 152              		@ frame_needed = 0, uses_anonymous_args = 0
 153 0000 00B5     		push	{lr}
 154              	.LCFI4:
 155              		.cfi_def_cfa_offset 4
 156              		.cfi_offset 14, -4
ARM GAS  C:\Users\ride_pig\AppData\Local\Temp\ccDmxHkf.s 			page 5


 157 0002 87B0     		sub	sp, sp, #28
 158              	.LCFI5:
 159              		.cfi_def_cfa_offset 32
  73:Core/Src/tim.c **** 
  74:Core/Src/tim.c ****   /* USER CODE BEGIN TIM3_Init 0 */
  75:Core/Src/tim.c **** 
  76:Core/Src/tim.c ****   /* USER CODE END TIM3_Init 0 */
  77:Core/Src/tim.c **** 
  78:Core/Src/tim.c ****   TIM_ClockConfigTypeDef sClockSourceConfig = {0};
 160              		.loc 1 78 3 view .LVU38
 161              		.loc 1 78 26 is_stmt 0 view .LVU39
 162 0004 0023     		movs	r3, #0
 163 0006 0293     		str	r3, [sp, #8]
 164 0008 0393     		str	r3, [sp, #12]
 165 000a 0493     		str	r3, [sp, #16]
 166 000c 0593     		str	r3, [sp, #20]
  79:Core/Src/tim.c ****   TIM_MasterConfigTypeDef sMasterConfig = {0};
 167              		.loc 1 79 3 is_stmt 1 view .LVU40
 168              		.loc 1 79 27 is_stmt 0 view .LVU41
 169 000e 0093     		str	r3, [sp]
 170 0010 0193     		str	r3, [sp, #4]
  80:Core/Src/tim.c **** 
  81:Core/Src/tim.c ****   /* USER CODE BEGIN TIM3_Init 1 */
  82:Core/Src/tim.c **** 
  83:Core/Src/tim.c ****   /* USER CODE END TIM3_Init 1 */
  84:Core/Src/tim.c ****   htim3.Instance = TIM3;
 171              		.loc 1 84 3 is_stmt 1 view .LVU42
 172              		.loc 1 84 18 is_stmt 0 view .LVU43
 173 0012 1648     		ldr	r0, .L19
 174 0014 164A     		ldr	r2, .L19+4
 175 0016 0260     		str	r2, [r0]
  85:Core/Src/tim.c ****   htim3.Init.Prescaler = 360 - 1;
 176              		.loc 1 85 3 is_stmt 1 view .LVU44
 177              		.loc 1 85 24 is_stmt 0 view .LVU45
 178 0018 40F26712 		movw	r2, #359
 179 001c 4260     		str	r2, [r0, #4]
  86:Core/Src/tim.c ****   htim3.Init.CounterMode = TIM_COUNTERMODE_UP;
 180              		.loc 1 86 3 is_stmt 1 view .LVU46
 181              		.loc 1 86 26 is_stmt 0 view .LVU47
 182 001e 8360     		str	r3, [r0, #8]
  87:Core/Src/tim.c ****   htim3.Init.Period = 2000 - 1;
 183              		.loc 1 87 3 is_stmt 1 view .LVU48
 184              		.loc 1 87 21 is_stmt 0 view .LVU49
 185 0020 40F2CF72 		movw	r2, #1999
 186 0024 C260     		str	r2, [r0, #12]
  88:Core/Src/tim.c ****   htim3.Init.ClockDivision = TIM_CLOCKDIVISION_DIV1;
 187              		.loc 1 88 3 is_stmt 1 view .LVU50
 188              		.loc 1 88 28 is_stmt 0 view .LVU51
 189 0026 0361     		str	r3, [r0, #16]
  89:Core/Src/tim.c ****   htim3.Init.AutoReloadPreload = TIM_AUTORELOAD_PRELOAD_ENABLE;
 190              		.loc 1 89 3 is_stmt 1 view .LVU52
 191              		.loc 1 89 32 is_stmt 0 view .LVU53
 192 0028 8023     		movs	r3, #128
 193 002a 8361     		str	r3, [r0, #24]
  90:Core/Src/tim.c ****   if (HAL_TIM_Base_Init(&htim3) != HAL_OK)
 194              		.loc 1 90 3 is_stmt 1 view .LVU54
 195              		.loc 1 90 7 is_stmt 0 view .LVU55
ARM GAS  C:\Users\ride_pig\AppData\Local\Temp\ccDmxHkf.s 			page 6


 196 002c FFF7FEFF 		bl	HAL_TIM_Base_Init
 197              	.LVL6:
 198              		.loc 1 90 6 view .LVU56
 199 0030 90B9     		cbnz	r0, .L16
 200              	.L12:
  91:Core/Src/tim.c ****   {
  92:Core/Src/tim.c ****     Error_Handler();
  93:Core/Src/tim.c ****   }
  94:Core/Src/tim.c ****   sClockSourceConfig.ClockSource = TIM_CLOCKSOURCE_INTERNAL;
 201              		.loc 1 94 3 is_stmt 1 view .LVU57
 202              		.loc 1 94 34 is_stmt 0 view .LVU58
 203 0032 4FF48053 		mov	r3, #4096
 204 0036 0293     		str	r3, [sp, #8]
  95:Core/Src/tim.c ****   if (HAL_TIM_ConfigClockSource(&htim3, &sClockSourceConfig) != HAL_OK)
 205              		.loc 1 95 3 is_stmt 1 view .LVU59
 206              		.loc 1 95 7 is_stmt 0 view .LVU60
 207 0038 02A9     		add	r1, sp, #8
 208 003a 0C48     		ldr	r0, .L19
 209 003c FFF7FEFF 		bl	HAL_TIM_ConfigClockSource
 210              	.LVL7:
 211              		.loc 1 95 6 view .LVU61
 212 0040 68B9     		cbnz	r0, .L17
 213              	.L13:
  96:Core/Src/tim.c ****   {
  97:Core/Src/tim.c ****     Error_Handler();
  98:Core/Src/tim.c ****   }
  99:Core/Src/tim.c ****   sMasterConfig.MasterOutputTrigger = TIM_TRGO_RESET;
 214              		.loc 1 99 3 is_stmt 1 view .LVU62
 215              		.loc 1 99 37 is_stmt 0 view .LVU63
 216 0042 0023     		movs	r3, #0
 217 0044 0093     		str	r3, [sp]
 100:Core/Src/tim.c ****   sMasterConfig.MasterSlaveMode = TIM_MASTERSLAVEMODE_DISABLE;
 218              		.loc 1 100 3 is_stmt 1 view .LVU64
 219              		.loc 1 100 33 is_stmt 0 view .LVU65
 220 0046 0193     		str	r3, [sp, #4]
 101:Core/Src/tim.c ****   if (HAL_TIMEx_MasterConfigSynchronization(&htim3, &sMasterConfig) != HAL_OK)
 221              		.loc 1 101 3 is_stmt 1 view .LVU66
 222              		.loc 1 101 7 is_stmt 0 view .LVU67
 223 0048 6946     		mov	r1, sp
 224 004a 0848     		ldr	r0, .L19
 225 004c FFF7FEFF 		bl	HAL_TIMEx_MasterConfigSynchronization
 226              	.LVL8:
 227              		.loc 1 101 6 view .LVU68
 228 0050 40B9     		cbnz	r0, .L18
 229              	.L11:
 102:Core/Src/tim.c ****   {
 103:Core/Src/tim.c ****     Error_Handler();
 104:Core/Src/tim.c ****   }
 105:Core/Src/tim.c ****   /* USER CODE BEGIN TIM3_Init 2 */
 106:Core/Src/tim.c **** 
 107:Core/Src/tim.c ****   /* USER CODE END TIM3_Init 2 */
 108:Core/Src/tim.c **** 
 109:Core/Src/tim.c **** }
 230              		.loc 1 109 1 view .LVU69
 231 0052 07B0     		add	sp, sp, #28
 232              	.LCFI6:
 233              		.cfi_remember_state
ARM GAS  C:\Users\ride_pig\AppData\Local\Temp\ccDmxHkf.s 			page 7


 234              		.cfi_def_cfa_offset 4
 235              		@ sp needed
 236 0054 5DF804FB 		ldr	pc, [sp], #4
 237              	.L16:
 238              	.LCFI7:
 239              		.cfi_restore_state
  92:Core/Src/tim.c ****   }
 240              		.loc 1 92 5 is_stmt 1 view .LVU70
 241 0058 FFF7FEFF 		bl	Error_Handler
 242              	.LVL9:
 243 005c E9E7     		b	.L12
 244              	.L17:
  97:Core/Src/tim.c ****   }
 245              		.loc 1 97 5 view .LVU71
 246 005e FFF7FEFF 		bl	Error_Handler
 247              	.LVL10:
 248 0062 EEE7     		b	.L13
 249              	.L18:
 103:Core/Src/tim.c ****   }
 250              		.loc 1 103 5 view .LVU72
 251 0064 FFF7FEFF 		bl	Error_Handler
 252              	.LVL11:
 253              		.loc 1 109 1 is_stmt 0 view .LVU73
 254 0068 F3E7     		b	.L11
 255              	.L20:
 256 006a 00BF     		.align	2
 257              	.L19:
 258 006c 00000000 		.word	.LANCHOR1
 259 0070 00040040 		.word	1073742848
 260              		.cfi_endproc
 261              	.LFE66:
 263              		.section	.text.HAL_TIM_Base_MspInit,"ax",%progbits
 264              		.align	1
 265              		.global	HAL_TIM_Base_MspInit
 266              		.syntax unified
 267              		.thumb
 268              		.thumb_func
 270              	HAL_TIM_Base_MspInit:
 271              	.LVL12:
 272              	.LFB67:
 110:Core/Src/tim.c **** 
 111:Core/Src/tim.c **** void HAL_TIM_Base_MspInit(TIM_HandleTypeDef* tim_baseHandle)
 112:Core/Src/tim.c **** {
 273              		.loc 1 112 1 is_stmt 1 view -0
 274              		.cfi_startproc
 275              		@ args = 0, pretend = 0, frame = 8
 276              		@ frame_needed = 0, uses_anonymous_args = 0
 277              		.loc 1 112 1 is_stmt 0 view .LVU75
 278 0000 00B5     		push	{lr}
 279              	.LCFI8:
 280              		.cfi_def_cfa_offset 4
 281              		.cfi_offset 14, -4
 282 0002 83B0     		sub	sp, sp, #12
 283              	.LCFI9:
 284              		.cfi_def_cfa_offset 16
 113:Core/Src/tim.c **** 
 114:Core/Src/tim.c ****   if(tim_baseHandle->Instance==TIM2)
ARM GAS  C:\Users\ride_pig\AppData\Local\Temp\ccDmxHkf.s 			page 8


 285              		.loc 1 114 3 is_stmt 1 view .LVU76
 286              		.loc 1 114 20 is_stmt 0 view .LVU77
 287 0004 0368     		ldr	r3, [r0]
 288              		.loc 1 114 5 view .LVU78
 289 0006 B3F1804F 		cmp	r3, #1073741824
 290 000a 05D0     		beq	.L25
 115:Core/Src/tim.c ****   {
 116:Core/Src/tim.c ****   /* USER CODE BEGIN TIM2_MspInit 0 */
 117:Core/Src/tim.c **** 
 118:Core/Src/tim.c ****   /* USER CODE END TIM2_MspInit 0 */
 119:Core/Src/tim.c ****     /* TIM2 clock enable */
 120:Core/Src/tim.c ****     __HAL_RCC_TIM2_CLK_ENABLE();
 121:Core/Src/tim.c **** 
 122:Core/Src/tim.c ****     /* TIM2 interrupt Init */
 123:Core/Src/tim.c ****     HAL_NVIC_SetPriority(TIM2_IRQn, 0, 0);
 124:Core/Src/tim.c ****     HAL_NVIC_EnableIRQ(TIM2_IRQn);
 125:Core/Src/tim.c ****   /* USER CODE BEGIN TIM2_MspInit 1 */
 126:Core/Src/tim.c **** 
 127:Core/Src/tim.c ****   /* USER CODE END TIM2_MspInit 1 */
 128:Core/Src/tim.c ****   }
 129:Core/Src/tim.c ****   else if(tim_baseHandle->Instance==TIM3)
 291              		.loc 1 129 8 is_stmt 1 view .LVU79
 292              		.loc 1 129 10 is_stmt 0 view .LVU80
 293 000c 164A     		ldr	r2, .L27
 294 000e 9342     		cmp	r3, r2
 295 0010 16D0     		beq	.L26
 296              	.LVL13:
 297              	.L21:
 130:Core/Src/tim.c ****   {
 131:Core/Src/tim.c ****   /* USER CODE BEGIN TIM3_MspInit 0 */
 132:Core/Src/tim.c **** 
 133:Core/Src/tim.c ****   /* USER CODE END TIM3_MspInit 0 */
 134:Core/Src/tim.c ****     /* TIM3 clock enable */
 135:Core/Src/tim.c ****     __HAL_RCC_TIM3_CLK_ENABLE();
 136:Core/Src/tim.c **** 
 137:Core/Src/tim.c ****     /* TIM3 interrupt Init */
 138:Core/Src/tim.c ****     HAL_NVIC_SetPriority(TIM3_IRQn, 0, 0);
 139:Core/Src/tim.c ****     HAL_NVIC_EnableIRQ(TIM3_IRQn);
 140:Core/Src/tim.c ****   /* USER CODE BEGIN TIM3_MspInit 1 */
 141:Core/Src/tim.c **** 
 142:Core/Src/tim.c ****   /* USER CODE END TIM3_MspInit 1 */
 143:Core/Src/tim.c ****   }
 144:Core/Src/tim.c **** }
 298              		.loc 1 144 1 view .LVU81
 299 0012 03B0     		add	sp, sp, #12
 300              	.LCFI10:
 301              		.cfi_remember_state
 302              		.cfi_def_cfa_offset 4
 303              		@ sp needed
 304 0014 5DF804FB 		ldr	pc, [sp], #4
 305              	.LVL14:
 306              	.L25:
 307              	.LCFI11:
 308              		.cfi_restore_state
 120:Core/Src/tim.c **** 
 309              		.loc 1 120 5 is_stmt 1 view .LVU82
 310              	.LBB2:
ARM GAS  C:\Users\ride_pig\AppData\Local\Temp\ccDmxHkf.s 			page 9


 120:Core/Src/tim.c **** 
 311              		.loc 1 120 5 view .LVU83
 120:Core/Src/tim.c **** 
 312              		.loc 1 120 5 view .LVU84
 313 0018 03F50433 		add	r3, r3, #135168
 314 001c DA69     		ldr	r2, [r3, #28]
 315 001e 42F00102 		orr	r2, r2, #1
 316 0022 DA61     		str	r2, [r3, #28]
 120:Core/Src/tim.c **** 
 317              		.loc 1 120 5 view .LVU85
 318 0024 DB69     		ldr	r3, [r3, #28]
 319 0026 03F00103 		and	r3, r3, #1
 320 002a 0093     		str	r3, [sp]
 120:Core/Src/tim.c **** 
 321              		.loc 1 120 5 view .LVU86
 322 002c 009B     		ldr	r3, [sp]
 323              	.LBE2:
 120:Core/Src/tim.c **** 
 324              		.loc 1 120 5 view .LVU87
 123:Core/Src/tim.c ****     HAL_NVIC_EnableIRQ(TIM2_IRQn);
 325              		.loc 1 123 5 view .LVU88
 326 002e 0022     		movs	r2, #0
 327 0030 1146     		mov	r1, r2
 328 0032 1C20     		movs	r0, #28
 329              	.LVL15:
 123:Core/Src/tim.c ****     HAL_NVIC_EnableIRQ(TIM2_IRQn);
 330              		.loc 1 123 5 is_stmt 0 view .LVU89
 331 0034 FFF7FEFF 		bl	HAL_NVIC_SetPriority
 332              	.LVL16:
 124:Core/Src/tim.c ****   /* USER CODE BEGIN TIM2_MspInit 1 */
 333              		.loc 1 124 5 is_stmt 1 view .LVU90
 334 0038 1C20     		movs	r0, #28
 335 003a FFF7FEFF 		bl	HAL_NVIC_EnableIRQ
 336              	.LVL17:
 337 003e E8E7     		b	.L21
 338              	.LVL18:
 339              	.L26:
 135:Core/Src/tim.c **** 
 340              		.loc 1 135 5 view .LVU91
 341              	.LBB3:
 135:Core/Src/tim.c **** 
 342              		.loc 1 135 5 view .LVU92
 135:Core/Src/tim.c **** 
 343              		.loc 1 135 5 view .LVU93
 344 0040 0A4B     		ldr	r3, .L27+4
 345 0042 DA69     		ldr	r2, [r3, #28]
 346 0044 42F00202 		orr	r2, r2, #2
 347 0048 DA61     		str	r2, [r3, #28]
 135:Core/Src/tim.c **** 
 348              		.loc 1 135 5 view .LVU94
 349 004a DB69     		ldr	r3, [r3, #28]
 350 004c 03F00203 		and	r3, r3, #2
 351 0050 0193     		str	r3, [sp, #4]
 135:Core/Src/tim.c **** 
 352              		.loc 1 135 5 view .LVU95
 353 0052 019B     		ldr	r3, [sp, #4]
 354              	.LBE3:
ARM GAS  C:\Users\ride_pig\AppData\Local\Temp\ccDmxHkf.s 			page 10


 135:Core/Src/tim.c **** 
 355              		.loc 1 135 5 view .LVU96
 138:Core/Src/tim.c ****     HAL_NVIC_EnableIRQ(TIM3_IRQn);
 356              		.loc 1 138 5 view .LVU97
 357 0054 0022     		movs	r2, #0
 358 0056 1146     		mov	r1, r2
 359 0058 1D20     		movs	r0, #29
 360              	.LVL19:
 138:Core/Src/tim.c ****     HAL_NVIC_EnableIRQ(TIM3_IRQn);
 361              		.loc 1 138 5 is_stmt 0 view .LVU98
 362 005a FFF7FEFF 		bl	HAL_NVIC_SetPriority
 363              	.LVL20:
 139:Core/Src/tim.c ****   /* USER CODE BEGIN TIM3_MspInit 1 */
 364              		.loc 1 139 5 is_stmt 1 view .LVU99
 365 005e 1D20     		movs	r0, #29
 366 0060 FFF7FEFF 		bl	HAL_NVIC_EnableIRQ
 367              	.LVL21:
 368              		.loc 1 144 1 is_stmt 0 view .LVU100
 369 0064 D5E7     		b	.L21
 370              	.L28:
 371 0066 00BF     		.align	2
 372              	.L27:
 373 0068 00040040 		.word	1073742848
 374 006c 00100240 		.word	1073876992
 375              		.cfi_endproc
 376              	.LFE67:
 378              		.section	.text.HAL_TIM_Base_MspDeInit,"ax",%progbits
 379              		.align	1
 380              		.global	HAL_TIM_Base_MspDeInit
 381              		.syntax unified
 382              		.thumb
 383              		.thumb_func
 385              	HAL_TIM_Base_MspDeInit:
 386              	.LVL22:
 387              	.LFB68:
 145:Core/Src/tim.c **** 
 146:Core/Src/tim.c **** void HAL_TIM_Base_MspDeInit(TIM_HandleTypeDef* tim_baseHandle)
 147:Core/Src/tim.c **** {
 388              		.loc 1 147 1 is_stmt 1 view -0
 389              		.cfi_startproc
 390              		@ args = 0, pretend = 0, frame = 0
 391              		@ frame_needed = 0, uses_anonymous_args = 0
 392              		.loc 1 147 1 is_stmt 0 view .LVU102
 393 0000 08B5     		push	{r3, lr}
 394              	.LCFI12:
 395              		.cfi_def_cfa_offset 8
 396              		.cfi_offset 3, -8
 397              		.cfi_offset 14, -4
 148:Core/Src/tim.c **** 
 149:Core/Src/tim.c ****   if(tim_baseHandle->Instance==TIM2)
 398              		.loc 1 149 3 is_stmt 1 view .LVU103
 399              		.loc 1 149 20 is_stmt 0 view .LVU104
 400 0002 0368     		ldr	r3, [r0]
 401              		.loc 1 149 5 view .LVU105
 402 0004 B3F1804F 		cmp	r3, #1073741824
 403 0008 03D0     		beq	.L33
 150:Core/Src/tim.c ****   {
ARM GAS  C:\Users\ride_pig\AppData\Local\Temp\ccDmxHkf.s 			page 11


 151:Core/Src/tim.c ****   /* USER CODE BEGIN TIM2_MspDeInit 0 */
 152:Core/Src/tim.c **** 
 153:Core/Src/tim.c ****   /* USER CODE END TIM2_MspDeInit 0 */
 154:Core/Src/tim.c ****     /* Peripheral clock disable */
 155:Core/Src/tim.c ****     __HAL_RCC_TIM2_CLK_DISABLE();
 156:Core/Src/tim.c **** 
 157:Core/Src/tim.c ****     /* TIM2 interrupt Deinit */
 158:Core/Src/tim.c ****     HAL_NVIC_DisableIRQ(TIM2_IRQn);
 159:Core/Src/tim.c ****   /* USER CODE BEGIN TIM2_MspDeInit 1 */
 160:Core/Src/tim.c **** 
 161:Core/Src/tim.c ****   /* USER CODE END TIM2_MspDeInit 1 */
 162:Core/Src/tim.c ****   }
 163:Core/Src/tim.c ****   else if(tim_baseHandle->Instance==TIM3)
 404              		.loc 1 163 8 is_stmt 1 view .LVU106
 405              		.loc 1 163 10 is_stmt 0 view .LVU107
 406 000a 0B4A     		ldr	r2, .L35
 407 000c 9342     		cmp	r3, r2
 408 000e 09D0     		beq	.L34
 409              	.LVL23:
 410              	.L29:
 164:Core/Src/tim.c ****   {
 165:Core/Src/tim.c ****   /* USER CODE BEGIN TIM3_MspDeInit 0 */
 166:Core/Src/tim.c **** 
 167:Core/Src/tim.c ****   /* USER CODE END TIM3_MspDeInit 0 */
 168:Core/Src/tim.c ****     /* Peripheral clock disable */
 169:Core/Src/tim.c ****     __HAL_RCC_TIM3_CLK_DISABLE();
 170:Core/Src/tim.c **** 
 171:Core/Src/tim.c ****     /* TIM3 interrupt Deinit */
 172:Core/Src/tim.c ****     HAL_NVIC_DisableIRQ(TIM3_IRQn);
 173:Core/Src/tim.c ****   /* USER CODE BEGIN TIM3_MspDeInit 1 */
 174:Core/Src/tim.c **** 
 175:Core/Src/tim.c ****   /* USER CODE END TIM3_MspDeInit 1 */
 176:Core/Src/tim.c ****   }
 177:Core/Src/tim.c **** }
 411              		.loc 1 177 1 view .LVU108
 412 0010 08BD     		pop	{r3, pc}
 413              	.LVL24:
 414              	.L33:
 155:Core/Src/tim.c **** 
 415              		.loc 1 155 5 is_stmt 1 view .LVU109
 416 0012 0A4A     		ldr	r2, .L35+4
 417 0014 D369     		ldr	r3, [r2, #28]
 418 0016 23F00103 		bic	r3, r3, #1
 419 001a D361     		str	r3, [r2, #28]
 158:Core/Src/tim.c ****   /* USER CODE BEGIN TIM2_MspDeInit 1 */
 420              		.loc 1 158 5 view .LVU110
 421 001c 1C20     		movs	r0, #28
 422              	.LVL25:
 158:Core/Src/tim.c ****   /* USER CODE BEGIN TIM2_MspDeInit 1 */
 423              		.loc 1 158 5 is_stmt 0 view .LVU111
 424 001e FFF7FEFF 		bl	HAL_NVIC_DisableIRQ
 425              	.LVL26:
 426 0022 F5E7     		b	.L29
 427              	.LVL27:
 428              	.L34:
 169:Core/Src/tim.c **** 
 429              		.loc 1 169 5 is_stmt 1 view .LVU112
ARM GAS  C:\Users\ride_pig\AppData\Local\Temp\ccDmxHkf.s 			page 12


 430 0024 02F50332 		add	r2, r2, #134144
 431 0028 D369     		ldr	r3, [r2, #28]
 432 002a 23F00203 		bic	r3, r3, #2
 433 002e D361     		str	r3, [r2, #28]
 172:Core/Src/tim.c ****   /* USER CODE BEGIN TIM3_MspDeInit 1 */
 434              		.loc 1 172 5 view .LVU113
 435 0030 1D20     		movs	r0, #29
 436              	.LVL28:
 172:Core/Src/tim.c ****   /* USER CODE BEGIN TIM3_MspDeInit 1 */
 437              		.loc 1 172 5 is_stmt 0 view .LVU114
 438 0032 FFF7FEFF 		bl	HAL_NVIC_DisableIRQ
 439              	.LVL29:
 440              		.loc 1 177 1 view .LVU115
 441 0036 EBE7     		b	.L29
 442              	.L36:
 443              		.align	2
 444              	.L35:
 445 0038 00040040 		.word	1073742848
 446 003c 00100240 		.word	1073876992
 447              		.cfi_endproc
 448              	.LFE68:
 450              		.global	htim3
 451              		.global	htim2
 452              		.section	.bss.htim2,"aw",%nobits
 453              		.align	2
 454              		.set	.LANCHOR0,. + 0
 457              	htim2:
 458 0000 00000000 		.space	72
 458      00000000 
 458      00000000 
 458      00000000 
 458      00000000 
 459              		.section	.bss.htim3,"aw",%nobits
 460              		.align	2
 461              		.set	.LANCHOR1,. + 0
 464              	htim3:
 465 0000 00000000 		.space	72
 465      00000000 
 465      00000000 
 465      00000000 
 465      00000000 
 466              		.text
 467              	.Letext0:
 468              		.file 2 "Drivers/CMSIS/Device/ST/STM32F1xx/Include/stm32f105xc.h"
 469              		.file 3 "e:\\gcc-arm-none-eabi\\arm-none-eabi\\include\\machine\\_default_types.h"
 470              		.file 4 "e:\\gcc-arm-none-eabi\\arm-none-eabi\\include\\sys\\_stdint.h"
 471              		.file 5 "Drivers/STM32F1xx_HAL_Driver/Inc/stm32f1xx_hal_def.h"
 472              		.file 6 "Drivers/STM32F1xx_HAL_Driver/Inc/stm32f1xx_hal_dma.h"
 473              		.file 7 "Drivers/STM32F1xx_HAL_Driver/Inc/stm32f1xx_hal_tim.h"
 474              		.file 8 "Core/Inc/tim.h"
 475              		.file 9 "Drivers/STM32F1xx_HAL_Driver/Inc/stm32f1xx_hal_cortex.h"
 476              		.file 10 "Drivers/STM32F1xx_HAL_Driver/Inc/stm32f1xx_hal_tim_ex.h"
 477              		.file 11 "Core/Inc/main.h"
ARM GAS  C:\Users\ride_pig\AppData\Local\Temp\ccDmxHkf.s 			page 13


DEFINED SYMBOLS
                            *ABS*:00000000 tim.c
C:\Users\ride_pig\AppData\Local\Temp\ccDmxHkf.s:18     .text.MX_TIM2_Init:00000000 $t
C:\Users\ride_pig\AppData\Local\Temp\ccDmxHkf.s:24     .text.MX_TIM2_Init:00000000 MX_TIM2_Init
C:\Users\ride_pig\AppData\Local\Temp\ccDmxHkf.s:136    .text.MX_TIM2_Init:0000006c $d
C:\Users\ride_pig\AppData\Local\Temp\ccDmxHkf.s:141    .text.MX_TIM3_Init:00000000 $t
C:\Users\ride_pig\AppData\Local\Temp\ccDmxHkf.s:147    .text.MX_TIM3_Init:00000000 MX_TIM3_Init
C:\Users\ride_pig\AppData\Local\Temp\ccDmxHkf.s:258    .text.MX_TIM3_Init:0000006c $d
C:\Users\ride_pig\AppData\Local\Temp\ccDmxHkf.s:264    .text.HAL_TIM_Base_MspInit:00000000 $t
C:\Users\ride_pig\AppData\Local\Temp\ccDmxHkf.s:270    .text.HAL_TIM_Base_MspInit:00000000 HAL_TIM_Base_MspInit
C:\Users\ride_pig\AppData\Local\Temp\ccDmxHkf.s:373    .text.HAL_TIM_Base_MspInit:00000068 $d
C:\Users\ride_pig\AppData\Local\Temp\ccDmxHkf.s:379    .text.HAL_TIM_Base_MspDeInit:00000000 $t
C:\Users\ride_pig\AppData\Local\Temp\ccDmxHkf.s:385    .text.HAL_TIM_Base_MspDeInit:00000000 HAL_TIM_Base_MspDeInit
C:\Users\ride_pig\AppData\Local\Temp\ccDmxHkf.s:445    .text.HAL_TIM_Base_MspDeInit:00000038 $d
C:\Users\ride_pig\AppData\Local\Temp\ccDmxHkf.s:464    .bss.htim3:00000000 htim3
C:\Users\ride_pig\AppData\Local\Temp\ccDmxHkf.s:457    .bss.htim2:00000000 htim2
C:\Users\ride_pig\AppData\Local\Temp\ccDmxHkf.s:453    .bss.htim2:00000000 $d
C:\Users\ride_pig\AppData\Local\Temp\ccDmxHkf.s:460    .bss.htim3:00000000 $d

UNDEFINED SYMBOLS
HAL_TIM_Base_Init
HAL_TIM_ConfigClockSource
HAL_TIMEx_MasterConfigSynchronization
Error_Handler
HAL_NVIC_SetPriority
HAL_NVIC_EnableIRQ
HAL_NVIC_DisableIRQ
