Component: ARM Compiler 5.06 update 7 (build 960) Tool: armlink [4d3601]

==============================================================================

Section Cross References

    startup_stm32f105xc.o(STACK) refers (Special) to heapauxi.o(.text) for __use_two_region_memory
    startup_stm32f105xc.o(HEAP) refers (Special) to heapauxi.o(.text) for __use_two_region_memory
    startup_stm32f105xc.o(RESET) refers (Special) to heapauxi.o(.text) for __use_two_region_memory
    startup_stm32f105xc.o(RESET) refers to startup_stm32f105xc.o(STACK) for __initial_sp
    startup_stm32f105xc.o(RESET) refers to startup_stm32f105xc.o(.text) for Reset_Handler
    startup_stm32f105xc.o(RESET) refers to stm32f1xx_it.o(i.NMI_Handler) for NMI_Handler
    startup_stm32f105xc.o(RESET) refers to stm32f1xx_it.o(i.HardFault_Handler) for HardFault_Handler
    startup_stm32f105xc.o(RESET) refers to stm32f1xx_it.o(i.MemManage_Handler) for MemManage_Handler
    startup_stm32f105xc.o(RESET) refers to stm32f1xx_it.o(i.BusFault_Handler) for BusFault_Handler
    startup_stm32f105xc.o(RESET) refers to stm32f1xx_it.o(i.UsageFault_Handler) for UsageFault_Handler
    startup_stm32f105xc.o(RESET) refers to stm32f1xx_it.o(i.SVC_Handler) for SVC_Handler
    startup_stm32f105xc.o(RESET) refers to stm32f1xx_it.o(i.DebugMon_Handler) for DebugMon_Handler
    startup_stm32f105xc.o(RESET) refers to stm32f1xx_it.o(i.PendSV_Handler) for PendSV_Handler
    startup_stm32f105xc.o(RESET) refers to stm32f1xx_it.o(i.SysTick_Handler) for SysTick_Handler
    startup_stm32f105xc.o(RESET) refers to stm32f1xx_it.o(i.CAN1_TX_IRQHandler) for CAN1_TX_IRQHandler
    startup_stm32f105xc.o(RESET) refers to stm32f1xx_it.o(i.CAN1_RX0_IRQHandler) for CAN1_RX0_IRQHandler
    startup_stm32f105xc.o(RESET) refers to stm32f1xx_it.o(i.EXTI9_5_IRQHandler) for EXTI9_5_IRQHandler
    startup_stm32f105xc.o(RESET) refers to stm32f1xx_it.o(i.TIM2_IRQHandler) for TIM2_IRQHandler
    startup_stm32f105xc.o(RESET) refers to stm32f1xx_it.o(i.TIM3_IRQHandler) for TIM3_IRQHandler
    startup_stm32f105xc.o(RESET) refers to stm32f1xx_it.o(i.SPI1_IRQHandler) for SPI1_IRQHandler
    startup_stm32f105xc.o(RESET) refers to stm32f1xx_it.o(i.SPI3_IRQHandler) for SPI3_IRQHandler
    startup_stm32f105xc.o(RESET) refers to stm32f1xx_it.o(i.CAN2_TX_IRQHandler) for CAN2_TX_IRQHandler
    startup_stm32f105xc.o(RESET) refers to stm32f1xx_it.o(i.CAN2_RX1_IRQHandler) for CAN2_RX1_IRQHandler
    startup_stm32f105xc.o(.text) refers (Special) to heapauxi.o(.text) for __use_two_region_memory
    startup_stm32f105xc.o(.text) refers to system_stm32f1xx.o(i.SystemInit) for SystemInit
    startup_stm32f105xc.o(.text) refers to __main.o(!!!main) for __main
    startup_stm32f105xc.o(.text) refers to startup_stm32f105xc.o(HEAP) for Heap_Mem
    startup_stm32f105xc.o(.text) refers to startup_stm32f105xc.o(STACK) for Stack_Mem
    adc-user.o(i.AIRN_State) refers to stm32f1xx_hal_gpio.o(i.HAL_GPIO_ReadPin) for HAL_GPIO_ReadPin
    adc-user.o(i.AIRP_State) refers to stm32f1xx_hal_gpio.o(i.HAL_GPIO_ReadPin) for HAL_GPIO_ReadPin
    adc-user.o(i.PREAIR_State) refers to stm32f1xx_hal_gpio.o(i.HAL_GPIO_ReadPin) for HAL_GPIO_ReadPin
    adc-user.o(i.PRE_Voltage) refers to adc-user.o(i.adc_average) for adc_average
    adc-user.o(i.PRE_Voltage) refers to dflt_clz.o(x$fpl$dfltu) for __aeabi_ui2d
    adc-user.o(i.PRE_Voltage) refers to scalbn.o(x$fpl$scalbn) for __ARM_scalbn
    adc-user.o(i.PRE_Voltage) refers to dmul.o(x$fpl$dmul) for __aeabi_dmul
    adc-user.o(i.PRE_Voltage) refers to d2f.o(x$fpl$d2f) for __aeabi_d2f
    adc-user.o(i.PRE_Voltage) refers to ffixu.o(x$fpl$ffixu) for __aeabi_f2uiz
    adc-user.o(i.PRE_Voltage) refers to main.o(.bss) for E03
    adc-user.o(i.TS_Voltage) refers to adc-user.o(i.adc_average) for adc_average
    adc-user.o(i.TS_Voltage) refers to dflt_clz.o(x$fpl$dfltu) for __aeabi_ui2d
    adc-user.o(i.TS_Voltage) refers to scalbn.o(x$fpl$scalbn) for __ARM_scalbn
    adc-user.o(i.TS_Voltage) refers to dmul.o(x$fpl$dmul) for __aeabi_dmul
    adc-user.o(i.TS_Voltage) refers to d2f.o(x$fpl$d2f) for __aeabi_d2f
    adc-user.o(i.TS_Voltage) refers to ffixu.o(x$fpl$ffixu) for __aeabi_f2uiz
    adc-user.o(i.TS_Voltage) refers to main.o(.bss) for E03
    adc-user.o(i.adc_average) refers to adc-user.o(i.adc_read_average) for adc_read_average
    adc-user.o(i.adc_average) refers to main.o(.bss) for adc
    adc-user.o(i.adc_read_average) refers to stm32f1xx_hal_adc.o(i.HAL_ADC_ConfigChannel) for HAL_ADC_ConfigChannel
    adc-user.o(i.adc_read_average) refers to main.o(i.Error_Handler) for Error_Handler
    adc-user.o(i.adc_read_average) refers to stm32f1xx_hal_adc.o(i.HAL_ADC_Start) for HAL_ADC_Start
    adc-user.o(i.adc_read_average) refers to stm32f1xx_hal_adc.o(i.HAL_ADC_PollForConversion) for HAL_ADC_PollForConversion
    adc-user.o(i.adc_read_average) refers to stm32f1xx_hal_adc.o(i.HAL_ADC_GetState) for HAL_ADC_GetState
[...]
    DMA1_Channel1_IRQHandler                 0x0800024f   Thumb Code     0  startup_stm32f105xc.o(.text)
    DMA1_Channel2_IRQHandler                 0x0800024f   Thumb Code     0  startup_stm32f105xc.o(.text)
    DMA1_Channel3_IRQHandler                 0x0800024f   Thumb Code     0  startup_stm32f105xc.o(.text)
    DMA1_Channel4_IRQHandler                 0x0800024f   Thumb Code     0  startup_stm32f105xc.o(.text)
    DMA1_Channel5_IRQHandler                 0x0800024f   Thumb Code     0  startup_stm32f105xc.o(.text)
    DMA1_Channel6_IRQHandler                 0x0800024f   Thumb Code     0  startup_stm32f105xc.o(.text)
    DMA1_Channel7_IRQHandler                 0x0800024f   Thumb Code     0  startup_stm32f105xc.o(.text)
    DMA2_Channel1_IRQHandler                 0x0800024f   Thumb Code     0  startup_stm32f105xc.o(.text)
    DMA2_Channel2_IRQHandler                 0x0800024f   Thumb Code     0  startup_stm32f105xc.o(.text)
    DMA2_Channel3_IRQHandler                 0x0800024f   Thumb Code     0  startup_stm32f105xc.o(.text)
    DMA2_Channel4_IRQHandler                 0x0800024f   Thumb Code     0  startup_stm32f105xc.o(.text)
    DMA2_Channel5_IRQHandler                 0x0800024f   Thumb Code     0  startup_stm32f105xc.o(.text)
    EXTI0_IRQHandler                         0x0800024f   Thumb Code     0  startup_stm32f105xc.o(.text)
    EXTI15_10_IRQHandler                     0x0800024f   Thumb Code     0  startup_stm32f105xc.o(.text)
    EXTI1_IRQHandler                         0x0800024f   Thumb Code     0  startup_stm32f105xc.o(.text)
    EXTI2_IRQHandler                         0x0800024f   Thumb Code     0  startup_stm32f105xc.o(.text)
    EXTI3_IRQHandler                         0x0800024f   Thumb Code     0  startup_stm32f105xc.o(.text)
    EXTI4_IRQHandler                         0x0800024f   Thumb Code     0  startup_stm32f105xc.o(.text)
    FLASH_IRQHandler                         0x0800024f   Thumb Code     0  startup_stm32f105xc.o(.text)
    I2C1_ER_IRQHandler                       0x0800024f   Thumb Code     0  startup_stm32f105xc.o(.text)
    I2C1_EV_IRQHandler                       0x0800024f   Thumb Code     0  startup_stm32f105xc.o(.text)
    I2C2_ER_IRQHandler                       0x0800024f   Thumb Code     0  startup_stm32f105xc.o(.text)
    I2C2_EV_IRQHandler                       0x0800024f   Thumb Code     0  startup_stm32f105xc.o(.text)
    OTG_FS_IRQHandler                        0x0800024f   Thumb Code     0  startup_stm32f105xc.o(.text)
    OTG_FS_WKUP_IRQHandler                   0x0800024f   Thumb Code     0  startup_stm32f105xc.o(.text)
    PVD_IRQHandler                           0x0800024f   Thumb Code     0  startup_stm32f105xc.o(.text)
    RCC_IRQHandler                           0x0800024f   Thumb Code     0  startup_stm32f105xc.o(.text)
    RTC_Alarm_IRQHandler                     0x0800024f   Thumb Code     0  startup_stm32f105xc.o(.text)
    RTC_IRQHandler                           0x0800024f   Thumb Code     0  startup_stm32f105xc.o(.text)
    SPI2_IRQHandler                          0x0800024f   Thumb Code     0  startup_stm32f105xc.o(.text)
    TAMPER_IRQHandler                        0x0800024f   Thumb Code     0  startup_stm32f105xc.o(.text)
    TIM1_BRK_IRQHandler                      0x0800024f   Thumb Code     0  startup_stm32f105xc.o(.text)
    TIM1_CC_IRQHandler                       0x0800024f   Thumb Code     0  startup_stm32f105xc.o(.text)
    TIM1_TRG_COM_IRQHandler                  0x0800024f   Thumb Code     0  startup_stm32f105xc.o(.text)
    TIM1_UP_IRQHandler                       0x0800024f   Thumb Code     0  startup_stm32f105xc.o(.text)
    TIM4_IRQHandler                          0x0800024f   Thumb Code     0  startup_stm32f105xc.o(.text)
    TIM5_IRQHandler                          0x0800024f   Thumb Code     0  startup_stm32f105xc.o(.text)
    TIM6_IRQHandler                          0x0800024f   Thumb Code     0  startup_stm32f105xc.o(.text)
    TIM7_IRQHandler                          0x0800024f   Thumb Code     0  startup_stm32f105xc.o(.text)
    UART4_IRQHandler                         0x0800024f   Thumb Code     0  startup_stm32f105xc.o(.text)
    UART5_IRQHandler                         0x0800024f   Thumb Code     0  startup_stm32f105xc.o(.text)
    USART1_IRQHandler                        0x0800024f   Thumb Code     0  startup_stm32f105xc.o(.text)
    USART2_IRQHandler                        0x0800024f   Thumb Code     0  startup_stm32f105xc.o(.text)
    USART3_IRQHandler                        0x0800024f   Thumb Code     0  startup_stm32f105xc.o(.text)
    WWDG_IRQHandler                          0x0800024f   Thumb Code     0  startup_stm32f105xc.o(.text)
    __user_initial_stackheap                 0x08000251   Thumb Code     0  startup_stm32f105xc.o(.text)
    malloc                                   0x08000275   Thumb Code    94  h1_alloc.o(.text)
    free                                     0x080002d3   Thumb Code    78  h1_free.o(.text)
    __aeabi_uldivmod                         0x08000321   Thumb Code     0  lludivv7m.o(.text)
    _ll_udiv                                 0x08000321   Thumb Code   238  lludivv7m.o(.text)
    __aeabi_memclr4                          0x0800040f   Thumb Code     0  rt_memclr_w.o(.text)
    __aeabi_memclr8                          0x0800040f   Thumb Code     0  rt_memclr_w.o(.text)
    __rt_memclr_w                            0x0800040f   Thumb Code    78  rt_memclr_w.o(.text)
    _memset_w                                0x08000413   Thumb Code     0  rt_memclr_w.o(.text)
    __use_two_region_memory                  0x0800045d   Thumb Code     2  heapauxi.o(.text)
    __rt_heap_escrow                         0x0800045f   Thumb Code     2  heapauxi.o(.text)
    __rt_heap_expand                         0x08000461   Thumb Code     2  heapauxi.o(.text)
    __rt_heap_descriptor                     0x08000465   Thumb Code     8  rt_heap_descriptor_intlibspace.o(.text)
    __use_no_heap                            0x0800046d   Thumb Code     2  hguard.o(.text)
    __heap$guard                             0x0800046f   Thumb Code     2  hguard.o(.text)
    _terminate_user_alloc                    0x08000471   Thumb Code     2  init_alloc.o(.text)
    _init_user_alloc                         0x08000473   Thumb Code     2  init_alloc.o(.text)
    __Heap_Full                              0x08000475   Thumb Code    34  init_alloc.o(.text)
    __Heap_Broken                            0x08000497   Thumb Code     6  init_alloc.o(.text)
    _init_alloc                              0x0800049d   Thumb Code    94  init_alloc.o(.text)
    __Heap_Initialize                        0x080004fb   Thumb Code    10  h1_init.o(.text)
    __Heap_DescSize                          0x08000505   Thumb Code     4  h1_init.o(.text)
    __user_libspace                          0x08000509   Thumb Code     8  libspace.o(.text)
    __user_perproc_libspace                  0x08000509   Thumb Code     0  libspace.o(.text)
    __user_perthread_libspace                0x08000509   Thumb Code     0  libspace.o(.text)
    __Heap_ProvideMemory                     0x08000511   Thumb Code    52  h1_extend.o(.text)
    __rt_SIGRTMEM                            0x08000545   Thumb Code    14  defsig_rtmem_outer.o(.text)
    __I$use$semihosting                      0x08000553   Thumb Code     0  use_no_semi.o(.text)
    __use_no_semihosting_swi                 0x08000553   Thumb Code     2  use_no_semi.o(.text)
    __semihosting_library_function           0x08000555   Thumb Code     0  indicate_semi.o(.text)
    __user_setup_stackheap                   0x08000555   Thumb Code    74  sys_stackheap_outer.o(.text)
    exit                                     0x0800059f   Thumb Code    18  exit.o(.text)
    __sig_exit                               0x080005b1   Thumb Code    10  defsig_exit.o(.text)
    __rt_SIGRTMEM_inner                      0x080005bd   Thumb Code    22  defsig_rtmem_inner.o(.text)
    _sys_exit                                0x0800060d   Thumb Code     8  sys_exit.o(.text)
    __default_signal_display                 0x08000619   Thumb Code    50  defsig_general.o(.text)
    _ttywrch                                 0x0800064b   Thumb Code    14  sys_wrch.o(.text)
    ADC_ConversionStop_Disable               0x08000659   Thumb Code    84  stm32f1xx_hal_adc.o(i.ADC_ConversionStop_Disable)
    ADC_Enable                               0x080006ad   Thumb Code   112  stm32f1xx_hal_adc.o(i.ADC_Enable)
    AIRN_OFF                                 0x08000725   Thumb Code    12  relay-user.o(i.AIRN_OFF)
    AIRN_ON                                  0x08000735   Thumb Code    10  relay-user.o(i.AIRN_ON)
    AIRN_State                               0x08000745   Thumb Code    20  adc-user.o(i.AIRN_State)
    AIRP_OFF                                 0x0800075d   Thumb Code    12  relay-user.o(i.AIRP_OFF)
    AIRP_ON                                  0x0800076d   Thumb Code    10  relay-user.o(i.AIRP_ON)
    AIRP_State                               0x0800077d   Thumb Code    20  adc-user.o(i.AIRP_State)
    AIRS_OFF                                 0x08000795   Thumb Code    18  relay-user.o(i.AIRS_OFF)
    ALL_Error_mute_Beep                      0x080007a9   Thumb Code   222  relay-user.o(i.ALL_Error_mute_Beep)
    BMS_Can                                  0x08000899   Thumb Code    20  os-user.o(i.BMS_Can)
    BMS_Charge                               0x080008b1   Thumb Code    16  state-user.o(i.BMS_Charge)
    BMS_Charge_Done                          0x080008c5   Thumb Code    14  state-user.o(i.BMS_Charge_Done)
    BMS_Error                                0x080008d5   Thumb Code    40  state-user.o(i.BMS_Error)
    BMS_Manual_mode                          0x08000905   Thumb Code   324  state-user.o(i.BMS_Manual_mode)
    BMS_Run                                  0x08000a51   Thumb Code   176  state-user.o(i.BMS_Run)
    BMS_SDC_Off                              0x08000b11   Thumb Code    48  state-user.o(i.BMS_SDC_Off)
    BMS_SelfTest                             0x08000b49   Thumb Code   258  state-user.o(i.BMS_SelfTest)
    BMS_Standby                              0x08000c59   Thumb Code    94  state-user.o(i.BMS_Standby)
    BMS_StateMachine                         0x08000cc5   Thumb Code    56  state-user.o(i.BMS_StateMachine)
    BusFault_Handler                         0x08000d01   Thumb Code     2  stm32f1xx_it.o(i.BusFault_Handler)
    CAN1_RX0_IRQHandler                      0x08000d05   Thumb Code     6  stm32f1xx_it.o(i.CAN1_RX0_IRQHandler)
    CAN1_TX_IRQHandler                       0x08000d11   Thumb Code     6  stm32f1xx_it.o(i.CAN1_TX_IRQHandler)
    CAN2_RX1_IRQHandler                      0x08000d1d   Thumb Code     6  stm32f1xx_it.o(i.CAN2_RX1_IRQHandler)
    CAN2_TX_IRQHandler                       0x08000d29   Thumb Code     6  stm32f1xx_it.o(i.CAN2_TX_IRQHandler)
    CV_Find_Max_Min                          0x08000d35   Thumb Code   198  daisy-user.o(i.CV_Find_Max_Min)
    CV_Measure                               0x08000dfb   Thumb Code    66  daisy-user.o(i.CV_Measure)
    CV_Transfer                              0x08000e3d   Thumb Code    74  daisy-user.o(i.CV_Transfer)
    CalcSOC                                  0x08000e89   Thumb Code    50  can-user.o(i.CalcSOC)
    Can_Send_Charge                          0x08000ec9   Thumb Code   194  can-user.o(i.Can_Send_Charge)
    Can_Send_Data                            0x08000f9d   Thumb Code   266  can-user.o(i.Can_Send_Data)
    Can_Send_Msg                             0x080010b9   Thumb Code   106  can-user.o(i.Can_Send_Msg)
    Can_Send_Package                         0x0800112d   Thumb Code    50  can-user.o(i.Can_Send_Package)
    Charge_detect                            0x08001161   Thumb Code   236  state-user.o(i.Charge_detect)
    Current_detect                           0x08001259   Thumb Code   220  os-user.o(i.Current_detect)
    DaisyTem                                 0x08001339   Thumb Code    90  daisy-user.o(i.DaisyTem)
    DaisyVol                                 0x080013a5   Thumb Code    82  daisy-user.o(i.DaisyVol)
    Daisy_Init                               0x0800140d   Thumb Code   144  daisy-user.o(i.Daisy_Init)
    Data_Init                                0x080014a9   Thumb Code   400  data-user.o(i.Data_Init)
    DebugMon_Handler                         0x08001649   Thumb Code     2  stm32f1xx_it.o(i.DebugMon_Handler)
    EXTI9_5_IRQHandler                       0x0800164b   Thumb Code     8  stm32f1xx_it.o(i.EXTI9_5_IRQHandler)
    Error                                    0x08001655   Thumb Code    50  relay-user.o(i.Error)
    Error_Handler                            0x08001699   Thumb Code     4  main.o(i.Error_Handler)
    Fans_OFF                                 0x0800169d   Thumb Code    12  relay-user.o(i.Fans_OFF)
    Fans_ON                                  0x080016ad   Thumb Code    10  relay-user.o(i.Fans_ON)
    Flash_GetStatus                          0x080016bd   Thumb Code    64  flash-user.o(i.Flash_GetStatus)
    Flash_Read                               0x08001709   Thumb Code    80  flash-user.o(i.Flash_Read)
    Flash_Read_Errormute                     0x08001761   Thumb Code    10  flash-user.o(i.Flash_Read_Errormute)
    Flash_Read_Init_Flag                     0x08001771   Thumb Code    22  flash-user.o(i.Flash_Read_Init_Flag)
    Flash_SE                                 0x0800178d   Thumb Code    74  flash-user.o(i.Flash_SE)
    Flash_WREN                               0x080017e1   Thumb Code    46  flash-user.o(i.Flash_WREN)
    Flash_Wait_Busy                          0x0800181d   Thumb Code    12  flash-user.o(i.Flash_Wait_Busy)
    Flash_Write                              0x08001829   Thumb Code   206  flash-user.o(i.Flash_Write)
    Flash_Write_Errormute                    0x08001901   Thumb Code    22  flash-user.o(i.Flash_Write_Errormute)
    Flash_Write_Init_Flag                    0x0800191d   Thumb Code    24  flash-user.o(i.Flash_Write_Init_Flag)
    Flash_Write_Threshold                    0x08001939   Thumb Code    24  flash-user.o(i.Flash_Write_Threshold)
    HAL_ADCEx_Calibration_Start              0x08001955   Thumb Code   210  stm32f1xx_hal_adc_ex.o(i.HAL_ADCEx_Calibration_Start)
    HAL_ADC_ConfigChannel                    0x08001a2d   Thumb Code   240  stm32f1xx_hal_adc.o(i.HAL_ADC_ConfigChannel)
    HAL_ADC_GetState                         0x08001b29   Thumb Code     4  stm32f1xx_hal_adc.o(i.HAL_ADC_GetState)
    HAL_ADC_GetValue                         0x08001b2d   Thumb Code     6  stm32f1xx_hal_adc.o(i.HAL_ADC_GetValue)
    HAL_ADC_Init                             0x08001b35   Thumb Code   270  stm32f1xx_hal_adc.o(i.HAL_ADC_Init)
    HAL_ADC_MspInit                          0x08001c51   Thumb Code    74  adc.o(i.HAL_ADC_MspInit)
    HAL_ADC_PollForConversion                0x08001ca9   Thumb Code   304  stm32f1xx_hal_adc.o(i.HAL_ADC_PollForConversion)
    HAL_ADC_Start                            0x08001de5   Thumb Code   184  stm32f1xx_hal_adc.o(i.HAL_ADC_Start)
    HAL_CAN_ActivateNotification             0x08001ea5   Thumb Code    36  stm32f1xx_hal_can.o(i.HAL_CAN_ActivateNotification)
    HAL_CAN_AddTxMessage                     0x08001ec9   Thumb Code   208  stm32f1xx_hal_can.o(i.HAL_CAN_AddTxMessage)
    HAL_CAN_ConfigFilter                     0x08001f99   Thumb Code   262  stm32f1xx_hal_can.o(i.HAL_CAN_ConfigFilter)
    HAL_CAN_ErrorCallback                    0x080020a5   Thumb Code     2  stm32f1xx_hal_can.o(i.HAL_CAN_ErrorCallback)
    HAL_CAN_GetRxMessage                     0x080020a7   Thumb Code   244  stm32f1xx_hal_can.o(i.HAL_CAN_GetRxMessage)
    HAL_CAN_IRQHandler                       0x0800219b   Thumb Code   508  stm32f1xx_hal_can.o(i.HAL_CAN_IRQHandler)
    HAL_CAN_Init                             0x08002397   Thumb Code   282  stm32f1xx_hal_can.o(i.HAL_CAN_Init)
    HAL_CAN_MspInit                          0x080024b1   Thumb Code   270  can.o(i.HAL_CAN_MspInit)
    HAL_CAN_RxFifo0FullCallback              0x080025dd   Thumb Code     2  stm32f1xx_hal_can.o(i.HAL_CAN_RxFifo0FullCallback)
    HAL_CAN_RxFifo0MsgPendingCallback        0x080025e1   Thumb Code   608  can-user.o(i.HAL_CAN_RxFifo0MsgPendingCallback)
    HAL_CAN_RxFifo1FullCallback              0x08002855   Thumb Code     2  stm32f1xx_hal_can.o(i.HAL_CAN_RxFifo1FullCallback)
    HAL_CAN_RxFifo1MsgPendingCallback        0x08002859   Thumb Code   154  can-user.o(i.HAL_CAN_RxFifo1MsgPendingCallback)
    HAL_CAN_SleepCallback                    0x08002909   Thumb Code     2  stm32f1xx_hal_can.o(i.HAL_CAN_SleepCallback)
    HAL_CAN_Start                            0x0800290b   Thumb Code    86  stm32f1xx_hal_can.o(i.HAL_CAN_Start)
    HAL_CAN_TxMailbox0AbortCallback          0x08002961   Thumb Code     2  stm32f1xx_hal_can.o(i.HAL_CAN_TxMailbox0AbortCallback)
    HAL_CAN_TxMailbox0CompleteCallback       0x08002963   Thumb Code     2  stm32f1xx_hal_can.o(i.HAL_CAN_TxMailbox0CompleteCallback)
    HAL_CAN_TxMailbox1AbortCallback          0x08002965   Thumb Code     2  stm32f1xx_hal_can.o(i.HAL_CAN_TxMailbox1AbortCallback)
    HAL_CAN_TxMailbox1CompleteCallback       0x08002967   Thumb Code     2  stm32f1xx_hal_can.o(i.HAL_CAN_TxMailbox1CompleteCallback)
    HAL_CAN_TxMailbox2AbortCallback          0x08002969   Thumb Code     2  stm32f1xx_hal_can.o(i.HAL_CAN_TxMailbox2AbortCallback)
    HAL_CAN_TxMailbox2CompleteCallback       0x0800296b   Thumb Code     2  stm32f1xx_hal_can.o(i.HAL_CAN_TxMailbox2CompleteCallback)
    HAL_CAN_WakeUpFromRxMsgCallback          0x0800296d   Thumb Code     2  stm32f1xx_hal_can.o(i.HAL_CAN_WakeUpFromRxMsgCallback)
    HAL_DMA_Abort_IT                         0x08002971   Thumb Code   296  stm32f1xx_hal_dma.o(i.HAL_DMA_Abort_IT)
    HAL_Delay                                0x08002aa1   Thumb Code    32  stm32f1xx_hal.o(i.HAL_Delay)
    HAL_GPIO_EXTI_Callback                   0x08002ac5   Thumb Code     2  main.o(i.HAL_GPIO_EXTI_Callback)
    HAL_GPIO_EXTI_IRQHandler                 0x08002ac9   Thumb Code    18  stm32f1xx_hal_gpio.o(i.HAL_GPIO_EXTI_IRQHandler)
    HAL_GPIO_Init                            0x08002ae1   Thumb Code   426  stm32f1xx_hal_gpio.o(i.HAL_GPIO_Init)
    HAL_GPIO_ReadPin                         0x08002cad   Thumb Code    10  stm32f1xx_hal_gpio.o(i.HAL_GPIO_ReadPin)
    HAL_GPIO_WritePin                        0x08002cb7   Thumb Code    10  stm32f1xx_hal_gpio.o(i.HAL_GPIO_WritePin)
    HAL_GetTick                              0x08002cc1   Thumb Code     6  stm32f1xx_hal.o(i.HAL_GetTick)
    HAL_IncTick                              0x08002ccd   Thumb Code    12  stm32f1xx_hal.o(i.HAL_IncTick)
    HAL_Init                                 0x08002cdd   Thumb Code    32  stm32f1xx_hal.o(i.HAL_Init)
    HAL_InitTick                             0x08002d01   Thumb Code    54  stm32f1xx_hal.o(i.HAL_InitTick)
    HAL_MspInit                              0x08002d41   Thumb Code    52  stm32f1xx_hal_msp.o(i.HAL_MspInit)
    HAL_NVIC_EnableIRQ                       0x08002d7d   Thumb Code    26  stm32f1xx_hal_cortex.o(i.HAL_NVIC_EnableIRQ)
    HAL_NVIC_SetPriority                     0x08002d99   Thumb Code    60  stm32f1xx_hal_cortex.o(i.HAL_NVIC_SetPriority)
    HAL_NVIC_SetPriorityGrouping             0x08002dd9   Thumb Code    26  stm32f1xx_hal_cortex.o(i.HAL_NVIC_SetPriorityGrouping)
    HAL_RCCEx_GetPeriphCLKFreq               0x08002dfd   Thumb Code   246  stm32f1xx_hal_rcc_ex.o(i.HAL_RCCEx_GetPeriphCLKFreq)
    HAL_RCCEx_PeriphCLKConfig                0x08002f05   Thumb Code   380  stm32f1xx_hal_rcc_ex.o(i.HAL_RCCEx_PeriphCLKConfig)
    HAL_RCC_ClockConfig                      0x08003091   Thumb Code   292  stm32f1xx_hal_rcc.o(i.HAL_RCC_ClockConfig)
    HAL_RCC_GetPCLK2Freq                     0x080031c9   Thumb Code    20  stm32f1xx_hal_rcc.o(i.HAL_RCC_GetPCLK2Freq)
    HAL_RCC_GetSysClockFreq                  0x080031e9   Thumb Code   122  stm32f1xx_hal_rcc.o(i.HAL_RCC_GetSysClockFreq)
    HAL_RCC_OscConfig                        0x08003275   Thumb Code   960  stm32f1xx_hal_rcc.o(i.HAL_RCC_OscConfig)
    HAL_SPI_ErrorCallback                    0x08003649   Thumb Code     2  stm32f1xx_hal_spi.o(i.HAL_SPI_ErrorCallback)
    HAL_SPI_IRQHandler                       0x0800364d   Thumb Code   220  stm32f1xx_hal_spi.o(i.HAL_SPI_IRQHandler)
    HAL_SPI_Init                             0x0800372d   Thumb Code   178  stm32f1xx_hal_spi.o(i.HAL_SPI_Init)
    HAL_SPI_MspInit                          0x080037e1   Thumb Code   212  spi.o(i.HAL_SPI_MspInit)
    HAL_SPI_Receive                          0x080038cd   Thumb Code   332  stm32f1xx_hal_spi.o(i.HAL_SPI_Receive)
    HAL_SPI_Transmit                         0x08003a19   Thumb Code   362  stm32f1xx_hal_spi.o(i.HAL_SPI_Transmit)
    HAL_SPI_TransmitReceive                  0x08003b83   Thumb Code   488  stm32f1xx_hal_spi.o(i.HAL_SPI_TransmitReceive)
    HAL_SYSTICK_Config                       0x08003d6b   Thumb Code    40  stm32f1xx_hal_cortex.o(i.HAL_SYSTICK_Config)
    HAL_TIMEx_BreakCallback                  0x08003d93   Thumb Code     2  stm32f1xx_hal_tim_ex.o(i.HAL_TIMEx_BreakCallback)
    HAL_TIMEx_CommutCallback                 0x08003d95   Thumb Code     2  stm32f1xx_hal_tim_ex.o(i.HAL_TIMEx_CommutCallback)
    HAL_TIMEx_MasterConfigSynchronization    0x08003d99   Thumb Code    98  stm32f1xx_hal_tim_ex.o(i.HAL_TIMEx_MasterConfigSynchronization)
    HAL_TIM_Base_Init                        0x08003e0d   Thumb Code    90  stm32f1xx_hal_tim.o(i.HAL_TIM_Base_Init)
    HAL_TIM_Base_MspInit                     0x08003e69   Thumb Code    86  tim.o(i.HAL_TIM_Base_MspInit)
    HAL_TIM_Base_Start_IT                    0x08003ec9   Thumb Code    82  stm32f1xx_hal_tim.o(i.HAL_TIM_Base_Start_IT)
    HAL_TIM_ConfigClockSource                0x08003f2d   Thumb Code   220  stm32f1xx_hal_tim.o(i.HAL_TIM_ConfigClockSource)
    HAL_TIM_IC_CaptureCallback               0x08004009   Thumb Code     2  stm32f1xx_hal_tim.o(i.HAL_TIM_IC_CaptureCallback)
    HAL_TIM_IRQHandler                       0x0800400b   Thumb Code   358  stm32f1xx_hal_tim.o(i.HAL_TIM_IRQHandler)
    HAL_TIM_OC_DelayElapsedCallback          0x08004171   Thumb Code     2  stm32f1xx_hal_tim.o(i.HAL_TIM_OC_DelayElapsedCallback)
    HAL_TIM_PWM_PulseFinishedCallback        0x08004173   Thumb Code     2  stm32f1xx_hal_tim.o(i.HAL_TIM_PWM_PulseFinishedCallback)
    HAL_TIM_PeriodElapsedCallback            0x08004175   Thumb Code    16  main.o(i.HAL_TIM_PeriodElapsedCallback)
    HAL_TIM_TriggerCallback                  0x08004189   Thumb Code     2  stm32f1xx_hal_tim.o(i.HAL_TIM_TriggerCallback)
    Hall_Timeout                             0x0800418d   Thumb Code    80  os-user.o(i.Hall_Timeout)
    HardFault_Handler                        0x080041e5   Thumb Code     2  stm32f1xx_it.o(i.HardFault_Handler)
    IMD_Detect                               0x080041e9   Thumb Code    80  os-user.o(i.IMD_Detect)
    IMD_State                                0x08004241   Thumb Code     8  relay-user.o(i.IMD_State)
    InitSoc                                  0x0800424d   Thumb Code   212  state-user.o(i.InitSoc)
    LTC6813_init_cfgb                        0x08004331   Thumb Code    38  ltc681x-user.o(i.LTC6813_init_cfgb)
    LTC6813_mute                             0x08004357   Thumb Code    22  ltc681x-user.o(i.LTC6813_mute)
    LTC6813_unmute                           0x0800436d   Thumb Code    22  ltc681x-user.o(i.LTC6813_unmute)
    LTC6813_wrcfg                            0x08004385   Thumb Code    60  ltc681x-user.o(i.LTC6813_wrcfg)
    LTC6813_wrcfgb                           0x080043c5   Thumb Code    62  ltc681x-user.o(i.LTC6813_wrcfgb)
    LTC681x_adax                             0x08004409   Thumb Code    30  ltc681x-user.o(i.LTC681x_adax)
    LTC681x_adcv                             0x08004427   Thumb Code    34  ltc681x-user.o(i.LTC681x_adcv)
    LTC681x_adow                             0x08004449   Thumb Code    38  ltc681x-user.o(i.LTC681x_adow)
    LTC681x_check_pec                        0x0800446f   Thumb Code   266  ltc681x-user.o(i.LTC681x_check_pec)
    LTC681x_clraux                           0x08004579   Thumb Code    16  ltc681x-user.o(i.LTC681x_clraux)
    LTC681x_clrcell                          0x0800458d   Thumb Code    16  ltc681x-user.o(i.LTC681x_clrcell)
    LTC681x_init_cfg                         0x080045a1   Thumb Code    36  ltc681x-user.o(i.LTC681x_init_cfg)
    LTC681x_pollAdc                          0x080045c5   Thumb Code   102  ltc681x-user.o(i.LTC681x_pollAdc)
    LTC681x_rdaux                            0x08004635   Thumb Code   148  ltc681x-user.o(i.LTC681x_rdaux)
    LTC681x_rdaux_reg                        0x080046c9   Thumb Code    92  ltc681x-user.o(i.LTC681x_rdaux_reg)
    LTC681x_rdcv                             0x08004725   Thumb Code   154  ltc681x-user.o(i.LTC681x_rdcv)
    LTC681x_rdcv_reg                         0x080047bf   Thumb Code   118  ltc681x-user.o(i.LTC681x_rdcv_reg)
    MX_ADC1_Init                             0x08004835   Thumb Code    70  adc.o(i.MX_ADC1_Init)
    MX_CAN1_Init                             0x08004885   Thumb Code    62  can.o(i.MX_CAN1_Init)
    MX_CAN2_Init                             0x080048cd   Thumb Code    62  can.o(i.MX_CAN2_Init)
    MX_GPIO_Init                             0x08004915   Thumb Code   336  gpio.o(i.MX_GPIO_Init)
    MX_SPI1_Init                             0x08004a7d   Thumb Code    64  spi.o(i.MX_SPI1_Init)
    MX_SPI3_Init                             0x08004ac5   Thumb Code    62  spi.o(i.MX_SPI3_Init)
    MX_TIM2_Init                             0x08004b0d   Thumb Code    98  tim.o(i.MX_TIM2_Init)
    MX_TIM3_Init                             0x08004b75   Thumb Code    98  tim.o(i.MX_TIM3_Init)
    MemManage_Handler                        0x08004be1   Thumb Code     2  stm32f1xx_it.o(i.MemManage_Handler)
    Module_Init                              0x08004be5   Thumb Code    64  daisy-user.o(i.Module_Init)
    NMI_Handler                              0x08004c29   Thumb Code     2  stm32f1xx_it.o(i.NMI_Handler)
    NO_cal                                   0x08004c2b   Thumb Code    28  daisy-user.o(i.NO_cal)
    ON_Beep                                  0x08004c49   Thumb Code   132  relay-user.o(i.ON_Beep)
    ON_State                                 0x08004cd1   Thumb Code    10  relay-user.o(i.ON_State)
    OpenVol_Check                            0x08004ce1   Thumb Code    30  os-user.o(i.OpenVol_Check)
    Openwire_check                           0x08004d0d   Thumb Code   700  daisy-user.o(i.Openwire_check)
    PREAIR_State                             0x08004fdd   Thumb Code    18  adc-user.o(i.PREAIR_State)
    PRE_Voltage                              0x08004ff5   Thumb Code    64  adc-user.o(i.PRE_Voltage)
    PendSV_Handler                           0x08005041   Thumb Code     2  stm32f1xx_it.o(i.PendSV_Handler)
    PrechargeAIR_OFF                         0x08005045   Thumb Code    12  relay-user.o(i.PrechargeAIR_OFF)
    PrechargeAIR_ON                          0x08005055   Thumb Code    10  relay-user.o(i.PrechargeAIR_ON)
    Precharge_Run                            0x08005065   Thumb Code   666  os-user.o(i.Precharge_Run)
    Precharge_detect                         0x08005319   Thumb Code    76  state-user.o(i.Precharge_detect)
    Precharge_relay_open                     0x08005369   Thumb Code    54  state-user.o(i.Precharge_relay_open)
    Run_detect                               0x080053a1   Thumb Code    72  state-user.o(i.Run_detect)
    SPI1_IRQHandler                          0x080053ed   Thumb Code     6  stm32f1xx_it.o(i.SPI1_IRQHandler)
    SPI3_IRQHandler                          0x080053f9   Thumb Code     6  stm32f1xx_it.o(i.SPI3_IRQHandler)
    SVC_Handler                              0x08005549   Thumb Code     2  stm32f1xx_it.o(i.SVC_Handler)
    Slave_Measure                            0x0800554d   Thumb Code    22  os-user.o(i.Slave_Measure)
    Standby_detect                           0x08005569   Thumb Code    76  state-user.o(i.Standby_detect)
    State_Upgrade                            0x080055b9   Thumb Code    60  os-user.o(i.State_Upgrade)
    SysTick_Handler                          0x080055f9   Thumb Code     4  stm32f1xx_it.o(i.SysTick_Handler)
    SystemClock_Config                       0x080055fd   Thumb Code   128  main.o(i.SystemClock_Config)
    SystemInit                               0x08005681   Thumb Code     2  system_stm32f1xx.o(i.SystemInit)
    TIM2_IRQHandler                          0x08005685   Thumb Code     6  stm32f1xx_it.o(i.TIM2_IRQHandler)
    TIM3_IRQHandler                          0x08005691   Thumb Code     6  stm32f1xx_it.o(i.TIM3_IRQHandler)
    TIM_Base_SetConfig                       0x0800569d   Thumb Code   104  stm32f1xx_hal_tim.o(i.TIM_Base_SetConfig)
    TIM_ETR_SetConfig                        0x08005715   Thumb Code    20  stm32f1xx_hal_tim.o(i.TIM_ETR_SetConfig)
    TS_Voltage                               0x08005781   Thumb Code    64  adc-user.o(i.TS_Voltage)
    TaskCreate                               0x080057cd   Thumb Code    40  os-user.o(i.TaskCreate)
    TaskScheduler                            0x080057f9   Thumb Code    50  os-user.o(i.TaskScheduler)
    TaskStatusUpdate                         0x08005831   Thumb Code    38  os-user.o(i.TaskStatusUpdate)
    TemFind_Max_Min                          0x0800585d   Thumb Code   108  daisy-user.o(i.TemFind_Max_Min)
    TemRes_Cal                               0x080058c9   Thumb Code   334  daisy-user.o(i.TemRes_Cal)
    Tem_Measure                              0x08005a1d   Thumb Code    52  daisy-user.o(i.Tem_Measure)
    Tem_search                               0x08005a51   Thumb Code   464  daisy-user.o(i.Tem_search)
    Threshold_Update                         0x08005c25   Thumb Code   484  flash-user.o(i.Threshold_Update)
    UsageFault_Handler                       0x08005e11   Thumb Code     2  stm32f1xx_it.o(i.UsageFault_Handler)
    Vol_deviance                             0x08005e15   Thumb Code   166  os-user.o(i.Vol_deviance)
    adc_average                              0x08005ee9   Thumb Code    32  adc-user.o(i.adc_average)
    adc_read_average                         0x08005f0d   Thumb Code    92  adc-user.o(i.adc_read_average)
    can1_interal_config                      0x08005f6d   Thumb Code    78  can-user.o(i.can1_interal_config)
    can2_exteral_config                      0x08005fc5   Thumb Code    86  can-user.o(i.can2_exteral_config)
    charge_ing                               0x08006021   Thumb Code    38  os-user.o(i.charge_ing)
    cmd_68                                   0x0800604d   Thumb Code    50  ltc681x-user.o(i.cmd_68)
    cs_high                                  0x08006081   Thumb Code    10  ltc681x-user.o(i.cs_high)
    cs_low                                   0x08006091   Thumb Code    10  ltc681x-user.o(i.cs_low)
    init_PEC15_Table                         0x080060a1   Thumb Code    52  ltc681x-user.o(i.init_PEC15_Table)
    main                                     0x080060dd   Thumb Code   186  main.o(i.main)
    parse_cells                              0x080061ed   Thumb Code   126  ltc681x-user.o(i.parse_cells)
    pec15_calc                               0x0800626d   Thumb Code    56  ltc681x-user.o(i.pec15_calc)
    save_Openwire_Temp                       0x080062ad   Thumb Code   358  daisy-user.o(i.save_Openwire_Temp)
    save_Openwire_Vol                        0x0800641d   Thumb Code   168  daisy-user.o(i.save_Openwire_Vol)
    save_Tempdata                            0x080064c5   Thumb Code    92  daisy-user.o(i.save_Tempdata)
    save_Voldata                             0x08006521   Thumb Code   140  daisy-user.o(i.save_Voldata)
    set_Temwarning                           0x080065ad   Thumb Code   316  daisy-user.o(i.set_Temwarning)
    set_Volwarning                           0x080066f1   Thumb Code   328  daisy-user.o(i.set_Volwarning)
    spi_write_array                          0x08006841   Thumb Code    12  ltc681x-user.o(i.spi_write_array)
    spi_write_read                           0x08006851   Thumb Code    38  ltc681x-user.o(i.spi_write_read)
    wakeup_idle                              0x0800687d   Thumb Code    48  ltc681x-user.o(i.wakeup_idle)
    wakeup_sleep                             0x080068b1   Thumb Code    30  ltc681x-user.o(i.wakeup_sleep)
    write_68                                 0x080068cf   Thumb Code   160  ltc681x-user.o(i.write_68)
    __aeabi_d2f                              0x08006971   Thumb Code     0  d2f.o(x$fpl$d2f)
    _d2f                                     0x08006971   Thumb Code    98  d2f.o(x$fpl$d2f)
    __aeabi_dadd                             0x080069d5   Thumb Code     0  daddsub_clz.o(x$fpl$dadd)
    _dadd                                    0x080069d5   Thumb Code   332  daddsub_clz.o(x$fpl$dadd)
    __fpl_dcheck_NaN1                        0x08006b25   Thumb Code    10  dcheck1.o(x$fpl$dcheck1)
    __fpl_dcmp_Inf                           0x08006b35   Thumb Code    24  dcmpi.o(x$fpl$dcmpinf)
    __aeabi_ddiv                             0x08006b4d   Thumb Code     0  ddiv.o(x$fpl$ddiv)
    _ddiv                                    0x08006b4d   Thumb Code   552  ddiv.o(x$fpl$ddiv)
    __aeabi_cdcmpeq                          0x08006dfd   Thumb Code     0  deqf.o(x$fpl$deqf)
    _dcmpeq                                  0x08006dfd   Thumb Code   120  deqf.o(x$fpl$deqf)
    __aeabi_d2uiz                            0x08006e75   Thumb Code     0  dfixu.o(x$fpl$dfixu)
    _dfixu                                   0x08006e75   Thumb Code    90  dfixu.o(x$fpl$dfixu)
    __aeabi_i2d                              0x08006ecf   Thumb Code     0  dflt_clz.o(x$fpl$dflt)
    _dflt                                    0x08006ecf   Thumb Code    46  dflt_clz.o(x$fpl$dflt)
    __aeabi_ui2d                             0x08006efd   Thumb Code     0  dflt_clz.o(x$fpl$dfltu)
    _dfltu                                   0x08006efd   Thumb Code    38  dflt_clz.o(x$fpl$dfltu)
    __aeabi_cdcmple                          0x08006f25   Thumb Code     0  dleqf.o(x$fpl$dleqf)
    _dcmple                                  0x08006f25   Thumb Code   120  dleqf.o(x$fpl$dleqf)
    __fpl_dcmple_InfNaN                      0x08006f87   Thumb Code     0  dleqf.o(x$fpl$dleqf)
    __aeabi_dmul                             0x08006f9d   Thumb Code     0  dmul.o(x$fpl$dmul)
    _dmul                                    0x08006f9d   Thumb Code   332  dmul.o(x$fpl$dmul)
    __fpl_dnaninf                            0x080070f1   Thumb Code   156  dnaninf.o(x$fpl$dnaninf)
    __fpl_dretinf                            0x0800718d   Thumb Code    12  dretinf.o(x$fpl$dretinf)
    __aeabi_cdrcmple                         0x08007199   Thumb Code     0  drleqf.o(x$fpl$drleqf)
    _drcmple                                 0x08007199   Thumb Code   108  drleqf.o(x$fpl$drleqf)
    __aeabi_drsub                            0x08007205   Thumb Code     0  daddsub_clz.o(x$fpl$drsb)
    _drsb                                    0x08007205   Thumb Code    22  daddsub_clz.o(x$fpl$drsb)
    __aeabi_dsub                             0x0800721d   Thumb Code     0  daddsub_clz.o(x$fpl$dsub)
    _dsub                                    0x0800721d   Thumb Code   464  daddsub_clz.o(x$fpl$dsub)
    __aeabi_f2d                              0x080073f1   Thumb Code     0  f2d.o(x$fpl$f2d)
    _f2d                                     0x080073f1   Thumb Code    86  f2d.o(x$fpl$f2d)
    __aeabi_fadd                             0x08007449   Thumb Code     0  faddsub_clz.o(x$fpl$fadd)
    _fadd                                    0x08007449   Thumb Code   196  faddsub_clz.o(x$fpl$fadd)
    __aeabi_fdiv                             0x0800750d   Thumb Code     0  fdiv.o(x$fpl$fdiv)
    _fdiv                                    0x0800750d   Thumb Code   384  fdiv.o(x$fpl$fdiv)
    __aeabi_f2uiz                            0x08007691   Thumb Code     0  ffixu.o(x$fpl$ffixu)
    _ffixu                                   0x08007691   Thumb Code    62  ffixu.o(x$fpl$ffixu)
    __aeabi_i2f                              0x080076d1   Thumb Code     0  fflt_clz.o(x$fpl$fflt)
    _fflt                                    0x080076d1   Thumb Code    48  fflt_clz.o(x$fpl$fflt)
    __aeabi_ui2f                             0x08007701   Thumb Code     0  fflt_clz.o(x$fpl$ffltu)
    _ffltu                                   0x08007701   Thumb Code    38  fflt_clz.o(x$fpl$ffltu)
    __aeabi_fmul                             0x08007729   Thumb Code     0  fmul.o(x$fpl$fmul)
    _fmul                                    0x08007729   Thumb Code   258  fmul.o(x$fpl$fmul)
    __fpl_fnaninf                            0x0800782b   Thumb Code   140  fnaninf.o(x$fpl$fnaninf)
    __fpl_fretinf                            0x080078b7   Thumb Code    10  fretinf.o(x$fpl$fretinf)
    __aeabi_fsub                             0x080078c1   Thumb Code     0  faddsub_clz.o(x$fpl$fsub)
    _fsub                                    0x080078c1   Thumb Code   234  faddsub_clz.o(x$fpl$fsub)
    __fpl_return_NaN                         0x080079ab   Thumb Code   100  retnan.o(x$fpl$retnan)
    __ARM_scalbn                             0x08007a0f   Thumb Code    92  scalbn.o(x$fpl$scalbn)
    __fpl_cmpreturn                          0x08007a6b   Thumb Code    48  trapv.o(x$fpl$trapveneer)
    Beep_mute                                0x08007a9a   Data           1  main.o(.constdata)
    __I$use$fp                               0x08007a9a   Number         0  usenofp.o(x$fpl$usenofp)
    AHBPrescTable                            0x08007ad7   Data          16  system_stm32f1xx.o(.constdata)
    APBPrescTable                            0x08007ae7   Data           8  system_stm32f1xx.o(.constdata)
    Region$$Table$$Base                      0x08007af0   Number         0  anon$$obj.o(Region$$Table)
    Region$$Table$$Limit                     0x08007b10   Number         0  anon$$obj.o(Region$$Table)
    charge_cur_count                         0x20000000   Data           1  can-user.o(.data)
    MaxCellVoltage                           0x20000014   Data           2  daisy-user.o(.data)
    MaxVoltageCellNO                         0x20000016   Data           2  daisy-user.o(.data)
    MinCellVoltage                           0x20000018   Data           2  daisy-user.o(.data)
    MinVoltageCellNO                         0x2000001a   Data           2  daisy-user.o(.data)
    MaxCellTem                               0x2000001c   Data           2  daisy-user.o(.data)
    MaxTempCellNO                            0x2000001e   Data           2  daisy-user.o(.data)
    MinCellTem                               0x20000020   Data           2  daisy-user.o(.data)
    MinTempCellNO                            0x20000022   Data           2  daisy-user.o(.data)
    conv_time_Openwire                       0x20000028   Data           4  daisy-user.o(.data)
    Tem                                      0x2000002c   Data         188  daisy-user.o(.data)
    Standard_Res                             0x200000e8   Data         376  daisy-user.o(.data)
    CRC15_POLY                               0x20000260   Data           2  ltc681x-user.o(.data)
    re                                       0x20000262   Data           2  ltc681x-user.o(.data)
    address                                  0x20000264   Data           2  ltc681x-user.o(.data)
    Hall_Count                               0x20000268   Data           1  os-user.o(.data)
    Precharge_Count                          0x20000269   Data           1  os-user.o(.data)
    taskManager                              0x20000270   Data           8  os-user.o(.data)
    Balance_flag                             0x20000278   Data           1  os-user.o(.data)
    ChargeMachine_Count                      0x20000280   Data           1  state-user.o(.data)
    PreChargeFail_Count                      0x20000281   Data           1  state-user.o(.data)
    uwTickFreq                               0x2000033c   Data           1  stm32f1xx_hal.o(.data)
    uwTickPrio                               0x20000340   Data           4  stm32f1xx_hal.o(.data)
    uwTick                                   0x20000344   Data           4  stm32f1xx_hal.o(.data)
    SystemCoreClock                          0x20000348   Data           4  system_stm32f1xx.o(.data)
    Module                                   0x20000350   Data        1792  daisy-user.o(.bss)
    IC                                       0x20000a98   Data        3584  daisy-user.o(.bss)
    n_Cell                                   0x20001898   Data          14  daisy-user.o(.bss)
    tempIC_a                                 0x200018a8   Data        3584  daisy-user.o(.bss)
    tempIC_b                                 0x200026a8   Data        3584  daisy-user.o(.bss)
    pec15Table                               0x200034a8   Data         512  ltc681x-user.o(.bss)
    Precharge_Run_Handle                     0x200036a8   Data          20  os-user.o(.bss)
    charge_ing_Handle                        0x200036bc   Data          20  os-user.o(.bss)
    BMS_StateMachine_Handle                  0x200036d0   Data          20  os-user.o(.bss)
    Hall_Timeout_Handle                      0x200036e4   Data          20  os-user.o(.bss)
    State_Upgrade_Handle                     0x200036f8   Data          20  os-user.o(.bss)
    Slave_Measure_Handle                     0x2000370c   Data          20  os-user.o(.bss)
    OpenVol_Check_Handle                     0x20003720   Data          20  os-user.o(.bss)
    BMS_Can_Handle                           0x20003734   Data          20  os-user.o(.bss)
    IMD_Detect_Handle                        0x20003748   Data          20  os-user.o(.bss)
    E03                                      0x2000375c   Data        1028  main.o(.bss)
    adc                                      0x20003b60   Data          10  main.o(.bss)
    hadc1                                    0x20003b6c   Data          48  adc.o(.bss)
    hcan1                                    0x20003b9c   Data          40  can.o(.bss)
    hcan2                                    0x20003bc4   Data          40  can.o(.bss)
    hspi1                                    0x20003bec   Data          88  spi.o(.bss)
    hspi3                                    0x20003c44   Data          88  spi.o(.bss)
    htim2                                    0x20003c9c   Data          72  tim.o(.bss)
    htim3                                    0x20003ce4   Data          72  tim.o(.bss)
    __libspace_start                         0x20003d2c   Data          96  libspace.o(.bss)
    __temporary_stack_top$libspace           0x20003d8c   Data           0  libspace.o(.bss)



==============================================================================

Memory Map of the image

  Image Entry point : 0x08000151

  Load Region LR_IROM1 (Base: 0x08000000, Size: 0x00007e5c, Max: 0x00040000, ABSOLUTE, COMPRESSED[0x00007da0])

    Execution Region ER_IROM1 (Exec base: 0x08000000, Load base: 0x08000000, Size: 0x00007b10, Max: 0x00040000, ABSOLUTE)

    Exec Addr    Load Addr    Size         Type   Attr      Idx    E Section Name        Object

    0x08000000   0x08000000   0x00000150   Data   RO            3    RESET               startup_stm32f105xc.o
    0x08000150   0x08000150   0x00000008   Code   RO         4741  * !!!main             c_w.l(__main.o)
    0x08000158   0x08000158   0x00000034   Code   RO         5031    !!!scatter          c_w.l(__scatter.o)
    0x0800018c   0x0800018c   0x0000005a   Code   RO         5029    !!dczerorl2         c_w.l(__dczerorl2.o)
    0x080001e6   0x080001e6   0x00000002   PAD
    0x080001e8   0x080001e8   0x0000001c   Code   RO         5033    !!handler_zi        c_w.l(__scatter_zi.o)
    0x08000204   0x08000204   0x00000002   Code   RO         4964    .ARM.Collect$$libinit$$00000000  c_w.l(libinit.o)
    0x08000206   0x08000206   0x00000000   Code   RO         4836    .ARM.Collect$$libinit$$00000002  c_w.l(libinit2.o)
    0x08000206   0x08000206   0x00000000   Code   RO         4838    .ARM.Collect$$libinit$$00000004  c_w.l(libinit2.o)
    0x08000206   0x08000206   0x00000008   Code   RO         4839    .ARM.Collect$$libinit$$00000005  c_w.l(libinit2.o)
    0x0800020e   0x0800020e   0x00000000   Code   RO         4841    .ARM.Collect$$libinit$$0000000A  c_w.l(libinit2.o)
    0x0800020e   0x0800020e   0x00000000   Code   RO         4843    .ARM.Collect$$libinit$$0000000C  c_w.l(libinit2.o)
    0x0800020e   0x0800020e   0x00000000   Code   RO         4845    .ARM.Collect$$libinit$$0000000E  c_w.l(libinit2.o)
    0x0800020e   0x0800020e   0x00000000   Code   RO         4848    .ARM.Collect$$libinit$$00000011  c_w.l(libinit2.o)
    0x0800020e   0x0800020e   0x00000000   Code   RO         4850    .ARM.Collect$$libinit$$00000013  c_w.l(libinit2.o)
    0x0800020e   0x0800020e   0x00000000   Code   RO         4852    .ARM.Collect$$libinit$$00000015  c_w.l(libinit2.o)
    0x0800020e   0x0800020e   0x00000000   Code   RO         4854    .ARM.Collect$$libinit$$00000017  c_w.l(libinit2.o)
    0x0800020e   0x0800020e   0x00000000   Code   RO         4856    .ARM.Collect$$libinit$$00000019  c_w.l(libinit2.o)
    0x0800020e   0x0800020e   0x00000000   Code   RO         4858    .ARM.Collect$$libinit$$0000001B  c_w.l(libinit2.o)
    0x0800020e   0x0800020e   0x00000000   Code   RO         4860    .ARM.Collect$$libinit$$0000001D  c_w.l(libinit2.o)
    0x0800020e   0x0800020e   0x00000000   Code   RO         4862    .ARM.Collect$$libinit$$0000001F  c_w.l(libinit2.o)
    0x0800020e   0x0800020e   0x00000000   Code   RO         4864    .ARM.Collect$$libinit$$00000021  c_w.l(libinit2.o)
    0x0800020e   0x0800020e   0x00000000   Code   RO         4866    .ARM.Collect$$libinit$$00000023  c_w.l(libinit2.o)
    0x0800020e   0x0800020e   0x00000000   Code   RO         4868    .ARM.Collect$$libinit$$00000025  c_w.l(libinit2.o)
    0x0800020e   0x0800020e   0x00000000   Code   RO         4872    .ARM.Collect$$libinit$$0000002C  c_w.l(libinit2.o)
    0x0800020e   0x0800020e   0x00000000   Code   RO         4874    .ARM.Collect$$libinit$$0000002E  c_w.l(libinit2.o)
    0x0800020e   0x0800020e   0x00000000   Code   RO         4876    .ARM.Collect$$libinit$$00000030  c_w.l(libinit2.o)
    0x0800020e   0x0800020e   0x00000000   Code   RO         4878    .ARM.Collect$$libinit$$00000032  c_w.l(libinit2.o)
    0x0800020e   0x0800020e   0x00000002   Code   RO         4879    .ARM.Collect$$libinit$$00000033  c_w.l(libinit2.o)
    0x08000210   0x08000210   0x00000002   Code   RO         5026    .ARM.Collect$$libshutdown$$00000000  c_w.l(libshutdown.o)
    0x08000212   0x08000212   0x00000000   Code   RO         4982    .ARM.Collect$$libshutdown$$00000002  c_w.l(libshutdown2.o)
    0x08000212   0x08000212   0x00000000   Code   RO         4984    .ARM.Collect$$libshutdown$$00000004  c_w.l(libshutdown2.o)
    0x08000212   0x08000212   0x00000000   Code   RO         4986    .ARM.Collect$$libshutdown$$00000006  c_w.l(libshutdown2.o)
    0x08000212   0x08000212   0x00000000   Code   RO         4989    .ARM.Collect$$libshutdown$$00000009  c_w.l(libshutdown2.o)
    0x08000212   0x08000212   0x00000000   Code   RO         4992    .ARM.Collect$$libshutdown$$0000000C  c_w.l(libshutdown2.o)
    0x08000212   0x08000212   0x00000000   Code   RO         4994    .ARM.Collect$$libshutdown$$0000000E  c_w.l(libshutdown2.o)
    0x08000212   0x08000212   0x00000000   Code   RO         4997    .ARM.Collect$$libshutdown$$00000011  c_w.l(libshutdown2.o)
    0x08000212   0x08000212   0x00000002   Code   RO         4998    .ARM.Collect$$libshutdown$$00000012  c_w.l(libshutdown2.o)
    0x08000214   0x08000214   0x00000000   Code   RO         4801    .ARM.Collect$$rtentry$$00000000  c_w.l(__rtentry.o)
    0x08000214   0x08000214   0x00000000   Code   RO         4899    .ARM.Collect$$rtentry$$00000002  c_w.l(__rtentry2.o)
    0x08000214   0x08000214   0x00000006   Code   RO         4911    .ARM.Collect$$rtentry$$00000004  c_w.l(__rtentry4.o)
    0x0800021a   0x0800021a   0x00000000   Code   RO         4901    .ARM.Collect$$rtentry$$00000009  c_w.l(__rtentry2.o)
    0x0800021a   0x0800021a   0x00000004   Code   RO         4902    .ARM.Collect$$rtentry$$0000000A  c_w.l(__rtentry2.o)
    0x0800021e   0x0800021e   0x00000000   Code   RO         4904    .ARM.Collect$$rtentry$$0000000C  c_w.l(__rtentry2.o)
    0x0800021e   0x0800021e   0x00000008   Code   RO         4905    .ARM.Collect$$rtentry$$0000000D  c_w.l(__rtentry2.o)
    0x08000226   0x08000226   0x00000002   Code   RO         4969    .ARM.Collect$$rtexit$$00000000  c_w.l(rtexit.o)
    0x08000228   0x08000228   0x00000000   Code   RO         5002    .ARM.Collect$$rtexit$$00000002  c_w.l(rtexit2.o)
    0x08000228   0x08000228   0x00000004   Code   RO         5003    .ARM.Collect$$rtexit$$00000003  c_w.l(rtexit2.o)
    0x0800022c   0x0800022c   0x00000006   Code   RO         5004    .ARM.Collect$$rtexit$$00000004  c_w.l(rtexit2.o)
    0x08000232   0x08000232   0x00000002   PAD
    0x08000234   0x08000234   0x00000000   Code   RO         4917    .emb_text           c_w.l(maybetermalloc1.o)
    0x08000234   0x08000234   0x00000040   Code   RO            4    .text               startup_stm32f105xc.o
    0x08000274   0x08000274   0x0000005e   Code   RO         4675    .text               c_w.l(h1_alloc.o)
    0x080002d2   0x080002d2   0x0000004e   Code   RO         4677    .text               c_w.l(h1_free.o)
    0x08000320   0x08000320   0x000000ee   Code   RO         4733    .text               c_w.l(lludivv7m.o)
    0x0800040e   0x0800040e   0x0000004e   Code   RO         4737    .text               c_w.l(rt_memclr_w.o)
    0x0800045c   0x0800045c   0x00000006   Code   RO         4739    .text               c_w.l(heapauxi.o)
    0x08000462   0x08000462   0x00000002   PAD
    0x08000464   0x08000464   0x00000008   Code   RO         4809    .text               c_w.l(rt_heap_descriptor_intlibspace.o)
    0x0800046c   0x0800046c   0x00000004   Code   RO         4811    .text               c_w.l(hguard.o)
    0x08000470   0x08000470   0x0000008a   Code   RO         4813    .text               c_w.l(init_alloc.o)
    0x080004fa   0x080004fa   0x0000000e   Code   RO         4817    .text               c_w.l(h1_init.o)
    0x08000508   0x08000508   0x00000008   Code   RO         4895    .text               c_w.l(libspace.o)
    0x08000510   0x08000510   0x00000034   Code   RO         4919    .text               c_w.l(h1_extend.o)
    0x08000544   0x08000544   0x0000000e   Code   RO         4923    .text               c_w.l(defsig_rtmem_outer.o)
    0x08000552   0x08000552   0x00000002   Code   RO         4936    .text               c_w.l(use_no_semi.o)
    0x08000554   0x08000554   0x00000000   Code   RO         4938    .text               c_w.l(indicate_semi.o)
    0x08000554   0x08000554   0x0000004a   Code   RO         4939    .text               c_w.l(sys_stackheap_outer.o)
    0x0800059e   0x0800059e   0x00000012   Code   RO         4945    .text               c_w.l(exit.o)
    0x080005b0   0x080005b0   0x0000000a   Code   RO         4947    .text               c_w.l(defsig_exit.o)
    0x080005ba   0x080005ba   0x00000002   PAD
    0x080005bc   0x080005bc   0x00000050   Code   RO         4953    .text               c_w.l(defsig_rtmem_inner.o)
    0x0800060c   0x0800060c   0x0000000c   Code   RO         4967    .text               c_w.l(sys_exit.o)
    0x08000618   0x08000618   0x00000032   Code   RO         4977    .text               c_w.l(defsig_general.o)
    0x0800064a   0x0800064a   0x0000000e   Code   RO         4999    .text               c_w.l(sys_wrch.o)
    0x08000658   0x08000658   0x00000054   Code   RO         1828    i.ADC_ConversionStop_Disable  stm32f1xx_hal_adc.o
    0x080006ac   0x080006ac   0x00000078   Code   RO         1832    i.ADC_Enable        stm32f1xx_hal_adc.o
    0x08000724   0x08000724   0x00000010   Code   RO         1134    i.AIRN_OFF          relay-user.o
    0x08000734   0x08000734   0x00000010   Code   RO         1135    i.AIRN_ON           relay-user.o
    0x08000744   0x08000744   0x00000018   Code   RO           13    i.AIRN_State        adc-user.o
    0x0800075c   0x0800075c   0x00000010   Code   RO         1136    i.AIRP_OFF          relay-user.o
    0x0800076c   0x0800076c   0x00000010   Code   RO         1137    i.AIRP_ON           relay-user.o
    0x0800077c   0x0800077c   0x00000018   Code   RO           14    i.AIRP_State        adc-user.o
    0x08000794   0x08000794   0x00000012   Code   RO         1138    i.AIRS_OFF          relay-user.o
    0x080007a6   0x080007a6   0x00000002   PAD
    0x080007a8   0x080007a8   0x000000f0   Code   RO         1139    i.ALL_Error_mute_Beep  relay-user.o
    0x08000898   0x08000898   0x00000018   Code   RO          994    i.BMS_Can           os-user.o
    0x080008b0   0x080008b0   0x00000014   Code   RO         1233    i.BMS_Charge        state-user.o
    0x080008c4   0x080008c4   0x0000000e   Code   RO         1234    i.BMS_Charge_Done   state-user.o
    0x080008d2   0x080008d2   0x00000002   PAD
    0x080008d4   0x080008d4   0x00000030   Code   RO         1235    i.BMS_Error         state-user.o
    0x08000904   0x08000904   0x0000014c   Code   RO         1236    i.BMS_Manual_mode   state-user.o
    0x08000a50   0x08000a50   0x000000c0   Code   RO         1238    i.BMS_Run           state-user.o
    0x08000b10   0x08000b10   0x00000038   Code   RO         1239    i.BMS_SDC_Off       state-user.o
    0x08000b48   0x08000b48   0x00000110   Code   RO         1240    i.BMS_SelfTest      state-user.o
    0x08000c58   0x08000c58   0x0000006c   Code   RO         1241    i.BMS_Standby       state-user.o
    0x08000cc4   0x08000cc4   0x0000003c   Code   RO         1242    i.BMS_StateMachine  state-user.o
    0x08000d00   0x08000d00   0x00000002   Code   RO         1638    i.BusFault_Handler  stm32f1xx_it.o
    0x08000d02   0x08000d02   0x00000002   PAD
    0x08000d04   0x08000d04   0x0000000c   Code   RO         1639    i.CAN1_RX0_IRQHandler  stm32f1xx_it.o
    0x08000d10   0x08000d10   0x0000000c   Code   RO         1640    i.CAN1_TX_IRQHandler  stm32f1xx_it.o
    0x08000d1c   0x08000d1c   0x0000000c   Code   RO         1641    i.CAN2_RX1_IRQHandler  stm32f1xx_it.o
    0x08000d28   0x08000d28   0x0000000c   Code   RO         1642    i.CAN2_TX_IRQHandler  stm32f1xx_it.o
    0x08000d34   0x08000d34   0x000000c6   Code   RO          292    i.CV_Find_Max_Min   daisy-user.o
    0x08000dfa   0x08000dfa   0x00000042   Code   RO          293    i.CV_Measure        daisy-user.o
    0x08000e3c   0x08000e3c   0x0000004a   Code   RO          294    i.CV_Transfer       daisy-user.o
    0x08000e86   0x08000e86   0x00000002   PAD
    0x08000e88   0x08000e88   0x00000040   Code   RO          187    i.CalcSOC           can-user.o
    0x08000ec8   0x08000ec8   0x000000d4   Code   RO          188    i.Can_Send_Charge   can-user.o
    0x08000f9c   0x08000f9c   0x0000011c   Code   RO          189    i.Can_Send_Data     can-user.o
    0x080010b8   0x080010b8   0x00000074   Code   RO          190    i.Can_Send_Msg      can-user.o
    0x0800112c   0x0800112c   0x00000032   Code   RO          191    i.Can_Send_Package  can-user.o
    0x0800115e   0x0800115e   0x00000002   PAD
    0x08001160   0x08001160   0x000000f8   Code   RO         1243    i.Charge_detect     state-user.o
    0x08001258   0x08001258   0x000000e0   Code   RO          996    i.Current_detect    os-user.o
    0x08001338   0x08001338   0x0000006c   Code   RO          297    i.DaisyTem          daisy-user.o
    0x080013a4   0x080013a4   0x00000068   Code   RO          298    i.DaisyVol          daisy-user.o
    0x0800140c   0x0800140c   0x0000009c   Code   RO          299    i.Daisy_Init        daisy-user.o
    0x080014a8   0x080014a8   0x000001a0   Code   RO          477    i.Data_Init         data-user.o
    0x08001648   0x08001648   0x00000002   Code   RO         1643    i.DebugMon_Handler  stm32f1xx_it.o
    0x0800164a   0x0800164a   0x00000008   Code   RO         1644    i.EXTI9_5_IRQHandler  stm32f1xx_it.o
    0x08001652   0x08001652   0x00000002   PAD
    0x08001654   0x08001654   0x00000044   Code   RO         1140    i.Error             relay-user.o
    0x08001698   0x08001698   0x00000004   Code   RO         1367    i.Error_Handler     main.o
    0x0800169c   0x0800169c   0x00000010   Code   RO         1141    i.Fans_OFF          relay-user.o
    0x080016ac   0x080016ac   0x00000010   Code   RO         1142    i.Fans_ON           relay-user.o
    0x080016bc   0x080016bc   0x0000004c   Code   RO          506    i.Flash_GetStatus   flash-user.o
    0x08001708   0x08001708   0x00000058   Code   RO          507    i.Flash_Read        flash-user.o
    0x08001760   0x08001760   0x00000010   Code   RO          509    i.Flash_Read_Errormute  flash-user.o
    0x08001770   0x08001770   0x0000001c   Code   RO          510    i.Flash_Read_Init_Flag  flash-user.o
    0x0800178c   0x0800178c   0x00000054   Code   RO          513    i.Flash_SE          flash-user.o
    0x080017e0   0x080017e0   0x0000003c   Code   RO          515    i.Flash_WREN        flash-user.o
    0x0800181c   0x0800181c   0x0000000c   Code   RO          516    i.Flash_Wait_Busy   flash-user.o
    0x08001828   0x08001828   0x000000d8   Code   RO          517    i.Flash_Write       flash-user.o
    0x08001900   0x08001900   0x0000001c   Code   RO          518    i.Flash_Write_Errormute  flash-user.o
    0x0800191c   0x0800191c   0x0000001c   Code   RO          519    i.Flash_Write_Init_Flag  flash-user.o
    0x08001938   0x08001938   0x0000001c   Code   RO          521    i.Flash_Write_Threshold  flash-user.o
    0x08001954   0x08001954   0x000000d8   Code   RO         2008    i.HAL_ADCEx_Calibration_Start  stm32f1xx_hal_adc_ex.o
    0x08001a2c   0x08001a2c   0x000000fc   Code   RO         1834    i.HAL_ADC_ConfigChannel  stm32f1xx_hal_adc.o
    0x08001b28   0x08001b28   0x00000004   Code   RO         1840    i.HAL_ADC_GetState  stm32f1xx_hal_adc.o
    0x08001b2c   0x08001b2c   0x00000006   Code   RO         1841    i.HAL_ADC_GetValue  stm32f1xx_hal_adc.o
    0x08001b32   0x08001b32   0x00000002   PAD
    0x08001b34   0x08001b34   0x0000011c   Code   RO         1843    i.HAL_ADC_Init      stm32f1xx_hal_adc.o
    0x08001c50   0x08001c50   0x00000058   Code   RO         1452    i.HAL_ADC_MspInit   adc.o
    0x08001ca8   0x08001ca8   0x0000013c   Code   RO         1847    i.HAL_ADC_PollForConversion  stm32f1xx_hal_adc.o
    0x08001de4   0x08001de4   0x000000c0   Code   RO         1849    i.HAL_ADC_Start     stm32f1xx_hal_adc.o
    0x08001ea4   0x08001ea4   0x00000024   Code   RO         3106    i.HAL_CAN_ActivateNotification  stm32f1xx_hal_can.o
    0x08001ec8   0x08001ec8   0x000000d0   Code   RO         3107    i.HAL_CAN_AddTxMessage  stm32f1xx_hal_can.o
    0x08001f98   0x08001f98   0x0000010c   Code   RO         3108    i.HAL_CAN_ConfigFilter  stm32f1xx_hal_can.o
    0x080020a4   0x080020a4   0x00000002   Code   RO         3111    i.HAL_CAN_ErrorCallback  stm32f1xx_hal_can.o
    0x080020a6   0x080020a6   0x000000f4   Code   RO         3114    i.HAL_CAN_GetRxMessage  stm32f1xx_hal_can.o
    0x0800219a   0x0800219a   0x000001fc   Code   RO         3118    i.HAL_CAN_IRQHandler  stm32f1xx_hal_can.o
    0x08002396   0x08002396   0x0000011a   Code   RO         3119    i.HAL_CAN_Init      stm32f1xx_hal_can.o
    0x080024b0   0x080024b0   0x0000012c   Code   RO         1494    i.HAL_CAN_MspInit   can.o
    0x080025dc   0x080025dc   0x00000002   Code   RO         3126    i.HAL_CAN_RxFifo0FullCallback  stm32f1xx_hal_can.o
    0x080025de   0x080025de   0x00000002   PAD
    0x080025e0   0x080025e0   0x00000274   Code   RO          192    i.HAL_CAN_RxFifo0MsgPendingCallback  can-user.o
    0x08002854   0x08002854   0x00000002   Code   RO         3128    i.HAL_CAN_RxFifo1FullCallback  stm32f1xx_hal_can.o
    0x08002856   0x08002856   0x00000002   PAD
    0x08002858   0x08002858   0x000000b0   Code   RO          193    i.HAL_CAN_RxFifo1MsgPendingCallback  can-user.o
    0x08002908   0x08002908   0x00000002   Code   RO         3130    i.HAL_CAN_SleepCallback  stm32f1xx_hal_can.o
    0x0800290a   0x0800290a   0x00000056   Code   RO         3131    i.HAL_CAN_Start     stm32f1xx_hal_can.o
    0x08002960   0x08002960   0x00000002   Code   RO         3133    i.HAL_CAN_TxMailbox0AbortCallback  stm32f1xx_hal_can.o
    0x08002962   0x08002962   0x00000002   Code   RO         3134    i.HAL_CAN_TxMailbox0CompleteCallback  stm32f1xx_hal_can.o
    0x08002964   0x08002964   0x00000002   Code   RO         3135    i.HAL_CAN_TxMailbox1AbortCallback  stm32f1xx_hal_can.o
    0x08002966   0x08002966   0x00000002   Code   RO         3136    i.HAL_CAN_TxMailbox1CompleteCallback  stm32f1xx_hal_can.o
    0x08002968   0x08002968   0x00000002   Code   RO         3137    i.HAL_CAN_TxMailbox2AbortCallback  stm32f1xx_hal_can.o
    0x0800296a   0x0800296a   0x00000002   Code   RO         3138    i.HAL_CAN_TxMailbox2CompleteCallback  stm32f1xx_hal_can.o
    0x0800296c   0x0800296c   0x00000002   Code   RO         3140    i.HAL_CAN_WakeUpFromRxMsgCallback  stm32f1xx_hal_can.o
    0x0800296e   0x0800296e   0x00000002   PAD
    0x08002970   0x08002970   0x00000130   Code   RO         2510    i.HAL_DMA_Abort_IT  stm32f1xx_hal_dma.o
    0x08002aa0   0x08002aa0   0x00000024   Code   RO         2111    i.HAL_Delay         stm32f1xx_hal.o
    0x08002ac4   0x08002ac4   0x00000002   Code   RO         1368    i.HAL_GPIO_EXTI_Callback  main.o
    0x08002ac6   0x08002ac6   0x00000002   PAD
    0x08002ac8   0x08002ac8   0x00000018   Code   RO         2444    i.HAL_GPIO_EXTI_IRQHandler  stm32f1xx_hal_gpio.o
    0x08002ae0   0x08002ae0   0x000001cc   Code   RO         2445    i.HAL_GPIO_Init     stm32f1xx_hal_gpio.o
    0x08002cac   0x08002cac   0x0000000a   Code   RO         2447    i.HAL_GPIO_ReadPin  stm32f1xx_hal_gpio.o
    0x08002cb6   0x08002cb6   0x0000000a   Code   RO         2449    i.HAL_GPIO_WritePin  stm32f1xx_hal_gpio.o
    0x08002cc0   0x08002cc0   0x0000000c   Code   RO         2115    i.HAL_GetTick       stm32f1xx_hal.o
    0x08002ccc   0x08002ccc   0x00000010   Code   RO         2121    i.HAL_IncTick       stm32f1xx_hal.o
    0x08002cdc   0x08002cdc   0x00000024   Code   RO         2122    i.HAL_Init          stm32f1xx_hal.o
    0x08002d00   0x08002d00   0x00000040   Code   RO         2123    i.HAL_InitTick      stm32f1xx_hal.o
    0x08002d40   0x08002d40   0x0000003c   Code   RO         1768    i.HAL_MspInit       stm32f1xx_hal_msp.o
    0x08002d7c   0x08002d7c   0x0000001a   Code   RO         2605    i.HAL_NVIC_EnableIRQ  stm32f1xx_hal_cortex.o
    0x08002d96   0x08002d96   0x00000002   PAD
    0x08002d98   0x08002d98   0x00000040   Code   RO         2611    i.HAL_NVIC_SetPriority  stm32f1xx_hal_cortex.o
    0x08002dd8   0x08002dd8   0x00000024   Code   RO         2612    i.HAL_NVIC_SetPriorityGrouping  stm32f1xx_hal_cortex.o
    0x08002dfc   0x08002dfc   0x00000108   Code   RO         2386    i.HAL_RCCEx_GetPeriphCLKFreq  stm32f1xx_hal_rcc_ex.o
    0x08002f04   0x08002f04   0x0000018c   Code   RO         2387    i.HAL_RCCEx_PeriphCLKConfig  stm32f1xx_hal_rcc_ex.o
    0x08003090   0x08003090   0x00000138   Code   RO         2279    i.HAL_RCC_ClockConfig  stm32f1xx_hal_rcc.o
    0x080031c8   0x080031c8   0x00000020   Code   RO         2287    i.HAL_RCC_GetPCLK2Freq  stm32f1xx_hal_rcc.o
    0x080031e8   0x080031e8   0x0000008c   Code   RO         2288    i.HAL_RCC_GetSysClockFreq  stm32f1xx_hal_rcc.o
    0x08003274   0x08003274   0x000003d4   Code   RO         2291    i.HAL_RCC_OscConfig  stm32f1xx_hal_rcc.o
    0x08003648   0x08003648   0x00000002   Code   RO         3346    i.HAL_SPI_ErrorCallback  stm32f1xx_hal_spi.o
    0x0800364a   0x0800364a   0x00000002   PAD
    0x0800364c   0x0800364c   0x000000e0   Code   RO         3349    i.HAL_SPI_IRQHandler  stm32f1xx_hal_spi.o
    0x0800372c   0x0800372c   0x000000b2   Code   RO         3350    i.HAL_SPI_Init      stm32f1xx_hal_spi.o
    0x080037de   0x080037de   0x00000002   PAD
    0x080037e0   0x080037e0   0x000000ec   Code   RO         1543    i.HAL_SPI_MspInit   spi.o
    0x080038cc   0x080038cc   0x0000014c   Code   RO         3353    i.HAL_SPI_Receive   stm32f1xx_hal_spi.o
    0x08003a18   0x08003a18   0x0000016a   Code   RO         3358    i.HAL_SPI_Transmit  stm32f1xx_hal_spi.o
    0x08003b82   0x08003b82   0x000001e8   Code   RO         3359    i.HAL_SPI_TransmitReceive  stm32f1xx_hal_spi.o
    0x08003d6a   0x08003d6a   0x00000028   Code   RO         2616    i.HAL_SYSTICK_Config  stm32f1xx_hal_cortex.o
    0x08003d92   0x08003d92   0x00000002   Code   RO         4367    i.HAL_TIMEx_BreakCallback  stm32f1xx_hal_tim_ex.o
    0x08003d94   0x08003d94   0x00000002   Code   RO         4368    i.HAL_TIMEx_CommutCallback  stm32f1xx_hal_tim_ex.o
    0x08003d96   0x08003d96   0x00000002   PAD
    0x08003d98   0x08003d98   0x00000074   Code   RO         4386    i.HAL_TIMEx_MasterConfigSynchronization  stm32f1xx_hal_tim_ex.o
    0x08003e0c   0x08003e0c   0x0000005a   Code   RO         3663    i.HAL_TIM_Base_Init  stm32f1xx_hal_tim.o
    0x08003e66   0x08003e66   0x00000002   PAD
    0x08003e68   0x08003e68   0x00000060   Code   RO         1591    i.HAL_TIM_Base_MspInit  tim.o
    0x08003ec8   0x08003ec8   0x00000064   Code   RO         3668    i.HAL_TIM_Base_Start_IT  stm32f1xx_hal_tim.o
    0x08003f2c   0x08003f2c   0x000000dc   Code   RO         3672    i.HAL_TIM_ConfigClockSource  stm32f1xx_hal_tim.o
    0x08004008   0x08004008   0x00000002   Code   RO         3697    i.HAL_TIM_IC_CaptureCallback  stm32f1xx_hal_tim.o
    0x0800400a   0x0800400a   0x00000166   Code   RO         3711    i.HAL_TIM_IRQHandler  stm32f1xx_hal_tim.o
    0x08004170   0x08004170   0x00000002   Code   RO         3714    i.HAL_TIM_OC_DelayElapsedCallback  stm32f1xx_hal_tim.o
    0x08004172   0x08004172   0x00000002   Code   RO         3741    i.HAL_TIM_PWM_PulseFinishedCallback  stm32f1xx_hal_tim.o
    0x08004174   0x08004174   0x00000014   Code   RO         1369    i.HAL_TIM_PeriodElapsedCallback  main.o
    0x08004188   0x08004188   0x00000002   Code   RO         3754    i.HAL_TIM_TriggerCallback  stm32f1xx_hal_tim.o
    0x0800418a   0x0800418a   0x00000002   PAD
    0x0800418c   0x0800418c   0x00000058   Code   RO          998    i.Hall_Timeout      os-user.o
    0x080041e4   0x080041e4   0x00000002   Code   RO         1645    i.HardFault_Handler  stm32f1xx_it.o
    0x080041e6   0x080041e6   0x00000002   PAD
    0x080041e8   0x080041e8   0x00000058   Code   RO          999    i.IMD_Detect        os-user.o
    0x08004240   0x08004240   0x0000000c   Code   RO         1143    i.IMD_State         relay-user.o
    0x0800424c   0x0800424c   0x000000e4   Code   RO         1245    i.InitSoc           state-user.o
    0x08004330   0x08004330   0x00000026   Code   RO          629    i.LTC6813_init_cfgb  ltc681x-user.o
    0x08004356   0x08004356   0x00000016   Code   RO          630    i.LTC6813_mute      ltc681x-user.o
    0x0800436c   0x0800436c   0x00000016   Code   RO          640    i.LTC6813_unmute    ltc681x-user.o
    0x08004382   0x08004382   0x00000002   PAD
    0x08004384   0x08004384   0x00000040   Code   RO          641    i.LTC6813_wrcfg     ltc681x-user.o
    0x080043c4   0x080043c4   0x00000044   Code   RO          642    i.LTC6813_wrcfgb    ltc681x-user.o
    0x08004408   0x08004408   0x0000001e   Code   RO          643    i.LTC681x_adax      ltc681x-user.o
    0x08004426   0x08004426   0x00000022   Code   RO          644    i.LTC681x_adcv      ltc681x-user.o
    0x08004448   0x08004448   0x00000026   Code   RO          648    i.LTC681x_adow      ltc681x-user.o
    0x0800446e   0x0800446e   0x0000010a   Code   RO          651    i.LTC681x_check_pec  ltc681x-user.o
    0x08004578   0x08004578   0x00000014   Code   RO          653    i.LTC681x_clraux    ltc681x-user.o
    0x0800458c   0x0800458c   0x00000014   Code   RO          654    i.LTC681x_clrcell   ltc681x-user.o
    0x080045a0   0x080045a0   0x00000024   Code   RO          658    i.LTC681x_init_cfg  ltc681x-user.o
    0x080045c4   0x080045c4   0x00000070   Code   RO          659    i.LTC681x_pollAdc   ltc681x-user.o
    0x08004634   0x08004634   0x00000094   Code   RO          660    i.LTC681x_rdaux     ltc681x-user.o
    0x080046c8   0x080046c8   0x0000005c   Code   RO          661    i.LTC681x_rdaux_reg  ltc681x-user.o
    0x08004724   0x08004724   0x0000009a   Code   RO          663    i.LTC681x_rdcv      ltc681x-user.o
    0x080047be   0x080047be   0x00000076   Code   RO          664    i.LTC681x_rdcv_reg  ltc681x-user.o
    0x08004834   0x08004834   0x00000050   Code   RO         1453    i.MX_ADC1_Init      adc.o
    0x08004884   0x08004884   0x00000048   Code   RO         1495    i.MX_CAN1_Init      can.o
    0x080048cc   0x080048cc   0x00000048   Code   RO         1496    i.MX_CAN2_Init      can.o
    0x08004914   0x08004914   0x00000168   Code   RO         1427    i.MX_GPIO_Init      gpio.o
    0x08004a7c   0x08004a7c   0x00000048   Code   RO         1544    i.MX_SPI1_Init      spi.o
    0x08004ac4   0x08004ac4   0x00000048   Code   RO         1545    i.MX_SPI3_Init      spi.o
    0x08004b0c   0x08004b0c   0x00000068   Code   RO         1592    i.MX_TIM2_Init      tim.o
    0x08004b74   0x08004b74   0x0000006c   Code   RO         1593    i.MX_TIM3_Init      tim.o
    0x08004be0   0x08004be0   0x00000002   Code   RO         1646    i.MemManage_Handler  stm32f1xx_it.o
    0x08004be2   0x08004be2   0x00000002   PAD
    0x08004be4   0x08004be4   0x00000044   Code   RO          300    i.Module_Init       daisy-user.o
    0x08004c28   0x08004c28   0x00000002   Code   RO         1647    i.NMI_Handler       stm32f1xx_it.o
    0x08004c2a   0x08004c2a   0x0000001c   Code   RO          301    i.NO_cal            daisy-user.o
    0x08004c46   0x08004c46   0x00000002   PAD
    0x08004c48   0x08004c48   0x00000088   Code   RO         1144    i.ON_Beep           relay-user.o
    0x08004cd0   0x08004cd0   0x00000010   Code   RO         1145    i.ON_State          relay-user.o
    0x08004ce0   0x08004ce0   0x0000002c   Code   RO         1000    i.OpenVol_Check     os-user.o
    0x08004d0c   0x08004d0c   0x000002d0   Code   RO          302    i.Openwire_check    daisy-user.o
    0x08004fdc   0x08004fdc   0x00000018   Code   RO           15    i.PREAIR_State      adc-user.o
    0x08004ff4   0x08004ff4   0x0000004c   Code   RO           16    i.PRE_Voltage       adc-user.o
    0x08005040   0x08005040   0x00000002   Code   RO         1648    i.PendSV_Handler    stm32f1xx_it.o
    0x08005042   0x08005042   0x00000002   PAD
    0x08005044   0x08005044   0x00000010   Code   RO         1146    i.PrechargeAIR_OFF  relay-user.o
    0x08005054   0x08005054   0x00000010   Code   RO         1147    i.PrechargeAIR_ON   relay-user.o
    0x08005064   0x08005064   0x000002b4   Code   RO         1001    i.Precharge_Run     os-user.o
    0x08005318   0x08005318   0x00000050   Code   RO         1246    i.Precharge_detect  state-user.o
    0x08005368   0x08005368   0x00000036   Code   RO         1247    i.Precharge_relay_open  state-user.o
    0x0800539e   0x0800539e   0x00000002   PAD
    0x080053a0   0x080053a0   0x0000004c   Code   RO         1248    i.Run_detect        state-user.o
    0x080053ec   0x080053ec   0x0000000c   Code   RO         1649    i.SPI1_IRQHandler   stm32f1xx_it.o
    0x080053f8   0x080053f8   0x0000000c   Code   RO         1650    i.SPI3_IRQHandler   stm32f1xx_it.o
    0x08005404   0x08005404   0x00000010   Code   RO         3377    i.SPI_DMAAbortOnError  stm32f1xx_hal_spi.o
    0x08005414   0x08005414   0x0000005c   Code   RO         3387    i.SPI_EndRxTransaction  stm32f1xx_hal_spi.o
    0x08005470   0x08005470   0x00000020   Code   RO         3388    i.SPI_EndRxTxTransaction  stm32f1xx_hal_spi.o
    0x08005490   0x08005490   0x000000b8   Code   RO         3393    i.SPI_WaitFlagStateUntilTimeout  stm32f1xx_hal_spi.o
    0x08005548   0x08005548   0x00000002   Code   RO         1651    i.SVC_Handler       stm32f1xx_it.o
    0x0800554a   0x0800554a   0x00000002   PAD
    0x0800554c   0x0800554c   0x0000001c   Code   RO         1003    i.Slave_Measure     os-user.o
    0x08005568   0x08005568   0x00000050   Code   RO         1250    i.Standby_detect    state-user.o
    0x080055b8   0x080055b8   0x00000040   Code   RO         1004    i.State_Upgrade     os-user.o
    0x080055f8   0x080055f8   0x00000004   Code   RO         1652    i.SysTick_Handler   stm32f1xx_it.o
    0x080055fc   0x080055fc   0x00000084   Code   RO         1370    i.SystemClock_Config  main.o
    0x08005680   0x08005680   0x00000002   Code   RO         4635    i.SystemInit        system_stm32f1xx.o
    0x08005682   0x08005682   0x00000002   PAD
    0x08005684   0x08005684   0x0000000c   Code   RO         1653    i.TIM2_IRQHandler   stm32f1xx_it.o
    0x08005690   0x08005690   0x0000000c   Code   RO         1654    i.TIM3_IRQHandler   stm32f1xx_it.o
    0x0800569c   0x0800569c   0x00000078   Code   RO         3756    i.TIM_Base_SetConfig  stm32f1xx_hal_tim.o
    0x08005714   0x08005714   0x00000014   Code   RO         3767    i.TIM_ETR_SetConfig  stm32f1xx_hal_tim.o
    0x08005728   0x08005728   0x00000010   Code   RO         3768    i.TIM_ITRx_SetConfig  stm32f1xx_hal_tim.o
    0x08005738   0x08005738   0x00000022   Code   RO         3774    i.TIM_TI1_ConfigInputStage  stm32f1xx_hal_tim.o
    0x0800575a   0x0800575a   0x00000024   Code   RO         3776    i.TIM_TI2_ConfigInputStage  stm32f1xx_hal_tim.o
    0x0800577e   0x0800577e   0x00000002   PAD
    0x08005780   0x08005780   0x0000004c   Code   RO           17    i.TS_Voltage        adc-user.o
    0x080057cc   0x080057cc   0x0000002c   Code   RO         1005    i.TaskCreate        os-user.o
    0x080057f8   0x080057f8   0x00000038   Code   RO         1007    i.TaskScheduler     os-user.o
    0x08005830   0x08005830   0x0000002c   Code   RO         1008    i.TaskStatusUpdate  os-user.o
    0x0800585c   0x0800585c   0x0000006c   Code   RO          303    i.TemFind_Max_Min   daisy-user.o
    0x080058c8   0x080058c8   0x00000154   Code   RO          304    i.TemRes_Cal        daisy-user.o
    0x08005a1c   0x08005a1c   0x00000034   Code   RO          305    i.Tem_Measure       daisy-user.o
    0x08005a50   0x08005a50   0x000001d4   Code   RO          306    i.Tem_search        daisy-user.o
    0x08005c24   0x08005c24   0x000001ec   Code   RO          522    i.Threshold_Update  flash-user.o
    0x08005e10   0x08005e10   0x00000002   Code   RO         1655    i.UsageFault_Handler  stm32f1xx_it.o
    0x08005e12   0x08005e12   0x00000002   PAD
    0x08005e14   0x08005e14   0x000000b4   Code   RO         1009    i.Vol_deviance      os-user.o
    0x08005ec8   0x08005ec8   0x00000020   Code   RO         2618    i.__NVIC_SetPriority  stm32f1xx_hal_cortex.o
    0x08005ee8   0x08005ee8   0x00000024   Code   RO           18    i.adc_average       adc-user.o
    0x08005f0c   0x08005f0c   0x00000060   Code   RO           19    i.adc_read_average  adc-user.o
    0x08005f6c   0x08005f6c   0x00000058   Code   RO          194    i.can1_interal_config  can-user.o
    0x08005fc4   0x08005fc4   0x0000005c   Code   RO          195    i.can2_exteral_config  can-user.o
    0x08006020   0x08006020   0x0000002c   Code   RO         1010    i.charge_ing        os-user.o
    0x0800604c   0x0800604c   0x00000032   Code   RO          675    i.cmd_68            ltc681x-user.o
    0x0800607e   0x0800607e   0x00000002   PAD
    0x08006080   0x08006080   0x00000010   Code   RO          676    i.cs_high           ltc681x-user.o
    0x08006090   0x08006090   0x00000010   Code   RO          677    i.cs_low            ltc681x-user.o
    0x080060a0   0x080060a0   0x0000003c   Code   RO          678    i.init_PEC15_Table  ltc681x-user.o
    0x080060dc   0x080060dc   0x00000110   Code   RO         1371    i.main              main.o
    0x080061ec   0x080061ec   0x0000007e   Code   RO          679    i.parse_cells       ltc681x-user.o
    0x0800626a   0x0800626a   0x00000002   PAD
    0x0800626c   0x0800626c   0x00000040   Code   RO          680    i.pec15_calc        ltc681x-user.o
    0x080062ac   0x080062ac   0x00000170   Code   RO          308    i.save_Openwire_Temp  daisy-user.o
    0x0800641c   0x0800641c   0x000000a8   Code   RO          309    i.save_Openwire_Vol  daisy-user.o
    0x080064c4   0x080064c4   0x0000005c   Code   RO          310    i.save_Tempdata     daisy-user.o
    0x08006520   0x08006520   0x0000008c   Code   RO          311    i.save_Voldata      daisy-user.o
    0x080065ac   0x080065ac   0x00000144   Code   RO          312    i.set_Temwarning    daisy-user.o
    0x080066f0   0x080066f0   0x00000150   Code   RO          313    i.set_Volwarning    daisy-user.o
    0x08006840   0x08006840   0x00000010   Code   RO          682    i.spi_write_array   ltc681x-user.o
    0x08006850   0x08006850   0x0000002c   Code   RO          683    i.spi_write_read    ltc681x-user.o
    0x0800687c   0x0800687c   0x00000034   Code   RO          684    i.wakeup_idle       ltc681x-user.o
    0x080068b0   0x080068b0   0x0000001e   Code   RO          685    i.wakeup_sleep      ltc681x-user.o
    0x080068ce   0x080068ce   0x000000a0   Code   RO          686    i.write_68          ltc681x-user.o
    0x0800696e   0x0800696e   0x00000002   PAD
    0x08006970   0x08006970   0x00000062   Code   RO         4743    x$fpl$d2f           fz_ws.l(d2f.o)
    0x080069d2   0x080069d2   0x00000002   PAD
    0x080069d4   0x080069d4   0x00000150   Code   RO         4745    x$fpl$dadd          fz_ws.l(daddsub_clz.o)
    0x08006b24   0x08006b24   0x00000010   Code   RO         4880    x$fpl$dcheck1       fz_ws.l(dcheck1.o)
    0x08006b34   0x08006b34   0x00000018   Code   RO         4882    x$fpl$dcmpinf       fz_ws.l(dcmpi.o)
    0x08006b4c   0x08006b4c   0x000002b0   Code   RO         4752    x$fpl$ddiv          fz_ws.l(ddiv.o)
    0x08006dfc   0x08006dfc   0x00000078   Code   RO         4755    x$fpl$deqf          fz_ws.l(deqf.o)
    0x08006e74   0x08006e74   0x0000005a   Code   RO         4757    x$fpl$dfixu         fz_ws.l(dfixu.o)
    0x08006ece   0x08006ece   0x0000002e   Code   RO         4762    x$fpl$dflt          fz_ws.l(dflt_clz.o)
    0x08006efc   0x08006efc   0x00000026   Code   RO         4761    x$fpl$dfltu         fz_ws.l(dflt_clz.o)
    0x08006f22   0x08006f22   0x00000002   PAD
    0x08006f24   0x08006f24   0x00000078   Code   RO         4767    x$fpl$dleqf         fz_ws.l(dleqf.o)
    0x08006f9c   0x08006f9c   0x00000154   Code   RO         4769    x$fpl$dmul          fz_ws.l(dmul.o)
    0x080070f0   0x080070f0   0x0000009c   Code   RO         4884    x$fpl$dnaninf       fz_ws.l(dnaninf.o)
    0x0800718c   0x0800718c   0x0000000c   Code   RO         4886    x$fpl$dretinf       fz_ws.l(dretinf.o)
    0x08007198   0x08007198   0x0000006c   Code   RO         4771    x$fpl$drleqf        fz_ws.l(drleqf.o)
    0x08007204   0x08007204   0x00000016   Code   RO         4746    x$fpl$drsb          fz_ws.l(daddsub_clz.o)
    0x0800721a   0x0800721a   0x00000002   PAD
    0x0800721c   0x0800721c   0x000001d4   Code   RO         4747    x$fpl$dsub          fz_ws.l(daddsub_clz.o)
    0x080073f0   0x080073f0   0x00000056   Code   RO         4773    x$fpl$f2d           fz_ws.l(f2d.o)
    0x08007446   0x08007446   0x00000002   PAD
    0x08007448   0x08007448   0x000000c4   Code   RO         4775    x$fpl$fadd          fz_ws.l(faddsub_clz.o)
    0x0800750c   0x0800750c   0x00000184   Code   RO         4782    x$fpl$fdiv          fz_ws.l(fdiv.o)
    0x08007690   0x08007690   0x0000003e   Code   RO         4785    x$fpl$ffixu         fz_ws.l(ffixu.o)
    0x080076ce   0x080076ce   0x00000002   PAD
    0x080076d0   0x080076d0   0x00000030   Code   RO         4790    x$fpl$fflt          fz_ws.l(fflt_clz.o)
    0x08007700   0x08007700   0x00000026   Code   RO         4789    x$fpl$ffltu         fz_ws.l(fflt_clz.o)
    0x08007726   0x08007726   0x00000002   PAD
    0x08007728   0x08007728   0x00000102   Code   RO         4795    x$fpl$fmul          fz_ws.l(fmul.o)
    0x0800782a   0x0800782a   0x0000008c   Code   RO         4888    x$fpl$fnaninf       fz_ws.l(fnaninf.o)
    0x080078b6   0x080078b6   0x0000000a   Code   RO         4890    x$fpl$fretinf       fz_ws.l(fretinf.o)
    0x080078c0   0x080078c0   0x000000ea   Code   RO         4777    x$fpl$fsub          fz_ws.l(faddsub_clz.o)
    0x080079aa   0x080079aa   0x00000064   Code   RO         4934    x$fpl$retnan        fz_ws.l(retnan.o)
    0x08007a0e   0x08007a0e   0x0000005c   Code   RO         4797    x$fpl$scalbn        fz_ws.l(scalbn.o)
    0x08007a6a   0x08007a6a   0x00000030   Code   RO         4965    x$fpl$trapveneer    fz_ws.l(trapv.o)
    0x08007a9a   0x08007a9a   0x00000000   Code   RO         4892    x$fpl$usenofp       fz_ws.l(usenofp.o)
    0x08007a9a   0x08007a9a   0x00000001   Data   RO         1374    .constdata          main.o
    0x08007a9b   0x08007a9b   0x0000001e   Data   RO         2292    .constdata          stm32f1xx_hal_rcc.o
    0x08007ab9   0x08007ab9   0x0000001e   Data   RO         2388    .constdata          stm32f1xx_hal_rcc_ex.o
    0x08007ad7   0x08007ad7   0x00000010   Data   RO         4636    .constdata          system_stm32f1xx.o
    0x08007ae7   0x08007ae7   0x00000008   Data   RO         4637    .constdata          system_stm32f1xx.o
    0x08007aef   0x08007aef   0x00000001   PAD
    0x08007af0   0x08007af0   0x00000020   Data   RO         5027    Region$$Table       anon$$obj.o


    Execution Region RW_IRAM1 (Exec base: 0x20000000, Load base: 0x08007b10, Size: 0x00004390, Max: 0x00010000, ABSOLUTE, COMPRESSED[0x00000290])

    Exec Addr    Load Addr    Size         Type   Attr      Idx    E Section Name        Object

    0x20000000   COMPRESSED   0x0000000c   Data   RW          196    .data               can-user.o
    0x2000000c   COMPRESSED   0x00000254   Data   RW          315    .data               daisy-user.o
    0x20000260   COMPRESSED   0x00000006   Data   RW          688    .data               ltc681x-user.o
    0x20000266   COMPRESSED   0x00000002   PAD
    0x20000268   COMPRESSED   0x00000010   Data   RW         1021    .data               os-user.o
    0x20000278   COMPRESSED   0x00000001   Data   RW         1023    .data               os-user.o
    0x20000279   COMPRESSED   0x00000007   PAD
    0x20000280   COMPRESSED   0x000000b8   Data   RW         1251    .data               state-user.o
    0x20000338   COMPRESSED   0x00000004   Data   RW         1498    .data               can.o
    0x2000033c   COMPRESSED   0x0000000c   Data   RW         2129    .data               stm32f1xx_hal.o
    0x20000348   COMPRESSED   0x00000004   Data   RW         4638    .data               system_stm32f1xx.o
    0x2000034c   COMPRESSED   0x00000004   PAD
    0x20000350        -       0x00003158   Zero   RW          314    .bss                daisy-user.o
    0x200034a8        -       0x00000200   Zero   RW          687    .bss                ltc681x-user.o
    0x200036a8        -       0x00000014   Zero   RW         1011    .bss                os-user.o
    0x200036bc        -       0x00000014   Zero   RW         1012    .bss                os-user.o
    0x200036d0        -       0x00000014   Zero   RW         1013    .bss                os-user.o
    0x200036e4        -       0x00000014   Zero   RW         1014    .bss                os-user.o
    0x200036f8        -       0x00000014   Zero   RW         1015    .bss                os-user.o
    0x2000370c        -       0x00000014   Zero   RW         1016    .bss                os-user.o
    0x20003720        -       0x00000014   Zero   RW         1017    .bss                os-user.o
    0x20003734        -       0x00000014   Zero   RW         1018    .bss                os-user.o
    0x20003748        -       0x00000014   Zero   RW         1019    .bss                os-user.o
    0x2000375c        -       0x00000404   Zero   RW         1372    .bss                main.o
    0x20003b60        -       0x0000000a   Zero   RW         1373    .bss                main.o
    0x20003b6a   COMPRESSED   0x00000002   PAD
    0x20003b6c        -       0x00000030   Zero   RW         1454    .bss                adc.o
    0x20003b9c        -       0x00000050   Zero   RW         1497    .bss                can.o
    0x20003bec        -       0x000000b0   Zero   RW         1546    .bss                spi.o
    0x20003c9c        -       0x00000090   Zero   RW         1594    .bss                tim.o
    0x20003d2c        -       0x00000060   Zero   RW         4896    .bss                c_w.l(libspace.o)
    0x20003d8c   COMPRESSED   0x00000004   PAD
    0x20003d90        -       0x00000200   Zero   RW            2    HEAP                startup_stm32f105xc.o
    0x20003f90        -       0x00000400   Zero   RW            1    STACK               startup_stm32f105xc.o


==============================================================================

Image component sizes


      Code (inc. data)   RO Data    RW Data    ZI Data      Debug   Object Name

       356         46          0          0          0     643591   adc-user.o
       168         24          0          0         48       1833   adc.o
      1710        118          0         12          0       9311   can-user.o
       444         50          0          4         80       2722   can.o
      3918        126          0        596      12632      25015   daisy-user.o
       416         30          0          0          0       2542   data-user.o
      1156         88          0          0          0       7790   flash-user.o
       360         24          0          0          0       1151   gpio.o
      1916         76          0          6        512      23883   ltc681x-user.o
       430         94          1          0       1038       3948   main.o
      1620        110          0         17        180      11755   os-user.o
       618         90          0          0          0       7362   relay-user.o
       380         42          0          0        176       2598   spi.o
        64         26        336          0       1536        844   startup_stm32f105xc.o
      1868        124          0        184          0      10511   state-user.o
       164         28          0         12          0       7365   stm32f1xx_hal.o
      1258         54          0          0          0       7563   stm32f1xx_hal_adc.o
       216          6          0          0          0       1550   stm32f1xx_hal_adc_ex.o
      1654          6          0          0          0      14327   stm32f1xx_hal_can.o
       198         14          0          0          0      29191   stm32f1xx_hal_cortex.o
       304          8          0          0          0       1263   stm32f1xx_hal_dma.o
       504         40          0          0          0       4306   stm32f1xx_hal_gpio.o
        60          8          0          0          0        974   stm32f1xx_hal_msp.o
      1464         70         30          0          0       5217   stm32f1xx_hal_rcc.o
       660         34         30          0          0       3193   stm32f1xx_hal_rcc_ex.o
      1910          8          0          0          0      10799   stm32f1xx_hal_spi.o
      1002         34          0          0          0      10653   stm32f1xx_hal_tim.o
       120         18          0          0          0       2677   stm32f1xx_hal_tim_ex.o
       124         48          0          0          0       8637   stm32f1xx_it.o
         2          0         24          4          0       1263   system_stm32f1xx.o
       308         26          0          0        144       2583   tim.o

    ----------------------------------------------------------------------
     25432       1470        454        844      16352     866417   Object Totals
         0          0         32          0          0          0   (incl. Generated)
        60          0          1          9          6          0   (incl. Padding)

    ----------------------------------------------------------------------

      Code (inc. data)   RO Data    RW Data    ZI Data      Debug   Library Member Name

        90          0          0          0          0          0   __dczerorl2.o
         8          0          0          0          0         68   __main.o
         0          0          0          0          0          0   __rtentry.o
        12          0          0          0          0          0   __rtentry2.o
         6          0          0          0          0          0   __rtentry4.o
        52          8          0          0          0          0   __scatter.o
        28          0          0          0          0          0   __scatter_zi.o
        10          0          0          0          0         68   defsig_exit.o
        50          0          0          0          0         88   defsig_general.o
        80         58          0          0          0         76   defsig_rtmem_inner.o
        14          0          0          0          0         80   defsig_rtmem_outer.o
        18          0          0          0          0         80   exit.o
        94          0          0          0          0         80   h1_alloc.o
        52          0          0          0          0         68   h1_extend.o
        78          0          0          0          0         80   h1_free.o
        14          0          0          0          0         84   h1_init.o
         6          0          0          0          0        152   heapauxi.o
         4          0          0          0          0        136   hguard.o
         0          0          0          0          0          0   indicate_semi.o
       138          0          0          0          0        168   init_alloc.o
         2          0          0          0          0          0   libinit.o
        10          0          0          0          0          0   libinit2.o
         2          0          0          0          0          0   libshutdown.o
         2          0          0          0          0          0   libshutdown2.o
         8          4          0          0         96         68   libspace.o
       238          0          0          0          0        100   lludivv7m.o
         0          0          0          0          0          0   maybetermalloc1.o
         8          4          0          0          0         68   rt_heap_descriptor_intlibspace.o
        78          0          0          0          0         80   rt_memclr_w.o
         2          0          0          0          0          0   rtexit.o
        10          0          0          0          0          0   rtexit2.o
        12          4          0          0          0         68   sys_exit.o
        74          0          0          0          0         80   sys_stackheap_outer.o
        14          0          0          0          0         76   sys_wrch.o
         2          0          0          0          0         68   use_no_semi.o
        98          4          0          0          0         92   d2f.o
       826         16          0          0          0        348   daddsub_clz.o
        16          4          0          0          0         68   dcheck1.o
        24          0          0          0          0         68   dcmpi.o
       688        140          0          0          0        208   ddiv.o
       120          4          0          0          0         92   deqf.o
        90          4          0          0          0         92   dfixu.o
        84          0          0          0          0        136   dflt_clz.o
       120          4          0          0          0         92   dleqf.o
       340         12          0          0          0        104   dmul.o
       156          4          0          0          0         92   dnaninf.o
        12          0          0          0          0         68   dretinf.o
       108          0          0          0          0         80   drleqf.o
        86          4          0          0          0         84   f2d.o
       430          8          0          0          0        168   faddsub_clz.o
       388         76          0          0          0         96   fdiv.o
        62          4          0          0          0         84   ffixu.o
        86          0          0          0          0        136   fflt_clz.o
       258          4          0          0          0         84   fmul.o
       140          4          0          0          0         84   fnaninf.o
        10          0          0          0          0         68   fretinf.o
       100          0          0          0          0         68   retnan.o
        92          0          0          0          0         68   scalbn.o
        48          0          0          0          0         68   trapv.o
         0          0          0          0          0          0   usenofp.o

    ----------------------------------------------------------------------
      5618        370          0          0        100       4384   Library Totals
        20          0          0          0          4          0   (incl. Padding)

    ----------------------------------------------------------------------

      Code (inc. data)   RO Data    RW Data    ZI Data      Debug   Library Name

      1216         78          0          0         96       1836   c_w.l
      4382        292          0          0          0       2548   fz_ws.l

    ----------------------------------------------------------------------
      5618        370          0          0        100       4384   Library Totals

    ----------------------------------------------------------------------

==============================================================================


      Code (inc. data)   RO Data    RW Data    ZI Data      Debug   

     31050       1840        454        844      16452     856757   Grand Totals
     31050       1840        454        656      16452     856757   ELF Image Totals (compressed)
     31050       1840        454        656          0          0   ROM Totals

==============================================================================

    Total RO  Size (Code + RO Data)                31504 (  30.77kB)
    Total RW  Size (RW Data + ZI Data)             17296 (  16.89kB)
    Total ROM Size (Code + RO Data + RW Data)      32160 (  31.41kB)

==============================================================================

