*** Using Compiler 'V5.06 update 7 (build 960)', folder: 'C:\Keil_v5\ARM\ARMCC\Bin'
Build target 'HAL_BMS_Modified'
compiling tim.c...
compiling stm32f1xx_it.c...
compiling ltc681x-user.c...
compiling adc.c...
compiling os-user.c...
compiling can-user.c...
compiling data-user.c...
compiling spi.c...
compiling can.c...
compiling adc-user.c...
compiling relay-user.c...
compiling flash-user.c...
compiling gpio.c...
compiling daisy-user.c...
compiling state-user.c...
compiling main.c...
compiling stm32f1xx_hal_exti.c...
compiling stm32f1xx_hal_msp.c...
compiling stm32f1xx_hal_dma.c...
compiling stm32f1xx_hal_gpio.c...
compiling stm32f1xx_hal_cortex.c...
compiling stm32f1xx_hal_flash.c...
compiling stm32f1xx_hal_adc.c...
compiling stm32f1xx_hal_pwr.c...
compiling stm32f1xx_hal_gpio_ex.c...
compiling stm32f1xx_hal.c...
compiling stm32f1xx_hal_spi.c...
compiling stm32f1xx_hal_can.c...
compiling stm32f1xx_hal_flash_ex.c...
compiling stm32f1xx_hal_rcc_ex.c...
compiling stm32f1xx_hal_rcc.c...
compiling stm32f1xx_hal_adc_ex.c...
compiling system_stm32f1xx.c...
compiling stm32f1xx_hal_tim_ex.c...
compiling stm32f1xx_hal_tim.c...
linking...
Program Size: Code=31050 RO-data=454 RW-data=844 ZI-data=16452  
FromELF: creating hex file...
"HAL_BMS_Modified\HAL_BMS_Modified.axf" - 0 Error(s), 0 Warning(s).
Build Time Elapsed:  00:00:22
