Component: ARM Compiler 5.06 update 7 (build 960) Tool: armlink [4d3601]

==============================================================================

Section Cross References

    stm32f1xx_hal.o(i.HAL_DeInit) refers to stm32f1xx_hal.o(i.HAL_MspDeInit) for HAL_MspDeInit
    stm32f1xx_hal.o(i.HAL_Delay) refers to stm32f1xx_hal.o(i.HAL_GetTick) for HAL_GetTick
    stm32f1xx_hal.o(i.HAL_Delay) refers to stm32f1xx_hal.o(.data) for .data
    stm32f1xx_hal.o(i.HAL_GetTick) refers to stm32f1xx_hal.o(.data) for .data
    stm32f1xx_hal.o(i.HAL_GetTickFreq) refers to stm32f1xx_hal.o(.data) for .data
    stm32f1xx_hal.o(i.HAL_GetTickPrio) refers to stm32f1xx_hal.o(.data) for .data
    stm32f1xx_hal.o(i.HAL_IncTick) refers to stm32f1xx_hal.o(.data) for .data
    stm32f1xx_hal.o(i.HAL_Init) refers to stm32f1xx_hal_cortex.o(i.HAL_NVIC_SetPriorityGrouping) for HAL_NVIC_SetPriorityGrouping
    stm32f1xx_hal.o(i.HAL_Init) refers to stm32f1xx_hal.o(i.HAL_InitTick) for HAL_InitTick
    stm32f1xx_hal.o(i.HAL_Init) refers to stm32f1xx_hal_msp.o(i.HAL_MspInit) for HAL_MspInit
    stm32f1xx_hal.o(i.HAL_InitTick) refers to stm32f1xx_hal_cortex.o(i.HAL_SYSTICK_Config) for HAL_SYSTICK_Config
    stm32f1xx_hal.o(i.HAL_InitTick) refers to stm32f1xx_hal_cortex.o(i.HAL_NVIC_SetPriority) for HAL_NVIC_SetPriority
    stm32f1xx_hal.o(i.HAL_InitTick) refers to stm32f1xx_hal.o(.data) for .data
    stm32f1xx_hal.o(i.HAL_InitTick) refers to system_stm32f1xx.o(.data) for SystemCoreClock
    stm32f1xx_hal.o(i.HAL_SetTickFreq) refers to stm32f1xx_hal.o(i.HAL_InitTick) for HAL_InitTick
    stm32f1xx_hal.o(i.HAL_SetTickFreq) refers to stm32f1xx_hal.o(.data) for .data
    stm32f1xx_hal_adc.o(i.ADC_ConversionStop_Disable) refers to stm32f1xx_hal.o(i.HAL_GetTick) for HAL_GetTick
    stm32f1xx_hal_adc.o(i.ADC_DMAConvCplt) refers to stm32f1xx_hal_adc.o(i.HAL_ADC_ConvCpltCallback) for HAL_ADC_ConvCpltCallback
    stm32f1xx_hal_adc.o(i.ADC_DMAError) refers to stm32f1xx_hal_adc.o(i.HAL_ADC_ErrorCallback) for HAL_ADC_ErrorCallback
    stm32f1xx_hal_adc.o(i.ADC_DMAHalfConvCplt) refers to stm32f1xx_hal_adc.o(i.HAL_ADC_ConvHalfCpltCallback) for HAL_ADC_ConvHalfCpltCallback
    stm32f1xx_hal_adc.o(i.ADC_Enable) refers to stm32f1xx_hal.o(i.HAL_GetTick) for HAL_GetTick
    stm32f1xx_hal_adc.o(i.ADC_Enable) refers to system_stm32f1xx.o(.data) for SystemCoreClock
    stm32f1xx_hal_adc.o(i.HAL_ADC_ConfigChannel) refers to system_stm32f1xx.o(.data) for SystemCoreClock
    stm32f1xx_hal_adc.o(i.HAL_ADC_DeInit) refers to stm32f1xx_hal_adc.o(i.ADC_ConversionStop_Disable) for ADC_ConversionStop_Disable
    stm32f1xx_hal_adc.o(i.HAL_ADC_DeInit) refers to adc.o(i.HAL_ADC_MspDeInit) for HAL_ADC_MspDeInit
    stm32f1xx_hal_adc.o(i.HAL_ADC_IRQHandler) refers to stm32f1xx_hal_adc.o(i.HAL_ADC_ConvCpltCallback) for HAL_ADC_ConvCpltCallback
    stm32f1xx_hal_adc.o(i.HAL_ADC_IRQHandler) refers to stm32f1xx_hal_adc_ex.o(i.HAL_ADCEx_InjectedConvCpltCallback) for HAL_ADCEx_InjectedConvCpltCallback
    stm32f1xx_hal_adc.o(i.HAL_ADC_IRQHandler) refers to stm32f1xx_hal_adc.o(i.HAL_ADC_LevelOutOfWindowCallback) for HAL_ADC_LevelOutOfWindowCallback
    stm32f1xx_hal_adc.o(i.HAL_ADC_Init) refers to adc.o(i.HAL_ADC_MspInit) for HAL_ADC_MspInit
    stm32f1xx_hal_adc.o(i.HAL_ADC_Init) refers to stm32f1xx_hal_adc.o(i.ADC_ConversionStop_Disable) for ADC_ConversionStop_Disable
    stm32f1xx_hal_adc.o(i.HAL_ADC_PollForConversion) refers to stm32f1xx_hal.o(i.HAL_GetTick) for HAL_GetTick
    stm32f1xx_hal_adc.o(i.HAL_ADC_PollForConversion) refers to stm32f1xx_hal_rcc_ex.o(i.HAL_RCCEx_GetPeriphCLKFreq) for HAL_RCCEx_GetPeriphCLKFreq
    stm32f1xx_hal_adc.o(i.HAL_ADC_PollForConversion) refers to system_stm32f1xx.o(.data) for SystemCoreClock
    stm32f1xx_hal_adc.o(i.HAL_ADC_PollForEvent) refers to stm32f1xx_hal.o(i.HAL_GetTick) for HAL_GetTick
    stm32f1xx_hal_adc.o(i.HAL_ADC_Start) refers to stm32f1xx_hal_adc.o(i.ADC_Enable) for ADC_Enable
    stm32f1xx_hal_adc.o(i.HAL_ADC_Start_DMA) refers to stm32f1xx_hal_adc.o(i.ADC_Enable) for ADC_Enable
    stm32f1xx_hal_adc.o(i.HAL_ADC_Start_DMA) refers to stm32f1xx_hal_dma.o(i.HAL_DMA_Start_IT) for HAL_DMA_Start_IT
    stm32f1xx_hal_adc.o(i.HAL_ADC_Start_DMA) refers to stm32f1xx_hal_adc.o(i.ADC_DMAConvCplt) for ADC_DMAConvCplt
    stm32f1xx_hal_adc.o(i.HAL_ADC_Start_DMA) refers to stm32f1xx_hal_adc.o(i.ADC_DMAHalfConvCplt) for ADC_DMAHalfConvCplt
    stm32f1xx_hal_adc.o(i.HAL_ADC_Start_DMA) refers to stm32f1xx_hal_adc.o(i.ADC_DMAError) for ADC_DMAError
    stm32f1xx_hal_adc.o(i.HAL_ADC_Start_IT) refers to stm32f1xx_hal_adc.o(i.ADC_Enable) for ADC_Enable
    stm32f1xx_hal_adc.o(i.HAL_ADC_Stop) refers to stm32f1xx_hal_adc.o(i.ADC_ConversionStop_Disable) for ADC_ConversionStop_Disable
    stm32f1xx_hal_adc.o(i.HAL_ADC_Stop_DMA) refers to stm32f1xx_hal_adc.o(i.ADC_ConversionStop_Disable) for ADC_ConversionStop_Disable
    stm32f1xx_hal_adc.o(i.HAL_ADC_Stop_DMA) refers to stm32f1xx_hal_dma.o(i.HAL_DMA_Abort) for HAL_DMA_Abort
[...]
    i.HAL_TIM_IC_CaptureCallback             0x08003e44   Section        0  stm32f1xx_hal_tim.o(i.HAL_TIM_IC_CaptureCallback)
    i.HAL_TIM_IRQHandler                     0x08003e46   Section        0  stm32f1xx_hal_tim.o(i.HAL_TIM_IRQHandler)
    i.HAL_TIM_OC_DelayElapsedCallback        0x08003fac   Section        0  stm32f1xx_hal_tim.o(i.HAL_TIM_OC_DelayElapsedCallback)
    i.HAL_TIM_PWM_PulseFinishedCallback      0x08003fae   Section        0  stm32f1xx_hal_tim.o(i.HAL_TIM_PWM_PulseFinishedCallback)
    i.HAL_TIM_PeriodElapsedCallback          0x08003fb0   Section        0  main.o(i.HAL_TIM_PeriodElapsedCallback)
    i.HAL_TIM_TriggerCallback                0x08003fc4   Section        0  stm32f1xx_hal_tim.o(i.HAL_TIM_TriggerCallback)
    i.HardFault_Handler                      0x08003fc6   Section        0  stm32f1xx_it.o(i.HardFault_Handler)
    i.LTC6813_init_cfgb                      0x08003fc8   Section        0  ltc681x-user.o(i.LTC6813_init_cfgb)
    i.LTC6813_mute                           0x08003ff6   Section        0  ltc681x-user.o(i.LTC6813_mute)
    i.LTC6813_unmute                         0x0800400c   Section        0  ltc681x-user.o(i.LTC6813_unmute)
    i.LTC6813_wrcfg                          0x08004024   Section        0  ltc681x-user.o(i.LTC6813_wrcfg)
    i.LTC6813_wrcfgb                         0x0800406c   Section        0  ltc681x-user.o(i.LTC6813_wrcfgb)
    i.LTC681x_adax                           0x080040b8   Section        0  ltc681x-user.o(i.LTC681x_adax)
    i.LTC681x_adcv                           0x080040d6   Section        0  ltc681x-user.o(i.LTC681x_adcv)
    i.LTC681x_adow                           0x080040f8   Section        0  ltc681x-user.o(i.LTC681x_adow)
    i.LTC681x_check_pec                      0x08004120   Section        0  ltc681x-user.o(i.LTC681x_check_pec)
    i.LTC681x_clraux                         0x08004258   Section        0  ltc681x-user.o(i.LTC681x_clraux)
    i.LTC681x_clrcell                        0x0800426c   Section        0  ltc681x-user.o(i.LTC681x_clrcell)
    i.LTC681x_init_cfg                       0x08004280   Section        0  ltc681x-user.o(i.LTC681x_init_cfg)
    i.LTC681x_pollAdc                        0x080042b0   Section        0  ltc681x-user.o(i.LTC681x_pollAdc)
    i.LTC681x_rdaux                          0x0800431c   Section        0  ltc681x-user.o(i.LTC681x_rdaux)
    i.LTC681x_rdaux_reg                      0x080043c4   Section        0  ltc681x-user.o(i.LTC681x_rdaux_reg)
    i.LTC681x_rdcv                           0x08004420   Section        0  ltc681x-user.o(i.LTC681x_rdcv)
    i.LTC681x_rdcv_reg                       0x080044ca   Section        0  ltc681x-user.o(i.LTC681x_rdcv_reg)
    i.MX_ADC1_Init                           0x08004540   Section        0  adc.o(i.MX_ADC1_Init)
    i.MX_CAN1_Init                           0x08004590   Section        0  can.o(i.MX_CAN1_Init)
    i.MX_CAN2_Init                           0x080045d8   Section        0  can.o(i.MX_CAN2_Init)
    i.MX_GPIO_Init                           0x08004620   Section        0  gpio.o(i.MX_GPIO_Init)
    i.MX_SPI1_Init                           0x08004770   Section        0  spi.o(i.MX_SPI1_Init)
    i.MX_SPI3_Init                           0x080047b8   Section        0  spi.o(i.MX_SPI3_Init)
    i.MX_TIM2_Init                           0x08004800   Section        0  tim.o(i.MX_TIM2_Init)
    i.MX_TIM3_Init                           0x08004868   Section        0  tim.o(i.MX_TIM3_Init)
    i.MemManage_Handler                      0x080048d4   Section        0  stm32f1xx_it.o(i.MemManage_Handler)
    i.Module_Init                            0x080048d6   Section        0  daisy-user.o(i.Module_Init)
    i.NMI_Handler                            0x0800491a   Section        0  stm32f1xx_it.o(i.NMI_Handler)
    i.NO_cal                                 0x0800491c   Section        0  daisy-user.o(i.NO_cal)
    i.ON_Beep                                0x0800493c   Section        0  relay-user.o(i.ON_Beep)
    i.ON_State                               0x080049c4   Section        0  relay-user.o(i.ON_State)
    i.OpenVol_Check                          0x080049d4   Section        0  os-user.o(i.OpenVol_Check)
    i.Openwire_check                         0x08004a00   Section        0  daisy-user.o(i.Openwire_check)
    i.PREAIR_State                           0x08004c9c   Section        0  adc-user.o(i.PREAIR_State)
    i.PRE_Voltage                            0x08004cb4   Section        0  adc-user.o(i.PRE_Voltage)
    i.PendSV_Handler                         0x08004d08   Section        0  stm32f1xx_it.o(i.PendSV_Handler)
    i.PrechargeAIR_OFF                       0x08004d0c   Section        0  relay-user.o(i.PrechargeAIR_OFF)
    i.PrechargeAIR_ON                        0x08004d1c   Section        0  relay-user.o(i.PrechargeAIR_ON)
    i.Precharge_Run                          0x08004d2c   Section        0  os-user.o(i.Precharge_Run)
    i.Precharge_detect                       0x08004f90   Section        0  state-user.o(i.Precharge_detect)
    i.Precharge_relay_open                   0x08004fe0   Section        0  state-user.o(i.Precharge_relay_open)
    i.Run_detect                             0x08005018   Section        0  state-user.o(i.Run_detect)
    i.SPI1_IRQHandler                        0x08005068   Section        0  stm32f1xx_it.o(i.SPI1_IRQHandler)
    i.SPI3_IRQHandler                        0x08005074   Section        0  stm32f1xx_it.o(i.SPI3_IRQHandler)
    i.SPI_DMAAbortOnError                    0x08005080   Section        0  stm32f1xx_hal_spi.o(i.SPI_DMAAbortOnError)
    SPI_DMAAbortOnError                      0x08005081   Thumb Code    16  stm32f1xx_hal_spi.o(i.SPI_DMAAbortOnError)
    i.SPI_EndRxTransaction                   0x08005090   Section        0  stm32f1xx_hal_spi.o(i.SPI_EndRxTransaction)
    SPI_EndRxTransaction                     0x08005091   Thumb Code    92  stm32f1xx_hal_spi.o(i.SPI_EndRxTransaction)
    i.SPI_EndRxTxTransaction                 0x080050ec   Section        0  stm32f1xx_hal_spi.o(i.SPI_EndRxTxTransaction)
    SPI_EndRxTxTransaction                   0x080050ed   Thumb Code    32  stm32f1xx_hal_spi.o(i.SPI_EndRxTxTransaction)
    i.SPI_WaitFlagStateUntilTimeout          0x0800510c   Section        0  stm32f1xx_hal_spi.o(i.SPI_WaitFlagStateUntilTimeout)
    SPI_WaitFlagStateUntilTimeout            0x0800510d   Thumb Code   180  stm32f1xx_hal_spi.o(i.SPI_WaitFlagStateUntilTimeout)
    i.SVC_Handler                            0x080051c4   Section        0  stm32f1xx_it.o(i.SVC_Handler)
    i.Slave_Measure                          0x080051c6   Section        0  os-user.o(i.Slave_Measure)
    i.Standby_detect                         0x080051dc   Section        0  state-user.o(i.Standby_detect)
    i.State_Upgrade                          0x0800522c   Section        0  os-user.o(i.State_Upgrade)
    i.SysTick_Handler                        0x0800526c   Section        0  stm32f1xx_it.o(i.SysTick_Handler)
    i.SystemClock_Config                     0x08005270   Section        0  main.o(i.SystemClock_Config)
    i.SystemInit                             0x080052f4   Section        0  system_stm32f1xx.o(i.SystemInit)
    i.TIM2_IRQHandler                        0x080052f8   Section        0  stm32f1xx_it.o(i.TIM2_IRQHandler)
    i.TIM3_IRQHandler                        0x08005304   Section        0  stm32f1xx_it.o(i.TIM3_IRQHandler)
    i.TIM_Base_SetConfig                     0x08005310   Section        0  stm32f1xx_hal_tim.o(i.TIM_Base_SetConfig)
    i.TIM_ETR_SetConfig                      0x0800538c   Section        0  stm32f1xx_hal_tim.o(i.TIM_ETR_SetConfig)
    i.TIM_ITRx_SetConfig                     0x080053a0   Section        0  stm32f1xx_hal_tim.o(i.TIM_ITRx_SetConfig)
    TIM_ITRx_SetConfig                       0x080053a1   Thumb Code    16  stm32f1xx_hal_tim.o(i.TIM_ITRx_SetConfig)
    i.TIM_TI1_ConfigInputStage               0x080053b0   Section        0  stm32f1xx_hal_tim.o(i.TIM_TI1_ConfigInputStage)
    TIM_TI1_ConfigInputStage                 0x080053b1   Thumb Code    34  stm32f1xx_hal_tim.o(i.TIM_TI1_ConfigInputStage)
    i.TIM_TI2_ConfigInputStage               0x080053d2   Section        0  stm32f1xx_hal_tim.o(i.TIM_TI2_ConfigInputStage)
    TIM_TI2_ConfigInputStage                 0x080053d3   Thumb Code    36  stm32f1xx_hal_tim.o(i.TIM_TI2_ConfigInputStage)
    i.TS_Voltage                             0x080053f8   Section        0  adc-user.o(i.TS_Voltage)
    i.TaskCreate                             0x0800544c   Section        0  os-user.o(i.TaskCreate)
    i.TaskScheduler                          0x08005478   Section        0  os-user.o(i.TaskScheduler)
    i.TaskStatusUpdate                       0x080054b0   Section        0  os-user.o(i.TaskStatusUpdate)
    i.TemFind_Max_Min                        0x080054dc   Section        0  daisy-user.o(i.TemFind_Max_Min)
    i.TemRes_Cal                             0x08005560   Section        0  daisy-user.o(i.TemRes_Cal)
    i.Tem_Measure                            0x0800568c   Section        0  daisy-user.o(i.Tem_Measure)
    i.Tem_search                             0x080056c0   Section        0  daisy-user.o(i.Tem_search)
    i.Threshold_Update                       0x08005848   Section        0  flash-user.o(i.Threshold_Update)
    i.UsageFault_Handler                     0x08005a30   Section        0  stm32f1xx_it.o(i.UsageFault_Handler)
    i.Vol_deviance                           0x08005a34   Section        0  os-user.o(i.Vol_deviance)
    i.__NVIC_SetPriority                     0x08005acc   Section        0  stm32f1xx_hal_cortex.o(i.__NVIC_SetPriority)
    __NVIC_SetPriority                       0x08005acd   Thumb Code    32  stm32f1xx_hal_cortex.o(i.__NVIC_SetPriority)
    i.__scatterload_copy                     0x08005aec   Section       14  handlers.o(i.__scatterload_copy)
    i.__scatterload_null                     0x08005afa   Section        2  handlers.o(i.__scatterload_null)
    i.__scatterload_zeroinit                 0x08005afc   Section       14  handlers.o(i.__scatterload_zeroinit)
    i.adc_average                            0x08005b0c   Section        0  adc-user.o(i.adc_average)
    i.adc_read_average                       0x08005b30   Section        0  adc-user.o(i.adc_read_average)
    i.can1_interal_config                    0x08005b90   Section        0  can-user.o(i.can1_interal_config)
    i.cmd_68                                 0x08005be8   Section        0  ltc681x-user.o(i.cmd_68)
    i.cs_high                                0x08005c1c   Section        0  ltc681x-user.o(i.cs_high)
    i.cs_low                                 0x08005c2c   Section        0  ltc681x-user.o(i.cs_low)
    i.free                                   0x08005c3c   Section        0  malloc.o(i.free)
    i.init_PEC15_Table                       0x08005c8c   Section        0  ltc681x-user.o(i.init_PEC15_Table)
    i.main                                   0x08005ccc   Section        0  main.o(i.main)
    i.malloc                                 0x08005da0   Section        0  malloc.o(i.malloc)
    i.parse_cells                            0x08005e0c   Section        0  ltc681x-user.o(i.parse_cells)
    i.pec15_calc                             0x08005e8c   Section        0  ltc681x-user.o(i.pec15_calc)
    i.save_Openwire_Temp                     0x08005ecc   Section        0  daisy-user.o(i.save_Openwire_Temp)
    i.save_Openwire_Vol                      0x08005f98   Section        0  daisy-user.o(i.save_Openwire_Vol)
    i.save_Tempdata                          0x0800602e   Section        0  daisy-user.o(i.save_Tempdata)
    i.save_Voldata                           0x08006090   Section        0  daisy-user.o(i.save_Voldata)
    i.set_Temwarning                         0x08006124   Section        0  daisy-user.o(i.set_Temwarning)
    i.set_Volwarning                         0x08006268   Section        0  daisy-user.o(i.set_Volwarning)
    i.spi_write_array                        0x080063b8   Section        0  ltc681x-user.o(i.spi_write_array)
    i.spi_write_read                         0x080063c8   Section        0  ltc681x-user.o(i.spi_write_read)
    i.wakeup_idle                            0x080063f4   Section        0  ltc681x-user.o(i.wakeup_idle)
    i.wakeup_sleep                           0x0800642c   Section        0  ltc681x-user.o(i.wakeup_sleep)
    i.write_68                               0x0800644a   Section        0  ltc681x-user.o(i.write_68)
    .constdata                               0x080064ec   Section       30  stm32f1xx_hal_rcc.o(.constdata)
    aPLLMULFactorTable                       0x080064ec   Data          14  stm32f1xx_hal_rcc.o(.constdata)
    aPredivFactorTable                       0x080064fa   Data          16  stm32f1xx_hal_rcc.o(.constdata)
    .constdata                               0x0800650a   Section       30  stm32f1xx_hal_rcc_ex.o(.constdata)
    aPLLMULFactorTable                       0x0800650a   Data          14  stm32f1xx_hal_rcc_ex.o(.constdata)
    aPredivFactorTable                       0x08006518   Data          16  stm32f1xx_hal_rcc_ex.o(.constdata)
    .constdata                               0x08006528   Section        1  main.o(.constdata)
    .constdata                               0x08006529   Section       16  system_stm32f1xx.o(.constdata)
    .constdata                               0x08006539   Section        8  system_stm32f1xx.o(.constdata)
    .data                                    0x20000000   Section       12  stm32f1xx_hal.o(.data)
    .data                                    0x2000000c   Section        8  can-user.o(.data)
    threshold_id                             0x2000000e   Data           2  can-user.o(.data)
    temp_threshold                           0x20000010   Data           4  can-user.o(.data)
    .data                                    0x20000014   Section        4  can.o(.data)
    HAL_RCC_CAN1_CLK_ENABLED                 0x20000014   Data           4  can.o(.data)
    .data                                    0x20000018   Section      464  daisy-user.o(.data)
    OV_error                                 0x20000018   Data           1  daisy-user.o(.data)
    UV_error                                 0x20000019   Data           1  daisy-user.o(.data)
    ODV_error                                0x2000001a   Data           1  daisy-user.o(.data)
    OT_error                                 0x2000001b   Data           1  daisy-user.o(.data)
    UT_error                                 0x2000001c   Data           1  daisy-user.o(.data)
    ODT_error                                0x2000001d   Data           1  daisy-user.o(.data)
    nError_OPTemp                            0x2000001e   Data           1  daisy-user.o(.data)
    nError_OPVol                             0x2000001f   Data           1  daisy-user.o(.data)
    .data                                    0x200001e8   Section        6  ltc681x-user.o(.data)
    .data                                    0x200001f0   Section       12  os-user.o(.data)
    Vol_deverror                             0x200001f1   Data           1  os-user.o(.data)
    first_in                                 0x200001f2   Data           1  os-user.o(.data)
    delay_sec                                0x200001f3   Data           1  os-user.o(.data)
    .data                                    0x200001fc   Section        2  state-user.o(.data)
    .data                                    0x20000200   Section        4  system_stm32f1xx.o(.data)
    .data                                    0x20000204   Section        4  mvars.o(.data)
    .data                                    0x20000208   Section        4  mvars.o(.data)
    .bss                                     0x2000020c   Section       48  adc.o(.bss)
    .bss                                     0x2000023c   Section       80  can.o(.bss)
    .bss                                     0x2000028c   Section     6624  daisy-user.o(.bss)
    .bss                                     0x20001c6c   Section      512  ltc681x-user.o(.bss)
    .bss                                     0x20001e6c   Section      480  main.o(.bss)
    .bss                                     0x2000204c   Section       10  main.o(.bss)
    .bss                                     0x20002058   Section       20  os-user.o(.bss)
    .bss                                     0x2000206c   Section       20  os-user.o(.bss)
    .bss                                     0x20002080   Section       20  os-user.o(.bss)
    .bss                                     0x20002094   Section       20  os-user.o(.bss)
    .bss                                     0x200020a8   Section       20  os-user.o(.bss)
    .bss                                     0x200020bc   Section       20  os-user.o(.bss)
    .bss                                     0x200020d0   Section      176  spi.o(.bss)
    .bss                                     0x20002180   Section      144  tim.o(.bss)
    HEAP                                     0x20002210   Section      512  startup_stm32f105xc.o(HEAP)
    STACK                                    0x20002410   Section     1024  startup_stm32f105xc.o(STACK)

    Global Symbols

    Symbol Name                              Value     Ov Type        Size  Object(Section)

    BuildAttributes$$THM_ISAv4$P$D$K$B$S$PE$A:L22UL41UL21$X:L11$S22US41US21$IEEE1$IW$USESV6$~STKCKD$USESV7$~SHL$OTIME$ROPI$EBA8$MICROLIB$REQ8$PRES8$EABIv2 0x00000000   Number         0  anon$$obj.o ABSOLUTE
    __ARM_use_no_argv                        0x00000000   Number         0  main.o ABSOLUTE
    __arm_fini_                               - Undefined Weak Reference
    __cpp_initialize__aeabi_                  - Undefined Weak Reference
    __cxa_finalize                            - Undefined Weak Reference
    _clock_init                               - Undefined Weak Reference
    _microlib_exit                            - Undefined Weak Reference
    __Vectors_Size                           0x00000150   Number         0  startup_stm32f105xc.o ABSOLUTE
    __Vectors                                0x08000000   Data           4  startup_stm32f105xc.o(RESET)
    __Vectors_End                            0x08000150   Data           0  startup_stm32f105xc.o(RESET)
    __main                                   0x08000151   Thumb Code     0  entry.o(.ARM.Collect$$$$00000000)
    _main_stk                                0x08000151   Thumb Code     0  entry2.o(.ARM.Collect$$$$00000001)
    _main_scatterload                        0x08000155   Thumb Code     0  entry5.o(.ARM.Collect$$$$00000004)
    __main_after_scatterload                 0x08000159   Thumb Code     0  entry5.o(.ARM.Collect$$$$00000004)
    _main_clock                              0x08000159   Thumb Code     0  entry7b.o(.ARM.Collect$$$$00000008)
    _main_cpp_init                           0x08000159   Thumb Code     0  entry8b.o(.ARM.Collect$$$$0000000A)
    _main_init                               0x08000159   Thumb Code     0  entry9a.o(.ARM.Collect$$$$0000000B)
    __rt_lib_shutdown_fini                   0x08000161   Thumb Code     0  entry12b.o(.ARM.Collect$$$$0000000E)
    __rt_final_cpp                           0x08000165   Thumb Code     0  entry10a.o(.ARM.Collect$$$$0000000F)
    __rt_final_exit                          0x08000165   Thumb Code     0  entry11a.o(.ARM.Collect$$$$00000011)
    Reset_Handler                            0x08000169   Thumb Code     8  startup_stm32f105xc.o(.text)
    ADC1_2_IRQHandler                        0x08000183   Thumb Code     0  startup_stm32f105xc.o(.text)
    CAN1_RX1_IRQHandler                      0x08000183   Thumb Code     0  startup_stm32f105xc.o(.text)
    CAN1_SCE_IRQHandler                      0x08000183   Thumb Code     0  startup_stm32f105xc.o(.text)
    CAN2_RX0_IRQHandler                      0x08000183   Thumb Code     0  startup_stm32f105xc.o(.text)
    CAN2_SCE_IRQHandler                      0x08000183   Thumb Code     0  startup_stm32f105xc.o(.text)
    DMA1_Channel1_IRQHandler                 0x08000183   Thumb Code     0  startup_stm32f105xc.o(.text)
    DMA1_Channel2_IRQHandler                 0x08000183   Thumb Code     0  startup_stm32f105xc.o(.text)
    DMA1_Channel3_IRQHandler                 0x08000183   Thumb Code     0  startup_stm32f105xc.o(.text)
    DMA1_Channel4_IRQHandler                 0x08000183   Thumb Code     0  startup_stm32f105xc.o(.text)
    DMA1_Channel5_IRQHandler                 0x08000183   Thumb Code     0  startup_stm32f105xc.o(.text)
    DMA1_Channel6_IRQHandler                 0x08000183   Thumb Code     0  startup_stm32f105xc.o(.text)
    DMA1_Channel7_IRQHandler                 0x08000183   Thumb Code     0  startup_stm32f105xc.o(.text)
    DMA2_Channel1_IRQHandler                 0x08000183   Thumb Code     0  startup_stm32f105xc.o(.text)
    DMA2_Channel2_IRQHandler                 0x08000183   Thumb Code     0  startup_stm32f105xc.o(.text)
    DMA2_Channel3_IRQHandler                 0x08000183   Thumb Code     0  startup_stm32f105xc.o(.text)
    DMA2_Channel4_IRQHandler                 0x08000183   Thumb Code     0  startup_stm32f105xc.o(.text)
    DMA2_Channel5_IRQHandler                 0x08000183   Thumb Code     0  startup_stm32f105xc.o(.text)
    EXTI0_IRQHandler                         0x08000183   Thumb Code     0  startup_stm32f105xc.o(.text)
    EXTI15_10_IRQHandler                     0x08000183   Thumb Code     0  startup_stm32f105xc.o(.text)
    EXTI1_IRQHandler                         0x08000183   Thumb Code     0  startup_stm32f105xc.o(.text)
    EXTI2_IRQHandler                         0x08000183   Thumb Code     0  startup_stm32f105xc.o(.text)
    EXTI3_IRQHandler                         0x08000183   Thumb Code     0  startup_stm32f105xc.o(.text)
    EXTI4_IRQHandler                         0x08000183   Thumb Code     0  startup_stm32f105xc.o(.text)
    FLASH_IRQHandler                         0x08000183   Thumb Code     0  startup_stm32f105xc.o(.text)
    I2C1_ER_IRQHandler                       0x08000183   Thumb Code     0  startup_stm32f105xc.o(.text)
    I2C1_EV_IRQHandler                       0x08000183   Thumb Code     0  startup_stm32f105xc.o(.text)
    I2C2_ER_IRQHandler                       0x08000183   Thumb Code     0  startup_stm32f105xc.o(.text)
    I2C2_EV_IRQHandler                       0x08000183   Thumb Code     0  startup_stm32f105xc.o(.text)
    OTG_FS_IRQHandler                        0x08000183   Thumb Code     0  startup_stm32f105xc.o(.text)
    OTG_FS_WKUP_IRQHandler                   0x08000183   Thumb Code     0  startup_stm32f105xc.o(.text)
    PVD_IRQHandler                           0x08000183   Thumb Code     0  startup_stm32f105xc.o(.text)
    RCC_IRQHandler                           0x08000183   Thumb Code     0  startup_stm32f105xc.o(.text)
    RTC_Alarm_IRQHandler                     0x08000183   Thumb Code     0  startup_stm32f105xc.o(.text)
    RTC_IRQHandler                           0x08000183   Thumb Code     0  startup_stm32f105xc.o(.text)
    SPI2_IRQHandler                          0x08000183   Thumb Code     0  startup_stm32f105xc.o(.text)
    TAMPER_IRQHandler                        0x08000183   Thumb Code     0  startup_stm32f105xc.o(.text)
    TIM1_BRK_IRQHandler                      0x08000183   Thumb Code     0  startup_stm32f105xc.o(.text)
    TIM1_CC_IRQHandler                       0x08000183   Thumb Code     0  startup_stm32f105xc.o(.text)
    TIM1_TRG_COM_IRQHandler                  0x08000183   Thumb Code     0  startup_stm32f105xc.o(.text)
    TIM1_UP_IRQHandler                       0x08000183   Thumb Code     0  startup_stm32f105xc.o(.text)
    TIM4_IRQHandler                          0x08000183   Thumb Code     0  startup_stm32f105xc.o(.text)
    TIM5_IRQHandler                          0x08000183   Thumb Code     0  startup_stm32f105xc.o(.text)
    TIM6_IRQHandler                          0x08000183   Thumb Code     0  startup_stm32f105xc.o(.text)
    TIM7_IRQHandler                          0x08000183   Thumb Code     0  startup_stm32f105xc.o(.text)
    UART4_IRQHandler                         0x08000183   Thumb Code     0  startup_stm32f105xc.o(.text)
    UART5_IRQHandler                         0x08000183   Thumb Code     0  startup_stm32f105xc.o(.text)
    USART1_IRQHandler                        0x08000183   Thumb Code     0  startup_stm32f105xc.o(.text)
    USART2_IRQHandler                        0x08000183   Thumb Code     0  startup_stm32f105xc.o(.text)
    USART3_IRQHandler                        0x08000183   Thumb Code     0  startup_stm32f105xc.o(.text)
    WWDG_IRQHandler                          0x08000183   Thumb Code     0  startup_stm32f105xc.o(.text)
    __aeabi_uldivmod                         0x0800018d   Thumb Code    98  uldiv.o(.text)
    __aeabi_llsr                             0x080001ef   Thumb Code    32  llushr.o(.text)
    _ll_ushift_r                             0x080001ef   Thumb Code     0  llushr.o(.text)
    __aeabi_memset                           0x0800020f   Thumb Code    14  memseta.o(.text)
    __aeabi_memset4                          0x0800020f   Thumb Code     0  memseta.o(.text)
    __aeabi_memset8                          0x0800020f   Thumb Code     0  memseta.o(.text)
    __aeabi_memclr                           0x0800021d   Thumb Code     4  memseta.o(.text)
    __aeabi_memclr4                          0x0800021d   Thumb Code     0  memseta.o(.text)
    __aeabi_memclr8                          0x0800021d   Thumb Code     0  memseta.o(.text)
    _memset$wrapper                          0x08000221   Thumb Code    18  memseta.o(.text)
    __aeabi_fadd                             0x08000233   Thumb Code   164  fadd.o(.text)
    __aeabi_fsub                             0x080002d7   Thumb Code     6  fadd.o(.text)
    __aeabi_frsub                            0x080002dd   Thumb Code     6  fadd.o(.text)
    __aeabi_fmul                             0x080002e3   Thumb Code   100  fmul.o(.text)
    __aeabi_fdiv                             0x08000347   Thumb Code   124  fdiv.o(.text)
    __aeabi_dmul                             0x080003c3   Thumb Code   228  dmul.o(.text)
    __aeabi_ddiv                             0x080004a7   Thumb Code   222  ddiv.o(.text)
    __ARM_scalbn                             0x08000585   Thumb Code    46  dscalb.o(.text)
    scalbn                                   0x08000585   Thumb Code     0  dscalb.o(.text)
    __aeabi_i2f                              0x080005b3   Thumb Code    18  fflti.o(.text)
    __aeabi_ui2f                             0x080005c5   Thumb Code    10  ffltui.o(.text)
    __aeabi_i2d                              0x080005cf   Thumb Code    34  dflti.o(.text)
    __aeabi_ui2d                             0x080005f1   Thumb Code    26  dfltui.o(.text)
    __aeabi_f2uiz                            0x0800060b   Thumb Code    40  ffixui.o(.text)
    __aeabi_cdcmpeq                          0x08000635   Thumb Code     0  cdcmple.o(.text)
    __aeabi_cdcmple                          0x08000635   Thumb Code    48  cdcmple.o(.text)
    __aeabi_cdrcmple                         0x08000665   Thumb Code    48  cdrcmple.o(.text)
    __aeabi_d2f                              0x08000695   Thumb Code    56  d2f.o(.text)
    __aeabi_cfcmpeq                          0x080006cd   Thumb Code     0  cfcmple.o(.text)
    __aeabi_cfcmple                          0x080006cd   Thumb Code    20  cfcmple.o(.text)
    __aeabi_cfrcmple                         0x080006e1   Thumb Code    20  cfrcmple.o(.text)
    __aeabi_llsl                             0x080006f5   Thumb Code    30  llshl.o(.text)
    _ll_shift_l                              0x080006f5   Thumb Code     0  llshl.o(.text)
    __I$use$fp                               0x08000713   Thumb Code     0  iusefp.o(.text)
    _float_round                             0x08000713   Thumb Code    18  fepilogue.o(.text)
    _float_epilogue                          0x08000725   Thumb Code    92  fepilogue.o(.text)
    _double_round                            0x08000781   Thumb Code    30  depilogue.o(.text)
    _double_epilogue                         0x0800079f   Thumb Code   156  depilogue.o(.text)
    __scatterload                            0x0800083d   Thumb Code    28  init.o(.text)
    __scatterload_rt2                        0x0800083d   Thumb Code     0  init.o(.text)
    __decompress                             0x08000861   Thumb Code     0  __dczerorl2.o(.text)
    __decompress1                            0x08000861   Thumb Code    86  __dczerorl2.o(.text)
    ADC_ConversionStop_Disable               0x080008b9   Thumb Code    86  stm32f1xx_hal_adc.o(i.ADC_ConversionStop_Disable)
    ADC_Enable                               0x08000911   Thumb Code   114  stm32f1xx_hal_adc.o(i.ADC_Enable)
    AIRN_OFF                                 0x0800098d   Thumb Code    12  relay-user.o(i.AIRN_OFF)
    AIRN_ON                                  0x0800099d   Thumb Code    10  relay-user.o(i.AIRN_ON)
    AIRN_State                               0x080009ad   Thumb Code    20  adc-user.o(i.AIRN_State)
    AIRP_OFF                                 0x080009c5   Thumb Code    12  relay-user.o(i.AIRP_OFF)
    AIRP_ON                                  0x080009d5   Thumb Code    10  relay-user.o(i.AIRP_ON)
    AIRP_State                               0x080009e5   Thumb Code    20  adc-user.o(i.AIRP_State)
    AIRS_OFF                                 0x080009fd   Thumb Code    18  relay-user.o(i.AIRS_OFF)
    BMS_Can                                  0x08000a11   Thumb Code    18  os-user.o(i.BMS_Can)
    BMS_Charge                               0x08000a29   Thumb Code    16  state-user.o(i.BMS_Charge)
    BMS_Charge_Done                          0x08000a3d   Thumb Code    34  state-user.o(i.BMS_Charge_Done)
    BMS_Manual_mode                          0x08000a65   Thumb Code   324  state-user.o(i.BMS_Manual_mode)
    BMS_Run                                  0x08000bb1   Thumb Code   190  state-user.o(i.BMS_Run)
    BMS_SDC_Off                              0x08000c7d   Thumb Code    48  state-user.o(i.BMS_SDC_Off)
    BMS_SelfTest                             0x08000cb5   Thumb Code   218  state-user.o(i.BMS_SelfTest)
    BMS_Standby                              0x08000d99   Thumb Code   110  state-user.o(i.BMS_Standby)
    BMS_StateMachine                         0x08000e15   Thumb Code    56  state-user.o(i.BMS_StateMachine)
    BusFault_Handler                         0x08000e51   Thumb Code     2  stm32f1xx_it.o(i.BusFault_Handler)
    CAN1_RX0_IRQHandler                      0x08000e55   Thumb Code     6  stm32f1xx_it.o(i.CAN1_RX0_IRQHandler)
    CAN1_TX_IRQHandler                       0x08000e61   Thumb Code     6  stm32f1xx_it.o(i.CAN1_TX_IRQHandler)
    CAN2_RX1_IRQHandler                      0x08000e6d   Thumb Code     6  stm32f1xx_it.o(i.CAN2_RX1_IRQHandler)
    CAN2_TX_IRQHandler                       0x08000e79   Thumb Code     6  stm32f1xx_it.o(i.CAN2_TX_IRQHandler)
    CV_Find_Max_Min                          0x08000e85   Thumb Code   150  daisy-user.o(i.CV_Find_Max_Min)
    CV_Measure                               0x08000f1b   Thumb Code    82  daisy-user.o(i.CV_Measure)
    CV_Transfer                              0x08000f6d   Thumb Code    88  daisy-user.o(i.CV_Transfer)
    Can_Send_Data                            0x08000fc5   Thumb Code   200  can-user.o(i.Can_Send_Data)
    Can_Send_Msg                             0x08001095   Thumb Code   102  can-user.o(i.Can_Send_Msg)
    Can_Send_Package                         0x08001105   Thumb Code    50  can-user.o(i.Can_Send_Package)
    Charge_detect                            0x08001139   Thumb Code   180  state-user.o(i.Charge_detect)
    Current_detect                           0x080011f9   Thumb Code   190  os-user.o(i.Current_detect)
    DaisyTem                                 0x080012bd   Thumb Code    86  daisy-user.o(i.DaisyTem)
    DaisyVol                                 0x08001325   Thumb Code    82  daisy-user.o(i.DaisyVol)
    Daisy_Init                               0x08001389   Thumb Code   104  daisy-user.o(i.Daisy_Init)
    Data_Init                                0x080013fd   Thumb Code   322  data-user.o(i.Data_Init)
    DebugMon_Handler                         0x08001551   Thumb Code     2  stm32f1xx_it.o(i.DebugMon_Handler)
    EXTI9_5_IRQHandler                       0x08001553   Thumb Code     8  stm32f1xx_it.o(i.EXTI9_5_IRQHandler)
    Error                                    0x0800155d   Thumb Code    50  relay-user.o(i.Error)
    Error_Handler                            0x080015a1   Thumb Code     4  main.o(i.Error_Handler)
    Fans_OFF                                 0x080015a5   Thumb Code    12  relay-user.o(i.Fans_OFF)
    Fans_ON                                  0x080015b5   Thumb Code    10  relay-user.o(i.Fans_ON)
    Flash_GetStatus                          0x080015c5   Thumb Code    64  flash-user.o(i.Flash_GetStatus)
    Flash_Read                               0x08001611   Thumb Code    80  flash-user.o(i.Flash_Read)
    Flash_Read_Errormute                     0x08001669   Thumb Code    10  flash-user.o(i.Flash_Read_Errormute)
    Flash_Read_Init_Flag                     0x08001679   Thumb Code    22  flash-user.o(i.Flash_Read_Init_Flag)
    Flash_SE                                 0x08001695   Thumb Code    74  flash-user.o(i.Flash_SE)
    Flash_WREN                               0x080016e9   Thumb Code    46  flash-user.o(i.Flash_WREN)
    Flash_Wait_Busy                          0x08001725   Thumb Code    14  flash-user.o(i.Flash_Wait_Busy)
    Flash_Write                              0x08001735   Thumb Code   206  flash-user.o(i.Flash_Write)
    Flash_Write_Errormute                    0x0800180d   Thumb Code    22  flash-user.o(i.Flash_Write_Errormute)
    Flash_Write_Init_Flag                    0x08001829   Thumb Code    24  flash-user.o(i.Flash_Write_Init_Flag)
    Flash_Write_SOC                          0x08001845   Thumb Code    34  flash-user.o(i.Flash_Write_SOC)
    Flash_Write_Threshold                    0x0800186d   Thumb Code    24  flash-user.o(i.Flash_Write_Threshold)
    HAL_ADCEx_Calibration_Start              0x08001889   Thumb Code   210  stm32f1xx_hal_adc_ex.o(i.HAL_ADCEx_Calibration_Start)
    HAL_ADC_ConfigChannel                    0x08001961   Thumb Code   240  stm32f1xx_hal_adc.o(i.HAL_ADC_ConfigChannel)
    HAL_ADC_GetState                         0x08001a5d   Thumb Code     4  stm32f1xx_hal_adc.o(i.HAL_ADC_GetState)
    HAL_ADC_GetValue                         0x08001a61   Thumb Code     6  stm32f1xx_hal_adc.o(i.HAL_ADC_GetValue)
    HAL_ADC_Init                             0x08001a69   Thumb Code   272  stm32f1xx_hal_adc.o(i.HAL_ADC_Init)
    HAL_ADC_MspInit                          0x08001b85   Thumb Code    74  adc.o(i.HAL_ADC_MspInit)
    HAL_ADC_PollForConversion                0x08001bdd   Thumb Code   304  stm32f1xx_hal_adc.o(i.HAL_ADC_PollForConversion)
    HAL_ADC_Start                            0x08001d19   Thumb Code   184  stm32f1xx_hal_adc.o(i.HAL_ADC_Start)
    HAL_CAN_ActivateNotification             0x08001dd9   Thumb Code    36  stm32f1xx_hal_can.o(i.HAL_CAN_ActivateNotification)
    HAL_CAN_AddTxMessage                     0x08001dfd   Thumb Code   208  stm32f1xx_hal_can.o(i.HAL_CAN_AddTxMessage)
    HAL_CAN_ConfigFilter                     0x08001ecd   Thumb Code   262  stm32f1xx_hal_can.o(i.HAL_CAN_ConfigFilter)
    HAL_CAN_ErrorCallback                    0x08001fd9   Thumb Code     2  stm32f1xx_hal_can.o(i.HAL_CAN_ErrorCallback)
    HAL_CAN_GetRxMessage                     0x08001fdb   Thumb Code   244  stm32f1xx_hal_can.o(i.HAL_CAN_GetRxMessage)
    HAL_CAN_IRQHandler                       0x080020cf   Thumb Code   508  stm32f1xx_hal_can.o(i.HAL_CAN_IRQHandler)
    HAL_CAN_Init                             0x080022cb   Thumb Code   282  stm32f1xx_hal_can.o(i.HAL_CAN_Init)
    HAL_CAN_MspInit                          0x080023e5   Thumb Code   270  can.o(i.HAL_CAN_MspInit)
    HAL_CAN_RxFifo0FullCallback              0x08002511   Thumb Code     2  stm32f1xx_hal_can.o(i.HAL_CAN_RxFifo0FullCallback)
    HAL_CAN_RxFifo0MsgPendingCallback        0x08002515   Thumb Code   362  can-user.o(i.HAL_CAN_RxFifo0MsgPendingCallback)
    HAL_CAN_RxFifo1FullCallback              0x08002691   Thumb Code     2  stm32f1xx_hal_can.o(i.HAL_CAN_RxFifo1FullCallback)
    HAL_CAN_RxFifo1MsgPendingCallback        0x08002695   Thumb Code   116  can-user.o(i.HAL_CAN_RxFifo1MsgPendingCallback)
    HAL_CAN_SleepCallback                    0x08002719   Thumb Code     2  stm32f1xx_hal_can.o(i.HAL_CAN_SleepCallback)
    HAL_CAN_Start                            0x0800271d   Thumb Code    88  stm32f1xx_hal_can.o(i.HAL_CAN_Start)
    HAL_CAN_TxMailbox0AbortCallback          0x08002775   Thumb Code     2  stm32f1xx_hal_can.o(i.HAL_CAN_TxMailbox0AbortCallback)
    HAL_CAN_TxMailbox0CompleteCallback       0x08002777   Thumb Code     2  stm32f1xx_hal_can.o(i.HAL_CAN_TxMailbox0CompleteCallback)
    HAL_CAN_TxMailbox1AbortCallback          0x08002779   Thumb Code     2  stm32f1xx_hal_can.o(i.HAL_CAN_TxMailbox1AbortCallback)
    HAL_CAN_TxMailbox1CompleteCallback       0x0800277b   Thumb Code     2  stm32f1xx_hal_can.o(i.HAL_CAN_TxMailbox1CompleteCallback)
    HAL_CAN_TxMailbox2AbortCallback          0x0800277d   Thumb Code     2  stm32f1xx_hal_can.o(i.HAL_CAN_TxMailbox2AbortCallback)
    HAL_CAN_TxMailbox2CompleteCallback       0x0800277f   Thumb Code     2  stm32f1xx_hal_can.o(i.HAL_CAN_TxMailbox2CompleteCallback)
    HAL_CAN_WakeUpFromRxMsgCallback          0x08002781   Thumb Code     2  stm32f1xx_hal_can.o(i.HAL_CAN_WakeUpFromRxMsgCallback)
    HAL_DMA_Abort_IT                         0x08002785   Thumb Code   296  stm32f1xx_hal_dma.o(i.HAL_DMA_Abort_IT)
    HAL_Delay                                0x080028b5   Thumb Code    32  stm32f1xx_hal.o(i.HAL_Delay)
    HAL_GPIO_EXTI_Callback                   0x080028d9   Thumb Code     2  main.o(i.HAL_GPIO_EXTI_Callback)
    HAL_GPIO_EXTI_IRQHandler                 0x080028dd   Thumb Code    18  stm32f1xx_hal_gpio.o(i.HAL_GPIO_EXTI_IRQHandler)
    HAL_GPIO_Init                            0x080028f5   Thumb Code   446  stm32f1xx_hal_gpio.o(i.HAL_GPIO_Init)
    HAL_GPIO_ReadPin                         0x08002ad5   Thumb Code    10  stm32f1xx_hal_gpio.o(i.HAL_GPIO_ReadPin)
    HAL_GPIO_WritePin                        0x08002adf   Thumb Code    10  stm32f1xx_hal_gpio.o(i.HAL_GPIO_WritePin)
    HAL_GetTick                              0x08002ae9   Thumb Code     6  stm32f1xx_hal.o(i.HAL_GetTick)
    HAL_IncTick                              0x08002af5   Thumb Code    12  stm32f1xx_hal.o(i.HAL_IncTick)
    HAL_Init                                 0x08002b05   Thumb Code    32  stm32f1xx_hal.o(i.HAL_Init)
    HAL_InitTick                             0x08002b29   Thumb Code    54  stm32f1xx_hal.o(i.HAL_InitTick)
    HAL_MspInit                              0x08002b69   Thumb Code    52  stm32f1xx_hal_msp.o(i.HAL_MspInit)
    HAL_NVIC_EnableIRQ                       0x08002ba5   Thumb Code    26  stm32f1xx_hal_cortex.o(i.HAL_NVIC_EnableIRQ)
    HAL_NVIC_SetPriority                     0x08002bc1   Thumb Code    60  stm32f1xx_hal_cortex.o(i.HAL_NVIC_SetPriority)
    HAL_NVIC_SetPriorityGrouping             0x08002c01   Thumb Code    26  stm32f1xx_hal_cortex.o(i.HAL_NVIC_SetPriorityGrouping)
    HAL_RCCEx_GetPeriphCLKFreq               0x08002c25   Thumb Code   246  stm32f1xx_hal_rcc_ex.o(i.HAL_RCCEx_GetPeriphCLKFreq)
    HAL_RCCEx_PeriphCLKConfig                0x08002d2d   Thumb Code   374  stm32f1xx_hal_rcc_ex.o(i.HAL_RCCEx_PeriphCLKConfig)
    HAL_RCC_ClockConfig                      0x08002eb5   Thumb Code   280  stm32f1xx_hal_rcc.o(i.HAL_RCC_ClockConfig)
    HAL_RCC_GetPCLK2Freq                     0x08002fe1   Thumb Code    20  stm32f1xx_hal_rcc.o(i.HAL_RCC_GetPCLK2Freq)
    HAL_RCC_GetSysClockFreq                  0x08003001   Thumb Code   122  stm32f1xx_hal_rcc.o(i.HAL_RCC_GetSysClockFreq)
    HAL_RCC_OscConfig                        0x0800308d   Thumb Code   974  stm32f1xx_hal_rcc.o(i.HAL_RCC_OscConfig)
    HAL_SPI_ErrorCallback                    0x08003471   Thumb Code     2  stm32f1xx_hal_spi.o(i.HAL_SPI_ErrorCallback)
    HAL_SPI_IRQHandler                       0x08003475   Thumb Code   220  stm32f1xx_hal_spi.o(i.HAL_SPI_IRQHandler)
    HAL_SPI_Init                             0x08003555   Thumb Code   178  stm32f1xx_hal_spi.o(i.HAL_SPI_Init)
    HAL_SPI_MspInit                          0x08003609   Thumb Code   212  spi.o(i.HAL_SPI_MspInit)
    HAL_SPI_Receive                          0x080036f5   Thumb Code   342  stm32f1xx_hal_spi.o(i.HAL_SPI_Receive)
    HAL_SPI_Transmit                         0x0800384b   Thumb Code   366  stm32f1xx_hal_spi.o(i.HAL_SPI_Transmit)
    HAL_SPI_TransmitReceive                  0x080039b9   Thumb Code   494  stm32f1xx_hal_spi.o(i.HAL_SPI_TransmitReceive)
    HAL_SYSTICK_Config                       0x08003ba7   Thumb Code    40  stm32f1xx_hal_cortex.o(i.HAL_SYSTICK_Config)
    HAL_TIMEx_BreakCallback                  0x08003bcf   Thumb Code     2  stm32f1xx_hal_tim_ex.o(i.HAL_TIMEx_BreakCallback)
    HAL_TIMEx_CommutCallback                 0x08003bd1   Thumb Code     2  stm32f1xx_hal_tim_ex.o(i.HAL_TIMEx_CommutCallback)
    HAL_TIMEx_MasterConfigSynchronization    0x08003bd5   Thumb Code    98  stm32f1xx_hal_tim_ex.o(i.HAL_TIMEx_MasterConfigSynchronization)
    HAL_TIM_Base_Init                        0x08003c49   Thumb Code    90  stm32f1xx_hal_tim.o(i.HAL_TIM_Base_Init)
    HAL_TIM_Base_MspInit                     0x08003ca5   Thumb Code    86  tim.o(i.HAL_TIM_Base_MspInit)
    HAL_TIM_Base_Start_IT                    0x08003d05   Thumb Code    82  stm32f1xx_hal_tim.o(i.HAL_TIM_Base_Start_IT)
    HAL_TIM_ConfigClockSource                0x08003d69   Thumb Code   220  stm32f1xx_hal_tim.o(i.HAL_TIM_ConfigClockSource)
    HAL_TIM_IC_CaptureCallback               0x08003e45   Thumb Code     2  stm32f1xx_hal_tim.o(i.HAL_TIM_IC_CaptureCallback)
    HAL_TIM_IRQHandler                       0x08003e47   Thumb Code   358  stm32f1xx_hal_tim.o(i.HAL_TIM_IRQHandler)
    HAL_TIM_OC_DelayElapsedCallback          0x08003fad   Thumb Code     2  stm32f1xx_hal_tim.o(i.HAL_TIM_OC_DelayElapsedCallback)
    HAL_TIM_PWM_PulseFinishedCallback        0x08003faf   Thumb Code     2  stm32f1xx_hal_tim.o(i.HAL_TIM_PWM_PulseFinishedCallback)
    HAL_TIM_PeriodElapsedCallback            0x08003fb1   Thumb Code    16  main.o(i.HAL_TIM_PeriodElapsedCallback)
    HAL_TIM_TriggerCallback                  0x08003fc5   Thumb Code     2  stm32f1xx_hal_tim.o(i.HAL_TIM_TriggerCallback)
    HardFault_Handler                        0x08003fc7   Thumb Code     2  stm32f1xx_it.o(i.HardFault_Handler)
    LTC6813_init_cfgb                        0x08003fc9   Thumb Code    46  ltc681x-user.o(i.LTC6813_init_cfgb)
    LTC6813_mute                             0x08003ff7   Thumb Code    22  ltc681x-user.o(i.LTC6813_mute)
    LTC6813_unmute                           0x0800400d   Thumb Code    22  ltc681x-user.o(i.LTC6813_unmute)
    LTC6813_wrcfg                            0x08004025   Thumb Code    68  ltc681x-user.o(i.LTC6813_wrcfg)
    LTC6813_wrcfgb                           0x0800406d   Thumb Code    70  ltc681x-user.o(i.LTC6813_wrcfgb)
    LTC681x_adax                             0x080040b9   Thumb Code    30  ltc681x-user.o(i.LTC681x_adax)
    LTC681x_adcv                             0x080040d7   Thumb Code    34  ltc681x-user.o(i.LTC681x_adcv)
    LTC681x_adow                             0x080040f9   Thumb Code    38  ltc681x-user.o(i.LTC681x_adow)
    LTC681x_check_pec                        0x08004121   Thumb Code   310  ltc681x-user.o(i.LTC681x_check_pec)
    LTC681x_clraux                           0x08004259   Thumb Code    16  ltc681x-user.o(i.LTC681x_clraux)
    LTC681x_clrcell                          0x0800426d   Thumb Code    16  ltc681x-user.o(i.LTC681x_clrcell)
    LTC681x_init_cfg                         0x08004281   Thumb Code    46  ltc681x-user.o(i.LTC681x_init_cfg)
    LTC681x_pollAdc                          0x080042b1   Thumb Code    98  ltc681x-user.o(i.LTC681x_pollAdc)
    LTC681x_rdaux                            0x0800431d   Thumb Code   168  ltc681x-user.o(i.LTC681x_rdaux)
    LTC681x_rdaux_reg                        0x080043c5   Thumb Code    92  ltc681x-user.o(i.LTC681x_rdaux_reg)
    LTC681x_rdcv                             0x08004421   Thumb Code   170  ltc681x-user.o(i.LTC681x_rdcv)
    LTC681x_rdcv_reg                         0x080044cb   Thumb Code   118  ltc681x-user.o(i.LTC681x_rdcv_reg)
    MX_ADC1_Init                             0x08004541   Thumb Code    70  adc.o(i.MX_ADC1_Init)
    MX_CAN1_Init                             0x08004591   Thumb Code    62  can.o(i.MX_CAN1_Init)
    MX_CAN2_Init                             0x080045d9   Thumb Code    62  can.o(i.MX_CAN2_Init)
    MX_GPIO_Init                             0x08004621   Thumb Code   312  gpio.o(i.MX_GPIO_Init)
    MX_SPI1_Init                             0x08004771   Thumb Code    64  spi.o(i.MX_SPI1_Init)
    MX_SPI3_Init                             0x080047b9   Thumb Code    62  spi.o(i.MX_SPI3_Init)
    MX_TIM2_Init                             0x08004801   Thumb Code    98  tim.o(i.MX_TIM2_Init)
    MX_TIM3_Init                             0x08004869   Thumb Code    98  tim.o(i.MX_TIM3_Init)
    MemManage_Handler                        0x080048d5   Thumb Code     2  stm32f1xx_it.o(i.MemManage_Handler)
    Module_Init                              0x080048d7   Thumb Code    68  daisy-user.o(i.Module_Init)
    NMI_Handler                              0x0800491b   Thumb Code     2  stm32f1xx_it.o(i.NMI_Handler)
    NO_cal                                   0x0800491d   Thumb Code    30  daisy-user.o(i.NO_cal)
    ON_Beep                                  0x0800493d   Thumb Code   132  relay-user.o(i.ON_Beep)
    ON_State                                 0x080049c5   Thumb Code    10  relay-user.o(i.ON_State)
    OpenVol_Check                            0x080049d5   Thumb Code    30  os-user.o(i.OpenVol_Check)
    Openwire_check                           0x08004a01   Thumb Code   648  daisy-user.o(i.Openwire_check)
    PREAIR_State                             0x08004c9d   Thumb Code    18  adc-user.o(i.PREAIR_State)
    PRE_Voltage                              0x08004cb5   Thumb Code    68  adc-user.o(i.PRE_Voltage)
    PendSV_Handler                           0x08004d09   Thumb Code     2  stm32f1xx_it.o(i.PendSV_Handler)
    PrechargeAIR_OFF                         0x08004d0d   Thumb Code    12  relay-user.o(i.PrechargeAIR_OFF)
    PrechargeAIR_ON                          0x08004d1d   Thumb Code    10  relay-user.o(i.PrechargeAIR_ON)
    Precharge_Run                            0x08004d2d   Thumb Code   594  os-user.o(i.Precharge_Run)
    Precharge_detect                         0x08004f91   Thumb Code    76  state-user.o(i.Precharge_detect)
    Precharge_relay_open                     0x08004fe1   Thumb Code    54  state-user.o(i.Precharge_relay_open)
    Run_detect                               0x08005019   Thumb Code    76  state-user.o(i.Run_detect)
    SPI1_IRQHandler                          0x08005069   Thumb Code     6  stm32f1xx_it.o(i.SPI1_IRQHandler)
    SPI3_IRQHandler                          0x08005075   Thumb Code     6  stm32f1xx_it.o(i.SPI3_IRQHandler)
    SVC_Handler                              0x080051c5   Thumb Code     2  stm32f1xx_it.o(i.SVC_Handler)
    Slave_Measure                            0x080051c7   Thumb Code    20  os-user.o(i.Slave_Measure)
    Standby_detect                           0x080051dd   Thumb Code    76  state-user.o(i.Standby_detect)
    State_Upgrade                            0x0800522d   Thumb Code    60  os-user.o(i.State_Upgrade)
    SysTick_Handler                          0x0800526d   Thumb Code     4  stm32f1xx_it.o(i.SysTick_Handler)
    SystemClock_Config                       0x08005271   Thumb Code   128  main.o(i.SystemClock_Config)
    SystemInit                               0x080052f5   Thumb Code     2  system_stm32f1xx.o(i.SystemInit)
    TIM2_IRQHandler                          0x080052f9   Thumb Code     6  stm32f1xx_it.o(i.TIM2_IRQHandler)
    TIM3_IRQHandler                          0x08005305   Thumb Code     6  stm32f1xx_it.o(i.TIM3_IRQHandler)
    TIM_Base_SetConfig                       0x08005311   Thumb Code   106  stm32f1xx_hal_tim.o(i.TIM_Base_SetConfig)
    TIM_ETR_SetConfig                        0x0800538d   Thumb Code    20  stm32f1xx_hal_tim.o(i.TIM_ETR_SetConfig)
    TS_Voltage                               0x080053f9   Thumb Code    68  adc-user.o(i.TS_Voltage)
    TaskCreate                               0x0800544d   Thumb Code    40  os-user.o(i.TaskCreate)
    TaskScheduler                            0x08005479   Thumb Code    50  os-user.o(i.TaskScheduler)
    TaskStatusUpdate                         0x080054b1   Thumb Code    38  os-user.o(i.TaskStatusUpdate)
    TemFind_Max_Min                          0x080054dd   Thumb Code   130  daisy-user.o(i.TemFind_Max_Min)
    TemRes_Cal                               0x08005561   Thumb Code   296  daisy-user.o(i.TemRes_Cal)
    Tem_Measure                              0x0800568d   Thumb Code    52  daisy-user.o(i.Tem_Measure)
    Tem_search                               0x080056c1   Thumb Code   386  daisy-user.o(i.Tem_search)
    Threshold_Update                         0x08005849   Thumb Code   480  flash-user.o(i.Threshold_Update)
    UsageFault_Handler                       0x08005a31   Thumb Code     2  stm32f1xx_it.o(i.UsageFault_Handler)
    Vol_deviance                             0x08005a35   Thumb Code   142  os-user.o(i.Vol_deviance)
    __scatterload_copy                       0x08005aed   Thumb Code    14  handlers.o(i.__scatterload_copy)
    __scatterload_null                       0x08005afb   Thumb Code     2  handlers.o(i.__scatterload_null)
    __scatterload_zeroinit                   0x08005afd   Thumb Code    14  handlers.o(i.__scatterload_zeroinit)
    adc_average                              0x08005b0d   Thumb Code    32  adc-user.o(i.adc_average)
    adc_read_average                         0x08005b31   Thumb Code    92  adc-user.o(i.adc_read_average)
    can1_interal_config                      0x08005b91   Thumb Code    78  can-user.o(i.can1_interal_config)
    cmd_68                                   0x08005be9   Thumb Code    50  ltc681x-user.o(i.cmd_68)
    cs_high                                  0x08005c1d   Thumb Code    10  ltc681x-user.o(i.cs_high)
    cs_low                                   0x08005c2d   Thumb Code    10  ltc681x-user.o(i.cs_low)
    free                                     0x08005c3d   Thumb Code    76  malloc.o(i.free)
    init_PEC15_Table                         0x08005c8d   Thumb Code    54  ltc681x-user.o(i.init_PEC15_Table)
    main                                     0x08005ccd   Thumb Code   150  main.o(i.main)
    malloc                                   0x08005da1   Thumb Code    92  malloc.o(i.malloc)
    parse_cells                              0x08005e0d   Thumb Code   126  ltc681x-user.o(i.parse_cells)
    pec15_calc                               0x08005e8d   Thumb Code    56  ltc681x-user.o(i.pec15_calc)
    save_Openwire_Temp                       0x08005ecd   Thumb Code   200  daisy-user.o(i.save_Openwire_Temp)
    save_Openwire_Vol                        0x08005f99   Thumb Code   150  daisy-user.o(i.save_Openwire_Vol)
    save_Tempdata                            0x0800602f   Thumb Code    98  daisy-user.o(i.save_Tempdata)
    save_Voldata                             0x08006091   Thumb Code   146  daisy-user.o(i.save_Voldata)
    set_Temwarning                           0x08006125   Thumb Code   314  daisy-user.o(i.set_Temwarning)
    set_Volwarning                           0x08006269   Thumb Code   326  daisy-user.o(i.set_Volwarning)
    spi_write_array                          0x080063b9   Thumb Code    12  ltc681x-user.o(i.spi_write_array)
    spi_write_read                           0x080063c9   Thumb Code    38  ltc681x-user.o(i.spi_write_read)
    wakeup_idle                              0x080063f5   Thumb Code    50  ltc681x-user.o(i.wakeup_idle)
    wakeup_sleep                             0x0800642d   Thumb Code    30  ltc681x-user.o(i.wakeup_sleep)
    write_68                                 0x0800644b   Thumb Code   162  ltc681x-user.o(i.write_68)
    Beep_mute                                0x08006528   Data           1  main.o(.constdata)
    AHBPrescTable                            0x08006529   Data          16  system_stm32f1xx.o(.constdata)
    APBPrescTable                            0x08006539   Data           8  system_stm32f1xx.o(.constdata)
    Region$$Table$$Base                      0x08006544   Number         0  anon$$obj.o(Region$$Table)
    Region$$Table$$Limit                     0x08006564   Number         0  anon$$obj.o(Region$$Table)
    uwTickFreq                               0x20000000   Data           1  stm32f1xx_hal.o(.data)
    uwTickPrio                               0x20000004   Data           4  stm32f1xx_hal.o(.data)
    uwTick                                   0x20000008   Data           4  stm32f1xx_hal.o(.data)
    charge_cur_count                         0x2000000c   Data           1  can-user.o(.data)
    MaxCellVoltage                           0x20000020   Data           2  daisy-user.o(.data)
    MaxVoltageCellNO                         0x20000022   Data           2  daisy-user.o(.data)
    MinCellVoltage                           0x20000024   Data           2  daisy-user.o(.data)
    MinVoltageCellNO                         0x20000026   Data           2  daisy-user.o(.data)
    MaxCellTem                               0x20000028   Data           2  daisy-user.o(.data)
    MaxTempCellNO                            0x2000002a   Data           2  daisy-user.o(.data)
    MinCellTem                               0x2000002c   Data           2  daisy-user.o(.data)
    MinTempCellNO                            0x2000002e   Data           2  daisy-user.o(.data)
    conv_time_Openwire                       0x20000030   Data           4  daisy-user.o(.data)
    n_Cell                                   0x20000034   Data           8  daisy-user.o(.data)
    Tem                                      0x2000003c   Data         142  daisy-user.o(.data)
    Standard_Res                             0x200000cc   Data         284  daisy-user.o(.data)
    CRC15_POLY                               0x200001e8   Data           2  ltc681x-user.o(.data)
    re                                       0x200001ea   Data           2  ltc681x-user.o(.data)
    address                                  0x200001ec   Data           2  ltc681x-user.o(.data)
    Hall_Count                               0x200001f0   Data           1  os-user.o(.data)
    taskManager                              0x200001f4   Data           8  os-user.o(.data)
    ChargeMachine_Count                      0x200001fc   Data           1  state-user.o(.data)
    PreChargeFail_Count                      0x200001fd   Data           1  state-user.o(.data)
    SystemCoreClock                          0x20000200   Data           4  system_stm32f1xx.o(.data)
    __microlib_freelist                      0x20000204   Data           4  mvars.o(.data)
    __microlib_freelist_initialised          0x20000208   Data           4  mvars.o(.data)
    hadc1                                    0x2000020c   Data          48  adc.o(.bss)
    hcan1                                    0x2000023c   Data          40  can.o(.bss)
    hcan2                                    0x20000264   Data          40  can.o(.bss)
    Module                                   0x2000028c   Data        1056  daisy-user.o(.bss)
    IC                                       0x200006ac   Data        1856  daisy-user.o(.bss)
    tempIC_a                                 0x20000dec   Data        1856  daisy-user.o(.bss)
    tempIC_b                                 0x2000152c   Data        1856  daisy-user.o(.bss)
    pec15Table                               0x20001c6c   Data         512  ltc681x-user.o(.bss)
    E03                                      0x20001e6c   Data         480  main.o(.bss)
    adc                                      0x2000204c   Data          10  main.o(.bss)
    Precharge_Run_Handle                     0x20002058   Data          20  os-user.o(.bss)
    BMS_StateMachine_Handle                  0x2000206c   Data          20  os-user.o(.bss)
    State_Upgrade_Handle                     0x20002080   Data          20  os-user.o(.bss)
    Slave_Measure_Handle                     0x20002094   Data          20  os-user.o(.bss)
    OpenVol_Check_Handle                     0x200020a8   Data          20  os-user.o(.bss)
    BMS_Can_Handle                           0x200020bc   Data          20  os-user.o(.bss)
    hspi1                                    0x200020d0   Data          88  spi.o(.bss)
    hspi3                                    0x20002128   Data          88  spi.o(.bss)
    htim2                                    0x20002180   Data          72  tim.o(.bss)
    htim3                                    0x200021c8   Data          72  tim.o(.bss)
    __heap_base                              0x20002210   Data           0  startup_stm32f105xc.o(HEAP)
    __heap_limit                             0x20002410   Data           0  startup_stm32f105xc.o(HEAP)
    __initial_sp                             0x20002810   Data           0  startup_stm32f105xc.o(STACK)



==============================================================================

Memory Map of the image

  Image Entry point : 0x08000151

  Load Region LR_IROM1 (Base: 0x08000000, Size: 0x00006770, Max: 0x00040000, ABSOLUTE, COMPRESSED[0x00006720])

    Execution Region ER_IROM1 (Base: 0x08000000, Size: 0x00006564, Max: 0x00040000, ABSOLUTE)

    Base Addr    Size         Type   Attr      Idx    E Section Name        Object

    0x08000000   0x00000150   Data   RO         2941    RESET               startup_stm32f105xc.o
    0x08000150   0x00000000   Code   RO         4633  * .ARM.Collect$$$$00000000  mc_w.l(entry.o)
    0x08000150   0x00000004   Code   RO         4702    .ARM.Collect$$$$00000001  mc_w.l(entry2.o)
    0x08000154   0x00000004   Code   RO         4705    .ARM.Collect$$$$00000004  mc_w.l(entry5.o)
    0x08000158   0x00000000   Code   RO         4707    .ARM.Collect$$$$00000008  mc_w.l(entry7b.o)
    0x08000158   0x00000000   Code   RO         4709    .ARM.Collect$$$$0000000A  mc_w.l(entry8b.o)
    0x08000158   0x00000008   Code   RO         4710    .ARM.Collect$$$$0000000B  mc_w.l(entry9a.o)
    0x08000160   0x00000004   Code   RO         4717    .ARM.Collect$$$$0000000E  mc_w.l(entry12b.o)
    0x08000164   0x00000000   Code   RO         4712    .ARM.Collect$$$$0000000F  mc_w.l(entry10a.o)
    0x08000164   0x00000000   Code   RO         4714    .ARM.Collect$$$$00000011  mc_w.l(entry11a.o)
    0x08000164   0x00000004   Code   RO         4703    .ARM.Collect$$$$00002712  mc_w.l(entry2.o)
    0x08000168   0x00000024   Code   RO         2942    .text               startup_stm32f105xc.o
    0x0800018c   0x00000062   Code   RO         4636    .text               mc_w.l(uldiv.o)
    0x080001ee   0x00000020   Code   RO         4638    .text               mc_w.l(llushr.o)
    0x0800020e   0x00000024   Code   RO         4640    .text               mc_w.l(memseta.o)
    0x08000232   0x000000b0   Code   RO         4670    .text               mf_w.l(fadd.o)
    0x080002e2   0x00000064   Code   RO         4672    .text               mf_w.l(fmul.o)
    0x08000346   0x0000007c   Code   RO         4674    .text               mf_w.l(fdiv.o)
    0x080003c2   0x000000e4   Code   RO         4676    .text               mf_w.l(dmul.o)
    0x080004a6   0x000000de   Code   RO         4678    .text               mf_w.l(ddiv.o)
    0x08000584   0x0000002e   Code   RO         4680    .text               mf_w.l(dscalb.o)
    0x080005b2   0x00000012   Code   RO         4682    .text               mf_w.l(fflti.o)
    0x080005c4   0x0000000a   Code   RO         4684    .text               mf_w.l(ffltui.o)
    0x080005ce   0x00000022   Code   RO         4686    .text               mf_w.l(dflti.o)
    0x080005f0   0x0000001a   Code   RO         4688    .text               mf_w.l(dfltui.o)
    0x0800060a   0x00000028   Code   RO         4690    .text               mf_w.l(ffixui.o)
    0x08000632   0x00000002   PAD
    0x08000634   0x00000030   Code   RO         4692    .text               mf_w.l(cdcmple.o)
    0x08000664   0x00000030   Code   RO         4694    .text               mf_w.l(cdrcmple.o)
    0x08000694   0x00000038   Code   RO         4696    .text               mf_w.l(d2f.o)
    0x080006cc   0x00000014   Code   RO         4698    .text               mf_w.l(cfcmple.o)
    0x080006e0   0x00000014   Code   RO         4700    .text               mf_w.l(cfrcmple.o)
    0x080006f4   0x0000001e   Code   RO         4718    .text               mc_w.l(llshl.o)
    0x08000712   0x00000000   Code   RO         4726    .text               mc_w.l(iusefp.o)
    0x08000712   0x0000006e   Code   RO         4727    .text               mf_w.l(fepilogue.o)
    0x08000780   0x000000ba   Code   RO         4729    .text               mf_w.l(depilogue.o)
    0x0800083a   0x00000002   PAD
    0x0800083c   0x00000024   Code   RO         4731    .text               mc_w.l(init.o)
    0x08000860   0x00000056   Code   RO         4741    .text               mc_w.l(__dczerorl2.o)
    0x080008b6   0x00000002   PAD
    0x080008b8   0x00000056   Code   RO          270    i.ADC_ConversionStop_Disable  stm32f1xx_hal_adc.o
    0x0800090e   0x00000002   PAD
    0x08000910   0x0000007c   Code   RO          274    i.ADC_Enable        stm32f1xx_hal_adc.o
    0x0800098c   0x00000010   Code   RO         4132    i.AIRN_OFF          relay-user.o
    0x0800099c   0x00000010   Code   RO         4133    i.AIRN_ON           relay-user.o
    0x080009ac   0x00000018   Code   RO         2949    i.AIRN_State        adc-user.o
    0x080009c4   0x00000010   Code   RO         4134    i.AIRP_OFF          relay-user.o
    0x080009d4   0x00000010   Code   RO         4135    i.AIRP_ON           relay-user.o
    0x080009e4   0x00000018   Code   RO         2950    i.AIRP_State        adc-user.o
    0x080009fc   0x00000012   Code   RO         4136    i.AIRS_OFF          relay-user.o
    0x08000a0e   0x00000002   PAD
    0x08000a10   0x00000018   Code   RO         4000    i.BMS_Can           os-user.o
    0x08000a28   0x00000014   Code   RO         4273    i.BMS_Charge        state-user.o
    0x08000a3c   0x00000028   Code   RO         4274    i.BMS_Charge_Done   state-user.o
    0x08000a64   0x0000014c   Code   RO         4276    i.BMS_Manual_mode   state-user.o
    0x08000bb0   0x000000cc   Code   RO         4278    i.BMS_Run           state-user.o
    0x08000c7c   0x00000038   Code   RO         4279    i.BMS_SDC_Off       state-user.o
    0x08000cb4   0x000000e4   Code   RO         4280    i.BMS_SelfTest      state-user.o
    0x08000d98   0x0000007c   Code   RO         4281    i.BMS_Standby       state-user.o
    0x08000e14   0x0000003c   Code   RO         4282    i.BMS_StateMachine  state-user.o
    0x08000e50   0x00000002   Code   RO         4420    i.BusFault_Handler  stm32f1xx_it.o
    0x08000e52   0x00000002   PAD
    0x08000e54   0x0000000c   Code   RO         4421    i.CAN1_RX0_IRQHandler  stm32f1xx_it.o
    0x08000e60   0x0000000c   Code   RO         4422    i.CAN1_TX_IRQHandler  stm32f1xx_it.o
    0x08000e6c   0x0000000c   Code   RO         4423    i.CAN2_RX1_IRQHandler  stm32f1xx_it.o
    0x08000e78   0x0000000c   Code   RO         4424    i.CAN2_TX_IRQHandler  stm32f1xx_it.o
    0x08000e84   0x00000096   Code   RO         3212    i.CV_Find_Max_Min   daisy-user.o
    0x08000f1a   0x00000052   Code   RO         3213    i.CV_Measure        daisy-user.o
    0x08000f6c   0x00000058   Code   RO         3214    i.CV_Transfer       daisy-user.o
    0x08000fc4   0x000000d0   Code   RO         3071    i.Can_Send_Data     can-user.o
    0x08001094   0x00000070   Code   RO         3072    i.Can_Send_Msg      can-user.o
    0x08001104   0x00000032   Code   RO         3073    i.Can_Send_Package  can-user.o
    0x08001136   0x00000002   PAD
    0x08001138   0x000000c0   Code   RO         4283    i.Charge_detect     state-user.o
    0x080011f8   0x000000c4   Code   RO         4002    i.Current_detect    os-user.o
    0x080012bc   0x00000068   Code   RO         3217    i.DaisyTem          daisy-user.o
    0x08001324   0x00000064   Code   RO         3218    i.DaisyVol          daisy-user.o
    0x08001388   0x00000074   Code   RO         3219    i.Daisy_Init        daisy-user.o
    0x080013fc   0x00000154   Code   RO         3392    i.Data_Init         data-user.o
    0x08001550   0x00000002   Code   RO         4425    i.DebugMon_Handler  stm32f1xx_it.o
    0x08001552   0x00000008   Code   RO         4426    i.EXTI9_5_IRQHandler  stm32f1xx_it.o
    0x0800155a   0x00000002   PAD
    0x0800155c   0x00000044   Code   RO         4137    i.Error             relay-user.o
    0x080015a0   0x00000004   Code   RO         3939    i.Error_Handler     main.o
    0x080015a4   0x00000010   Code   RO         4138    i.Fans_OFF          relay-user.o
    0x080015b4   0x00000010   Code   RO         4139    i.Fans_ON           relay-user.o
    0x080015c4   0x0000004c   Code   RO         3421    i.Flash_GetStatus   flash-user.o
    0x08001610   0x00000058   Code   RO         3422    i.Flash_Read        flash-user.o
    0x08001668   0x00000010   Code   RO         3424    i.Flash_Read_Errormute  flash-user.o
    0x08001678   0x0000001c   Code   RO         3425    i.Flash_Read_Init_Flag  flash-user.o
    0x08001694   0x00000054   Code   RO         3428    i.Flash_SE          flash-user.o
    0x080016e8   0x0000003c   Code   RO         3430    i.Flash_WREN        flash-user.o
    0x08001724   0x0000000e   Code   RO         3431    i.Flash_Wait_Busy   flash-user.o
    0x08001732   0x00000002   PAD
    0x08001734   0x000000d8   Code   RO         3432    i.Flash_Write       flash-user.o
    0x0800180c   0x0000001c   Code   RO         3433    i.Flash_Write_Errormute  flash-user.o
    0x08001828   0x0000001c   Code   RO         3434    i.Flash_Write_Init_Flag  flash-user.o
    0x08001844   0x00000028   Code   RO         3435    i.Flash_Write_SOC   flash-user.o
    0x0800186c   0x0000001c   Code   RO         3436    i.Flash_Write_Threshold  flash-user.o
    0x08001888   0x000000d8   Code   RO          454    i.HAL_ADCEx_Calibration_Start  stm32f1xx_hal_adc_ex.o
    0x08001960   0x000000fc   Code   RO          276    i.HAL_ADC_ConfigChannel  stm32f1xx_hal_adc.o
    0x08001a5c   0x00000004   Code   RO          282    i.HAL_ADC_GetState  stm32f1xx_hal_adc.o
    0x08001a60   0x00000006   Code   RO          283    i.HAL_ADC_GetValue  stm32f1xx_hal_adc.o
    0x08001a66   0x00000002   PAD
    0x08001a68   0x0000011c   Code   RO          285    i.HAL_ADC_Init      stm32f1xx_hal_adc.o
    0x08001b84   0x00000058   Code   RO         3028    i.HAL_ADC_MspInit   adc.o
    0x08001bdc   0x0000013c   Code   RO          289    i.HAL_ADC_PollForConversion  stm32f1xx_hal_adc.o
    0x08001d18   0x000000c0   Code   RO          291    i.HAL_ADC_Start     stm32f1xx_hal_adc.o
    0x08001dd8   0x00000024   Code   RO          551    i.HAL_CAN_ActivateNotification  stm32f1xx_hal_can.o
    0x08001dfc   0x000000d0   Code   RO          552    i.HAL_CAN_AddTxMessage  stm32f1xx_hal_can.o
    0x08001ecc   0x0000010c   Code   RO          553    i.HAL_CAN_ConfigFilter  stm32f1xx_hal_can.o
    0x08001fd8   0x00000002   Code   RO          556    i.HAL_CAN_ErrorCallback  stm32f1xx_hal_can.o
    0x08001fda   0x000000f4   Code   RO          559    i.HAL_CAN_GetRxMessage  stm32f1xx_hal_can.o
    0x080020ce   0x000001fc   Code   RO          563    i.HAL_CAN_IRQHandler  stm32f1xx_hal_can.o
    0x080022ca   0x0000011a   Code   RO          564    i.HAL_CAN_Init      stm32f1xx_hal_can.o
    0x080023e4   0x0000012c   Code   RO         3162    i.HAL_CAN_MspInit   can.o
    0x08002510   0x00000002   Code   RO          571    i.HAL_CAN_RxFifo0FullCallback  stm32f1xx_hal_can.o
    0x08002512   0x00000002   PAD
    0x08002514   0x0000017c   Code   RO         3074    i.HAL_CAN_RxFifo0MsgPendingCallback  can-user.o
    0x08002690   0x00000002   Code   RO          573    i.HAL_CAN_RxFifo1FullCallback  stm32f1xx_hal_can.o
    0x08002692   0x00000002   PAD
    0x08002694   0x00000084   Code   RO         3075    i.HAL_CAN_RxFifo1MsgPendingCallback  can-user.o
    0x08002718   0x00000002   Code   RO          575    i.HAL_CAN_SleepCallback  stm32f1xx_hal_can.o
    0x0800271a   0x00000002   PAD
    0x0800271c   0x00000058   Code   RO          576    i.HAL_CAN_Start     stm32f1xx_hal_can.o
    0x08002774   0x00000002   Code   RO          578    i.HAL_CAN_TxMailbox0AbortCallback  stm32f1xx_hal_can.o
    0x08002776   0x00000002   Code   RO          579    i.HAL_CAN_TxMailbox0CompleteCallback  stm32f1xx_hal_can.o
    0x08002778   0x00000002   Code   RO          580    i.HAL_CAN_TxMailbox1AbortCallback  stm32f1xx_hal_can.o
    0x0800277a   0x00000002   Code   RO          581    i.HAL_CAN_TxMailbox1CompleteCallback  stm32f1xx_hal_can.o
    0x0800277c   0x00000002   Code   RO          582    i.HAL_CAN_TxMailbox2AbortCallback  stm32f1xx_hal_can.o
    0x0800277e   0x00000002   Code   RO          583    i.HAL_CAN_TxMailbox2CompleteCallback  stm32f1xx_hal_can.o
    0x08002780   0x00000002   Code   RO          585    i.HAL_CAN_WakeUpFromRxMsgCallback  stm32f1xx_hal_can.o
    0x08002782   0x00000002   PAD
    0x08002784   0x00000130   Code   RO          903    i.HAL_DMA_Abort_IT  stm32f1xx_hal_dma.o
    0x080028b4   0x00000024   Code   RO           11    i.HAL_Delay         stm32f1xx_hal.o
    0x080028d8   0x00000002   Code   RO         3940    i.HAL_GPIO_EXTI_Callback  main.o
    0x080028da   0x00000002   PAD
    0x080028dc   0x00000018   Code   RO         1258    i.HAL_GPIO_EXTI_IRQHandler  stm32f1xx_hal_gpio.o
    0x080028f4   0x000001e0   Code   RO         1259    i.HAL_GPIO_Init     stm32f1xx_hal_gpio.o
    0x08002ad4   0x0000000a   Code   RO         1261    i.HAL_GPIO_ReadPin  stm32f1xx_hal_gpio.o
    0x08002ade   0x0000000a   Code   RO         1263    i.HAL_GPIO_WritePin  stm32f1xx_hal_gpio.o
    0x08002ae8   0x0000000c   Code   RO           15    i.HAL_GetTick       stm32f1xx_hal.o
    0x08002af4   0x00000010   Code   RO           21    i.HAL_IncTick       stm32f1xx_hal.o
    0x08002b04   0x00000024   Code   RO           22    i.HAL_Init          stm32f1xx_hal.o
    0x08002b28   0x00000040   Code   RO           23    i.HAL_InitTick      stm32f1xx_hal.o
    0x08002b68   0x0000003c   Code   RO         4396    i.HAL_MspInit       stm32f1xx_hal_msp.o
    0x08002ba4   0x0000001a   Code   RO          786    i.HAL_NVIC_EnableIRQ  stm32f1xx_hal_cortex.o
    0x08002bbe   0x00000002   PAD
    0x08002bc0   0x00000040   Code   RO          792    i.HAL_NVIC_SetPriority  stm32f1xx_hal_cortex.o
    0x08002c00   0x00000024   Code   RO          793    i.HAL_NVIC_SetPriorityGrouping  stm32f1xx_hal_cortex.o
    0x08002c24   0x00000108   Code   RO         1591    i.HAL_RCCEx_GetPeriphCLKFreq  stm32f1xx_hal_rcc_ex.o
    0x08002d2c   0x00000188   Code   RO         1592    i.HAL_RCCEx_PeriphCLKConfig  stm32f1xx_hal_rcc_ex.o
    0x08002eb4   0x0000012c   Code   RO         1484    i.HAL_RCC_ClockConfig  stm32f1xx_hal_rcc.o
    0x08002fe0   0x00000020   Code   RO         1492    i.HAL_RCC_GetPCLK2Freq  stm32f1xx_hal_rcc.o
    0x08003000   0x0000008c   Code   RO         1493    i.HAL_RCC_GetSysClockFreq  stm32f1xx_hal_rcc.o
    0x0800308c   0x000003e4   Code   RO         1496    i.HAL_RCC_OscConfig  stm32f1xx_hal_rcc.o
    0x08003470   0x00000002   Code   RO         1654    i.HAL_SPI_ErrorCallback  stm32f1xx_hal_spi.o
    0x08003472   0x00000002   PAD
    0x08003474   0x000000e0   Code   RO         1657    i.HAL_SPI_IRQHandler  stm32f1xx_hal_spi.o
    0x08003554   0x000000b2   Code   RO         1658    i.HAL_SPI_Init      stm32f1xx_hal_spi.o
    0x08003606   0x00000002   PAD
    0x08003608   0x000000ec   Code   RO         4226    i.HAL_SPI_MspInit   spi.o
    0x080036f4   0x00000156   Code   RO         1661    i.HAL_SPI_Receive   stm32f1xx_hal_spi.o
    0x0800384a   0x0000016e   Code   RO         1666    i.HAL_SPI_Transmit  stm32f1xx_hal_spi.o
    0x080039b8   0x000001ee   Code   RO         1667    i.HAL_SPI_TransmitReceive  stm32f1xx_hal_spi.o
    0x08003ba6   0x00000028   Code   RO          797    i.HAL_SYSTICK_Config  stm32f1xx_hal_cortex.o
    0x08003bce   0x00000002   Code   RO         2675    i.HAL_TIMEx_BreakCallback  stm32f1xx_hal_tim_ex.o
    0x08003bd0   0x00000002   Code   RO         2676    i.HAL_TIMEx_CommutCallback  stm32f1xx_hal_tim_ex.o
    0x08003bd2   0x00000002   PAD
    0x08003bd4   0x00000074   Code   RO         2694    i.HAL_TIMEx_MasterConfigSynchronization  stm32f1xx_hal_tim_ex.o
    0x08003c48   0x0000005a   Code   RO         1971    i.HAL_TIM_Base_Init  stm32f1xx_hal_tim.o
    0x08003ca2   0x00000002   PAD
    0x08003ca4   0x00000060   Code   RO         4589    i.HAL_TIM_Base_MspInit  tim.o
    0x08003d04   0x00000064   Code   RO         1976    i.HAL_TIM_Base_Start_IT  stm32f1xx_hal_tim.o
    0x08003d68   0x000000dc   Code   RO         1980    i.HAL_TIM_ConfigClockSource  stm32f1xx_hal_tim.o
    0x08003e44   0x00000002   Code   RO         2005    i.HAL_TIM_IC_CaptureCallback  stm32f1xx_hal_tim.o
    0x08003e46   0x00000166   Code   RO         2019    i.HAL_TIM_IRQHandler  stm32f1xx_hal_tim.o
    0x08003fac   0x00000002   Code   RO         2022    i.HAL_TIM_OC_DelayElapsedCallback  stm32f1xx_hal_tim.o
    0x08003fae   0x00000002   Code   RO         2049    i.HAL_TIM_PWM_PulseFinishedCallback  stm32f1xx_hal_tim.o
    0x08003fb0   0x00000014   Code   RO         3941    i.HAL_TIM_PeriodElapsedCallback  main.o
    0x08003fc4   0x00000002   Code   RO         2062    i.HAL_TIM_TriggerCallback  stm32f1xx_hal_tim.o
    0x08003fc6   0x00000002   Code   RO         4427    i.HardFault_Handler  stm32f1xx_it.o
    0x08003fc8   0x0000002e   Code   RO         3571    i.LTC6813_init_cfgb  ltc681x-user.o
    0x08003ff6   0x00000016   Code   RO         3572    i.LTC6813_mute      ltc681x-user.o
    0x0800400c   0x00000016   Code   RO         3582    i.LTC6813_unmute    ltc681x-user.o
    0x08004022   0x00000002   PAD
    0x08004024   0x00000048   Code   RO         3583    i.LTC6813_wrcfg     ltc681x-user.o
    0x0800406c   0x0000004c   Code   RO         3584    i.LTC6813_wrcfgb    ltc681x-user.o
    0x080040b8   0x0000001e   Code   RO         3585    i.LTC681x_adax      ltc681x-user.o
    0x080040d6   0x00000022   Code   RO         3586    i.LTC681x_adcv      ltc681x-user.o
    0x080040f8   0x00000026   Code   RO         3590    i.LTC681x_adow      ltc681x-user.o
    0x0800411e   0x00000002   PAD
    0x08004120   0x00000136   Code   RO         3593    i.LTC681x_check_pec  ltc681x-user.o
    0x08004256   0x00000002   PAD
    0x08004258   0x00000014   Code   RO         3595    i.LTC681x_clraux    ltc681x-user.o
    0x0800426c   0x00000014   Code   RO         3596    i.LTC681x_clrcell   ltc681x-user.o
    0x08004280   0x0000002e   Code   RO         3600    i.LTC681x_init_cfg  ltc681x-user.o
    0x080042ae   0x00000002   PAD
    0x080042b0   0x0000006c   Code   RO         3601    i.LTC681x_pollAdc   ltc681x-user.o
    0x0800431c   0x000000a8   Code   RO         3602    i.LTC681x_rdaux     ltc681x-user.o
    0x080043c4   0x0000005c   Code   RO         3603    i.LTC681x_rdaux_reg  ltc681x-user.o
    0x08004420   0x000000aa   Code   RO         3605    i.LTC681x_rdcv      ltc681x-user.o
    0x080044ca   0x00000076   Code   RO         3606    i.LTC681x_rdcv_reg  ltc681x-user.o
    0x08004540   0x00000050   Code   RO         3029    i.MX_ADC1_Init      adc.o
    0x08004590   0x00000048   Code   RO         3163    i.MX_CAN1_Init      can.o
    0x080045d8   0x00000048   Code   RO         3164    i.MX_CAN2_Init      can.o
    0x08004620   0x00000150   Code   RO         3544    i.MX_GPIO_Init      gpio.o
    0x08004770   0x00000048   Code   RO         4227    i.MX_SPI1_Init      spi.o
    0x080047b8   0x00000048   Code   RO         4228    i.MX_SPI3_Init      spi.o
    0x08004800   0x00000068   Code   RO         4590    i.MX_TIM2_Init      tim.o
    0x08004868   0x0000006c   Code   RO         4591    i.MX_TIM3_Init      tim.o
    0x080048d4   0x00000002   Code   RO         4428    i.MemManage_Handler  stm32f1xx_it.o
    0x080048d6   0x00000044   Code   RO         3220    i.Module_Init       daisy-user.o
    0x0800491a   0x00000002   Code   RO         4429    i.NMI_Handler       stm32f1xx_it.o
    0x0800491c   0x0000001e   Code   RO         3221    i.NO_cal            daisy-user.o
    0x0800493a   0x00000002   PAD
    0x0800493c   0x00000088   Code   RO         4141    i.ON_Beep           relay-user.o
    0x080049c4   0x00000010   Code   RO         4142    i.ON_State          relay-user.o
    0x080049d4   0x0000002c   Code   RO         4006    i.OpenVol_Check     os-user.o
    0x08004a00   0x0000029c   Code   RO         3222    i.Openwire_check    daisy-user.o
    0x08004c9c   0x00000018   Code   RO         2951    i.PREAIR_State      adc-user.o
    0x08004cb4   0x00000054   Code   RO         2952    i.PRE_Voltage       adc-user.o
    0x08004d08   0x00000002   Code   RO         4430    i.PendSV_Handler    stm32f1xx_it.o
    0x08004d0a   0x00000002   PAD
    0x08004d0c   0x00000010   Code   RO         4143    i.PrechargeAIR_OFF  relay-user.o
    0x08004d1c   0x00000010   Code   RO         4144    i.PrechargeAIR_ON   relay-user.o
    0x08004d2c   0x00000264   Code   RO         4007    i.Precharge_Run     os-user.o
    0x08004f90   0x00000050   Code   RO         4285    i.Precharge_detect  state-user.o
    0x08004fe0   0x00000036   Code   RO         4286    i.Precharge_relay_open  state-user.o
    0x08005016   0x00000002   PAD
    0x08005018   0x00000050   Code   RO         4287    i.Run_detect        state-user.o
    0x08005068   0x0000000c   Code   RO         4431    i.SPI1_IRQHandler   stm32f1xx_it.o
    0x08005074   0x0000000c   Code   RO         4432    i.SPI3_IRQHandler   stm32f1xx_it.o
    0x08005080   0x00000010   Code   RO         1685    i.SPI_DMAAbortOnError  stm32f1xx_hal_spi.o
    0x08005090   0x0000005c   Code   RO         1695    i.SPI_EndRxTransaction  stm32f1xx_hal_spi.o
    0x080050ec   0x00000020   Code   RO         1696    i.SPI_EndRxTxTransaction  stm32f1xx_hal_spi.o
    0x0800510c   0x000000b8   Code   RO         1701    i.SPI_WaitFlagStateUntilTimeout  stm32f1xx_hal_spi.o
    0x080051c4   0x00000002   Code   RO         4433    i.SVC_Handler       stm32f1xx_it.o
    0x080051c6   0x00000014   Code   RO         4008    i.Slave_Measure     os-user.o
    0x080051da   0x00000002   PAD
    0x080051dc   0x00000050   Code   RO         4289    i.Standby_detect    state-user.o
    0x0800522c   0x00000040   Code   RO         4009    i.State_Upgrade     os-user.o
    0x0800526c   0x00000004   Code   RO         4434    i.SysTick_Handler   stm32f1xx_it.o
    0x08005270   0x00000084   Code   RO         3942    i.SystemClock_Config  main.o
    0x080052f4   0x00000002   Code   RO         4551    i.SystemInit        system_stm32f1xx.o
    0x080052f6   0x00000002   PAD
    0x080052f8   0x0000000c   Code   RO         4435    i.TIM2_IRQHandler   stm32f1xx_it.o
    0x08005304   0x0000000c   Code   RO         4436    i.TIM3_IRQHandler   stm32f1xx_it.o
    0x08005310   0x0000007c   Code   RO         2064    i.TIM_Base_SetConfig  stm32f1xx_hal_tim.o
    0x0800538c   0x00000014   Code   RO         2075    i.TIM_ETR_SetConfig  stm32f1xx_hal_tim.o
    0x080053a0   0x00000010   Code   RO         2076    i.TIM_ITRx_SetConfig  stm32f1xx_hal_tim.o
    0x080053b0   0x00000022   Code   RO         2082    i.TIM_TI1_ConfigInputStage  stm32f1xx_hal_tim.o
    0x080053d2   0x00000024   Code   RO         2084    i.TIM_TI2_ConfigInputStage  stm32f1xx_hal_tim.o
    0x080053f6   0x00000002   PAD
    0x080053f8   0x00000054   Code   RO         2953    i.TS_Voltage        adc-user.o
    0x0800544c   0x0000002c   Code   RO         4010    i.TaskCreate        os-user.o
    0x08005478   0x00000038   Code   RO         4012    i.TaskScheduler     os-user.o
    0x080054b0   0x0000002c   Code   RO         4013    i.TaskStatusUpdate  os-user.o
    0x080054dc   0x00000082   Code   RO         3223    i.TemFind_Max_Min   daisy-user.o
    0x0800555e   0x00000002   PAD
    0x08005560   0x0000012c   Code   RO         3224    i.TemRes_Cal        daisy-user.o
    0x0800568c   0x00000034   Code   RO         3225    i.Tem_Measure       daisy-user.o
    0x080056c0   0x00000188   Code   RO         3226    i.Tem_search        daisy-user.o
    0x08005848   0x000001e8   Code   RO         3437    i.Threshold_Update  flash-user.o
    0x08005a30   0x00000002   Code   RO         4437    i.UsageFault_Handler  stm32f1xx_it.o
    0x08005a32   0x00000002   PAD
    0x08005a34   0x00000098   Code   RO         4014    i.Vol_deviance      os-user.o
    0x08005acc   0x00000020   Code   RO          799    i.__NVIC_SetPriority  stm32f1xx_hal_cortex.o
    0x08005aec   0x0000000e   Code   RO         4735    i.__scatterload_copy  mc_w.l(handlers.o)
    0x08005afa   0x00000002   Code   RO         4736    i.__scatterload_null  mc_w.l(handlers.o)
    0x08005afc   0x0000000e   Code   RO         4737    i.__scatterload_zeroinit  mc_w.l(handlers.o)
    0x08005b0a   0x00000002   PAD
    0x08005b0c   0x00000024   Code   RO         2954    i.adc_average       adc-user.o
    0x08005b30   0x00000060   Code   RO         2955    i.adc_read_average  adc-user.o
    0x08005b90   0x00000058   Code   RO         3076    i.can1_interal_config  can-user.o
    0x08005be8   0x00000032   Code   RO         3617    i.cmd_68            ltc681x-user.o
    0x08005c1a   0x00000002   PAD
    0x08005c1c   0x00000010   Code   RO         3618    i.cs_high           ltc681x-user.o
    0x08005c2c   0x00000010   Code   RO         3619    i.cs_low            ltc681x-user.o
    0x08005c3c   0x00000050   Code   RO         4642    i.free              mc_w.l(malloc.o)
    0x08005c8c   0x00000040   Code   RO         3620    i.init_PEC15_Table  ltc681x-user.o
    0x08005ccc   0x000000d4   Code   RO         3943    i.main              main.o
    0x08005da0   0x0000006c   Code   RO         4643    i.malloc            mc_w.l(malloc.o)
    0x08005e0c   0x0000007e   Code   RO         3621    i.parse_cells       ltc681x-user.o
    0x08005e8a   0x00000002   PAD
    0x08005e8c   0x00000040   Code   RO         3622    i.pec15_calc        ltc681x-user.o
    0x08005ecc   0x000000cc   Code   RO         3228    i.save_Openwire_Temp  daisy-user.o
    0x08005f98   0x00000096   Code   RO         3229    i.save_Openwire_Vol  daisy-user.o
    0x0800602e   0x00000062   Code   RO         3230    i.save_Tempdata     daisy-user.o
    0x08006090   0x00000092   Code   RO         3231    i.save_Voldata      daisy-user.o
    0x08006122   0x00000002   PAD
    0x08006124   0x00000144   Code   RO         3232    i.set_Temwarning    daisy-user.o
    0x08006268   0x00000150   Code   RO         3233    i.set_Volwarning    daisy-user.o
    0x080063b8   0x00000010   Code   RO         3624    i.spi_write_array   ltc681x-user.o
    0x080063c8   0x0000002c   Code   RO         3625    i.spi_write_read    ltc681x-user.o
    0x080063f4   0x00000038   Code   RO         3626    i.wakeup_idle       ltc681x-user.o
    0x0800642c   0x0000001e   Code   RO         3627    i.wakeup_sleep      ltc681x-user.o
    0x0800644a   0x000000a2   Code   RO         3628    i.write_68          ltc681x-user.o
    0x080064ec   0x0000001e   Data   RO         1497    .constdata          stm32f1xx_hal_rcc.o
    0x0800650a   0x0000001e   Data   RO         1593    .constdata          stm32f1xx_hal_rcc_ex.o
    0x08006528   0x00000001   Data   RO         3946    .constdata          main.o
    0x08006529   0x00000010   Data   RO         4552    .constdata          system_stm32f1xx.o
    0x08006539   0x00000008   Data   RO         4553    .constdata          system_stm32f1xx.o
    0x08006541   0x00000003   PAD
    0x08006544   0x00000020   Data   RO         4733    Region$$Table       anon$$obj.o


    Execution Region RW_IRAM1 (Base: 0x20000000, Size: 0x00002810, Max: 0x00010000, ABSOLUTE, COMPRESSED[0x000001bc])

    Base Addr    Size         Type   Attr      Idx    E Section Name        Object

    0x20000000   0x0000000c   Data   RW           29    .data               stm32f1xx_hal.o
    0x2000000c   0x00000008   Data   RW         3078    .data               can-user.o
    0x20000014   0x00000004   Data   RW         3166    .data               can.o
    0x20000018   0x000001d0   Data   RW         3235    .data               daisy-user.o
    0x200001e8   0x00000006   Data   RW         3630    .data               ltc681x-user.o
    0x200001ee   0x00000002   PAD
    0x200001f0   0x0000000c   Data   RW         4025    .data               os-user.o
    0x200001fc   0x00000002   Data   RW         4290    .data               state-user.o
    0x200001fe   0x00000002   PAD
    0x20000200   0x00000004   Data   RW         4554    .data               system_stm32f1xx.o
    0x20000204   0x00000004   Data   RW         4724    .data               mc_w.l(mvars.o)
    0x20000208   0x00000004   Data   RW         4725    .data               mc_w.l(mvars.o)
    0x2000020c   0x00000030   Zero   RW         3030    .bss                adc.o
    0x2000023c   0x00000050   Zero   RW         3165    .bss                can.o
    0x2000028c   0x000019e0   Zero   RW         3234    .bss                daisy-user.o
    0x20001c6c   0x00000200   Zero   RW         3629    .bss                ltc681x-user.o
    0x20001e6c   0x000001e0   Zero   RW         3944    .bss                main.o
    0x2000204c   0x0000000a   Zero   RW         3945    .bss                main.o
    0x20002056   0x00000002   PAD
    0x20002058   0x00000014   Zero   RW         4016    .bss                os-user.o
    0x2000206c   0x00000014   Zero   RW         4018    .bss                os-user.o
    0x20002080   0x00000014   Zero   RW         4020    .bss                os-user.o
    0x20002094   0x00000014   Zero   RW         4021    .bss                os-user.o
    0x200020a8   0x00000014   Zero   RW         4022    .bss                os-user.o
    0x200020bc   0x00000014   Zero   RW         4023    .bss                os-user.o
    0x200020d0   0x000000b0   Zero   RW         4229    .bss                spi.o
    0x20002180   0x00000090   Zero   RW         4592    .bss                tim.o
    0x20002210   0x00000200   Zero   RW         2940    HEAP                startup_stm32f105xc.o
    0x20002410   0x00000400   Zero   RW         2939    STACK               startup_stm32f105xc.o


==============================================================================

Image component sizes


      Code (inc. data)   RO Data    RW Data    ZI Data      Debug   Object Name

       372         54          0          0          0       8923   adc-user.o
       168         24          0          0         48       1553   adc.o
       970         62          0          8          0       6143   can-user.o
       444         50          0          4         80       2374   can.o
      3538        108          0        464       6624      21386   daisy-user.o
       340         24          0          0          0       2218   data-user.o
      1194         94          0          0          0       7304   flash-user.o
       336         24          0          0          0        995   gpio.o
      2036         80          0          6        512      21250   ltc681x-user.o
       370         70          1          0        490       3424   main.o
      1256         74          0         12        120       9125   os-user.o
       366         68          0          0          0       5312   relay-user.o
       380         42          0          0        176       2242   spi.o
        36          8        336          0       1536        792   startup_stm32f105xc.o
      1550        100          0          2          0       8211   state-user.o
       164         28          0         12          0     639753   stm32f1xx_hal.o
      1264         54          0          0          0       7015   stm32f1xx_hal_adc.o
       216          6          0          0          0       1422   stm32f1xx_hal_adc_ex.o
      1656          6          0          0          0      12987   stm32f1xx_hal_can.o
       198         14          0          0          0      28903   stm32f1xx_hal_cortex.o
       304          8          0          0          0       1151   stm32f1xx_hal_dma.o
       524         40          0          0          0       4074   stm32f1xx_hal_gpio.o
        60          8          0          0          0        818   stm32f1xx_hal_msp.o
      1468         72         30          0          0       4793   stm32f1xx_hal_rcc.o
       656         36         30          0          0       2861   stm32f1xx_hal_rcc_ex.o
      1930          8          0          0          0      10167   stm32f1xx_hal_spi.o
      1006         36          0          0          0       9653   stm32f1xx_hal_tim.o
       120         18          0          0          0       2373   stm32f1xx_hal_tim_ex.o
       124         48          0          0          0       7353   stm32f1xx_it.o
         2          0         24          4          0       1055   system_stm32f1xx.o
       308         26          0          0        144       2235   tim.o

    ----------------------------------------------------------------------
     23420       1290        456        516       9732     837865   Object Totals
         0          0         32          0          0          0   (incl. Generated)
        64          0          3          4          2          0   (incl. Padding)

    ----------------------------------------------------------------------

      Code (inc. data)   RO Data    RW Data    ZI Data      Debug   Library Member Name

        86          0          0          0          0          0   __dczerorl2.o
         0          0          0          0          0          0   entry.o
         0          0          0          0          0          0   entry10a.o
         0          0          0          0          0          0   entry11a.o
         4          0          0          0          0          0   entry12b.o
         8          4          0          0          0          0   entry2.o
         4          0          0          0          0          0   entry5.o
         0          0          0          0          0          0   entry7b.o
         0          0          0          0          0          0   entry8b.o
         8          4          0          0          0          0   entry9a.o
        30          0          0          0          0          0   handlers.o
        36          8          0          0          0         68   init.o
         0          0          0          0          0          0   iusefp.o
        30          0          0          0          0         68   llshl.o
        32          0          0          0          0         68   llushr.o
       188         20          0          0          0        160   malloc.o
        36          0          0          0          0        108   memseta.o
         0          0          0          8          0          0   mvars.o
        98          0          0          0          0         92   uldiv.o
        48          0          0          0          0         68   cdcmple.o
        48          0          0          0          0         68   cdrcmple.o
        20          0          0          0          0         68   cfcmple.o
        20          0          0          0          0         68   cfrcmple.o
        56          0          0          0          0         88   d2f.o
       222          0          0          0          0        100   ddiv.o
       186          0          0          0          0        176   depilogue.o
        34          0          0          0          0         76   dflti.o
        26          0          0          0          0         76   dfltui.o
       228          0          0          0          0         96   dmul.o
        46          0          0          0          0         80   dscalb.o
       176          0          0          0          0        140   fadd.o
       124          0          0          0          0         88   fdiv.o
       110          0          0          0          0        168   fepilogue.o
        40          0          0          0          0         68   ffixui.o
        18          0          0          0          0         68   fflti.o
        10          0          0          0          0         68   ffltui.o
       100          0          0          0          0         76   fmul.o

    ----------------------------------------------------------------------
      2080         36          0          8          0       2204   Library Totals
         8          0          0          0          0          0   (incl. Padding)

    ----------------------------------------------------------------------

      Code (inc. data)   RO Data    RW Data    ZI Data      Debug   Library Name

       560         36          0          8          0        564   mc_w.l
      1512          0          0          0          0       1640   mf_w.l

    ----------------------------------------------------------------------
      2080         36          0          8          0       2204   Library Totals

    ----------------------------------------------------------------------

==============================================================================


      Code (inc. data)   RO Data    RW Data    ZI Data      Debug   

     25500       1326        456        524       9732     827873   Grand Totals
     25500       1326        456        444       9732     827873   ELF Image Totals (compressed)
     25500       1326        456        444          0          0   ROM Totals

==============================================================================

    Total RO  Size (Code + RO Data)                25956 (  25.35kB)
    Total RW  Size (RW Data + ZI Data)             10256 (  10.02kB)
    Total ROM Size (Code + RO Data + RW Data)      26400 (  25.78kB)

==============================================================================

